  Determining projects to restore...
  Restored C:\dev\0.9.0\Ksql.Linq\src\Ksql.Linq.csproj (in 985 ms).
C:\dev\0.9.0\Ksql.Linq\src\Application\KsqlContextOptions.cs(5,14): error RS0016: Symbol 'KsqlContextOptions' is not part of the declared public API (https://github.com/dotnet/roslyn-analyzers/blob/main/src/PublicApiAnalyzers/PublicApiAnalyzers.Help.md) [C:\dev\0.9.0\Ksql.Linq\src\Ksql.Linq.csproj]
C:\dev\0.9.0\Ksql.Linq\src\Configuration\Abstractions\KafkaSubscriptionOptions.cs(4,14): error RS0016: Symbol 'KafkaSubscriptionOptions' is not part of the declared public API (https://github.com/dotnet/roslyn-analyzers/blob/main/src/PublicApiAnalyzers/PublicApiAnalyzers.Help.md) [C:\dev\0.9.0\Ksql.Linq\src\Ksql.Linq.csproj]
C:\dev\0.9.0\Ksql.Linq\src\Application\KsqlContextOptionsExtensions.cs(5,21): error RS0016: Symbol 'KsqlContextOptionsExtensions' is not part of the declared public API (https://github.com/dotnet/roslyn-analyzers/blob/main/src/PublicApiAnalyzers/PublicApiAnalyzers.Help.md) [C:\dev\0.9.0\Ksql.Linq\src\Ksql.Linq.csproj]
C:\dev\0.9.0\Ksql.Linq\src\Configuration\CommonSection.cs(6,14): error RS0016: Symbol 'CommonSection' is not part of the declared public API (https://github.com/dotnet/roslyn-analyzers/blob/main/src/PublicApiAnalyzers/PublicApiAnalyzers.Help.md) [C:\dev\0.9.0\Ksql.Linq\src\Ksql.Linq.csproj]
C:\dev\0.9.0\Ksql.Linq\src\Configuration\Abstractions\KafkaSubscriptionOptions.cs(4,14): error RS0016: Symbol 'implicit constructor for 'KafkaSubscriptionOptions'' is not part of the declared public API (https://github.com/dotnet/roslyn-analyzers/blob/main/src/PublicApiAnalyzers/PublicApiAnalyzers.Help.md) [C:\dev\0.9.0\Ksql.Linq\src\Ksql.Linq.csproj]
C:\dev\0.9.0\Ksql.Linq\src\Application\KsqlContextOptions.cs(5,14): error RS0016: Symbol 'implicit constructor for 'KsqlContextOptions'' is not part of the declared public API (https://github.com/dotnet/roslyn-analyzers/blob/main/src/PublicApiAnalyzers/PublicApiAnalyzers.Help.md) [C:\dev\0.9.0\Ksql.Linq\src\Ksql.Linq.csproj]
C:\dev\0.9.0\Ksql.Linq\src\Configuration\CommonSection.cs(6,14): error RS0016: Symbol 'implicit constructor for 'CommonSection'' is not part of the declared public API (https://github.com/dotnet/roslyn-analyzers/blob/main/src/PublicApiAnalyzers/PublicApiAnalyzers.Help.md) [C:\dev\0.9.0\Ksql.Linq\src\Ksql.Linq.csproj]
C:\dev\0.9.0\Ksql.Linq\src\Application\KsqlDbResponse.cs(3,15): error RS0016: Symbol 'KsqlDbResponse' is not part of the declared public API (https://github.com/dotnet/roslyn-analyzers/blob/main/src/PublicApiAnalyzers/PublicApiAnalyzers.Help.md) [C:\dev\0.9.0\Ksql.Linq\src\Ksql.Linq.csproj]
C:\dev\0.9.0\Ksql.Linq\src\Application\KsqlContextBuilder.cs(6,14): error RS0016: Symbol 'KsqlContextBuilder' is not part of the declared public API (https://github.com/dotnet/roslyn-analyzers/blob/main/src/PublicApiAnalyzers/PublicApiAnalyzers.Help.md) [C:\dev\0.9.0\Ksql.Linq\src\Ksql.Linq.csproj]
C:\dev\0.9.0\Ksql.Linq\src\Application\KsqlContextBuilder.cs(6,14): error RS0016: Symbol 'implicit constructor for 'KsqlContextBuilder'' is not part of the declared public API (https://github.com/dotnet/roslyn-analyzers/blob/main/src/PublicApiAnalyzers/PublicApiAnalyzers.Help.md) [C:\dev\0.9.0\Ksql.Linq\src\Ksql.Linq.csproj]
C:\dev\0.9.0\Ksql.Linq\src\Configuration\DefaultValueBinder.cs(6,21): error RS0016: Symbol 'DefaultValueBinder' is not part of the declared public API (https://github.com/dotnet/roslyn-analyzers/blob/main/src/PublicApiAnalyzers/PublicApiAnalyzers.Help.md) [C:\dev\0.9.0\Ksql.Linq\src\Ksql.Linq.csproj]
C:\dev\0.9.0\Ksql.Linq\src\Configuration\DlqOptions.cs(11,21): error RS0016: Symbol 'DlqOptions' is not part of the declared public API (https://github.com/dotnet/roslyn-analyzers/blob/main/src/PublicApiAnalyzers/PublicApiAnalyzers.Help.md) [C:\dev\0.9.0\Ksql.Linq\src\Ksql.Linq.csproj]
C:\dev\0.9.0\Ksql.Linq\src\Configuration\DlqOptions.cs(11,21): error RS0016: Symbol 'implicit constructor for 'DlqOptions'' is not part of the declared public API (https://github.com/dotnet/roslyn-analyzers/blob/main/src/PublicApiAnalyzers/PublicApiAnalyzers.Help.md) [C:\dev\0.9.0\Ksql.Linq\src\Ksql.Linq.csproj]
C:\dev\0.9.0\Ksql.Linq\src\Application\KsqlDbResponse.cs(3,35): error RS0016: Symbol 'implicit get-accessor for 'IsSuccess'' is not part of the declared public API (https://github.com/dotnet/roslyn-analyzers/blob/main/src/PublicApiAnalyzers/PublicApiAnalyzers.Help.md) [C:\dev\0.9.0\Ksql.Linq\src\Ksql.Linq.csproj]
C:\dev\0.9.0\Ksql.Linq\src\Application\KsqlDbResponse.cs(3,35): error RS0016: Symbol 'implicit set-accessor for 'IsSuccess'' is not part of the declared public API (https://github.com/dotnet/roslyn-analyzers/blob/main/src/PublicApiAnalyzers/PublicApiAnalyzers.Help.md) [C:\dev\0.9.0\Ksql.Linq\src\Ksql.Linq.csproj]
C:\dev\0.9.0\Ksql.Linq\src\Application\KsqlDbResponse.cs(3,67): error RS0016: Symbol 'implicit get-accessor for 'ErrorCode'' is not part of the declared public API (https://github.com/dotnet/roslyn-analyzers/blob/main/src/PublicApiAnalyzers/PublicApiAnalyzers.Help.md) [C:\dev\0.9.0\Ksql.Linq\src\Ksql.Linq.csproj]
C:\dev\0.9.0\Ksql.Linq\src\Application\KsqlDbResponse.cs(3,67): error RS0016: Symbol 'implicit set-accessor for 'ErrorCode'' is not part of the declared public API (https://github.com/dotnet/roslyn-analyzers/blob/main/src/PublicApiAnalyzers/PublicApiAnalyzers.Help.md) [C:\dev\0.9.0\Ksql.Linq\src\Ksql.Linq.csproj]
C:\dev\0.9.0\Ksql.Linq\src\EntitySets\EventSet.cs(22,23): error RS0016: Symbol 'EventSet<T>' is not part of the declared public API (https://github.com/dotnet/roslyn-analyzers/blob/main/src/PublicApiAnalyzers/PublicApiAnalyzers.Help.md) [C:\dev\0.9.0\Ksql.Linq\src\Ksql.Linq.csproj]
C:\dev\0.9.0\Ksql.Linq\src\Context\KsqlContext.Execution.cs(8,31): error RS0016: Symbol 'KsqlContext' is not part of the declared public API (https://github.com/dotnet/roslyn-analyzers/blob/main/src/PublicApiAnalyzers/PublicApiAnalyzers.Help.md) [C:\dev\0.9.0\Ksql.Linq\src\Ksql.Linq.csproj]
C:\dev\0.9.0\Ksql.Linq\src\Context\KsqlContext.Lifecycle.cs(45,31): error RS0016: Symbol 'KsqlContext' is not part of the declared public API (https://github.com/dotnet/roslyn-analyzers/blob/main/src/PublicApiAnalyzers/PublicApiAnalyzers.Help.md) [C:\dev\0.9.0\Ksql.Linq\src\Ksql.Linq.csproj]
C:\dev\0.9.0\Ksql.Linq\src\Context\KsqlContext.Model.cs(16,31): error RS0016: Symbol 'KsqlContext' is not part of the declared public API (https://github.com/dotnet/roslyn-analyzers/blob/main/src/PublicApiAnalyzers/PublicApiAnalyzers.Help.md) [C:\dev\0.9.0\Ksql.Linq\src\Ksql.Linq.csproj]
C:\dev\0.9.0\Ksql.Linq\src\Context\KsqlContext.Schema.cs(22,31): error RS0016: Symbol 'KsqlContext' is not part of the declared public API (https://github.com/dotnet/roslyn-analyzers/blob/main/src/PublicApiAnalyzers/PublicApiAnalyzers.Help.md) [C:\dev\0.9.0\Ksql.Linq\src\Ksql.Linq.csproj]
C:\dev\0.9.0\Ksql.Linq\src\Application\KsqlDbResponse.cs(3,53): error RS0016: Symbol 'implicit get-accessor for 'Message'' is not part of the declared public API (https://github.com/dotnet/roslyn-analyzers/blob/main/src/PublicApiAnalyzers/PublicApiAnalyzers.Help.md) [C:\dev\0.9.0\Ksql.Linq\src\Ksql.Linq.csproj]
C:\dev\0.9.0\Ksql.Linq\src\Application\KsqlDbResponse.cs(3,93): error RS0016: Symbol 'implicit get-accessor for 'ErrorDetail'' is not part of the declared public API (https://github.com/dotnet/roslyn-analyzers/blob/main/src/PublicApiAnalyzers/PublicApiAnalyzers.Help.md) [C:\dev\0.9.0\Ksql.Linq\src\Ksql.Linq.csproj]
C:\dev\0.9.0\Ksql.Linq\src\Application\KsqlDbResponse.cs(3,93): error RS0016: Symbol 'implicit set-accessor for 'ErrorDetail'' is not part of the declared public API (https://github.com/dotnet/roslyn-analyzers/blob/main/src/PublicApiAnalyzers/PublicApiAnalyzers.Help.md) [C:\dev\0.9.0\Ksql.Linq\src\Ksql.Linq.csproj]
C:\dev\0.9.0\Ksql.Linq\src\Application\KsqlDbResponse.cs(3,53): error RS0016: Symbol 'implicit set-accessor for 'Message'' is not part of the declared public API (https://github.com/dotnet/roslyn-analyzers/blob/main/src/PublicApiAnalyzers/PublicApiAnalyzers.Help.md) [C:\dev\0.9.0\Ksql.Linq\src\Ksql.Linq.csproj]
C:\dev\0.9.0\Ksql.Linq\src\EntitySets\EventSet.cs(30,37): error RS0016: Symbol '_context' is not part of the declared public API (https://github.com/dotnet/roslyn-analyzers/blob/main/src/PublicApiAnalyzers/PublicApiAnalyzers.Help.md) [C:\dev\0.9.0\Ksql.Linq\src\Ksql.Linq.csproj]
C:\dev\0.9.0\Ksql.Linq\src\EntitySets\EventSet.cs(31,36): error RS0016: Symbol '_entityModel' is not part of the declared public API (https://github.com/dotnet/roslyn-analyzers/blob/main/src/PublicApiAnalyzers/PublicApiAnalyzers.Help.md) [C:\dev\0.9.0\Ksql.Linq\src\Ksql.Linq.csproj]
C:\dev\0.9.0\Ksql.Linq\src\Context\KsqlContext.Lifecycle.cs(91,25): error RS0016: Symbol 'DefaultSectionName' is not part of the declared public API (https://github.com/dotnet/roslyn-analyzers/blob/main/src/PublicApiAnalyzers/PublicApiAnalyzers.Help.md) [C:\dev\0.9.0\Ksql.Linq\src\Ksql.Linq.csproj]
C:\dev\0.9.0\Ksql.Linq\src\Core\Configuration\SchemaRegistrySection.cs(75,13): error RS0016: Symbol 'BasicAuthCredentialsSource' is not part of the declared public API (https://github.com/dotnet/roslyn-analyzers/blob/main/src/PublicApiAnalyzers/PublicApiAnalyzers.Help.md) [C:\dev\0.9.0\Ksql.Linq\src\Ksql.Linq.csproj]
C:\dev\0.9.0\Ksql.Linq\src\Core\Abstractions\DeserializationErrorPolicy.cs(3,13): error RS0016: Symbol 'DeserializationErrorPolicy' is not part of the declared public API (https://github.com/dotnet/roslyn-analyzers/blob/main/src/PublicApiAnalyzers/PublicApiAnalyzers.Help.md) [C:\dev\0.9.0\Ksql.Linq\src\Ksql.Linq.csproj]
C:\dev\0.9.0\Ksql.Linq\src\Core\Configuration\SchemaRegistrySection.cs(80,5): error RS0016: Symbol 'UserInfo' is not part of the declared public API (https://github.com/dotnet/roslyn-analyzers/blob/main/src/PublicApiAnalyzers/PublicApiAnalyzers.Help.md) [C:\dev\0.9.0\Ksql.Linq\src\Ksql.Linq.csproj]
C:\dev\0.9.0\Ksql.Linq\src\Core\Abstractions\DeserializationErrorPolicy.cs(5,5): error RS0016: Symbol 'Skip' is not part of the declared public API (https://github.com/dotnet/roslyn-analyzers/blob/main/src/PublicApiAnalyzers/PublicApiAnalyzers.Help.md) [C:\dev\0.9.0\Ksql.Linq\src\Ksql.Linq.csproj]
C:\dev\0.9.0\Ksql.Linq\src\Core\Configuration\SchemaRegistrySection.cs(85,5): error RS0016: Symbol 'SaslInherit' is not part of the declared public API (https://github.com/dotnet/roslyn-analyzers/blob/main/src/PublicApiAnalyzers/PublicApiAnalyzers.Help.md) [C:\dev\0.9.0\Ksql.Linq\src\Ksql.Linq.csproj]
C:\dev\0.9.0\Ksql.Linq\src\Core\Configuration\SchemaRegistrySection.cs(8,14): error RS0016: Symbol 'SchemaRegistrySection' is not part of the declared public API (https://github.com/dotnet/roslyn-analyzers/blob/main/src/PublicApiAnalyzers/PublicApiAnalyzers.Help.md) [C:\dev\0.9.0\Ksql.Linq\src\Ksql.Linq.csproj]
C:\dev\0.9.0\Ksql.Linq\src\Core\Configuration\SchemaRegistrySection.cs(8,14): error RS0016: Symbol 'implicit constructor for 'SchemaRegistrySection'' is not part of the declared public API (https://github.com/dotnet/roslyn-analyzers/blob/main/src/PublicApiAnalyzers/PublicApiAnalyzers.Help.md) [C:\dev\0.9.0\Ksql.Linq\src\Ksql.Linq.csproj]
C:\dev\0.9.0\Ksql.Linq\src\Events\RuntimeEvent.cs(5,21): error RS0016: Symbol 'RuntimeEvent' is not part of the declared public API (https://github.com/dotnet/roslyn-analyzers/blob/main/src/PublicApiAnalyzers/PublicApiAnalyzers.Help.md) [C:\dev\0.9.0\Ksql.Linq\src\Ksql.Linq.csproj]
C:\dev\0.9.0\Ksql.Linq\src\Extensions\EventSetExtensions.cs(14,21): error RS0016: Symbol 'EventSetExtensions' is not part of the declared public API (https://github.com/dotnet/roslyn-analyzers/blob/main/src/PublicApiAnalyzers/PublicApiAnalyzers.Help.md) [C:\dev\0.9.0\Ksql.Linq\src\Ksql.Linq.csproj]
C:\dev\0.9.0\Ksql.Linq\src\Events\RuntimeEvent.cs(5,21): error RS0016: Symbol 'implicit constructor for 'RuntimeEvent'' is not part of the declared public API (https://github.com/dotnet/roslyn-analyzers/blob/main/src/PublicApiAnalyzers/PublicApiAnalyzers.Help.md) [C:\dev\0.9.0\Ksql.Linq\src\Ksql.Linq.csproj]
C:\dev\0.9.0\Ksql.Linq\src\Core\Abstractions\DeserializationErrorPolicy.cs(6,5): error RS0016: Symbol 'Retry' is not part of the declared public API (https://github.com/dotnet/roslyn-analyzers/blob/main/src/PublicApiAnalyzers/PublicApiAnalyzers.Help.md) [C:\dev\0.9.0\Ksql.Linq\src\Ksql.Linq.csproj]
C:\dev\0.9.0\Ksql.Linq\src\Core\Abstractions\DeserializationErrorPolicy.cs(7,5): error RS0016: Symbol 'DLQ' is not part of the declared public API (https://github.com/dotnet/roslyn-analyzers/blob/main/src/PublicApiAnalyzers/PublicApiAnalyzers.Help.md) [C:\dev\0.9.0\Ksql.Linq\src\Ksql.Linq.csproj]
C:\dev\0.9.0\Ksql.Linq\src\Extensions\OffsetAggregateExtensions.cs(12,25): error RS0016: Symbol 'OffsetAggregateExtensions' is not part of the declared public API (https://github.com/dotnet/roslyn-analyzers/blob/main/src/PublicApiAnalyzers/PublicApiAnalyzers.Help.md) [C:\dev\0.9.0\Ksql.Linq\src\Ksql.Linq.csproj]
C:\dev\0.9.0\Ksql.Linq\src\Extensions\QueryExtensions.cs(9,21): error RS0016: Symbol 'QueryExtensions' is not part of the declared public API (https://github.com/dotnet/roslyn-analyzers/blob/main/src/PublicApiAnalyzers/PublicApiAnalyzers.Help.md) [C:\dev\0.9.0\Ksql.Linq\src\Ksql.Linq.csproj]
C:\dev\0.9.0\Ksql.Linq\src\Core\Abstractions\EntityAccessMode.cs(11,5): error RS0016: Symbol 'ReadWrite' is not part of the declared public API (https://github.com/dotnet/roslyn-analyzers/blob/main/src/PublicApiAnalyzers/PublicApiAnalyzers.Help.md) [C:\dev\0.9.0\Ksql.Linq\src\Ksql.Linq.csproj]
C:\dev\0.9.0\Ksql.Linq\src\Core\Abstractions\EntityAccessMode.cs(16,5): error RS0016: Symbol 'ReadOnly' is not part of the declared public API (https://github.com/dotnet/roslyn-analyzers/blob/main/src/PublicApiAnalyzers/PublicApiAnalyzers.Help.md) [C:\dev\0.9.0\Ksql.Linq\src\Ksql.Linq.csproj]
C:\dev\0.9.0\Ksql.Linq\src\Core\Abstractions\EntityAccessMode.cs(6,13): error RS0016: Symbol 'EntityAccessMode' is not part of the declared public API (https://github.com/dotnet/roslyn-analyzers/blob/main/src/PublicApiAnalyzers/PublicApiAnalyzers.Help.md) [C:\dev\0.9.0\Ksql.Linq\src\Ksql.Linq.csproj]
C:\dev\0.9.0\Ksql.Linq\src\Core\Abstractions\EntityAccessMode.cs(21,5): error RS0016: Symbol 'WriteOnly' is not part of the declared public API (https://github.com/dotnet/roslyn-analyzers/blob/main/src/PublicApiAnalyzers/PublicApiAnalyzers.Help.md) [C:\dev\0.9.0\Ksql.Linq\src\Ksql.Linq.csproj]
C:\dev\0.9.0\Ksql.Linq\src\Events\RuntimeEventBus.cs(6,18): error RS0016: Symbol 'IRuntimeEventSink' is not part of the declared public API (https://github.com/dotnet/roslyn-analyzers/blob/main/src/PublicApiAnalyzers/PublicApiAnalyzers.Help.md) [C:\dev\0.9.0\Ksql.Linq\src\Ksql.Linq.csproj]
C:\dev\0.9.0\Ksql.Linq\src\Events\RuntimeEventBus.cs(11,21): error RS0016: Symbol 'RuntimeEventBus' is not part of the declared public API (https://github.com/dotnet/roslyn-analyzers/blob/main/src/PublicApiAnalyzers/PublicApiAnalyzers.Help.md) [C:\dev\0.9.0\Ksql.Linq\src\Ksql.Linq.csproj]
C:\dev\0.9.0\Ksql.Linq\src\Core\Conversion\ValueConverter.cs(6,21): error RS0016: Symbol 'ValueConverter' is not part of the declared public API (https://github.com/dotnet/roslyn-analyzers/blob/main/src/PublicApiAnalyzers/PublicApiAnalyzers.Help.md) [C:\dev\0.9.0\Ksql.Linq\src\Ksql.Linq.csproj]
C:\dev\0.9.0\Ksql.Linq\src\Extensions\WindowExtensions.cs(7,25): error RS0016: Symbol 'WindowExtensions' is not part of the declared public API (https://github.com/dotnet/roslyn-analyzers/blob/main/src/PublicApiAnalyzers/PublicApiAnalyzers.Help.md) [C:\dev\0.9.0\Ksql.Linq\src\Ksql.Linq.csproj]
C:\dev\0.9.0\Ksql.Linq\src\Events\RuntimeEvents.cs(6,21): error RS0016: Symbol 'RuntimeEvents' is not part of the declared public API (https://github.com/dotnet/roslyn-analyzers/blob/main/src/PublicApiAnalyzers/PublicApiAnalyzers.Help.md) [C:\dev\0.9.0\Ksql.Linq\src\Ksql.Linq.csproj]
C:\dev\0.9.0\Ksql.Linq\src\Configuration\DlqOptions.cs(101,14): error RS0016: Symbol 'DlqMetrics' is not part of the declared public API (https://github.com/dotnet/roslyn-analyzers/blob/main/src/PublicApiAnalyzers/PublicApiAnalyzers.Help.md) [C:\dev\0.9.0\Ksql.Linq\src\Ksql.Linq.csproj]
C:\dev\0.9.0\Ksql.Linq\src\Configuration\DlqOptions.cs(101,14): error RS0016: Symbol 'implicit constructor for 'DlqMetrics'' is not part of the declared public API (https://github.com/dotnet/roslyn-analyzers/blob/main/src/PublicApiAnalyzers/PublicApiAnalyzers.Help.md) [C:\dev\0.9.0\Ksql.Linq\src\Ksql.Linq.csproj]
C:\dev\0.9.0\Ksql.Linq\src\Core\Abstractions\ErrorAction.cs(8,5): error RS0016: Symbol 'Skip' is not part of the declared public API (https://github.com/dotnet/roslyn-analyzers/blob/main/src/PublicApiAnalyzers/PublicApiAnalyzers.Help.md) [C:\dev\0.9.0\Ksql.Linq\src\Ksql.Linq.csproj]
C:\dev\0.9.0\Ksql.Linq\src\Core\Abstractions\ErrorAction.cs(13,5): error RS0016: Symbol 'Retry' is not part of the declared public API (https://github.com/dotnet/roslyn-analyzers/blob/main/src/PublicApiAnalyzers/PublicApiAnalyzers.Help.md) [C:\dev\0.9.0\Ksql.Linq\src\Ksql.Linq.csproj]
C:\dev\0.9.0\Ksql.Linq\src\Core\Abstractions\ErrorAction.cs(3,13): error RS0016: Symbol 'ErrorAction' is not part of the declared public API (https://github.com/dotnet/roslyn-analyzers/blob/main/src/PublicApiAnalyzers/PublicApiAnalyzers.Help.md) [C:\dev\0.9.0\Ksql.Linq\src\Ksql.Linq.csproj]
C:\dev\0.9.0\Ksql.Linq\src\Core\Abstractions\ErrorAction.cs(18,5): error RS0016: Symbol 'DLQ' is not part of the declared public API (https://github.com/dotnet/roslyn-analyzers/blob/main/src/PublicApiAnalyzers/PublicApiAnalyzers.Help.md) [C:\dev\0.9.0\Ksql.Linq\src\Ksql.Linq.csproj]
C:\dev\0.9.0\Ksql.Linq\src\Configuration\EntityConfiguration.cs(3,18): error RS0016: Symbol 'EntityConfiguration' is not part of the declared public API (https://github.com/dotnet/roslyn-analyzers/blob/main/src/PublicApiAnalyzers/PublicApiAnalyzers.Help.md) [C:\dev\0.9.0\Ksql.Linq\src\Ksql.Linq.csproj]
C:\dev\0.9.0\Ksql.Linq\src\Configuration\EntityConfiguration.cs(3,18): error RS0016: Symbol 'implicit constructor for 'EntityConfiguration'' is not part of the declared public API (https://github.com/dotnet/roslyn-analyzers/blob/main/src/PublicApiAnalyzers/PublicApiAnalyzers.Help.md) [C:\dev\0.9.0\Ksql.Linq\src\Ksql.Linq.csproj]
C:\dev\0.9.0\Ksql.Linq\src\Infrastructure\Kafka\ITopicAdmin.cs(9,18): error RS0016: Symbol 'ITopicAdmin' is not part of the declared public API (https://github.com/dotnet/roslyn-analyzers/blob/main/src/PublicApiAnalyzers/PublicApiAnalyzers.Help.md) [C:\dev\0.9.0\Ksql.Linq\src\Ksql.Linq.csproj]
C:\dev\0.9.0\Ksql.Linq\src\Messaging\Consumers\ICommitManager.cs(5,18): error RS0016: Symbol 'ICommitManager' is not part of the declared public API (https://github.com/dotnet/roslyn-analyzers/blob/main/src/PublicApiAnalyzers/PublicApiAnalyzers.Help.md) [C:\dev\0.9.0\Ksql.Linq\src\Ksql.Linq.csproj]
C:\dev\0.9.0\Ksql.Linq\src\Core\Abstractions\ErrorContext.cs(5,14): error RS0016: Symbol 'ErrorContext' is not part of the declared public API (https://github.com/dotnet/roslyn-analyzers/blob/main/src/PublicApiAnalyzers/PublicApiAnalyzers.Help.md) [C:\dev\0.9.0\Ksql.Linq\src\Ksql.Linq.csproj]
C:\dev\0.9.0\Ksql.Linq\src\Core\Abstractions\ErrorContext.cs(5,14): error RS0016: Symbol 'implicit constructor for 'ErrorContext'' is not part of the declared public API (https://github.com/dotnet/roslyn-analyzers/blob/main/src/PublicApiAnalyzers/PublicApiAnalyzers.Help.md) [C:\dev\0.9.0\Ksql.Linq\src\Ksql.Linq.csproj]
C:\dev\0.9.0\Ksql.Linq\src\Configuration\FillOptions.cs(5,21): error RS0016: Symbol 'FillOptions' is not part of the declared public API (https://github.com/dotnet/roslyn-analyzers/blob/main/src/PublicApiAnalyzers/PublicApiAnalyzers.Help.md) [C:\dev\0.9.0\Ksql.Linq\src\Ksql.Linq.csproj]
C:\dev\0.9.0\Ksql.Linq\src\Configuration\FillOptions.cs(5,21): error RS0016: Symbol 'implicit constructor for 'FillOptions'' is not part of the declared public API (https://github.com/dotnet/roslyn-analyzers/blob/main/src/PublicApiAnalyzers/PublicApiAnalyzers.Help.md) [C:\dev\0.9.0\Ksql.Linq\src\Ksql.Linq.csproj]
C:\dev\0.9.0\Ksql.Linq\src\Core\Abstractions\EntityModel.cs(10,14): error RS0016: Symbol 'EntityModel' is not part of the declared public API (https://github.com/dotnet/roslyn-analyzers/blob/main/src/PublicApiAnalyzers/PublicApiAnalyzers.Help.md) [C:\dev\0.9.0\Ksql.Linq\src\Ksql.Linq.csproj]
C:\dev\0.9.0\Ksql.Linq\src\Core\Abstractions\EntityModel.cs(10,14): error RS0016: Symbol 'implicit constructor for 'EntityModel'' is not part of the declared public API (https://github.com/dotnet/roslyn-analyzers/blob/main/src/PublicApiAnalyzers/PublicApiAnalyzers.Help.md) [C:\dev\0.9.0\Ksql.Linq\src\Ksql.Linq.csproj]
C:\dev\0.9.0\Ksql.Linq\src\Extensions\EntitySetExtensions.cs(13,21): error RS0016: Symbol 'EntitySetExtensions' is not part of the declared public API (https://github.com/dotnet/roslyn-analyzers/blob/main/src/PublicApiAnalyzers/PublicApiAnalyzers.Help.md) [C:\dev\0.9.0\Ksql.Linq\src\Ksql.Linq.csproj]
C:\dev\0.9.0\Ksql.Linq\src\Core\Dlq\DlqGuard.cs(6,21): error RS0016: Symbol 'DlqGuard' is not part of the declared public API (https://github.com/dotnet/roslyn-analyzers/blob/main/src/PublicApiAnalyzers/PublicApiAnalyzers.Help.md) [C:\dev\0.9.0\Ksql.Linq\src\Ksql.Linq.csproj]
C:\dev\0.9.0\Ksql.Linq\src\Query\Abstractions\IKsqlBuilder.cs(8,18): error RS0016: Symbol 'IKsqlBuilder' is not part of the declared public API (https://github.com/dotnet/roslyn-analyzers/blob/main/src/PublicApiAnalyzers/PublicApiAnalyzers.Help.md) [C:\dev\0.9.0\Ksql.Linq\src\Ksql.Linq.csproj]
C:\dev\0.9.0\Ksql.Linq\src\Core\Abstractions\ErrorHandlingExtensions.cs(5,21): error RS0016: Symbol 'ErrorHandlingExtensions' is not part of the declared public API (https://github.com/dotnet/roslyn-analyzers/blob/main/src/PublicApiAnalyzers/PublicApiAnalyzers.Help.md) [C:\dev\0.9.0\Ksql.Linq\src\Ksql.Linq.csproj]
C:\dev\0.9.0\Ksql.Linq\src\Query\Abstractions\KsqlBuilderType.cs(5,13): error RS0016: Symbol 'KsqlBuilderType' is not part of the declared public API (https://github.com/dotnet/roslyn-analyzers/blob/main/src/PublicApiAnalyzers/PublicApiAnalyzers.Help.md) [C:\dev\0.9.0\Ksql.Linq\src\Ksql.Linq.csproj]
C:\dev\0.9.0\Ksql.Linq\src\Query\Abstractions\KsqlBuilderType.cs(7,5): error RS0016: Symbol 'Select' is not part of the declared public API (https://github.com/dotnet/roslyn-analyzers/blob/main/src/PublicApiAnalyzers/PublicApiAnalyzers.Help.md) [C:\dev\0.9.0\Ksql.Linq\src\Ksql.Linq.csproj]
C:\dev\0.9.0\Ksql.Linq\src\Query\Abstractions\KsqlBuilderType.cs(8,5): error RS0016: Symbol 'Where' is not part of the declared public API (https://github.com/dotnet/roslyn-analyzers/blob/main/src/PublicApiAnalyzers/PublicApiAnalyzers.Help.md) [C:\dev\0.9.0\Ksql.Linq\src\Ksql.Linq.csproj]
C:\dev\0.9.0\Ksql.Linq\src\Query\Abstractions\KsqlBuilderType.cs(9,5): error RS0016: Symbol 'GroupBy' is not part of the declared public API (https://github.com/dotnet/roslyn-analyzers/blob/main/src/PublicApiAnalyzers/PublicApiAnalyzers.Help.md) [C:\dev\0.9.0\Ksql.Linq\src\Ksql.Linq.csproj]
C:\dev\0.9.0\Ksql.Linq\src\Query\Abstractions\KsqlBuilderType.cs(10,5): error RS0016: Symbol 'Having' is not part of the declared public API (https://github.com/dotnet/roslyn-analyzers/blob/main/src/PublicApiAnalyzers/PublicApiAnalyzers.Help.md) [C:\dev\0.9.0\Ksql.Linq\src\Ksql.Linq.csproj]
C:\dev\0.9.0\Ksql.Linq\src\Query\Abstractions\KsqlBuilderType.cs(12,5): error RS0016: Symbol 'Projection' is not part of the declared public API (https://github.com/dotnet/roslyn-analyzers/blob/main/src/PublicApiAnalyzers/PublicApiAnalyzers.Help.md) [C:\dev\0.9.0\Ksql.Linq\src\Ksql.Linq.csproj]
C:\dev\0.9.0\Ksql.Linq\src\Query\Abstractions\KsqlBuilderType.cs(13,5): error RS0016: Symbol 'OrderBy' is not part of the declared public API (https://github.com/dotnet/roslyn-analyzers/blob/main/src/PublicApiAnalyzers/PublicApiAnalyzers.Help.md) [C:\dev\0.9.0\Ksql.Linq\src\Ksql.Linq.csproj]
C:\dev\0.9.0\Ksql.Linq\src\Query\Abstractions\KsqlBuilderType.cs(11,5): error RS0016: Symbol 'Join' is not part of the declared public API (https://github.com/dotnet/roslyn-analyzers/blob/main/src/PublicApiAnalyzers/PublicApiAnalyzers.Help.md) [C:\dev\0.9.0\Ksql.Linq\src\Ksql.Linq.csproj]
C:\dev\0.9.0\Ksql.Linq\src\Core\Dlq\DlqReadOptions.cs(3,21): error RS0016: Symbol 'DlqReadOptions' is not part of the declared public API (https://github.com/dotnet/roslyn-analyzers/blob/main/src/PublicApiAnalyzers/PublicApiAnalyzers.Help.md) [C:\dev\0.9.0\Ksql.Linq\src\Ksql.Linq.csproj]
C:\dev\0.9.0\Ksql.Linq\src\Core\Dlq\DlqReadOptions.cs(3,21): error RS0016: Symbol 'implicit constructor for 'DlqReadOptions'' is not part of the declared public API (https://github.com/dotnet/roslyn-analyzers/blob/main/src/PublicApiAnalyzers/PublicApiAnalyzers.Help.md) [C:\dev\0.9.0\Ksql.Linq\src\Ksql.Linq.csproj]
C:\dev\0.9.0\Ksql.Linq\src\Query\Abstractions\StreamTableType.cs(3,13): error RS0016: Symbol 'StreamTableType' is not part of the declared public API (https://github.com/dotnet/roslyn-analyzers/blob/main/src/PublicApiAnalyzers/PublicApiAnalyzers.Help.md) [C:\dev\0.9.0\Ksql.Linq\src\Ksql.Linq.csproj]
C:\dev\0.9.0\Ksql.Linq\src\Query\Abstractions\StreamTableType.cs(5,5): error RS0016: Symbol 'Stream' is not part of the declared public API (https://github.com/dotnet/roslyn-analyzers/blob/main/src/PublicApiAnalyzers/PublicApiAnalyzers.Help.md) [C:\dev\0.9.0\Ksql.Linq\src\Ksql.Linq.csproj]
C:\dev\0.9.0\Ksql.Linq\src\Query\Abstractions\StreamTableType.cs(6,5): error RS0016: Symbol 'Table' is not part of the declared public API (https://github.com/dotnet/roslyn-analyzers/blob/main/src/PublicApiAnalyzers/PublicApiAnalyzers.Help.md) [C:\dev\0.9.0\Ksql.Linq\src\Ksql.Linq.csproj]
C:\dev\0.9.0\Ksql.Linq\src\Core\Abstractions\IEntitySet.cs(13,18): error RS0016: Symbol 'IEntitySet<T>' is not part of the declared public API (https://github.com/dotnet/roslyn-analyzers/blob/main/src/PublicApiAnalyzers/PublicApiAnalyzers.Help.md) [C:\dev\0.9.0\Ksql.Linq\src\Ksql.Linq.csproj]
C:\dev\0.9.0\Ksql.Linq\src\Infrastructure\KsqlDb\IKsqlDbClient.cs(7,18): error RS0016: Symbol 'IKsqlDbClient' is not part of the declared public API (https://github.com/dotnet/roslyn-analyzers/blob/main/src/PublicApiAnalyzers/PublicApiAnalyzers.Help.md) [C:\dev\0.9.0\Ksql.Linq\src\Ksql.Linq.csproj]
C:\dev\0.9.0\Ksql.Linq\src\Core\Abstractions\ErrorHandlingPolicy.cs(5,14): error RS0016: Symbol 'ErrorHandlingPolicy' is not part of the declared public API (https://github.com/dotnet/roslyn-analyzers/blob/main/src/PublicApiAnalyzers/PublicApiAnalyzers.Help.md) [C:\dev\0.9.0\Ksql.Linq\src\Ksql.Linq.csproj]
C:\dev\0.9.0\Ksql.Linq\src\Core\Abstractions\ErrorHandlingPolicy.cs(5,14): error RS0016: Symbol 'implicit constructor for 'ErrorHandlingPolicy'' is not part of the declared public API (https://github.com/dotnet/roslyn-analyzers/blob/main/src/PublicApiAnalyzers/PublicApiAnalyzers.Help.md) [C:\dev\0.9.0\Ksql.Linq\src\Ksql.Linq.csproj]
C:\dev\0.9.0\Ksql.Linq\src\Core\Dlq\DlqRecord.cs(5,22): error RS0016: Symbol 'DlqRecord' is not part of the declared public API (https://github.com/dotnet/roslyn-analyzers/blob/main/src/PublicApiAnalyzers/PublicApiAnalyzers.Help.md) [C:\dev\0.9.0\Ksql.Linq\src\Ksql.Linq.csproj]
C:\dev\0.9.0\Ksql.Linq\src\Core\Abstractions\IErrorSink.cs(5,18): error RS0016: Symbol 'IErrorSink' is not part of the declared public API (https://github.com/dotnet/roslyn-analyzers/blob/main/src/PublicApiAnalyzers/PublicApiAnalyzers.Help.md) [C:\dev\0.9.0\Ksql.Linq\src\Ksql.Linq.csproj]
C:\dev\0.9.0\Ksql.Linq\src\Core\Dlq\DlqRecord.cs(8,9): error RS0016: Symbol 'implicit get-accessor for 'Partition'' is not part of the declared public API (https://github.com/dotnet/roslyn-analyzers/blob/main/src/PublicApiAnalyzers/PublicApiAnalyzers.Help.md) [C:\dev\0.9.0\Ksql.Linq\src\Ksql.Linq.csproj]
C:\dev\0.9.0\Ksql.Linq\src\Core\Dlq\DlqRecord.cs(6,12): error RS0016: Symbol 'implicit get-accessor for 'MessageId'' is not part of the declared public API (https://github.com/dotnet/roslyn-analyzers/blob/main/src/PublicApiAnalyzers/PublicApiAnalyzers.Help.md) [C:\dev\0.9.0\Ksql.Linq\src\Ksql.Linq.csproj]
C:\dev\0.9.0\Ksql.Linq\src\Core\Dlq\DlqRecord.cs(7,12): error RS0016: Symbol 'implicit get-accessor for 'Topic'' is not part of the declared public API (https://github.com/dotnet/roslyn-analyzers/blob/main/src/PublicApiAnalyzers/PublicApiAnalyzers.Help.md) [C:\dev\0.9.0\Ksql.Linq\src\Ksql.Linq.csproj]
C:\dev\0.9.0\Ksql.Linq\src\Core\Dlq\DlqRecord.cs(8,9): error RS0016: Symbol 'implicit set-accessor for 'Partition'' is not part of the declared public API (https://github.com/dotnet/roslyn-analyzers/blob/main/src/PublicApiAnalyzers/PublicApiAnalyzers.Help.md) [C:\dev\0.9.0\Ksql.Linq\src\Ksql.Linq.csproj]
C:\dev\0.9.0\Ksql.Linq\src\Core\Dlq\DlqRecord.cs(6,12): error RS0016: Symbol 'implicit set-accessor for 'MessageId'' is not part of the declared public API (https://github.com/dotnet/roslyn-analyzers/blob/main/src/PublicApiAnalyzers/PublicApiAnalyzers.Help.md) [C:\dev\0.9.0\Ksql.Linq\src\Ksql.Linq.csproj]
C:\dev\0.9.0\Ksql.Linq\src\Core\Dlq\DlqRecord.cs(7,12): error RS0016: Symbol 'implicit set-accessor for 'Topic'' is not part of the declared public API (https://github.com/dotnet/roslyn-analyzers/blob/main/src/PublicApiAnalyzers/PublicApiAnalyzers.Help.md) [C:\dev\0.9.0\Ksql.Linq\src\Ksql.Linq.csproj]
C:\dev\0.9.0\Ksql.Linq\src\Core\Dlq\DlqRecord.cs(9,10): error RS0016: Symbol 'implicit get-accessor for 'Offset'' is not part of the declared public API (https://github.com/dotnet/roslyn-analyzers/blob/main/src/PublicApiAnalyzers/PublicApiAnalyzers.Help.md) [C:\dev\0.9.0\Ksql.Linq\src\Ksql.Linq.csproj]
C:\dev\0.9.0\Ksql.Linq\src\Core\Dlq\DlqRecord.cs(10,12): error RS0016: Symbol 'implicit get-accessor for 'TimestampUtc'' is not part of the declared public API (https://github.com/dotnet/roslyn-analyzers/blob/main/src/PublicApiAnalyzers/PublicApiAnalyzers.Help.md) [C:\dev\0.9.0\Ksql.Linq\src\Ksql.Linq.csproj]
C:\dev\0.9.0\Ksql.Linq\src\Core\Dlq\DlqRecord.cs(12,13): error RS0016: Symbol 'implicit get-accessor for 'RawText'' is not part of the declared public API (https://github.com/dotnet/roslyn-analyzers/blob/main/src/PublicApiAnalyzers/PublicApiAnalyzers.Help.md) [C:\dev\0.9.0\Ksql.Linq\src\Ksql.Linq.csproj]
C:\dev\0.9.0\Ksql.Linq\src\Core\Dlq\DlqRecord.cs(10,12): error RS0016: Symbol 'implicit set-accessor for 'TimestampUtc'' is not part of the declared public API (https://github.com/dotnet/roslyn-analyzers/blob/main/src/PublicApiAnalyzers/PublicApiAnalyzers.Help.md) [C:\dev\0.9.0\Ksql.Linq\src\Ksql.Linq.csproj]
C:\dev\0.9.0\Ksql.Linq\src\Core\Dlq\DlqRecord.cs(9,10): error RS0016: Symbol 'implicit set-accessor for 'Offset'' is not part of the declared public API (https://github.com/dotnet/roslyn-analyzers/blob/main/src/PublicApiAnalyzers/PublicApiAnalyzers.Help.md) [C:\dev\0.9.0\Ksql.Linq\src\Ksql.Linq.csproj]
C:\dev\0.9.0\Ksql.Linq\src\Core\Dlq\DlqRecord.cs(13,12): error RS0016: Symbol 'implicit get-accessor for 'PayloadFormat'' is not part of the declared public API (https://github.com/dotnet/roslyn-analyzers/blob/main/src/PublicApiAnalyzers/PublicApiAnalyzers.Help.md) [C:\dev\0.9.0\Ksql.Linq\src\Ksql.Linq.csproj]
C:\dev\0.9.0\Ksql.Linq\src\Core\Dlq\DlqRecord.cs(12,13): error RS0016: Symbol 'implicit set-accessor for 'RawText'' is not part of the declared public API (https://github.com/dotnet/roslyn-analyzers/blob/main/src/PublicApiAnalyzers/PublicApiAnalyzers.Help.md) [C:\dev\0.9.0\Ksql.Linq\src\Ksql.Linq.csproj]
C:\dev\0.9.0\Ksql.Linq\src\Core\Dlq\DlqRecord.cs(13,12): error RS0016: Symbol 'implicit set-accessor for 'PayloadFormat'' is not part of the declared public API (https://github.com/dotnet/roslyn-analyzers/blob/main/src/PublicApiAnalyzers/PublicApiAnalyzers.Help.md) [C:\dev\0.9.0\Ksql.Linq\src\Ksql.Linq.csproj]
C:\dev\0.9.0\Ksql.Linq\src\Core\Dlq\DlqRecord.cs(14,13): error RS0016: Symbol 'implicit get-accessor for 'SchemaId'' is not part of the declared public API (https://github.com/dotnet/roslyn-analyzers/blob/main/src/PublicApiAnalyzers/PublicApiAnalyzers.Help.md) [C:\dev\0.9.0\Ksql.Linq\src\Ksql.Linq.csproj]
C:\dev\0.9.0\Ksql.Linq\src\Core\Dlq\DlqRecord.cs(15,13): error RS0016: Symbol 'implicit get-accessor for 'SchemaSubject'' is not part of the declared public API (https://github.com/dotnet/roslyn-analyzers/blob/main/src/PublicApiAnalyzers/PublicApiAnalyzers.Help.md) [C:\dev\0.9.0\Ksql.Linq\src\Ksql.Linq.csproj]
C:\dev\0.9.0\Ksql.Linq\src\Core\Dlq\DlqRecord.cs(14,13): error RS0016: Symbol 'implicit set-accessor for 'SchemaId'' is not part of the declared public API (https://github.com/dotnet/roslyn-analyzers/blob/main/src/PublicApiAnalyzers/PublicApiAnalyzers.Help.md) [C:\dev\0.9.0\Ksql.Linq\src\Ksql.Linq.csproj]
C:\dev\0.9.0\Ksql.Linq\src\Core\Dlq\DlqRecord.cs(15,13): error RS0016: Symbol 'implicit set-accessor for 'SchemaSubject'' is not part of the declared public API (https://github.com/dotnet/roslyn-analyzers/blob/main/src/PublicApiAnalyzers/PublicApiAnalyzers.Help.md) [C:\dev\0.9.0\Ksql.Linq\src\Ksql.Linq.csproj]
C:\dev\0.9.0\Ksql.Linq\src\Core\Dlq\DlqRecord.cs(16,10): error RS0016: Symbol 'implicit get-accessor for 'SchemaVersion'' is not part of the declared public API (https://github.com/dotnet/roslyn-analyzers/blob/main/src/PublicApiAnalyzers/PublicApiAnalyzers.Help.md) [C:\dev\0.9.0\Ksql.Linq\src\Ksql.Linq.csproj]
C:\dev\0.9.0\Ksql.Linq\src\Core\Dlq\DlqRecord.cs(16,10): error RS0016: Symbol 'implicit set-accessor for 'SchemaVersion'' is not part of the declared public API (https://github.com/dotnet/roslyn-analyzers/blob/main/src/PublicApiAnalyzers/PublicApiAnalyzers.Help.md) [C:\dev\0.9.0\Ksql.Linq\src\Ksql.Linq.csproj]
C:\dev\0.9.0\Ksql.Linq\src\Infrastructure\Ksql\IKsqlExecutor.cs(12,18): error RS0016: Symbol 'IKsqlExecutor' is not part of the declared public API (https://github.com/dotnet/roslyn-analyzers/blob/main/src/PublicApiAnalyzers/PublicApiAnalyzers.Help.md) [C:\dev\0.9.0\Ksql.Linq\src\Ksql.Linq.csproj]
C:\dev\0.9.0\Ksql.Linq\src\Core\Dlq\DlqRecord.cs(17,41): error RS0016: Symbol 'implicit get-accessor for 'Headers'' is not part of the declared public API (https://github.com/dotnet/roslyn-analyzers/blob/main/src/PublicApiAnalyzers/PublicApiAnalyzers.Help.md) [C:\dev\0.9.0\Ksql.Linq\src\Ksql.Linq.csproj]
C:\dev\0.9.0\Ksql.Linq\src\Core\Dlq\DlqRecord.cs(17,41): error RS0016: Symbol 'implicit set-accessor for 'Headers'' is not part of the declared public API (https://github.com/dotnet/roslyn-analyzers/blob/main/src/PublicApiAnalyzers/PublicApiAnalyzers.Help.md) [C:\dev\0.9.0\Ksql.Linq\src\Ksql.Linq.csproj]
C:\dev\0.9.0\Ksql.Linq\src\Core\Dlq\DlqRecord.cs(18,13): error RS0016: Symbol 'implicit get-accessor for 'ErrorType'' is not part of the declared public API (https://github.com/dotnet/roslyn-analyzers/blob/main/src/PublicApiAnalyzers/PublicApiAnalyzers.Help.md) [C:\dev\0.9.0\Ksql.Linq\src\Ksql.Linq.csproj]
C:\dev\0.9.0\Ksql.Linq\src\Core\Dlq\DlqRecord.cs(18,13): error RS0016: Symbol 'implicit set-accessor for 'ErrorType'' is not part of the declared public API (https://github.com/dotnet/roslyn-analyzers/blob/main/src/PublicApiAnalyzers/PublicApiAnalyzers.Help.md) [C:\dev\0.9.0\Ksql.Linq\src\Ksql.Linq.csproj]
C:\dev\0.9.0\Ksql.Linq\src\Core\Dlq\DlqRecord.cs(19,13): error RS0016: Symbol 'implicit get-accessor for 'ErrorMessage'' is not part of the declared public API (https://github.com/dotnet/roslyn-analyzers/blob/main/src/PublicApiAnalyzers/PublicApiAnalyzers.Help.md) [C:\dev\0.9.0\Ksql.Linq\src\Ksql.Linq.csproj]
C:\dev\0.9.0\Ksql.Linq\src\Core\Dlq\DlqRecord.cs(20,13): error RS0016: Symbol 'implicit get-accessor for 'StackTrace'' is not part of the declared public API (https://github.com/dotnet/roslyn-analyzers/blob/main/src/PublicApiAnalyzers/PublicApiAnalyzers.Help.md) [C:\dev\0.9.0\Ksql.Linq\src\Ksql.Linq.csproj]
C:\dev\0.9.0\Ksql.Linq\src\Core\Dlq\DlqRecord.cs(19,13): error RS0016: Symbol 'implicit set-accessor for 'ErrorMessage'' is not part of the declared public API (https://github.com/dotnet/roslyn-analyzers/blob/main/src/PublicApiAnalyzers/PublicApiAnalyzers.Help.md) [C:\dev\0.9.0\Ksql.Linq\src\Ksql.Linq.csproj]
C:\dev\0.9.0\Ksql.Linq\src\Core\Dlq\DlqRecord.cs(20,13): error RS0016: Symbol 'implicit set-accessor for 'StackTrace'' is not part of the declared public API (https://github.com/dotnet/roslyn-analyzers/blob/main/src/PublicApiAnalyzers/PublicApiAnalyzers.Help.md) [C:\dev\0.9.0\Ksql.Linq\src\Ksql.Linq.csproj]
C:\dev\0.9.0\Ksql.Linq\src\Core\Dlq\IDlqClient.cs(6,18): error RS0016: Symbol 'IDlqClient' is not part of the declared public API (https://github.com/dotnet/roslyn-analyzers/blob/main/src/PublicApiAnalyzers/PublicApiAnalyzers.Help.md) [C:\dev\0.9.0\Ksql.Linq\src\Ksql.Linq.csproj]
C:\dev\0.9.0\Ksql.Linq\src\Core\Abstractions\IJoinResult.cs(6,18): error RS0016: Symbol 'IJoinResult<TOuter, TInner>' is not part of the declared public API (https://github.com/dotnet/roslyn-analyzers/blob/main/src/PublicApiAnalyzers/PublicApiAnalyzers.Help.md) [C:\dev\0.9.0\Ksql.Linq\src\Ksql.Linq.csproj]
C:\dev\0.9.0\Ksql.Linq\src\Core\Abstractions\IJoinableEntitySet.cs(6,22): error RS0016: Symbol 'IJoinableEntitySet<T>' is not part of the declared public API (https://github.com/dotnet/roslyn-analyzers/blob/main/src/PublicApiAnalyzers/PublicApiAnalyzers.Help.md) [C:\dev\0.9.0\Ksql.Linq\src\Ksql.Linq.csproj]
C:\dev\0.9.0\Ksql.Linq\src\Core\Dlq\DlqRecord.cs(11,12): error RS0016: Symbol 'implicit get-accessor for 'RawBytes'' is not part of the declared public API (https://github.com/dotnet/roslyn-analyzers/blob/main/src/PublicApiAnalyzers/PublicApiAnalyzers.Help.md) [C:\dev\0.9.0\Ksql.Linq\src\Ksql.Linq.csproj]
C:\dev\0.9.0\Ksql.Linq\src\Core\Dlq\DlqRecord.cs(11,12): error RS0016: Symbol 'implicit set-accessor for 'RawBytes'' is not part of the declared public API (https://github.com/dotnet/roslyn-analyzers/blob/main/src/PublicApiAnalyzers/PublicApiAnalyzers.Help.md) [C:\dev\0.9.0\Ksql.Linq\src\Ksql.Linq.csproj]
C:\dev\0.9.0\Ksql.Linq\src\Infrastructure\Ksql\IWaitSettings.cs(5,18): error RS0016: Symbol 'IWaitSettings' is not part of the declared public API (https://github.com/dotnet/roslyn-analyzers/blob/main/src/PublicApiAnalyzers/PublicApiAnalyzers.Help.md) [C:\dev\0.9.0\Ksql.Linq\src\Ksql.Linq.csproj]
C:\dev\0.9.0\Ksql.Linq\src\Core\Abstractions\IKsqlContext.cs(12,18): error RS0016: Symbol 'IKsqlContext' is not part of the declared public API (https://github.com/dotnet/roslyn-analyzers/blob/main/src/PublicApiAnalyzers/PublicApiAnalyzers.Help.md) [C:\dev\0.9.0\Ksql.Linq\src\Ksql.Linq.csproj]
C:\dev\0.9.0\Ksql.Linq\src\Core\Dlq\IRateLimiter.cs(3,18): error RS0016: Symbol 'IRateLimiter' is not part of the declared public API (https://github.com/dotnet/roslyn-analyzers/blob/main/src/PublicApiAnalyzers/PublicApiAnalyzers.Help.md) [C:\dev\0.9.0\Ksql.Linq\src\Ksql.Linq.csproj]
C:\dev\0.9.0\Ksql.Linq\src\Core\Dlq\SimpleRateLimiter.cs(5,21): error RS0016: Symbol 'SimpleRateLimiter' is not part of the declared public API (https://github.com/dotnet/roslyn-analyzers/blob/main/src/PublicApiAnalyzers/PublicApiAnalyzers.Help.md) [C:\dev\0.9.0\Ksql.Linq\src\Ksql.Linq.csproj]
C:\dev\0.9.0\Ksql.Linq\src\Core\Abstractions\IJoinSupport.cs(6,18): error RS0016: Symbol 'IJoinSupport<T>' is not part of the declared public API (https://github.com/dotnet/roslyn-analyzers/blob/main/src/PublicApiAnalyzers/PublicApiAnalyzers.Help.md) [C:\dev\0.9.0\Ksql.Linq\src\Ksql.Linq.csproj]
C:\dev\0.9.0\Ksql.Linq\src\Core\Abstractions\IModelBuilder.cs(5,18): error RS0016: Symbol 'IModelBuilder' is not part of the declared public API (https://github.com/dotnet/roslyn-analyzers/blob/main/src/PublicApiAnalyzers/PublicApiAnalyzers.Help.md) [C:\dev\0.9.0\Ksql.Linq\src\Ksql.Linq.csproj]
C:\dev\0.9.0\Ksql.Linq\src\Core\Abstractions\IRemovableEntitySet.cs(8,18): error RS0016: Symbol 'IRemovableEntitySet<T>' is not part of the declared public API (https://github.com/dotnet/roslyn-analyzers/blob/main/src/PublicApiAnalyzers/PublicApiAnalyzers.Help.md) [C:\dev\0.9.0\Ksql.Linq\src\Ksql.Linq.csproj]
C:\dev\0.9.0\Ksql.Linq\src\Core\Abstractions\KafkaMessageContext.cs(6,14): error RS0016: Symbol 'KafkaMessageContext' is not part of the declared public API (https://github.com/dotnet/roslyn-analyzers/blob/main/src/PublicApiAnalyzers/PublicApiAnalyzers.Help.md) [C:\dev\0.9.0\Ksql.Linq\src\Ksql.Linq.csproj]
C:\dev\0.9.0\Ksql.Linq\src\Runtime\Fill\IStartupFillService.cs(10,18): error RS0016: Symbol 'IStartupFillService' is not part of the declared public API (https://github.com/dotnet/roslyn-analyzers/blob/main/src/PublicApiAnalyzers/PublicApiAnalyzers.Help.md) [C:\dev\0.9.0\Ksql.Linq\src\Ksql.Linq.csproj]
C:\dev\0.9.0\Ksql.Linq\src\Core\Abstractions\KafkaMessageContext.cs(6,14): error RS0016: Symbol 'implicit constructor for 'KafkaMessageContext'' is not part of the declared public API (https://github.com/dotnet/roslyn-analyzers/blob/main/src/PublicApiAnalyzers/PublicApiAnalyzers.Help.md) [C:\dev\0.9.0\Ksql.Linq\src\Ksql.Linq.csproj]
C:\dev\0.9.0\Ksql.Linq\src\Core\Abstractions\ValidationResult.cs(5,14): error RS0016: Symbol 'ValidationResult' is not part of the declared public API (https://github.com/dotnet/roslyn-analyzers/blob/main/src/PublicApiAnalyzers/PublicApiAnalyzers.Help.md) [C:\dev\0.9.0\Ksql.Linq\src\Ksql.Linq.csproj]
C:\dev\0.9.0\Ksql.Linq\src\Core\Abstractions\ValidationResult.cs(5,14): error RS0016: Symbol 'implicit constructor for 'ValidationResult'' is not part of the declared public API (https://github.com/dotnet/roslyn-analyzers/blob/main/src/PublicApiAnalyzers/PublicApiAnalyzers.Help.md) [C:\dev\0.9.0\Ksql.Linq\src\Ksql.Linq.csproj]
C:\dev\0.9.0\Ksql.Linq\src\Runtime\Fill\NoopStartupFillService.cs(11,21): error RS0016: Symbol 'NoopStartupFillService' is not part of the declared public API (https://github.com/dotnet/roslyn-analyzers/blob/main/src/PublicApiAnalyzers/PublicApiAnalyzers.Help.md) [C:\dev\0.9.0\Ksql.Linq\src\Ksql.Linq.csproj]
C:\dev\0.9.0\Ksql.Linq\src\Runtime\Fill\NoopStartupFillService.cs(11,21): error RS0016: Symbol 'implicit constructor for 'NoopStartupFillService'' is not part of the declared public API (https://github.com/dotnet/roslyn-analyzers/blob/main/src/PublicApiAnalyzers/PublicApiAnalyzers.Help.md) [C:\dev\0.9.0\Ksql.Linq\src\Ksql.Linq.csproj]
C:\dev\0.9.0\Ksql.Linq\src\Core\Modeling\EntityBuilderToQueryExtensions.cs(9,21): error RS0016: Symbol 'EntityBuilderToQueryExtensions' is not part of the declared public API (https://github.com/dotnet/roslyn-analyzers/blob/main/src/PublicApiAnalyzers/PublicApiAnalyzers.Help.md) [C:\dev\0.9.0\Ksql.Linq\src\Ksql.Linq.csproj]
C:\dev\0.9.0\Ksql.Linq\src\Infrastructure\Ksql\KsqlExecutor.cs(10,21): error RS0016: Symbol 'KsqlExecutor' is not part of the declared public API (https://github.com/dotnet/roslyn-analyzers/blob/main/src/PublicApiAnalyzers/PublicApiAnalyzers.Help.md) [C:\dev\0.9.0\Ksql.Linq\src\Ksql.Linq.csproj]
C:\dev\0.9.0\Ksql.Linq\src\Runtime\Heartbeat\MarketScheduleProvider.cs(13,18): error RS0016: Symbol 'IMarketScheduleProvider' is not part of the declared public API (https://github.com/dotnet/roslyn-analyzers/blob/main/src/PublicApiAnalyzers/PublicApiAnalyzers.Help.md) [C:\dev\0.9.0\Ksql.Linq\src\Ksql.Linq.csproj]
C:\dev\0.9.0\Ksql.Linq\src\Core\Modeling\EntityModelBuilder.cs(7,14): error RS0016: Symbol 'EntityModelBuilder<T>' is not part of the declared public API (https://github.com/dotnet/roslyn-analyzers/blob/main/src/PublicApiAnalyzers/PublicApiAnalyzers.Help.md) [C:\dev\0.9.0\Ksql.Linq\src\Ksql.Linq.csproj]
C:\dev\0.9.0\Ksql.Linq\src\Configuration\KsqlDslOptions.cs(8,14): error RS0016: Symbol 'KsqlDslOptions' is not part of the declared public API (https://github.com/dotnet/roslyn-analyzers/blob/main/src/PublicApiAnalyzers/PublicApiAnalyzers.Help.md) [C:\dev\0.9.0\Ksql.Linq\src\Ksql.Linq.csproj]
C:\dev\0.9.0\Ksql.Linq\src\Core\Attributes\KsqlDecimalAttribute.cs(6,21): error RS0016: Symbol 'KsqlDecimalAttribute' is not part of the declared public API (https://github.com/dotnet/roslyn-analyzers/blob/main/src/PublicApiAnalyzers/PublicApiAnalyzers.Help.md) [C:\dev\0.9.0\Ksql.Linq\src\Ksql.Linq.csproj]
C:\dev\0.9.0\Ksql.Linq\src\Configuration\KsqlDslOptions.cs(8,14): error RS0016: Symbol 'implicit constructor for 'KsqlDslOptions'' is not part of the declared public API (https://github.com/dotnet/roslyn-analyzers/blob/main/src/PublicApiAnalyzers/PublicApiAnalyzers.Help.md) [C:\dev\0.9.0\Ksql.Linq\src\Ksql.Linq.csproj]
C:\dev\0.9.0\Ksql.Linq\src\Configuration\ValidationMode.cs(6,5): error RS0016: Symbol 'Strict' is not part of the declared public API (https://github.com/dotnet/roslyn-analyzers/blob/main/src/PublicApiAnalyzers/PublicApiAnalyzers.Help.md) [C:\dev\0.9.0\Ksql.Linq\src\Ksql.Linq.csproj]
C:\dev\0.9.0\Ksql.Linq\src\Runtime\Monitor\IRowMonitorCoordinator.cs(10,18): error RS0016: Symbol 'IRowMonitorCoordinator' is not part of the declared public API (https://github.com/dotnet/roslyn-analyzers/blob/main/src/PublicApiAnalyzers/PublicApiAnalyzers.Help.md) [C:\dev\0.9.0\Ksql.Linq\src\Ksql.Linq.csproj]
C:\dev\0.9.0\Ksql.Linq\src\Core\Attributes\KsqlIgnoreAttribute.cs(6,21): error RS0016: Symbol 'KsqlIgnoreAttribute' is not part of the declared public API (https://github.com/dotnet/roslyn-analyzers/blob/main/src/PublicApiAnalyzers/PublicApiAnalyzers.Help.md) [C:\dev\0.9.0\Ksql.Linq\src\Ksql.Linq.csproj]
C:\dev\0.9.0\Ksql.Linq\src\Runtime\Monitor\RowMonitorCoordinator.cs(14,21): error RS0016: Symbol 'RowMonitorCoordinator' is not part of the declared public API (https://github.com/dotnet/roslyn-analyzers/blob/main/src/PublicApiAnalyzers/PublicApiAnalyzers.Help.md) [C:\dev\0.9.0\Ksql.Linq\src\Ksql.Linq.csproj]
C:\dev\0.9.0\Ksql.Linq\src\Core\Attributes\KsqlIgnoreAttribute.cs(6,21): error RS0016: Symbol 'implicit constructor for 'KsqlIgnoreAttribute'' is not part of the declared public API (https://github.com/dotnet/roslyn-analyzers/blob/main/src/PublicApiAnalyzers/PublicApiAnalyzers.Help.md) [C:\dev\0.9.0\Ksql.Linq\src\Ksql.Linq.csproj]
C:\dev\0.9.0\Ksql.Linq\src\Runtime\Monitor\RowMonitorCoordinator.Noop.cs(6,21): error RS0016: Symbol 'RowMonitorCoordinatorNoop' is not part of the declared public API (https://github.com/dotnet/roslyn-analyzers/blob/main/src/PublicApiAnalyzers/PublicApiAnalyzers.Help.md) [C:\dev\0.9.0\Ksql.Linq\src\Ksql.Linq.csproj]
C:\dev\0.9.0\Ksql.Linq\src\Runtime\Monitor\RowMonitorCoordinator.Noop.cs(6,21): error RS0016: Symbol 'implicit constructor for 'RowMonitorCoordinatorNoop'' is not part of the declared public API (https://github.com/dotnet/roslyn-analyzers/blob/main/src/PublicApiAnalyzers/PublicApiAnalyzers.Help.md) [C:\dev\0.9.0\Ksql.Linq\src\Ksql.Linq.csproj]
C:\dev\0.9.0\Ksql.Linq\src\Core\Attributes\KsqlKeyAttribute.cs(6,21): error RS0016: Symbol 'KsqlKeyAttribute' is not part of the declared public API (https://github.com/dotnet/roslyn-analyzers/blob/main/src/PublicApiAnalyzers/PublicApiAnalyzers.Help.md) [C:\dev\0.9.0\Ksql.Linq\src\Ksql.Linq.csproj]
C:\dev\0.9.0\Ksql.Linq\src\Runtime\Period.cs(7,5): error RS0016: Symbol 'Seconds' is not part of the declared public API (https://github.com/dotnet/roslyn-analyzers/blob/main/src/PublicApiAnalyzers/PublicApiAnalyzers.Help.md) [C:\dev\0.9.0\Ksql.Linq\src\Ksql.Linq.csproj]
C:\dev\0.9.0\Ksql.Linq\src\Runtime\Period.cs(8,5): error RS0016: Symbol 'Minutes' is not part of the declared public API (https://github.com/dotnet/roslyn-analyzers/blob/main/src/PublicApiAnalyzers/PublicApiAnalyzers.Help.md) [C:\dev\0.9.0\Ksql.Linq\src\Ksql.Linq.csproj]
C:\dev\0.9.0\Ksql.Linq\src\Runtime\Period.cs(9,5): error RS0016: Symbol 'Hours' is not part of the declared public API (https://github.com/dotnet/roslyn-analyzers/blob/main/src/PublicApiAnalyzers/PublicApiAnalyzers.Help.md) [C:\dev\0.9.0\Ksql.Linq\src\Ksql.Linq.csproj]
C:\dev\0.9.0\Ksql.Linq\src\Runtime\Period.cs(5,13): error RS0016: Symbol 'PeriodUnit' is not part of the declared public API (https://github.com/dotnet/roslyn-analyzers/blob/main/src/PublicApiAnalyzers/PublicApiAnalyzers.Help.md) [C:\dev\0.9.0\Ksql.Linq\src\Ksql.Linq.csproj]
C:\dev\0.9.0\Ksql.Linq\src\Runtime\Period.cs(11,5): error RS0016: Symbol 'Months' is not part of the declared public API (https://github.com/dotnet/roslyn-analyzers/blob/main/src/PublicApiAnalyzers/PublicApiAnalyzers.Help.md) [C:\dev\0.9.0\Ksql.Linq\src\Ksql.Linq.csproj]
C:\dev\0.9.0\Ksql.Linq\src\Runtime\Period.cs(12,5): error RS0016: Symbol 'Weeks' is not part of the declared public API (https://github.com/dotnet/roslyn-analyzers/blob/main/src/PublicApiAnalyzers/PublicApiAnalyzers.Help.md) [C:\dev\0.9.0\Ksql.Linq\src\Ksql.Linq.csproj]
C:\dev\0.9.0\Ksql.Linq\src\Runtime\Period.cs(10,5): error RS0016: Symbol 'Days' is not part of the declared public API (https://github.com/dotnet/roslyn-analyzers/blob/main/src/PublicApiAnalyzers/PublicApiAnalyzers.Help.md) [C:\dev\0.9.0\Ksql.Linq\src\Ksql.Linq.csproj]
C:\dev\0.9.0\Ksql.Linq\src\TimeBucketFacade.cs(9,21): error RS0016: Symbol 'TimeBucket' is not part of the declared public API (https://github.com/dotnet/roslyn-analyzers/blob/main/src/PublicApiAnalyzers/PublicApiAnalyzers.Help.md) [C:\dev\0.9.0\Ksql.Linq\src\Ksql.Linq.csproj]
C:\dev\0.9.0\Ksql.Linq\src\SchemaRegistryTools\SchemaSubjects.cs(3,21): error RS0016: Symbol 'SchemaSubjects' is not part of the declared public API (https://github.com/dotnet/roslyn-analyzers/blob/main/src/PublicApiAnalyzers/PublicApiAnalyzers.Help.md) [C:\dev\0.9.0\Ksql.Linq\src\Ksql.Linq.csproj]
C:\dev\0.9.0\Ksql.Linq\src\Core\Attributes\KsqlTableAttribute.cs(6,21): error RS0016: Symbol 'KsqlTableAttribute' is not part of the declared public API (https://github.com/dotnet/roslyn-analyzers/blob/main/src/PublicApiAnalyzers/PublicApiAnalyzers.Help.md) [C:\dev\0.9.0\Ksql.Linq\src\Ksql.Linq.csproj]
C:\dev\0.9.0\Ksql.Linq\src\Core\Attributes\KsqlTableAttribute.cs(6,21): error RS0016: Symbol 'implicit constructor for 'KsqlTableAttribute'' is not part of the declared public API (https://github.com/dotnet/roslyn-analyzers/blob/main/src/PublicApiAnalyzers/PublicApiAnalyzers.Help.md) [C:\dev\0.9.0\Ksql.Linq\src\Ksql.Linq.csproj]
C:\dev\0.9.0\Ksql.Linq\src\SchemaRegistryTools\SchemaRegistryMetaProvider.cs(16,21): error RS0016: Symbol 'SchemaRegistryMetaProvider' is not part of the declared public API (https://github.com/dotnet/roslyn-analyzers/blob/main/src/PublicApiAnalyzers/PublicApiAnalyzers.Help.md) [C:\dev\0.9.0\Ksql.Linq\src\Ksql.Linq.csproj]
C:\dev\0.9.0\Ksql.Linq\src\Infrastructure\Ksql\KsqlWaitService.cs(422,18): error RS0016: Symbol 'IWaitDiagnosticsSink' is not part of the declared public API (https://github.com/dotnet/roslyn-analyzers/blob/main/src/PublicApiAnalyzers/PublicApiAnalyzers.Help.md) [C:\dev\0.9.0\Ksql.Linq\src\Ksql.Linq.csproj]
C:\dev\0.9.0\Ksql.Linq\src\Core\Models\PropertyMeta.cs(12,15): error RS0016: Symbol 'PropertyMeta' is not part of the declared public API (https://github.com/dotnet/roslyn-analyzers/blob/main/src/PublicApiAnalyzers/PublicApiAnalyzers.Help.md) [C:\dev\0.9.0\Ksql.Linq\src\Ksql.Linq.csproj]
C:\dev\0.9.0\Ksql.Linq\src\Core\Attributes\KsqlTimestampAttribute.cs(6,21): error RS0016: Symbol 'KsqlTimestampAttribute' is not part of the declared public API (https://github.com/dotnet/roslyn-analyzers/blob/main/src/PublicApiAnalyzers/PublicApiAnalyzers.Help.md) [C:\dev\0.9.0\Ksql.Linq\src\Ksql.Linq.csproj]
C:\dev\0.9.0\Ksql.Linq\src\Core\Models\PropertyMeta.cs(12,15): error RS0016: Symbol 'implicit constructor for 'PropertyMeta'' is not part of the declared public API (https://github.com/dotnet/roslyn-analyzers/blob/main/src/PublicApiAnalyzers/PublicApiAnalyzers.Help.md) [C:\dev\0.9.0\Ksql.Linq\src\Ksql.Linq.csproj]
C:\dev\0.9.0\Ksql.Linq\src\Core\Attributes\KsqlTimestampAttribute.cs(6,21): error RS0016: Symbol 'implicit constructor for 'KsqlTimestampAttribute'' is not part of the declared public API (https://github.com/dotnet/roslyn-analyzers/blob/main/src/PublicApiAnalyzers/PublicApiAnalyzers.Help.md) [C:\dev\0.9.0\Ksql.Linq\src\Ksql.Linq.csproj]
C:\dev\0.9.0\Ksql.Linq\src\Core\Retry\RetryPolicy.cs(9,5): error RS0016: Symbol 'Fixed' is not part of the declared public API (https://github.com/dotnet/roslyn-analyzers/blob/main/src/PublicApiAnalyzers/PublicApiAnalyzers.Help.md) [C:\dev\0.9.0\Ksql.Linq\src\Ksql.Linq.csproj]
C:\dev\0.9.0\Ksql.Linq\src\Core\Retry\RetryPolicy.cs(7,13): error RS0016: Symbol 'BackoffStrategy' is not part of the declared public API (https://github.com/dotnet/roslyn-analyzers/blob/main/src/PublicApiAnalyzers/PublicApiAnalyzers.Help.md) [C:\dev\0.9.0\Ksql.Linq\src\Ksql.Linq.csproj]
C:\dev\0.9.0\Ksql.Linq\src\Runtime\Period.cs(15,24): error RS0016: Symbol 'Period' is not part of the declared public API (https://github.com/dotnet/roslyn-analyzers/blob/main/src/PublicApiAnalyzers/PublicApiAnalyzers.Help.md) [C:\dev\0.9.0\Ksql.Linq\src\Ksql.Linq.csproj]
C:\dev\0.9.0\Ksql.Linq\src\Runtime\Period.cs(15,24): error RS0016: Symbol 'implicit constructor for 'Period'' is not part of the declared public API (https://github.com/dotnet/roslyn-analyzers/blob/main/src/PublicApiAnalyzers/PublicApiAnalyzers.Help.md) [C:\dev\0.9.0\Ksql.Linq\src\Ksql.Linq.csproj]
C:\dev\0.9.0\Ksql.Linq\src\Core\Retry\RetryPolicy.cs(10,5): error RS0016: Symbol 'Linear' is not part of the declared public API (https://github.com/dotnet/roslyn-analyzers/blob/main/src/PublicApiAnalyzers/PublicApiAnalyzers.Help.md) [C:\dev\0.9.0\Ksql.Linq\src\Ksql.Linq.csproj]
C:\dev\0.9.0\Ksql.Linq\src\Core\Retry\RetryPolicy.cs(11,5): error RS0016: Symbol 'Exponential' is not part of the declared public API (https://github.com/dotnet/roslyn-analyzers/blob/main/src/PublicApiAnalyzers/PublicApiAnalyzers.Help.md) [C:\dev\0.9.0\Ksql.Linq\src\Ksql.Linq.csproj]
C:\dev\0.9.0\Ksql.Linq\src\Core\Attributes\KsqlTopicAttribute.cs(6,21): error RS0016: Symbol 'KsqlTopicAttribute' is not part of the declared public API (https://github.com/dotnet/roslyn-analyzers/blob/main/src/PublicApiAnalyzers/PublicApiAnalyzers.Help.md) [C:\dev\0.9.0\Ksql.Linq\src\Ksql.Linq.csproj]
C:\dev\0.9.0\Ksql.Linq\src\Configuration\KsqlServerOptions.cs(6,14): error RS0016: Symbol 'KsqlServerOptions' is not part of the declared public API (https://github.com/dotnet/roslyn-analyzers/blob/main/src/PublicApiAnalyzers/PublicApiAnalyzers.Help.md) [C:\dev\0.9.0\Ksql.Linq\src\Ksql.Linq.csproj]
C:\dev\0.9.0\Ksql.Linq\src\Configuration\KsqlServerOptions.cs(6,14): error RS0016: Symbol 'implicit constructor for 'KsqlServerOptions'' is not part of the declared public API (https://github.com/dotnet/roslyn-analyzers/blob/main/src/PublicApiAnalyzers/PublicApiAnalyzers.Help.md) [C:\dev\0.9.0\Ksql.Linq\src\Ksql.Linq.csproj]
C:\dev\0.9.0\Ksql.Linq\src\Runtime\Periods.cs(5,21): error RS0016: Symbol 'Periods' is not part of the declared public API (https://github.com/dotnet/roslyn-analyzers/blob/main/src/PublicApiAnalyzers/PublicApiAnalyzers.Help.md) [C:\dev\0.9.0\Ksql.Linq\src\Ksql.Linq.csproj]
C:\dev\0.9.0\Ksql.Linq\src\Core\Sql\Identifiers.cs(3,21): error RS0016: Symbol 'Identifiers' is not part of the declared public API (https://github.com/dotnet/roslyn-analyzers/blob/main/src/PublicApiAnalyzers/PublicApiAnalyzers.Help.md) [C:\dev\0.9.0\Ksql.Linq\src\Ksql.Linq.csproj]
C:\dev\0.9.0\Ksql.Linq\src\Configuration\ResolvedEntityConfig.cs(9,14): error RS0016: Symbol 'ResolvedEntityConfig' is not part of the declared public API (https://github.com/dotnet/roslyn-analyzers/blob/main/src/PublicApiAnalyzers/PublicApiAnalyzers.Help.md) [C:\dev\0.9.0\Ksql.Linq\src\Ksql.Linq.csproj]
C:\dev\0.9.0\Ksql.Linq\src\Configuration\ResolvedEntityConfig.cs(9,14): error RS0016: Symbol 'implicit constructor for 'ResolvedEntityConfig'' is not part of the declared public API (https://github.com/dotnet/roslyn-analyzers/blob/main/src/PublicApiAnalyzers/PublicApiAnalyzers.Help.md) [C:\dev\0.9.0\Ksql.Linq\src\Ksql.Linq.csproj]
C:\dev\0.9.0\Ksql.Linq\src\Configuration\Messaging\ConsumerSection.cs(9,14): error RS0016: Symbol 'ConsumerSection' is not part of the declared public API (https://github.com/dotnet/roslyn-analyzers/blob/main/src/PublicApiAnalyzers/PublicApiAnalyzers.Help.md) [C:\dev\0.9.0\Ksql.Linq\src\Ksql.Linq.csproj]
C:\dev\0.9.0\Ksql.Linq\src\Configuration\Messaging\ConsumerSection.cs(9,14): error RS0016: Symbol 'implicit constructor for 'ConsumerSection'' is not part of the declared public API (https://github.com/dotnet/roslyn-analyzers/blob/main/src/PublicApiAnalyzers/PublicApiAnalyzers.Help.md) [C:\dev\0.9.0\Ksql.Linq\src\Ksql.Linq.csproj]
C:\dev\0.9.0\Ksql.Linq\src\Configuration\ValidationMode.cs(8,5): error RS0016: Symbol 'Relaxed' is not part of the declared public API (https://github.com/dotnet/roslyn-analyzers/blob/main/src/PublicApiAnalyzers/PublicApiAnalyzers.Help.md) [C:\dev\0.9.0\Ksql.Linq\src\Ksql.Linq.csproj]
C:\dev\0.9.0\Ksql.Linq\src\Configuration\ValidationMode.cs(4,13): error RS0016: Symbol 'ValidationMode' is not part of the declared public API (https://github.com/dotnet/roslyn-analyzers/blob/main/src/PublicApiAnalyzers/PublicApiAnalyzers.Help.md) [C:\dev\0.9.0\Ksql.Linq\src\Ksql.Linq.csproj]
C:\dev\0.9.0\Ksql.Linq\src\Core\Retry\RetryPolicy.cs(14,14): error RS0016: Symbol 'RetryPolicy' is not part of the declared public API (https://github.com/dotnet/roslyn-analyzers/blob/main/src/PublicApiAnalyzers/PublicApiAnalyzers.Help.md) [C:\dev\0.9.0\Ksql.Linq\src\Ksql.Linq.csproj]
C:\dev\0.9.0\Ksql.Linq\src\Core\Retry\RetryPolicy.cs(14,14): error RS0016: Symbol 'implicit constructor for 'RetryPolicy'' is not part of the declared public API (https://github.com/dotnet/roslyn-analyzers/blob/main/src/PublicApiAnalyzers/PublicApiAnalyzers.Help.md) [C:\dev\0.9.0\Ksql.Linq\src\Ksql.Linq.csproj]
C:\dev\0.9.0\Ksql.Linq\src\Configuration\WindowConfigurationProvider.cs(9,21): error RS0016: Symbol 'WindowConfigurationProvider' is not part of the declared public API (https://github.com/dotnet/roslyn-analyzers/blob/main/src/PublicApiAnalyzers/PublicApiAnalyzers.Help.md) [C:\dev\0.9.0\Ksql.Linq\src\Ksql.Linq.csproj]
C:\dev\0.9.0\Ksql.Linq\src\Configuration\WindowConfiguration.cs(9,21): error RS0016: Symbol 'WindowConfiguration' is not part of the declared public API (https://github.com/dotnet/roslyn-analyzers/blob/main/src/PublicApiAnalyzers/PublicApiAnalyzers.Help.md) [C:\dev\0.9.0\Ksql.Linq\src\Ksql.Linq.csproj]
C:\dev\0.9.0\Ksql.Linq\src\Configuration\WindowConfiguration.cs(9,21): error RS0016: Symbol 'implicit constructor for 'WindowConfiguration'' is not part of the declared public API (https://github.com/dotnet/roslyn-analyzers/blob/main/src/PublicApiAnalyzers/PublicApiAnalyzers.Help.md) [C:\dev\0.9.0\Ksql.Linq\src\Ksql.Linq.csproj]
C:\dev\0.9.0\Ksql.Linq\src\Configuration\Messaging\ProducerSection.cs(5,14): error RS0016: Symbol 'ProducerSection' is not part of the declared public API (https://github.com/dotnet/roslyn-analyzers/blob/main/src/PublicApiAnalyzers/PublicApiAnalyzers.Help.md) [C:\dev\0.9.0\Ksql.Linq\src\Ksql.Linq.csproj]
C:\dev\0.9.0\Ksql.Linq\src\Configuration\Messaging\ProducerSection.cs(5,14): error RS0016: Symbol 'implicit constructor for 'ProducerSection'' is not part of the declared public API (https://github.com/dotnet/roslyn-analyzers/blob/main/src/PublicApiAnalyzers/PublicApiAnalyzers.Help.md) [C:\dev\0.9.0\Ksql.Linq\src\Ksql.Linq.csproj]
C:\dev\0.9.0\Ksql.Linq\src\Window\WindowAggregationException.cs(5,21): error RS0016: Symbol 'WindowAggregationException' is not part of the declared public API (https://github.com/dotnet/roslyn-analyzers/blob/main/src/PublicApiAnalyzers/PublicApiAnalyzers.Help.md) [C:\dev\0.9.0\Ksql.Linq\src\Ksql.Linq.csproj]
C:\dev\0.9.0\Ksql.Linq\src\Core\Extensions\LoggerFactoryExtensions.cs(11,21): error RS0016: Symbol 'LoggerFactoryExtensions' is not part of the declared public API (https://github.com/dotnet/roslyn-analyzers/blob/main/src/PublicApiAnalyzers/PublicApiAnalyzers.Help.md) [C:\dev\0.9.0\Ksql.Linq\src\Ksql.Linq.csproj]
C:\dev\0.9.0\Ksql.Linq\src\Query\Dsl\IKsqlQueryable.cs(3,18): error RS0016: Symbol 'IKsqlQueryable' is not part of the declared public API (https://github.com/dotnet/roslyn-analyzers/blob/main/src/PublicApiAnalyzers/PublicApiAnalyzers.Help.md) [C:\dev\0.9.0\Ksql.Linq\src\Ksql.Linq.csproj]
C:\dev\0.9.0\Ksql.Linq\src\Query\Ddl\DdlObjectType.cs(5,5): error RS0016: Symbol 'Stream' is not part of the declared public API (https://github.com/dotnet/roslyn-analyzers/blob/main/src/PublicApiAnalyzers/PublicApiAnalyzers.Help.md) [C:\dev\0.9.0\Ksql.Linq\src\Ksql.Linq.csproj]
C:\dev\0.9.0\Ksql.Linq\src\Query\Ddl\DdlObjectType.cs(3,13): error RS0016: Symbol 'DdlObjectType' is not part of the declared public API (https://github.com/dotnet/roslyn-analyzers/blob/main/src/PublicApiAnalyzers/PublicApiAnalyzers.Help.md) [C:\dev\0.9.0\Ksql.Linq\src\Ksql.Linq.csproj]
C:\dev\0.9.0\Ksql.Linq\src\Query\Ddl\DdlObjectType.cs(6,5): error RS0016: Symbol 'Table' is not part of the declared public API (https://github.com/dotnet/roslyn-analyzers/blob/main/src/PublicApiAnalyzers/PublicApiAnalyzers.Help.md) [C:\dev\0.9.0\Ksql.Linq\src\Ksql.Linq.csproj]
C:\dev\0.9.0\Ksql.Linq\src\Query\Dsl\IScheduledScope.cs(6,18): error RS0016: Symbol 'IScheduledScope<T>' is not part of the declared public API (https://github.com/dotnet/roslyn-analyzers/blob/main/src/PublicApiAnalyzers/PublicApiAnalyzers.Help.md) [C:\dev\0.9.0\Ksql.Linq\src\Ksql.Linq.csproj]
C:\dev\0.9.0\Ksql.Linq\src\Messaging\DlqEnvelope.cs(6,14): error RS0016: Symbol 'DlqEnvelope' is not part of the declared public API (https://github.com/dotnet/roslyn-analyzers/blob/main/src/PublicApiAnalyzers/PublicApiAnalyzers.Help.md) [C:\dev\0.9.0\Ksql.Linq\src\Ksql.Linq.csproj]
C:\dev\0.9.0\Ksql.Linq\src\Messaging\DlqEnvelope.cs(6,14): error RS0016: Symbol 'implicit constructor for 'DlqEnvelope'' is not part of the declared public API (https://github.com/dotnet/roslyn-analyzers/blob/main/src/PublicApiAnalyzers/PublicApiAnalyzers.Help.md) [C:\dev\0.9.0\Ksql.Linq\src\Ksql.Linq.csproj]
C:\dev\0.9.0\Ksql.Linq\src\Runtime\TimeBucket.cs(18,21): error RS0016: Symbol 'TimeBucket' is not part of the declared public API (https://github.com/dotnet/roslyn-analyzers/blob/main/src/PublicApiAnalyzers/PublicApiAnalyzers.Help.md) [C:\dev\0.9.0\Ksql.Linq\src\Ksql.Linq.csproj]
C:\dev\0.9.0\Ksql.Linq\src\Query\Dsl\KsqlGroupedQueryable.cs(8,14): error RS0016: Symbol 'KsqlGroupedQueryable<T, TKey>' is not part of the declared public API (https://github.com/dotnet/roslyn-analyzers/blob/main/src/PublicApiAnalyzers/PublicApiAnalyzers.Help.md) [C:\dev\0.9.0\Ksql.Linq\src\Ksql.Linq.csproj]
C:\dev\0.9.0\Ksql.Linq\src\Runtime\TimeBucket.cs(751,21): error RS0016: Symbol 'TimeBucketWriter<T>' is not part of the declared public API (https://github.com/dotnet/roslyn-analyzers/blob/main/src/PublicApiAnalyzers/PublicApiAnalyzers.Help.md) [C:\dev\0.9.0\Ksql.Linq\src\Ksql.Linq.csproj]
C:\dev\0.9.0\Ksql.Linq\src\Runtime\TimeBucket.cs(27,21): error RS0016: Symbol 'TimeBucket<T>' is not part of the declared public API (https://github.com/dotnet/roslyn-analyzers/blob/main/src/PublicApiAnalyzers/PublicApiAnalyzers.Help.md) [C:\dev\0.9.0\Ksql.Linq\src\Ksql.Linq.csproj]
C:\dev\0.9.0\Ksql.Linq\src\Query\Dsl\KsqlQueryable.cs(11,14): error RS0016: Symbol 'KsqlQueryable<T1>' is not part of the declared public API (https://github.com/dotnet/roslyn-analyzers/blob/main/src/PublicApiAnalyzers/PublicApiAnalyzers.Help.md) [C:\dev\0.9.0\Ksql.Linq\src\Ksql.Linq.csproj]
C:\dev\0.9.0\Ksql.Linq\src\Query\Dsl\KsqlQueryable.cs(11,14): error RS0016: Symbol 'implicit constructor for 'KsqlQueryable<T1>'' is not part of the declared public API (https://github.com/dotnet/roslyn-analyzers/blob/main/src/PublicApiAnalyzers/PublicApiAnalyzers.Help.md) [C:\dev\0.9.0\Ksql.Linq\src\Ksql.Linq.csproj]
C:\dev\0.9.0\Ksql.Linq\src\Runtime\TimeBucket.cs(769,21): error RS0016: Symbol 'TimeBucketScope<T>' is not part of the declared public API (https://github.com/dotnet/roslyn-analyzers/blob/main/src/PublicApiAnalyzers/PublicApiAnalyzers.Help.md) [C:\dev\0.9.0\Ksql.Linq\src\Ksql.Linq.csproj]
C:\dev\0.9.0\Ksql.Linq\src\Query\Dsl\KsqlQueryable2.cs(7,14): error RS0016: Symbol 'KsqlQueryable2<T1, T2>' is not part of the declared public API (https://github.com/dotnet/roslyn-analyzers/blob/main/src/PublicApiAnalyzers/PublicApiAnalyzers.Help.md) [C:\dev\0.9.0\Ksql.Linq\src\Ksql.Linq.csproj]
C:\dev\0.9.0\Ksql.Linq\src\Configuration\Messaging\TopicSection.cs(9,14): error RS0016: Symbol 'TopicSection' is not part of the declared public API (https://github.com/dotnet/roslyn-analyzers/blob/main/src/PublicApiAnalyzers/PublicApiAnalyzers.Help.md) [C:\dev\0.9.0\Ksql.Linq\src\Ksql.Linq.csproj]
C:\dev\0.9.0\Ksql.Linq\src\Configuration\Messaging\TopicSection.cs(26,14): error RS0016: Symbol 'TopicCreationSection' is not part of the declared public API (https://github.com/dotnet/roslyn-analyzers/blob/main/src/PublicApiAnalyzers/PublicApiAnalyzers.Help.md) [C:\dev\0.9.0\Ksql.Linq\src\Ksql.Linq.csproj]
C:\dev\0.9.0\Ksql.Linq\src\Configuration\Messaging\TopicSection.cs(9,14): error RS0016: Symbol 'implicit constructor for 'TopicSection'' is not part of the declared public API (https://github.com/dotnet/roslyn-analyzers/blob/main/src/PublicApiAnalyzers/PublicApiAnalyzers.Help.md) [C:\dev\0.9.0\Ksql.Linq\src\Ksql.Linq.csproj]
C:\dev\0.9.0\Ksql.Linq\src\Configuration\Messaging\TopicSection.cs(26,14): error RS0016: Symbol 'implicit constructor for 'TopicCreationSection'' is not part of the declared public API (https://github.com/dotnet/roslyn-analyzers/blob/main/src/PublicApiAnalyzers/PublicApiAnalyzers.Help.md) [C:\dev\0.9.0\Ksql.Linq\src\Ksql.Linq.csproj]
C:\dev\0.9.0\Ksql.Linq\src\Query\Dsl\KsqlQueryModel.cs(11,14): error RS0016: Symbol 'KsqlQueryModel' is not part of the declared public API (https://github.com/dotnet/roslyn-analyzers/blob/main/src/PublicApiAnalyzers/PublicApiAnalyzers.Help.md) [C:\dev\0.9.0\Ksql.Linq\src\Ksql.Linq.csproj]
C:\dev\0.9.0\Ksql.Linq\src\Query\Dsl\KsqlQueryModel.cs(11,14): error RS0016: Symbol 'implicit constructor for 'KsqlQueryModel'' is not part of the declared public API (https://github.com/dotnet/roslyn-analyzers/blob/main/src/PublicApiAnalyzers/PublicApiAnalyzers.Help.md) [C:\dev\0.9.0\Ksql.Linq\src\Ksql.Linq.csproj]
C:\dev\0.9.0\Ksql.Linq\src\Query\Builders\Schema\KsqlColumn.cs(3,15): error RS0016: Symbol 'KsqlColumn' is not part of the declared public API (https://github.com/dotnet/roslyn-analyzers/blob/main/src/PublicApiAnalyzers/PublicApiAnalyzers.Help.md) [C:\dev\0.9.0\Ksql.Linq\src\Ksql.Linq.csproj]
C:\dev\0.9.0\Ksql.Linq\src\Query\Builders\Schema\KsqlColumn.cs(3,33): error RS0016: Symbol 'implicit get-accessor for 'Name'' is not part of the declared public API (https://github.com/dotnet/roslyn-analyzers/blob/main/src/PublicApiAnalyzers/PublicApiAnalyzers.Help.md) [C:\dev\0.9.0\Ksql.Linq\src\Ksql.Linq.csproj]
C:\dev\0.9.0\Ksql.Linq\src\Query\Builders\Schema\KsqlColumn.cs(3,46): error RS0016: Symbol 'implicit get-accessor for 'KsqlType'' is not part of the declared public API (https://github.com/dotnet/roslyn-analyzers/blob/main/src/PublicApiAnalyzers/PublicApiAnalyzers.Help.md) [C:\dev\0.9.0\Ksql.Linq\src\Ksql.Linq.csproj]
C:\dev\0.9.0\Ksql.Linq\src\Query\Builders\Schema\KsqlColumn.cs(3,33): error RS0016: Symbol 'implicit set-accessor for 'Name'' is not part of the declared public API (https://github.com/dotnet/roslyn-analyzers/blob/main/src/PublicApiAnalyzers/PublicApiAnalyzers.Help.md) [C:\dev\0.9.0\Ksql.Linq\src\Ksql.Linq.csproj]
C:\dev\0.9.0\Ksql.Linq\src\Query\Builders\Schema\KsqlColumn.cs(3,46): error RS0016: Symbol 'implicit set-accessor for 'KsqlType'' is not part of the declared public API (https://github.com/dotnet/roslyn-analyzers/blob/main/src/PublicApiAnalyzers/PublicApiAnalyzers.Help.md) [C:\dev\0.9.0\Ksql.Linq\src\Ksql.Linq.csproj]
C:\dev\0.9.0\Ksql.Linq\src\Query\Builders\Schema\KsqlColumn.cs(3,61): error RS0016: Symbol 'implicit get-accessor for 'IsKey'' is not part of the declared public API (https://github.com/dotnet/roslyn-analyzers/blob/main/src/PublicApiAnalyzers/PublicApiAnalyzers.Help.md) [C:\dev\0.9.0\Ksql.Linq\src\Ksql.Linq.csproj]
C:\dev\0.9.0\Ksql.Linq\src\Messaging\DlqEnvelopeFactory.cs(9,21): error RS0016: Symbol 'DlqEnvelopeFactory' is not part of the declared public API (https://github.com/dotnet/roslyn-analyzers/blob/main/src/PublicApiAnalyzers/PublicApiAnalyzers.Help.md) [C:\dev\0.9.0\Ksql.Linq\src\Ksql.Linq.csproj]
C:\dev\0.9.0\Ksql.Linq\src\Query\Builders\Schema\KsqlColumn.cs(3,61): error RS0016: Symbol 'implicit set-accessor for 'IsKey'' is not part of the declared public API (https://github.com/dotnet/roslyn-analyzers/blob/main/src/PublicApiAnalyzers/PublicApiAnalyzers.Help.md) [C:\dev\0.9.0\Ksql.Linq\src\Ksql.Linq.csproj]
C:\dev\0.9.0\Ksql.Linq\src\Query\Dsl\KsqlQueryRoot.cs(9,14): error RS0016: Symbol 'KsqlQueryRoot' is not part of the declared public API (https://github.com/dotnet/roslyn-analyzers/blob/main/src/PublicApiAnalyzers/PublicApiAnalyzers.Help.md) [C:\dev\0.9.0\Ksql.Linq\src\Ksql.Linq.csproj]
C:\dev\0.9.0\Ksql.Linq\src\Query\Dsl\KsqlQueryRoot.cs(9,14): error RS0016: Symbol 'implicit constructor for 'KsqlQueryRoot'' is not part of the declared public API (https://github.com/dotnet/roslyn-analyzers/blob/main/src/PublicApiAnalyzers/PublicApiAnalyzers.Help.md) [C:\dev\0.9.0\Ksql.Linq\src\Ksql.Linq.csproj]
C:\dev\0.9.0\Ksql.Linq\src\Query\Builders\Schema\KsqlSchemaBuilder.cs(14,21): error RS0016: Symbol 'KsqlSchemaBuilder' is not part of the declared public API (https://github.com/dotnet/roslyn-analyzers/blob/main/src/PublicApiAnalyzers/PublicApiAnalyzers.Help.md) [C:\dev\0.9.0\Ksql.Linq\src\Ksql.Linq.csproj]
C:\dev\0.9.0\Ksql.Linq\src\Query\Dsl\ProjectionMetadata.cs(8,37): error RS0016: Symbol 'implicit get-accessor for 'Members'' is not part of the declared public API (https://github.com/dotnet/roslyn-analyzers/blob/main/src/PublicApiAnalyzers/PublicApiAnalyzers.Help.md) [C:\dev\0.9.0\Ksql.Linq\src\Ksql.Linq.csproj]
C:\dev\0.9.0\Ksql.Linq\src\Query\Dsl\ProjectionMetadata.cs(9,10): error RS0016: Symbol 'implicit get-accessor for 'IsHubInput'' is not part of the declared public API (https://github.com/dotnet/roslyn-analyzers/blob/main/src/PublicApiAnalyzers/PublicApiAnalyzers.Help.md) [C:\dev\0.9.0\Ksql.Linq\src\Ksql.Linq.csproj]
C:\dev\0.9.0\Ksql.Linq\src\Query\Dsl\ProjectionMetadata.cs(7,22): error RS0016: Symbol 'ProjectionMetadata' is not part of the declared public API (https://github.com/dotnet/roslyn-analyzers/blob/main/src/PublicApiAnalyzers/PublicApiAnalyzers.Help.md) [C:\dev\0.9.0\Ksql.Linq\src\Ksql.Linq.csproj]
C:\dev\0.9.0\Ksql.Linq\src\Query\Dsl\ProjectionMetadata.cs(8,37): error RS0016: Symbol 'implicit set-accessor for 'Members'' is not part of the declared public API (https://github.com/dotnet/roslyn-analyzers/blob/main/src/PublicApiAnalyzers/PublicApiAnalyzers.Help.md) [C:\dev\0.9.0\Ksql.Linq\src\Ksql.Linq.csproj]
C:\dev\0.9.0\Ksql.Linq\src\Query\Dsl\ProjectionMetadata.cs(9,10): error RS0016: Symbol 'implicit set-accessor for 'IsHubInput'' is not part of the declared public API (https://github.com/dotnet/roslyn-analyzers/blob/main/src/PublicApiAnalyzers/PublicApiAnalyzers.Help.md) [C:\dev\0.9.0\Ksql.Linq\src\Ksql.Linq.csproj]
C:\dev\0.9.0\Ksql.Linq\src\Query\Dsl\ProjectionMetadata.cs(26,5): error RS0016: Symbol 'Value' is not part of the declared public API (https://github.com/dotnet/roslyn-analyzers/blob/main/src/PublicApiAnalyzers/PublicApiAnalyzers.Help.md) [C:\dev\0.9.0\Ksql.Linq\src\Ksql.Linq.csproj]
C:\dev\0.9.0\Ksql.Linq\src\Query\Dsl\ProjectionMetadata.cs(24,5): error RS0016: Symbol 'Aggregate' is not part of the declared public API (https://github.com/dotnet/roslyn-analyzers/blob/main/src/PublicApiAnalyzers/PublicApiAnalyzers.Help.md) [C:\dev\0.9.0\Ksql.Linq\src\Ksql.Linq.csproj]
C:\dev\0.9.0\Ksql.Linq\src\Query\Dsl\ProjectionMetadata.cs(25,5): error RS0016: Symbol 'Key' is not part of the declared public API (https://github.com/dotnet/roslyn-analyzers/blob/main/src/PublicApiAnalyzers/PublicApiAnalyzers.Help.md) [C:\dev\0.9.0\Ksql.Linq\src\Ksql.Linq.csproj]
C:\dev\0.9.0\Ksql.Linq\src\Query\Dsl\ProjectionMetadata.cs(22,13): error RS0016: Symbol 'ProjectionMemberKind' is not part of the declared public API (https://github.com/dotnet/roslyn-analyzers/blob/main/src/PublicApiAnalyzers/PublicApiAnalyzers.Help.md) [C:\dev\0.9.0\Ksql.Linq\src\Ksql.Linq.csproj]
C:\dev\0.9.0\Ksql.Linq\src\Query\Dsl\ProjectionMetadata.cs(27,5): error RS0016: Symbol 'Computed' is not part of the declared public API (https://github.com/dotnet/roslyn-analyzers/blob/main/src/PublicApiAnalyzers/PublicApiAnalyzers.Help.md) [C:\dev\0.9.0\Ksql.Linq\src\Ksql.Linq.csproj]
C:\dev\0.9.0\Ksql.Linq\src\Messaging\Internal\ErrorHandlingContext.cs(7,14): error RS0016: Symbol 'ErrorHandlingContext' is not part of the declared public API (https://github.com/dotnet/roslyn-analyzers/blob/main/src/PublicApiAnalyzers/PublicApiAnalyzers.Help.md) [C:\dev\0.9.0\Ksql.Linq\src\Ksql.Linq.csproj]
C:\dev\0.9.0\Ksql.Linq\src\Messaging\Internal\ErrorHandlingContext.cs(7,14): error RS0016: Symbol 'implicit constructor for 'ErrorHandlingContext'' is not part of the declared public API (https://github.com/dotnet/roslyn-analyzers/blob/main/src/PublicApiAnalyzers/PublicApiAnalyzers.Help.md) [C:\dev\0.9.0\Ksql.Linq\src\Ksql.Linq.csproj]
C:\dev\0.9.0\Ksql.Linq\src\Query\Dsl\ProjectionMetadata.cs(12,12): error RS0016: Symbol 'implicit get-accessor for 'Alias'' is not part of the declared public API (https://github.com/dotnet/roslyn-analyzers/blob/main/src/PublicApiAnalyzers/PublicApiAnalyzers.Help.md) [C:\dev\0.9.0\Ksql.Linq\src\Ksql.Linq.csproj]
C:\dev\0.9.0\Ksql.Linq\src\Query\Dsl\ProjectionMetadata.cs(11,22): error RS0016: Symbol 'ProjectionMember' is not part of the declared public API (https://github.com/dotnet/roslyn-analyzers/blob/main/src/PublicApiAnalyzers/PublicApiAnalyzers.Help.md) [C:\dev\0.9.0\Ksql.Linq\src\Ksql.Linq.csproj]
C:\dev\0.9.0\Ksql.Linq\src\Query\Dsl\ProjectionMetadata.cs(12,12): error RS0016: Symbol 'implicit set-accessor for 'Alias'' is not part of the declared public API (https://github.com/dotnet/roslyn-analyzers/blob/main/src/PublicApiAnalyzers/PublicApiAnalyzers.Help.md) [C:\dev\0.9.0\Ksql.Linq\src\Ksql.Linq.csproj]
C:\dev\0.9.0\Ksql.Linq\src\Query\Dsl\ProjectionMetadata.cs(13,16): error RS0016: Symbol 'implicit get-accessor for 'Expression'' is not part of the declared public API (https://github.com/dotnet/roslyn-analyzers/blob/main/src/PublicApiAnalyzers/PublicApiAnalyzers.Help.md) [C:\dev\0.9.0\Ksql.Linq\src\Ksql.Linq.csproj]
C:\dev\0.9.0\Ksql.Linq\src\Query\Dsl\ProjectionMetadata.cs(13,16): error RS0016: Symbol 'implicit set-accessor for 'Expression'' is not part of the declared public API (https://github.com/dotnet/roslyn-analyzers/blob/main/src/PublicApiAnalyzers/PublicApiAnalyzers.Help.md) [C:\dev\0.9.0\Ksql.Linq\src\Ksql.Linq.csproj]
C:\dev\0.9.0\Ksql.Linq\src\Query\Dsl\ProjectionMetadata.cs(14,12): error RS0016: Symbol 'implicit get-accessor for 'ExpressionText'' is not part of the declared public API (https://github.com/dotnet/roslyn-analyzers/blob/main/src/PublicApiAnalyzers/PublicApiAnalyzers.Help.md) [C:\dev\0.9.0\Ksql.Linq\src\Ksql.Linq.csproj]
C:\dev\0.9.0\Ksql.Linq\src\Query\Dsl\ProjectionMetadata.cs(14,12): error RS0016: Symbol 'implicit set-accessor for 'ExpressionText'' is not part of the declared public API (https://github.com/dotnet/roslyn-analyzers/blob/main/src/PublicApiAnalyzers/PublicApiAnalyzers.Help.md) [C:\dev\0.9.0\Ksql.Linq\src\Ksql.Linq.csproj]
C:\dev\0.9.0\Ksql.Linq\src\Query\Dsl\ProjectionMetadata.cs(15,26): error RS0016: Symbol 'implicit get-accessor for 'Kind'' is not part of the declared public API (https://github.com/dotnet/roslyn-analyzers/blob/main/src/PublicApiAnalyzers/PublicApiAnalyzers.Help.md) [C:\dev\0.9.0\Ksql.Linq\src\Ksql.Linq.csproj]
C:\dev\0.9.0\Ksql.Linq\src\Query\Dsl\ProjectionMetadata.cs(15,26): error RS0016: Symbol 'implicit set-accessor for 'Kind'' is not part of the declared public API (https://github.com/dotnet/roslyn-analyzers/blob/main/src/PublicApiAnalyzers/PublicApiAnalyzers.Help.md) [C:\dev\0.9.0\Ksql.Linq\src\Ksql.Linq.csproj]
C:\dev\0.9.0\Ksql.Linq\src\Query\Dsl\ProjectionMetadata.cs(16,13): error RS0016: Symbol 'implicit get-accessor for 'ResolvedColumnName'' is not part of the declared public API (https://github.com/dotnet/roslyn-analyzers/blob/main/src/PublicApiAnalyzers/PublicApiAnalyzers.Help.md) [C:\dev\0.9.0\Ksql.Linq\src\Ksql.Linq.csproj]
C:\dev\0.9.0\Ksql.Linq\src\Query\Dsl\ProjectionMetadata.cs(16,13): error RS0016: Symbol 'implicit set-accessor for 'ResolvedColumnName'' is not part of the declared public API (https://github.com/dotnet/roslyn-analyzers/blob/main/src/PublicApiAnalyzers/PublicApiAnalyzers.Help.md) [C:\dev\0.9.0\Ksql.Linq\src\Ksql.Linq.csproj]
C:\dev\0.9.0\Ksql.Linq\src\Query\Dsl\ProjectionMetadata.cs(17,13): error RS0016: Symbol 'implicit get-accessor for 'AggregateFunctionName'' is not part of the declared public API (https://github.com/dotnet/roslyn-analyzers/blob/main/src/PublicApiAnalyzers/PublicApiAnalyzers.Help.md) [C:\dev\0.9.0\Ksql.Linq\src\Ksql.Linq.csproj]
C:\dev\0.9.0\Ksql.Linq\src\Query\Dsl\ProjectionMetadata.cs(18,13): error RS0016: Symbol 'implicit get-accessor for 'SourceMemberPath'' is not part of the declared public API (https://github.com/dotnet/roslyn-analyzers/blob/main/src/PublicApiAnalyzers/PublicApiAnalyzers.Help.md) [C:\dev\0.9.0\Ksql.Linq\src\Ksql.Linq.csproj]
C:\dev\0.9.0\Ksql.Linq\src\Query\Dsl\ProjectionMetadata.cs(17,13): error RS0016: Symbol 'implicit set-accessor for 'AggregateFunctionName'' is not part of the declared public API (https://github.com/dotnet/roslyn-analyzers/blob/main/src/PublicApiAnalyzers/PublicApiAnalyzers.Help.md) [C:\dev\0.9.0\Ksql.Linq\src\Ksql.Linq.csproj]
C:\dev\0.9.0\Ksql.Linq\src\Query\Dsl\ProjectionMetadata.cs(18,13): error RS0016: Symbol 'implicit set-accessor for 'SourceMemberPath'' is not part of the declared public API (https://github.com/dotnet/roslyn-analyzers/blob/main/src/PublicApiAnalyzers/PublicApiAnalyzers.Help.md) [C:\dev\0.9.0\Ksql.Linq\src\Ksql.Linq.csproj]
C:\dev\0.9.0\Ksql.Linq\src\Query\Dsl\ProjectionMetadata.cs(19,10): error RS0016: Symbol 'implicit get-accessor for 'ResultType'' is not part of the declared public API (https://github.com/dotnet/roslyn-analyzers/blob/main/src/PublicApiAnalyzers/PublicApiAnalyzers.Help.md) [C:\dev\0.9.0\Ksql.Linq\src\Ksql.Linq.csproj]
C:\dev\0.9.0\Ksql.Linq\src\Query\Dsl\ProjectionMetadata.cs(19,10): error RS0016: Symbol 'implicit set-accessor for 'ResultType'' is not part of the declared public API (https://github.com/dotnet/roslyn-analyzers/blob/main/src/PublicApiAnalyzers/PublicApiAnalyzers.Help.md) [C:\dev\0.9.0\Ksql.Linq\src\Ksql.Linq.csproj]
C:\dev\0.9.0\Ksql.Linq\src\Messaging\Internal\ErrorHandlingContext.cs(34,65): error RS0016: Symbol 'ErrorOccurred' is not part of the declared public API (https://github.com/dotnet/roslyn-analyzers/blob/main/src/PublicApiAnalyzers/PublicApiAnalyzers.Help.md) [C:\dev\0.9.0\Ksql.Linq\src\Ksql.Linq.csproj]
C:\dev\0.9.0\Ksql.Linq\src\Query\Dsl\ProjectionMetadata.cs(20,10): error RS0016: Symbol 'implicit get-accessor for 'IsNullable'' is not part of the declared public API (https://github.com/dotnet/roslyn-analyzers/blob/main/src/PublicApiAnalyzers/PublicApiAnalyzers.Help.md) [C:\dev\0.9.0\Ksql.Linq\src\Ksql.Linq.csproj]
C:\dev\0.9.0\Ksql.Linq\src\Query\Linq\JoinableEntitySet.cs(14,14): error RS0016: Symbol 'JoinableEntitySet<T>' is not part of the declared public API (https://github.com/dotnet/roslyn-analyzers/blob/main/src/PublicApiAnalyzers/PublicApiAnalyzers.Help.md) [C:\dev\0.9.0\Ksql.Linq\src\Ksql.Linq.csproj]
C:\dev\0.9.0\Ksql.Linq\src\Query\Dsl\ProjectionMetadata.cs(20,10): error RS0016: Symbol 'implicit set-accessor for 'IsNullable'' is not part of the declared public API (https://github.com/dotnet/roslyn-analyzers/blob/main/src/PublicApiAnalyzers/PublicApiAnalyzers.Help.md) [C:\dev\0.9.0\Ksql.Linq\src\Ksql.Linq.csproj]
C:\dev\0.9.0\Ksql.Linq\src\Query\Dsl\Windows.cs(3,14): error RS0016: Symbol 'Windows' is not part of the declared public API (https://github.com/dotnet/roslyn-analyzers/blob/main/src/PublicApiAnalyzers/PublicApiAnalyzers.Help.md) [C:\dev\0.9.0\Ksql.Linq\src\Ksql.Linq.csproj]
C:\dev\0.9.0\Ksql.Linq\src\Messaging\MessageMeta.cs(6,31): error RS0016: Symbol 'MessageMeta' is not part of the declared public API (https://github.com/dotnet/roslyn-analyzers/blob/main/src/PublicApiAnalyzers/PublicApiAnalyzers.Help.md) [C:\dev\0.9.0\Ksql.Linq\src\Ksql.Linq.csproj]
C:\dev\0.9.0\Ksql.Linq\src\Messaging\MessageMeta.cs(7,12): error RS0016: Symbol 'implicit get-accessor for 'Topic'' is not part of the declared public API (https://github.com/dotnet/roslyn-analyzers/blob/main/src/PublicApiAnalyzers/PublicApiAnalyzers.Help.md) [C:\dev\0.9.0\Ksql.Linq\src\Ksql.Linq.csproj]
C:\dev\0.9.0\Ksql.Linq\src\Query\Dsl\Windows.cs(3,14): error RS0016: Symbol 'implicit constructor for 'Windows'' is not part of the declared public API (https://github.com/dotnet/roslyn-analyzers/blob/main/src/PublicApiAnalyzers/PublicApiAnalyzers.Help.md) [C:\dev\0.9.0\Ksql.Linq\src\Ksql.Linq.csproj]
C:\dev\0.9.0\Ksql.Linq\src\Messaging\MessageMeta.cs(8,9): error RS0016: Symbol 'implicit get-accessor for 'Partition'' is not part of the declared public API (https://github.com/dotnet/roslyn-analyzers/blob/main/src/PublicApiAnalyzers/PublicApiAnalyzers.Help.md) [C:\dev\0.9.0\Ksql.Linq\src\Ksql.Linq.csproj]
C:\dev\0.9.0\Ksql.Linq\src\Messaging\MessageMeta.cs(6,31): error RS0016: Symbol 'implicit constructor for 'MessageMeta'' is not part of the declared public API (https://github.com/dotnet/roslyn-analyzers/blob/main/src/PublicApiAnalyzers/PublicApiAnalyzers.Help.md) [C:\dev\0.9.0\Ksql.Linq\src\Ksql.Linq.csproj]
C:\dev\0.9.0\Ksql.Linq\src\Messaging\MessageMeta.cs(7,12): error RS0016: Symbol 'implicit set-accessor for 'Topic'' is not part of the declared public API (https://github.com/dotnet/roslyn-analyzers/blob/main/src/PublicApiAnalyzers/PublicApiAnalyzers.Help.md) [C:\dev\0.9.0\Ksql.Linq\src\Ksql.Linq.csproj]
C:\dev\0.9.0\Ksql.Linq\src\Messaging\MessageMeta.cs(8,9): error RS0016: Symbol 'implicit set-accessor for 'Partition'' is not part of the declared public API (https://github.com/dotnet/roslyn-analyzers/blob/main/src/PublicApiAnalyzers/PublicApiAnalyzers.Help.md) [C:\dev\0.9.0\Ksql.Linq\src\Ksql.Linq.csproj]
C:\dev\0.9.0\Ksql.Linq\src\Messaging\MessageMeta.cs(9,10): error RS0016: Symbol 'implicit get-accessor for 'Offset'' is not part of the declared public API (https://github.com/dotnet/roslyn-analyzers/blob/main/src/PublicApiAnalyzers/PublicApiAnalyzers.Help.md) [C:\dev\0.9.0\Ksql.Linq\src\Ksql.Linq.csproj]
C:\dev\0.9.0\Ksql.Linq\src\Messaging\MessageMeta.cs(10,27): error RS0016: Symbol 'implicit get-accessor for 'TimestampUtc'' is not part of the declared public API (https://github.com/dotnet/roslyn-analyzers/blob/main/src/PublicApiAnalyzers/PublicApiAnalyzers.Help.md) [C:\dev\0.9.0\Ksql.Linq\src\Ksql.Linq.csproj]
C:\dev\0.9.0\Ksql.Linq\src\Messaging\MessageMeta.cs(11,10): error RS0016: Symbol 'implicit get-accessor for 'SchemaIdKey'' is not part of the declared public API (https://github.com/dotnet/roslyn-analyzers/blob/main/src/PublicApiAnalyzers/PublicApiAnalyzers.Help.md) [C:\dev\0.9.0\Ksql.Linq\src\Ksql.Linq.csproj]
C:\dev\0.9.0\Ksql.Linq\src\Messaging\MessageMeta.cs(9,10): error RS0016: Symbol 'implicit set-accessor for 'Offset'' is not part of the declared public API (https://github.com/dotnet/roslyn-analyzers/blob/main/src/PublicApiAnalyzers/PublicApiAnalyzers.Help.md) [C:\dev\0.9.0\Ksql.Linq\src\Ksql.Linq.csproj]
C:\dev\0.9.0\Ksql.Linq\src\Messaging\MessageMeta.cs(14,68): error RS0016: Symbol 'implicit get-accessor for 'HeaderAllowList'' is not part of the declared public API (https://github.com/dotnet/roslyn-analyzers/blob/main/src/PublicApiAnalyzers/PublicApiAnalyzers.Help.md) [C:\dev\0.9.0\Ksql.Linq\src\Ksql.Linq.csproj]
C:\dev\0.9.0\Ksql.Linq\src\Messaging\MessageMeta.cs(12,10): error RS0016: Symbol 'implicit get-accessor for 'SchemaIdValue'' is not part of the declared public API (https://github.com/dotnet/roslyn-analyzers/blob/main/src/PublicApiAnalyzers/PublicApiAnalyzers.Help.md) [C:\dev\0.9.0\Ksql.Linq\src\Ksql.Linq.csproj]
C:\dev\0.9.0\Ksql.Linq\src\Messaging\MessageMeta.cs(10,27): error RS0016: Symbol 'implicit set-accessor for 'TimestampUtc'' is not part of the declared public API (https://github.com/dotnet/roslyn-analyzers/blob/main/src/PublicApiAnalyzers/PublicApiAnalyzers.Help.md) [C:\dev\0.9.0\Ksql.Linq\src\Ksql.Linq.csproj]
C:\dev\0.9.0\Ksql.Linq\src\Messaging\MessageMeta.cs(13,10): error RS0016: Symbol 'implicit get-accessor for 'KeyIsNull'' is not part of the declared public API (https://github.com/dotnet/roslyn-analyzers/blob/main/src/PublicApiAnalyzers/PublicApiAnalyzers.Help.md) [C:\dev\0.9.0\Ksql.Linq\src\Ksql.Linq.csproj]
C:\dev\0.9.0\Ksql.Linq\src\Messaging\MessageMeta.cs(11,10): error RS0016: Symbol 'implicit set-accessor for 'SchemaIdKey'' is not part of the declared public API (https://github.com/dotnet/roslyn-analyzers/blob/main/src/PublicApiAnalyzers/PublicApiAnalyzers.Help.md) [C:\dev\0.9.0\Ksql.Linq\src\Ksql.Linq.csproj]
C:\dev\0.9.0\Ksql.Linq\src\Messaging\MessageMeta.cs(12,10): error RS0016: Symbol 'implicit set-accessor for 'SchemaIdValue'' is not part of the declared public API (https://github.com/dotnet/roslyn-analyzers/blob/main/src/PublicApiAnalyzers/PublicApiAnalyzers.Help.md) [C:\dev\0.9.0\Ksql.Linq\src\Ksql.Linq.csproj]
C:\dev\0.9.0\Ksql.Linq\src\Messaging\MessageMeta.cs(14,68): error RS0016: Symbol 'implicit set-accessor for 'HeaderAllowList'' is not part of the declared public API (https://github.com/dotnet/roslyn-analyzers/blob/main/src/PublicApiAnalyzers/PublicApiAnalyzers.Help.md) [C:\dev\0.9.0\Ksql.Linq\src\Ksql.Linq.csproj]
C:\dev\0.9.0\Ksql.Linq\src\Messaging\MessageMeta.cs(13,10): error RS0016: Symbol 'implicit set-accessor for 'KeyIsNull'' is not part of the declared public API (https://github.com/dotnet/roslyn-analyzers/blob/main/src/PublicApiAnalyzers/PublicApiAnalyzers.Help.md) [C:\dev\0.9.0\Ksql.Linq\src\Ksql.Linq.csproj]
C:\dev\0.9.0\Ksql.Linq\src\Messaging\Producers\IDlqProducer.cs(6,18): error RS0016: Symbol 'IDlqProducer' is not part of the declared public API (https://github.com/dotnet/roslyn-analyzers/blob/main/src/PublicApiAnalyzers/PublicApiAnalyzers.Help.md) [C:\dev\0.9.0\Ksql.Linq\src\Ksql.Linq.csproj]
C:\dev\0.9.0\Ksql.Linq\src\Query\Pipeline\IDMLQueryGenerator.cs(5,18): error RS0016: Symbol 'IDMLQueryGenerator' is not part of the declared public API (https://github.com/dotnet/roslyn-analyzers/blob/main/src/PublicApiAnalyzers/PublicApiAnalyzers.Help.md) [C:\dev\0.9.0\Ksql.Linq\src\Ksql.Linq.csproj]
C:\dev\0.9.0\Ksql.Linq\src\Query\Pipeline\QueryExecutionMode.cs(11,5): error RS0016: Symbol 'Unspecified' is not part of the declared public API (https://github.com/dotnet/roslyn-analyzers/blob/main/src/PublicApiAnalyzers/PublicApiAnalyzers.Help.md) [C:\dev\0.9.0\Ksql.Linq\src\Ksql.Linq.csproj]
C:\dev\0.9.0\Ksql.Linq\src\Query\Pipeline\QueryExecutionMode.cs(15,5): error RS0016: Symbol 'PullQuery' is not part of the declared public API (https://github.com/dotnet/roslyn-analyzers/blob/main/src/PublicApiAnalyzers/PublicApiAnalyzers.Help.md) [C:\dev\0.9.0\Ksql.Linq\src\Ksql.Linq.csproj]
C:\dev\0.9.0\Ksql.Linq\src\Query\Pipeline\QueryExecutionMode.cs(20,5): error RS0016: Symbol 'PushQuery' is not part of the declared public API (https://github.com/dotnet/roslyn-analyzers/blob/main/src/PublicApiAnalyzers/PublicApiAnalyzers.Help.md) [C:\dev\0.9.0\Ksql.Linq\src\Ksql.Linq.csproj]
C:\dev\0.9.0\Ksql.Linq\src\Query\Pipeline\QueryExecutionMode.cs(6,13): error RS0016: Symbol 'QueryExecutionMode' is not part of the declared public API (https://github.com/dotnet/roslyn-analyzers/blob/main/src/PublicApiAnalyzers/PublicApiAnalyzers.Help.md) [C:\dev\0.9.0\Ksql.Linq\src\Ksql.Linq.csproj]
C:\dev\0.9.0\Ksql.Linq\src\Configuration\KsqlDslOptions.cs(87,19): error RS0016: Symbol 'DecimalSetting' is not part of the declared public API (https://github.com/dotnet/roslyn-analyzers/blob/main/src/PublicApiAnalyzers/PublicApiAnalyzers.Help.md) [C:\dev\0.9.0\Ksql.Linq\src\Ksql.Linq.csproj]
C:\dev\0.9.0\Ksql.Linq\src\Configuration\Abstractions\KafkaSubscriptionOptions.cs(9,30): error RS0016: Symbol 'GroupId.get' is not part of the declared public API (https://github.com/dotnet/roslyn-analyzers/blob/main/src/PublicApiAnalyzers/PublicApiAnalyzers.Help.md) [C:\dev\0.9.0\Ksql.Linq\src\Ksql.Linq.csproj]
C:\dev\0.9.0\Ksql.Linq\src\Configuration\CommonSection.cs(12,38): error RS0016: Symbol 'BootstrapServers.get' is not part of the declared public API (https://github.com/dotnet/roslyn-analyzers/blob/main/src/PublicApiAnalyzers/PublicApiAnalyzers.Help.md) [C:\dev\0.9.0\Ksql.Linq\src\Ksql.Linq.csproj]
C:\dev\0.9.0\Ksql.Linq\src\Configuration\Abstractions\KafkaSubscriptionOptions.cs(9,35): error RS0016: Symbol 'GroupId.set' is not part of the declared public API (https://github.com/dotnet/roslyn-analyzers/blob/main/src/PublicApiAnalyzers/PublicApiAnalyzers.Help.md) [C:\dev\0.9.0\Ksql.Linq\src\Ksql.Linq.csproj]
C:\dev\0.9.0\Ksql.Linq\src\Configuration\CommonSection.cs(18,30): error RS0016: Symbol 'ClientId.get' is not part of the declared public API (https://github.com/dotnet/roslyn-analyzers/blob/main/src/PublicApiAnalyzers/PublicApiAnalyzers.Help.md) [C:\dev\0.9.0\Ksql.Linq\src\Ksql.Linq.csproj]
C:\dev\0.9.0\Ksql.Linq\src\Configuration\CommonSection.cs(12,43): error RS0016: Symbol 'BootstrapServers.init' is not part of the declared public API (https://github.com/dotnet/roslyn-analyzers/blob/main/src/PublicApiAnalyzers/PublicApiAnalyzers.Help.md) [C:\dev\0.9.0\Ksql.Linq\src\Ksql.Linq.csproj]
C:\dev\0.9.0\Ksql.Linq\src\Configuration\Abstractions\KafkaSubscriptionOptions.cs(14,31): error RS0016: Symbol 'AutoCommit.get' is not part of the declared public API (https://github.com/dotnet/roslyn-analyzers/blob/main/src/PublicApiAnalyzers/PublicApiAnalyzers.Help.md) [C:\dev\0.9.0\Ksql.Linq\src\Ksql.Linq.csproj]
C:\dev\0.9.0\Ksql.Linq\src\Configuration\CommonSection.cs(18,35): error RS0016: Symbol 'ClientId.init' is not part of the declared public API (https://github.com/dotnet/roslyn-analyzers/blob/main/src/PublicApiAnalyzers/PublicApiAnalyzers.Help.md) [C:\dev\0.9.0\Ksql.Linq\src\Ksql.Linq.csproj]
C:\dev\0.9.0\Ksql.Linq\src\Configuration\CommonSection.cs(24,35): error RS0016: Symbol 'ApplicationId.get' is not part of the declared public API (https://github.com/dotnet/roslyn-analyzers/blob/main/src/PublicApiAnalyzers/PublicApiAnalyzers.Help.md) [C:\dev\0.9.0\Ksql.Linq\src\Ksql.Linq.csproj]
C:\dev\0.9.0\Ksql.Linq\src\Configuration\Abstractions\KafkaSubscriptionOptions.cs(14,36): error RS0016: Symbol 'AutoCommit.set' is not part of the declared public API (https://github.com/dotnet/roslyn-analyzers/blob/main/src/PublicApiAnalyzers/PublicApiAnalyzers.Help.md) [C:\dev\0.9.0\Ksql.Linq\src\Ksql.Linq.csproj]
C:\dev\0.9.0\Ksql.Linq\src\Configuration\CommonSection.cs(30,35): error RS0016: Symbol 'RequestTimeoutMs.get' is not part of the declared public API (https://github.com/dotnet/roslyn-analyzers/blob/main/src/PublicApiAnalyzers/PublicApiAnalyzers.Help.md) [C:\dev\0.9.0\Ksql.Linq\src\Ksql.Linq.csproj]
C:\dev\0.9.0\Ksql.Linq\src\Configuration\Abstractions\KafkaSubscriptionOptions.cs(19,47): error RS0016: Symbol 'AutoOffsetReset.get' is not part of the declared public API (https://github.com/dotnet/roslyn-analyzers/blob/main/src/PublicApiAnalyzers/PublicApiAnalyzers.Help.md) [C:\dev\0.9.0\Ksql.Linq\src\Ksql.Linq.csproj]
C:\dev\0.9.0\Ksql.Linq\src\Configuration\CommonSection.cs(24,40): error RS0016: Symbol 'ApplicationId.init' is not part of the declared public API (https://github.com/dotnet/roslyn-analyzers/blob/main/src/PublicApiAnalyzers/PublicApiAnalyzers.Help.md) [C:\dev\0.9.0\Ksql.Linq\src\Ksql.Linq.csproj]
C:\dev\0.9.0\Ksql.Linq\src\Configuration\WindowConfigurationProvider.cs(14,12): error RS0016: Symbol 'WindowConfigurationProvider' is not part of the declared public API (https://github.com/dotnet/roslyn-analyzers/blob/main/src/PublicApiAnalyzers/PublicApiAnalyzers.Help.md) [C:\dev\0.9.0\Ksql.Linq\src\Ksql.Linq.csproj]
C:\dev\0.9.0\Ksql.Linq\src\Application\KsqlContextOptionsExtensions.cs(7,38): error RS0016: Symbol 'UseSchemaRegistry' is not part of the declared public API (https://github.com/dotnet/roslyn-analyzers/blob/main/src/PublicApiAnalyzers/PublicApiAnalyzers.Help.md) [C:\dev\0.9.0\Ksql.Linq\src\Ksql.Linq.csproj]
C:\dev\0.9.0\Ksql.Linq\src\Configuration\Abstractions\KafkaSubscriptionOptions.cs(19,52): error RS0016: Symbol 'AutoOffsetReset.set' is not part of the declared public API (https://github.com/dotnet/roslyn-analyzers/blob/main/src/PublicApiAnalyzers/PublicApiAnalyzers.Help.md) [C:\dev\0.9.0\Ksql.Linq\src\Ksql.Linq.csproj]
C:\dev\0.9.0\Ksql.Linq\src\Configuration\CommonSection.cs(30,40): error RS0016: Symbol 'RequestTimeoutMs.init' is not part of the declared public API (https://github.com/dotnet/roslyn-analyzers/blob/main/src/PublicApiAnalyzers/PublicApiAnalyzers.Help.md) [C:\dev\0.9.0\Ksql.Linq\src\Ksql.Linq.csproj]
C:\dev\0.9.0\Ksql.Linq\src\Configuration\CommonSection.cs(36,35): error RS0016: Symbol 'MetadataMaxAgeMs.get' is not part of the declared public API (https://github.com/dotnet/roslyn-analyzers/blob/main/src/PublicApiAnalyzers/PublicApiAnalyzers.Help.md) [C:\dev\0.9.0\Ksql.Linq\src\Ksql.Linq.csproj]
C:\dev\0.9.0\Ksql.Linq\src\Configuration\Abstractions\KafkaSubscriptionOptions.cs(24,38): error RS0016: Symbol 'EnablePartitionEof.get' is not part of the declared public API (https://github.com/dotnet/roslyn-analyzers/blob/main/src/PublicApiAnalyzers/PublicApiAnalyzers.Help.md) [C:\dev\0.9.0\Ksql.Linq\src\Ksql.Linq.csproj]
C:\dev\0.9.0\Ksql.Linq\src\Configuration\Abstractions\KafkaSubscriptionOptions.cs(24,43): error RS0016: Symbol 'EnablePartitionEof.set' is not part of the declared public API (https://github.com/dotnet/roslyn-analyzers/blob/main/src/PublicApiAnalyzers/PublicApiAnalyzers.Help.md) [C:\dev\0.9.0\Ksql.Linq\src\Ksql.Linq.csproj]
C:\dev\0.9.0\Ksql.Linq\src\Configuration\CommonSection.cs(36,40): error RS0016: Symbol 'MetadataMaxAgeMs.init' is not part of the declared public API (https://github.com/dotnet/roslyn-analyzers/blob/main/src/PublicApiAnalyzers/PublicApiAnalyzers.Help.md) [C:\dev\0.9.0\Ksql.Linq\src\Ksql.Linq.csproj]
C:\dev\0.9.0\Ksql.Linq\src\Configuration\CommonSection.cs(42,48): error RS0016: Symbol 'SecurityProtocol.get' is not part of the declared public API (https://github.com/dotnet/roslyn-analyzers/blob/main/src/PublicApiAnalyzers/PublicApiAnalyzers.Help.md) [C:\dev\0.9.0\Ksql.Linq\src\Ksql.Linq.csproj]
C:\dev\0.9.0\Ksql.Linq\src\Configuration\CommonSection.cs(42,53): error RS0016: Symbol 'SecurityProtocol.init' is not part of the declared public API (https://github.com/dotnet/roslyn-analyzers/blob/main/src/PublicApiAnalyzers/PublicApiAnalyzers.Help.md) [C:\dev\0.9.0\Ksql.Linq\src\Ksql.Linq.csproj]
C:\dev\0.9.0\Ksql.Linq\src\Configuration\Abstractions\KafkaSubscriptionOptions.cs(29,39): error RS0016: Symbol 'SessionTimeout.get' is not part of the declared public API (https://github.com/dotnet/roslyn-analyzers/blob/main/src/PublicApiAnalyzers/PublicApiAnalyzers.Help.md) [C:\dev\0.9.0\Ksql.Linq\src\Ksql.Linq.csproj]
C:\dev\0.9.0\Ksql.Linq\src\Configuration\Abstractions\KafkaSubscriptionOptions.cs(29,44): error RS0016: Symbol 'SessionTimeout.set' is not part of the declared public API (https://github.com/dotnet/roslyn-analyzers/blob/main/src/PublicApiAnalyzers/PublicApiAnalyzers.Help.md) [C:\dev\0.9.0\Ksql.Linq\src\Ksql.Linq.csproj]
C:\dev\0.9.0\Ksql.Linq\src\Configuration\Abstractions\KafkaSubscriptionOptions.cs(34,42): error RS0016: Symbol 'HeartbeatInterval.get' is not part of the declared public API (https://github.com/dotnet/roslyn-analyzers/blob/main/src/PublicApiAnalyzers/PublicApiAnalyzers.Help.md) [C:\dev\0.9.0\Ksql.Linq\src\Ksql.Linq.csproj]
C:\dev\0.9.0\Ksql.Linq\src\Configuration\CommonSection.cs(47,43): error RS0016: Symbol 'SaslMechanism.get' is not part of the declared public API (https://github.com/dotnet/roslyn-analyzers/blob/main/src/PublicApiAnalyzers/PublicApiAnalyzers.Help.md) [C:\dev\0.9.0\Ksql.Linq\src\Ksql.Linq.csproj]
C:\dev\0.9.0\Ksql.Linq\src\Configuration\CommonSection.cs(47,48): error RS0016: Symbol 'SaslMechanism.init' is not part of the declared public API (https://github.com/dotnet/roslyn-analyzers/blob/main/src/PublicApiAnalyzers/PublicApiAnalyzers.Help.md) [C:\dev\0.9.0\Ksql.Linq\src\Ksql.Linq.csproj]
C:\dev\0.9.0\Ksql.Linq\src\Configuration\CommonSection.cs(52,35): error RS0016: Symbol 'SaslUsername.get' is not part of the declared public API (https://github.com/dotnet/roslyn-analyzers/blob/main/src/PublicApiAnalyzers/PublicApiAnalyzers.Help.md) [C:\dev\0.9.0\Ksql.Linq\src\Ksql.Linq.csproj]
C:\dev\0.9.0\Ksql.Linq\src\Configuration\CommonSection.cs(52,40): error RS0016: Symbol 'SaslUsername.init' is not part of the declared public API (https://github.com/dotnet/roslyn-analyzers/blob/main/src/PublicApiAnalyzers/PublicApiAnalyzers.Help.md) [C:\dev\0.9.0\Ksql.Linq\src\Ksql.Linq.csproj]
C:\dev\0.9.0\Ksql.Linq\src\Configuration\Abstractions\KafkaSubscriptionOptions.cs(34,47): error RS0016: Symbol 'HeartbeatInterval.set' is not part of the declared public API (https://github.com/dotnet/roslyn-analyzers/blob/main/src/PublicApiAnalyzers/PublicApiAnalyzers.Help.md) [C:\dev\0.9.0\Ksql.Linq\src\Ksql.Linq.csproj]
C:\dev\0.9.0\Ksql.Linq\src\Configuration\CommonSection.cs(57,35): error RS0016: Symbol 'SaslPassword.get' is not part of the declared public API (https://github.com/dotnet/roslyn-analyzers/blob/main/src/PublicApiAnalyzers/PublicApiAnalyzers.Help.md) [C:\dev\0.9.0\Ksql.Linq\src\Ksql.Linq.csproj]
C:\dev\0.9.0\Ksql.Linq\src\Configuration\CommonSection.cs(57,40): error RS0016: Symbol 'SaslPassword.init' is not part of the declared public API (https://github.com/dotnet/roslyn-analyzers/blob/main/src/PublicApiAnalyzers/PublicApiAnalyzers.Help.md) [C:\dev\0.9.0\Ksql.Linq\src\Ksql.Linq.csproj]
C:\dev\0.9.0\Ksql.Linq\src\Configuration\CommonSection.cs(62,36): error RS0016: Symbol 'SslCaLocation.get' is not part of the declared public API (https://github.com/dotnet/roslyn-analyzers/blob/main/src/PublicApiAnalyzers/PublicApiAnalyzers.Help.md) [C:\dev\0.9.0\Ksql.Linq\src\Ksql.Linq.csproj]
C:\dev\0.9.0\Ksql.Linq\src\Configuration\CommonSection.cs(62,41): error RS0016: Symbol 'SslCaLocation.init' is not part of the declared public API (https://github.com/dotnet/roslyn-analyzers/blob/main/src/PublicApiAnalyzers/PublicApiAnalyzers.Help.md) [C:\dev\0.9.0\Ksql.Linq\src\Ksql.Linq.csproj]
C:\dev\0.9.0\Ksql.Linq\src\Configuration\CommonSection.cs(67,45): error RS0016: Symbol 'SslCertificateLocation.get' is not part of the declared public API (https://github.com/dotnet/roslyn-analyzers/blob/main/src/PublicApiAnalyzers/PublicApiAnalyzers.Help.md) [C:\dev\0.9.0\Ksql.Linq\src\Ksql.Linq.csproj]
C:\dev\0.9.0\Ksql.Linq\src\Configuration\CommonSection.cs(67,50): error RS0016: Symbol 'SslCertificateLocation.init' is not part of the declared public API (https://github.com/dotnet/roslyn-analyzers/blob/main/src/PublicApiAnalyzers/PublicApiAnalyzers.Help.md) [C:\dev\0.9.0\Ksql.Linq\src\Ksql.Linq.csproj]
C:\dev\0.9.0\Ksql.Linq\src\Configuration\Abstractions\KafkaSubscriptionOptions.cs(39,31): error RS0016: Symbol 'StopOnError.get' is not part of the declared public API (https://github.com/dotnet/roslyn-analyzers/blob/main/src/PublicApiAnalyzers/PublicApiAnalyzers.Help.md) [C:\dev\0.9.0\Ksql.Linq\src\Ksql.Linq.csproj]
C:\dev\0.9.0\Ksql.Linq\src\Configuration\Abstractions\KafkaSubscriptionOptions.cs(39,36): error RS0016: Symbol 'StopOnError.set' is not part of the declared public API (https://github.com/dotnet/roslyn-analyzers/blob/main/src/PublicApiAnalyzers/PublicApiAnalyzers.Help.md) [C:\dev\0.9.0\Ksql.Linq\src\Ksql.Linq.csproj]
C:\dev\0.9.0\Ksql.Linq\src\Configuration\CommonSection.cs(72,42): error RS0016: Symbol 'SslKeyLocation.init' is not part of the declared public API (https://github.com/dotnet/roslyn-analyzers/blob/main/src/PublicApiAnalyzers/PublicApiAnalyzers.Help.md) [C:\dev\0.9.0\Ksql.Linq\src\Ksql.Linq.csproj]
C:\dev\0.9.0\Ksql.Linq\src\Configuration\CommonSection.cs(72,37): error RS0016: Symbol 'SslKeyLocation.get' is not part of the declared public API (https://github.com/dotnet/roslyn-analyzers/blob/main/src/PublicApiAnalyzers/PublicApiAnalyzers.Help.md) [C:\dev\0.9.0\Ksql.Linq\src\Ksql.Linq.csproj]
C:\dev\0.9.0\Ksql.Linq\src\Configuration\Abstractions\KafkaSubscriptionOptions.cs(44,34): error RS0016: Symbol 'MaxPollRecords.get' is not part of the declared public API (https://github.com/dotnet/roslyn-analyzers/blob/main/src/PublicApiAnalyzers/PublicApiAnalyzers.Help.md) [C:\dev\0.9.0\Ksql.Linq\src\Ksql.Linq.csproj]
C:\dev\0.9.0\Ksql.Linq\src\Configuration\CommonSection.cs(77,37): error RS0016: Symbol 'SslKeyPassword.get' is not part of the declared public API (https://github.com/dotnet/roslyn-analyzers/blob/main/src/PublicApiAnalyzers/PublicApiAnalyzers.Help.md) [C:\dev\0.9.0\Ksql.Linq\src\Ksql.Linq.csproj]
C:\dev\0.9.0\Ksql.Linq\src\Configuration\CommonSection.cs(77,42): error RS0016: Symbol 'SslKeyPassword.init' is not part of the declared public API (https://github.com/dotnet/roslyn-analyzers/blob/main/src/PublicApiAnalyzers/PublicApiAnalyzers.Help.md) [C:\dev\0.9.0\Ksql.Linq\src\Ksql.Linq.csproj]
C:\dev\0.9.0\Ksql.Linq\src\Configuration\Abstractions\KafkaSubscriptionOptions.cs(44,39): error RS0016: Symbol 'MaxPollRecords.set' is not part of the declared public API (https://github.com/dotnet/roslyn-analyzers/blob/main/src/PublicApiAnalyzers/PublicApiAnalyzers.Help.md) [C:\dev\0.9.0\Ksql.Linq\src\Ksql.Linq.csproj]
C:\dev\0.9.0\Ksql.Linq\src\Configuration\Abstractions\KafkaSubscriptionOptions.cs(49,40): error RS0016: Symbol 'MaxPollInterval.get' is not part of the declared public API (https://github.com/dotnet/roslyn-analyzers/blob/main/src/PublicApiAnalyzers/PublicApiAnalyzers.Help.md) [C:\dev\0.9.0\Ksql.Linq\src\Ksql.Linq.csproj]
C:\dev\0.9.0\Ksql.Linq\src\Configuration\Abstractions\KafkaSubscriptionOptions.cs(49,45): error RS0016: Symbol 'MaxPollInterval.set' is not part of the declared public API (https://github.com/dotnet/roslyn-analyzers/blob/main/src/PublicApiAnalyzers/PublicApiAnalyzers.Help.md) [C:\dev\0.9.0\Ksql.Linq\src\Ksql.Linq.csproj]
C:\dev\0.9.0\Ksql.Linq\src\Configuration\CommonSection.cs(83,67): error RS0016: Symbol 'AdditionalProperties.init' is not part of the declared public API (https://github.com/dotnet/roslyn-analyzers/blob/main/src/PublicApiAnalyzers/PublicApiAnalyzers.Help.md) [C:\dev\0.9.0\Ksql.Linq\src\Ksql.Linq.csproj]
C:\dev\0.9.0\Ksql.Linq\src\Configuration\CommonSection.cs(83,62): error RS0016: Symbol 'AdditionalProperties.get' is not part of the declared public API (https://github.com/dotnet/roslyn-analyzers/blob/main/src/PublicApiAnalyzers/PublicApiAnalyzers.Help.md) [C:\dev\0.9.0\Ksql.Linq\src\Ksql.Linq.csproj]
C:\dev\0.9.0\Ksql.Linq\src\Configuration\DlqOptions.cs(103,31): error RS0016: Symbol 'TopicName.get' is not part of the declared public API (https://github.com/dotnet/roslyn-analyzers/blob/main/src/PublicApiAnalyzers/PublicApiAnalyzers.Help.md) [C:\dev\0.9.0\Ksql.Linq\src\Ksql.Linq.csproj]
C:\dev\0.9.0\Ksql.Linq\src\Configuration\EntityConfiguration.cs(6,37): error RS0016: Symbol 'SourceTopic.get' is not part of the declared public API (https://github.com/dotnet/roslyn-analyzers/blob/main/src/PublicApiAnalyzers/PublicApiAnalyzers.Help.md) [C:\dev\0.9.0\Ksql.Linq\src\Ksql.Linq.csproj]
C:\dev\0.9.0\Ksql.Linq\src\Configuration\DlqOptions.cs(103,36): error RS0016: Symbol 'TopicName.set' is not part of the declared public API (https://github.com/dotnet/roslyn-analyzers/blob/main/src/PublicApiAnalyzers/PublicApiAnalyzers.Help.md) [C:\dev\0.9.0\Ksql.Linq\src\Ksql.Linq.csproj]
C:\dev\0.9.0\Ksql.Linq\src\Configuration\EntityConfiguration.cs(5,37): error RS0016: Symbol 'Entity.set' is not part of the declared public API (https://github.com/dotnet/roslyn-analyzers/blob/main/src/PublicApiAnalyzers/PublicApiAnalyzers.Help.md) [C:\dev\0.9.0\Ksql.Linq\src\Ksql.Linq.csproj]
C:\dev\0.9.0\Ksql.Linq\src\Configuration\EntityConfiguration.cs(5,32): error RS0016: Symbol 'Entity.get' is not part of the declared public API (https://github.com/dotnet/roslyn-analyzers/blob/main/src/PublicApiAnalyzers/PublicApiAnalyzers.Help.md) [C:\dev\0.9.0\Ksql.Linq\src\Ksql.Linq.csproj]
C:\dev\0.9.0\Ksql.Linq\src\Configuration\DefaultValueBinder.cs(8,24): error RS0016: Symbol 'ApplyDefaults' is not part of the declared public API (https://github.com/dotnet/roslyn-analyzers/blob/main/src/PublicApiAnalyzers/PublicApiAnalyzers.Help.md) [C:\dev\0.9.0\Ksql.Linq\src\Ksql.Linq.csproj]
C:\dev\0.9.0\Ksql.Linq\src\Configuration\DlqOptions.cs(104,35): error RS0016: Symbol 'OriginalTopic.get' is not part of the declared public API (https://github.com/dotnet/roslyn-analyzers/blob/main/src/PublicApiAnalyzers/PublicApiAnalyzers.Help.md) [C:\dev\0.9.0\Ksql.Linq\src\Ksql.Linq.csproj]
C:\dev\0.9.0\Ksql.Linq\src\Configuration\DlqOptions.cs(104,40): error RS0016: Symbol 'OriginalTopic.set' is not part of the declared public API (https://github.com/dotnet/roslyn-analyzers/blob/main/src/PublicApiAnalyzers/PublicApiAnalyzers.Help.md) [C:\dev\0.9.0\Ksql.Linq\src\Ksql.Linq.csproj]
C:\dev\0.9.0\Ksql.Linq\src\Configuration\EntityConfiguration.cs(6,42): error RS0016: Symbol 'SourceTopic.set' is not part of the declared public API (https://github.com/dotnet/roslyn-analyzers/blob/main/src/PublicApiAnalyzers/PublicApiAnalyzers.Help.md) [C:\dev\0.9.0\Ksql.Linq\src\Ksql.Linq.csproj]
C:\dev\0.9.0\Ksql.Linq\src\Configuration\EntityConfiguration.cs(7,35): error RS0016: Symbol 'EnableCache.get' is not part of the declared public API (https://github.com/dotnet/roslyn-analyzers/blob/main/src/PublicApiAnalyzers/PublicApiAnalyzers.Help.md) [C:\dev\0.9.0\Ksql.Linq\src\Ksql.Linq.csproj]
C:\dev\0.9.0\Ksql.Linq\src\Configuration\DlqOptions.cs(105,31): error RS0016: Symbol 'ErrorType.get' is not part of the declared public API (https://github.com/dotnet/roslyn-analyzers/blob/main/src/PublicApiAnalyzers/PublicApiAnalyzers.Help.md) [C:\dev\0.9.0\Ksql.Linq\src\Ksql.Linq.csproj]
C:\dev\0.9.0\Ksql.Linq\src\Configuration\DlqOptions.cs(105,36): error RS0016: Symbol 'ErrorType.set' is not part of the declared public API (https://github.com/dotnet/roslyn-analyzers/blob/main/src/PublicApiAnalyzers/PublicApiAnalyzers.Help.md) [C:\dev\0.9.0\Ksql.Linq\src\Ksql.Linq.csproj]
C:\dev\0.9.0\Ksql.Linq\src\Configuration\EntityConfiguration.cs(7,40): error RS0016: Symbol 'EnableCache.set' is not part of the declared public API (https://github.com/dotnet/roslyn-analyzers/blob/main/src/PublicApiAnalyzers/PublicApiAnalyzers.Help.md) [C:\dev\0.9.0\Ksql.Linq\src\Ksql.Linq.csproj]
C:\dev\0.9.0\Ksql.Linq\src\Configuration\EntityConfiguration.cs(8,36): error RS0016: Symbol 'StoreName.get' is not part of the declared public API (https://github.com/dotnet/roslyn-analyzers/blob/main/src/PublicApiAnalyzers/PublicApiAnalyzers.Help.md) [C:\dev\0.9.0\Ksql.Linq\src\Ksql.Linq.csproj]
C:\dev\0.9.0\Ksql.Linq\src\Configuration\DlqOptions.cs(106,40): error RS0016: Symbol 'ProcessedAt.set' is not part of the declared public API (https://github.com/dotnet/roslyn-analyzers/blob/main/src/PublicApiAnalyzers/PublicApiAnalyzers.Help.md) [C:\dev\0.9.0\Ksql.Linq\src\Ksql.Linq.csproj]
C:\dev\0.9.0\Ksql.Linq\src\Configuration\EntityConfiguration.cs(8,41): error RS0016: Symbol 'StoreName.set' is not part of the declared public API (https://github.com/dotnet/roslyn-analyzers/blob/main/src/PublicApiAnalyzers/PublicApiAnalyzers.Help.md) [C:\dev\0.9.0\Ksql.Linq\src\Ksql.Linq.csproj]
C:\dev\0.9.0\Ksql.Linq\src\Configuration\DlqOptions.cs(106,35): error RS0016: Symbol 'ProcessedAt.get' is not part of the declared public API (https://github.com/dotnet/roslyn-analyzers/blob/main/src/PublicApiAnalyzers/PublicApiAnalyzers.Help.md) [C:\dev\0.9.0\Ksql.Linq\src\Ksql.Linq.csproj]
C:\dev\0.9.0\Ksql.Linq\src\Configuration\EntityConfiguration.cs(9,40): error RS0016: Symbol 'BaseDirectory.get' is not part of the declared public API (https://github.com/dotnet/roslyn-analyzers/blob/main/src/PublicApiAnalyzers/PublicApiAnalyzers.Help.md) [C:\dev\0.9.0\Ksql.Linq\src\Ksql.Linq.csproj]
C:\dev\0.9.0\Ksql.Linq\src\Configuration\FillOptions.cs(11,33): error RS0016: Symbol 'EnableAppSide.get' is not part of the declared public API (https://github.com/dotnet/roslyn-analyzers/blob/main/src/PublicApiAnalyzers/PublicApiAnalyzers.Help.md) [C:\dev\0.9.0\Ksql.Linq\src\Ksql.Linq.csproj]
C:\dev\0.9.0\Ksql.Linq\src\Configuration\EntityConfiguration.cs(9,45): error RS0016: Symbol 'BaseDirectory.set' is not part of the declared public API (https://github.com/dotnet/roslyn-analyzers/blob/main/src/PublicApiAnalyzers/PublicApiAnalyzers.Help.md) [C:\dev\0.9.0\Ksql.Linq\src\Ksql.Linq.csproj]
C:\dev\0.9.0\Ksql.Linq\src\Configuration\FillOptions.cs(11,38): error RS0016: Symbol 'EnableAppSide.init' is not part of the declared public API (https://github.com/dotnet/roslyn-analyzers/blob/main/src/PublicApiAnalyzers/PublicApiAnalyzers.Help.md) [C:\dev\0.9.0\Ksql.Linq\src\Ksql.Linq.csproj]
C:\dev\0.9.0\Ksql.Linq\src\Configuration\KsqlServerOptions.cs(11,31): error RS0016: Symbol 'ServiceId.get' is not part of the declared public API (https://github.com/dotnet/roslyn-analyzers/blob/main/src/PublicApiAnalyzers/PublicApiAnalyzers.Help.md) [C:\dev\0.9.0\Ksql.Linq\src\Ksql.Linq.csproj]
C:\dev\0.9.0\Ksql.Linq\src\Configuration\FillOptions.cs(17,37): error RS0016: Symbol 'MaxBackfillBuckets.get' is not part of the declared public API (https://github.com/dotnet/roslyn-analyzers/blob/main/src/PublicApiAnalyzers/PublicApiAnalyzers.Help.md) [C:\dev\0.9.0\Ksql.Linq\src\Ksql.Linq.csproj]
C:\dev\0.9.0\Ksql.Linq\src\Configuration\FillOptions.cs(17,42): error RS0016: Symbol 'MaxBackfillBuckets.init' is not part of the declared public API (https://github.com/dotnet/roslyn-analyzers/blob/main/src/PublicApiAnalyzers/PublicApiAnalyzers.Help.md) [C:\dev\0.9.0\Ksql.Linq\src\Ksql.Linq.csproj]
C:\dev\0.9.0\Ksql.Linq\src\Configuration\KsqlServerOptions.cs(11,36): error RS0016: Symbol 'ServiceId.init' is not part of the declared public API (https://github.com/dotnet/roslyn-analyzers/blob/main/src/PublicApiAnalyzers/PublicApiAnalyzers.Help.md) [C:\dev\0.9.0\Ksql.Linq\src\Ksql.Linq.csproj]
C:\dev\0.9.0\Ksql.Linq\src\Configuration\FillOptions.cs(23,41): error RS0016: Symbol 'BackfillHorizonMinutes.get' is not part of the declared public API (https://github.com/dotnet/roslyn-analyzers/blob/main/src/PublicApiAnalyzers/PublicApiAnalyzers.Help.md) [C:\dev\0.9.0\Ksql.Linq\src\Ksql.Linq.csproj]
C:\dev\0.9.0\Ksql.Linq\src\Configuration\FillOptions.cs(23,46): error RS0016: Symbol 'BackfillHorizonMinutes.init' is not part of the declared public API (https://github.com/dotnet/roslyn-analyzers/blob/main/src/PublicApiAnalyzers/PublicApiAnalyzers.Help.md) [C:\dev\0.9.0\Ksql.Linq\src\Ksql.Linq.csproj]
C:\dev\0.9.0\Ksql.Linq\src\Configuration\DlqOptions.cs(14,27): error RS0016: Symbol 'Enabled.get' is not part of the declared public API (https://github.com/dotnet/roslyn-analyzers/blob/main/src/PublicApiAnalyzers/PublicApiAnalyzers.Help.md) [C:\dev\0.9.0\Ksql.Linq\src\Ksql.Linq.csproj]
C:\dev\0.9.0\Ksql.Linq\src\Configuration\KsqlServerOptions.cs(12,48): error RS0016: Symbol 'PersistentQueryPrefix.init' is not part of the declared public API (https://github.com/dotnet/roslyn-analyzers/blob/main/src/PublicApiAnalyzers/PublicApiAnalyzers.Help.md) [C:\dev\0.9.0\Ksql.Linq\src\Ksql.Linq.csproj]
C:\dev\0.9.0\Ksql.Linq\src\Configuration\KsqlServerOptions.cs(12,43): error RS0016: Symbol 'PersistentQueryPrefix.get' is not part of the declared public API (https://github.com/dotnet/roslyn-analyzers/blob/main/src/PublicApiAnalyzers/PublicApiAnalyzers.Help.md) [C:\dev\0.9.0\Ksql.Linq\src\Ksql.Linq.csproj]
C:\dev\0.9.0\Ksql.Linq\src\Configuration\KsqlDslOptions.cs(14,44): error RS0016: Symbol 'ValidationMode.get' is not part of the declared public API (https://github.com/dotnet/roslyn-analyzers/blob/main/src/PublicApiAnalyzers/PublicApiAnalyzers.Help.md) [C:\dev\0.9.0\Ksql.Linq\src\Ksql.Linq.csproj]
C:\dev\0.9.0\Ksql.Linq\src\Configuration\FillOptions.cs(29,32): error RS0016: Symbol 'HeaderName.get' is not part of the declared public API (https://github.com/dotnet/roslyn-analyzers/blob/main/src/PublicApiAnalyzers/PublicApiAnalyzers.Help.md) [C:\dev\0.9.0\Ksql.Linq\src\Ksql.Linq.csproj]
C:\dev\0.9.0\Ksql.Linq\src\Configuration\DlqOptions.cs(14,32): error RS0016: Symbol 'Enabled.set' is not part of the declared public API (https://github.com/dotnet/roslyn-analyzers/blob/main/src/PublicApiAnalyzers/PublicApiAnalyzers.Help.md) [C:\dev\0.9.0\Ksql.Linq\src\Ksql.Linq.csproj]
C:\dev\0.9.0\Ksql.Linq\src\Configuration\KsqlDslOptions.cs(14,49): error RS0016: Symbol 'ValidationMode.init' is not part of the declared public API (https://github.com/dotnet/roslyn-analyzers/blob/main/src/PublicApiAnalyzers/PublicApiAnalyzers.Help.md) [C:\dev\0.9.0\Ksql.Linq\src\Ksql.Linq.csproj]
C:\dev\0.9.0\Ksql.Linq\src\Configuration\FillOptions.cs(29,37): error RS0016: Symbol 'HeaderName.init' is not part of the declared public API (https://github.com/dotnet/roslyn-analyzers/blob/main/src/PublicApiAnalyzers/PublicApiAnalyzers.Help.md) [C:\dev\0.9.0\Ksql.Linq\src\Ksql.Linq.csproj]
C:\dev\0.9.0\Ksql.Linq\src\Configuration\DlqOptions.cs(15,49): error RS0016: Symbol 'EnableForDeserializationError.get' is not part of the declared public API (https://github.com/dotnet/roslyn-analyzers/blob/main/src/PublicApiAnalyzers/PublicApiAnalyzers.Help.md) [C:\dev\0.9.0\Ksql.Linq\src\Ksql.Linq.csproj]
C:\dev\0.9.0\Ksql.Linq\src\Configuration\FillOptions.cs(35,33): error RS0016: Symbol 'HeaderValue.get' is not part of the declared public API (https://github.com/dotnet/roslyn-analyzers/blob/main/src/PublicApiAnalyzers/PublicApiAnalyzers.Help.md) [C:\dev\0.9.0\Ksql.Linq\src\Ksql.Linq.csproj]
C:\dev\0.9.0\Ksql.Linq\src\Configuration\KsqlDslOptions.cs(20,35): error RS0016: Symbol 'Common.get' is not part of the declared public API (https://github.com/dotnet/roslyn-analyzers/blob/main/src/PublicApiAnalyzers/PublicApiAnalyzers.Help.md) [C:\dev\0.9.0\Ksql.Linq\src\Ksql.Linq.csproj]
C:\dev\0.9.0\Ksql.Linq\src\Configuration\FillOptions.cs(35,38): error RS0016: Symbol 'HeaderValue.init' is not part of the declared public API (https://github.com/dotnet/roslyn-analyzers/blob/main/src/PublicApiAnalyzers/PublicApiAnalyzers.Help.md) [C:\dev\0.9.0\Ksql.Linq\src\Ksql.Linq.csproj]
C:\dev\0.9.0\Ksql.Linq\src\Configuration\DlqOptions.cs(15,54): error RS0016: Symbol 'EnableForDeserializationError.set' is not part of the declared public API (https://github.com/dotnet/roslyn-analyzers/blob/main/src/PublicApiAnalyzers/PublicApiAnalyzers.Help.md) [C:\dev\0.9.0\Ksql.Linq\src\Ksql.Linq.csproj]
C:\dev\0.9.0\Ksql.Linq\src\Configuration\KsqlDslOptions.cs(23,43): error RS0016: Symbol 'KsqlServer.get' is not part of the declared public API (https://github.com/dotnet/roslyn-analyzers/blob/main/src/PublicApiAnalyzers/PublicApiAnalyzers.Help.md) [C:\dev\0.9.0\Ksql.Linq\src\Ksql.Linq.csproj]
C:\dev\0.9.0\Ksql.Linq\src\Configuration\KsqlDslOptions.cs(20,40): error RS0016: Symbol 'Common.init' is not part of the declared public API (https://github.com/dotnet/roslyn-analyzers/blob/main/src/PublicApiAnalyzers/PublicApiAnalyzers.Help.md) [C:\dev\0.9.0\Ksql.Linq\src\Ksql.Linq.csproj]
C:\dev\0.9.0\Ksql.Linq\src\Configuration\DlqOptions.cs(16,41): error RS0016: Symbol 'EnableForHandlerError.get' is not part of the declared public API (https://github.com/dotnet/roslyn-analyzers/blob/main/src/PublicApiAnalyzers/PublicApiAnalyzers.Help.md) [C:\dev\0.9.0\Ksql.Linq\src\Ksql.Linq.csproj]
C:\dev\0.9.0\Ksql.Linq\src\Configuration\KsqlDslOptions.cs(23,48): error RS0016: Symbol 'KsqlServer.init' is not part of the declared public API (https://github.com/dotnet/roslyn-analyzers/blob/main/src/PublicApiAnalyzers/PublicApiAnalyzers.Help.md) [C:\dev\0.9.0\Ksql.Linq\src\Ksql.Linq.csproj]
C:\dev\0.9.0\Ksql.Linq\src\Configuration\FillOptions.cs(41,41): error RS0016: Symbol 'StateTopicName.init' is not part of the declared public API (https://github.com/dotnet/roslyn-analyzers/blob/main/src/PublicApiAnalyzers/PublicApiAnalyzers.Help.md) [C:\dev\0.9.0\Ksql.Linq\src\Ksql.Linq.csproj]
C:\dev\0.9.0\Ksql.Linq\src\Configuration\DlqOptions.cs(16,46): error RS0016: Symbol 'EnableForHandlerError.set' is not part of the declared public API (https://github.com/dotnet/roslyn-analyzers/blob/main/src/PublicApiAnalyzers/PublicApiAnalyzers.Help.md) [C:\dev\0.9.0\Ksql.Linq\src\Ksql.Linq.csproj]
C:\dev\0.9.0\Ksql.Linq\src\Configuration\FillOptions.cs(47,30): error RS0016: Symbol 'LeaderOnly.get' is not part of the declared public API (https://github.com/dotnet/roslyn-analyzers/blob/main/src/PublicApiAnalyzers/PublicApiAnalyzers.Help.md) [C:\dev\0.9.0\Ksql.Linq\src\Ksql.Linq.csproj]
C:\dev\0.9.0\Ksql.Linq\src\Configuration\DlqOptions.cs(17,34): error RS0016: Symbol 'SamplingRate.get' is not part of the declared public API (https://github.com/dotnet/roslyn-analyzers/blob/main/src/PublicApiAnalyzers/PublicApiAnalyzers.Help.md) [C:\dev\0.9.0\Ksql.Linq\src\Ksql.Linq.csproj]
C:\dev\0.9.0\Ksql.Linq\src\Configuration\FillOptions.cs(47,35): error RS0016: Symbol 'LeaderOnly.init' is not part of the declared public API (https://github.com/dotnet/roslyn-analyzers/blob/main/src/PublicApiAnalyzers/PublicApiAnalyzers.Help.md) [C:\dev\0.9.0\Ksql.Linq\src\Ksql.Linq.csproj]
C:\dev\0.9.0\Ksql.Linq\src\Configuration\KsqlDslOptions.cs(29,59): error RS0016: Symbol 'Topics.init' is not part of the declared public API (https://github.com/dotnet/roslyn-analyzers/blob/main/src/PublicApiAnalyzers/PublicApiAnalyzers.Help.md) [C:\dev\0.9.0\Ksql.Linq\src\Ksql.Linq.csproj]
C:\dev\0.9.0\Ksql.Linq\src\Configuration\KsqlDslOptions.cs(33,31): error RS0016: Symbol 'Fill.get' is not part of the declared public API (https://github.com/dotnet/roslyn-analyzers/blob/main/src/PublicApiAnalyzers/PublicApiAnalyzers.Help.md) [C:\dev\0.9.0\Ksql.Linq\src\Ksql.Linq.csproj]
C:\dev\0.9.0\Ksql.Linq\src\Configuration\FillOptions.cs(41,36): error RS0016: Symbol 'StateTopicName.get' is not part of the declared public API (https://github.com/dotnet/roslyn-analyzers/blob/main/src/PublicApiAnalyzers/PublicApiAnalyzers.Help.md) [C:\dev\0.9.0\Ksql.Linq\src\Ksql.Linq.csproj]
C:\dev\0.9.0\Ksql.Linq\src\Configuration\DlqOptions.cs(17,39): error RS0016: Symbol 'SamplingRate.set' is not part of the declared public API (https://github.com/dotnet/roslyn-analyzers/blob/main/src/PublicApiAnalyzers/PublicApiAnalyzers.Help.md) [C:\dev\0.9.0\Ksql.Linq\src\Ksql.Linq.csproj]
C:\dev\0.9.0\Ksql.Linq\src\Configuration\KsqlDslOptions.cs(33,36): error RS0016: Symbol 'Fill.init' is not part of the declared public API (https://github.com/dotnet/roslyn-analyzers/blob/main/src/PublicApiAnalyzers/PublicApiAnalyzers.Help.md) [C:\dev\0.9.0\Ksql.Linq\src\Ksql.Linq.csproj]
C:\dev\0.9.0\Ksql.Linq\src\Configuration\DlqOptions.cs(18,31): error RS0016: Symbol 'MaxPerSecond.get' is not part of the declared public API (https://github.com/dotnet/roslyn-analyzers/blob/main/src/PublicApiAnalyzers/PublicApiAnalyzers.Help.md) [C:\dev\0.9.0\Ksql.Linq\src\Ksql.Linq.csproj]
C:\dev\0.9.0\Ksql.Linq\src\Configuration\KsqlDslOptions.cs(29,54): error RS0016: Symbol 'Topics.get' is not part of the declared public API (https://github.com/dotnet/roslyn-analyzers/blob/main/src/PublicApiAnalyzers/PublicApiAnalyzers.Help.md) [C:\dev\0.9.0\Ksql.Linq\src\Ksql.Linq.csproj]
C:\dev\0.9.0\Ksql.Linq\src\Configuration\KsqlDslOptions.cs(39,51): error RS0016: Symbol 'SchemaRegistry.get' is not part of the declared public API (https://github.com/dotnet/roslyn-analyzers/blob/main/src/PublicApiAnalyzers/PublicApiAnalyzers.Help.md) [C:\dev\0.9.0\Ksql.Linq\src\Ksql.Linq.csproj]
C:\dev\0.9.0\Ksql.Linq\src\Configuration\DlqOptions.cs(21,40): error RS0016: Symbol 'ErrorMessageMaxLength.get' is not part of the declared public API (https://github.com/dotnet/roslyn-analyzers/blob/main/src/PublicApiAnalyzers/PublicApiAnalyzers.Help.md) [C:\dev\0.9.0\Ksql.Linq\src\Ksql.Linq.csproj]
C:\dev\0.9.0\Ksql.Linq\src\Configuration\DlqOptions.cs(18,36): error RS0016: Symbol 'MaxPerSecond.set' is not part of the declared public API (https://github.com/dotnet/roslyn-analyzers/blob/main/src/PublicApiAnalyzers/PublicApiAnalyzers.Help.md) [C:\dev\0.9.0\Ksql.Linq\src\Ksql.Linq.csproj]
C:\dev\0.9.0\Ksql.Linq\src\Configuration\DlqOptions.cs(21,45): error RS0016: Symbol 'ErrorMessageMaxLength.set' is not part of the declared public API (https://github.com/dotnet/roslyn-analyzers/blob/main/src/PublicApiAnalyzers/PublicApiAnalyzers.Help.md) [C:\dev\0.9.0\Ksql.Linq\src\Ksql.Linq.csproj]
C:\dev\0.9.0\Ksql.Linq\src\Configuration\KsqlDslOptions.cs(39,56): error RS0016: Symbol 'SchemaRegistry.init' is not part of the declared public API (https://github.com/dotnet/roslyn-analyzers/blob/main/src/PublicApiAnalyzers/PublicApiAnalyzers.Help.md) [C:\dev\0.9.0\Ksql.Linq\src\Ksql.Linq.csproj]
C:\dev\0.9.0\Ksql.Linq\src\Configuration\KsqlDslOptions.cs(44,32): error RS0016: Symbol 'KsqlDbUrl.get' is not part of the declared public API (https://github.com/dotnet/roslyn-analyzers/blob/main/src/PublicApiAnalyzers/PublicApiAnalyzers.Help.md) [C:\dev\0.9.0\Ksql.Linq\src\Ksql.Linq.csproj]
C:\dev\0.9.0\Ksql.Linq\src\Configuration\DlqOptions.cs(22,38): error RS0016: Symbol 'StackTraceMaxLength.get' is not part of the declared public API (https://github.com/dotnet/roslyn-analyzers/blob/main/src/PublicApiAnalyzers/PublicApiAnalyzers.Help.md) [C:\dev\0.9.0\Ksql.Linq\src\Ksql.Linq.csproj]
C:\dev\0.9.0\Ksql.Linq\src\Configuration\KsqlDslOptions.cs(44,37): error RS0016: Symbol 'KsqlDbUrl.init' is not part of the declared public API (https://github.com/dotnet/roslyn-analyzers/blob/main/src/PublicApiAnalyzers/PublicApiAnalyzers.Help.md) [C:\dev\0.9.0\Ksql.Linq\src\Ksql.Linq.csproj]
C:\dev\0.9.0\Ksql.Linq\src\Configuration\DlqOptions.cs(22,43): error RS0016: Symbol 'StackTraceMaxLength.set' is not part of the declared public API (https://github.com/dotnet/roslyn-analyzers/blob/main/src/PublicApiAnalyzers/PublicApiAnalyzers.Help.md) [C:\dev\0.9.0\Ksql.Linq\src\Ksql.Linq.csproj]
C:\dev\0.9.0\Ksql.Linq\src\Configuration\DlqOptions.cs(23,49): error RS0016: Symbol 'NormalizeStackTraceWhitespace.get' is not part of the declared public API (https://github.com/dotnet/roslyn-analyzers/blob/main/src/PublicApiAnalyzers/PublicApiAnalyzers.Help.md) [C:\dev\0.9.0\Ksql.Linq\src\Ksql.Linq.csproj]
C:\dev\0.9.0\Ksql.Linq\src\Configuration\KsqlDslOptions.cs(47,49): error RS0016: Symbol 'Entities.get' is not part of the declared public API (https://github.com/dotnet/roslyn-analyzers/blob/main/src/PublicApiAnalyzers/PublicApiAnalyzers.Help.md) [C:\dev\0.9.0\Ksql.Linq\src\Ksql.Linq.csproj]
C:\dev\0.9.0\Ksql.Linq\src\Configuration\Messaging\TopicSection.cs(29,32): error RS0016: Symbol 'NumPartitions.get' is not part of the declared public API (https://github.com/dotnet/roslyn-analyzers/blob/main/src/PublicApiAnalyzers/PublicApiAnalyzers.Help.md) [C:\dev\0.9.0\Ksql.Linq\src\Ksql.Linq.csproj]
C:\dev\0.9.0\Ksql.Linq\src\Configuration\DlqOptions.cs(23,54): error RS0016: Symbol 'NormalizeStackTraceWhitespace.set' is not part of the declared public API (https://github.com/dotnet/roslyn-analyzers/blob/main/src/PublicApiAnalyzers/PublicApiAnalyzers.Help.md) [C:\dev\0.9.0\Ksql.Linq\src\Ksql.Linq.csproj]
C:\dev\0.9.0\Ksql.Linq\src\Configuration\KsqlDslOptions.cs(47,54): error RS0016: Symbol 'Entities.init' is not part of the declared public API (https://github.com/dotnet/roslyn-analyzers/blob/main/src/PublicApiAnalyzers/PublicApiAnalyzers.Help.md) [C:\dev\0.9.0\Ksql.Linq\src\Ksql.Linq.csproj]
C:\dev\0.9.0\Ksql.Linq\src\Configuration\KsqlDslOptions.cs(50,36): error RS0016: Symbol 'DlqOptions.get' is not part of the declared public API (https://github.com/dotnet/roslyn-analyzers/blob/main/src/PublicApiAnalyzers/PublicApiAnalyzers.Help.md) [C:\dev\0.9.0\Ksql.Linq\src\Ksql.Linq.csproj]
C:\dev\0.9.0\Ksql.Linq\src\Configuration\Messaging\TopicSection.cs(29,37): error RS0016: Symbol 'NumPartitions.init' is not part of the declared public API (https://github.com/dotnet/roslyn-analyzers/blob/main/src/PublicApiAnalyzers/PublicApiAnalyzers.Help.md) [C:\dev\0.9.0\Ksql.Linq\src\Ksql.Linq.csproj]
C:\dev\0.9.0\Ksql.Linq\src\Configuration\DlqOptions.cs(26,39): error RS0016: Symbol 'HeaderAllowList.get' is not part of the declared public API (https://github.com/dotnet/roslyn-analyzers/blob/main/src/PublicApiAnalyzers/PublicApiAnalyzers.Help.md) [C:\dev\0.9.0\Ksql.Linq\src\Ksql.Linq.csproj]
C:\dev\0.9.0\Ksql.Linq\src\Configuration\Messaging\TopicSection.cs(32,38): error RS0016: Symbol 'ReplicationFactor.get' is not part of the declared public API (https://github.com/dotnet/roslyn-analyzers/blob/main/src/PublicApiAnalyzers/PublicApiAnalyzers.Help.md) [C:\dev\0.9.0\Ksql.Linq\src\Ksql.Linq.csproj]
C:\dev\0.9.0\Ksql.Linq\src\Configuration\KsqlDslOptions.cs(50,41): error RS0016: Symbol 'DlqOptions.init' is not part of the declared public API (https://github.com/dotnet/roslyn-analyzers/blob/main/src/PublicApiAnalyzers/PublicApiAnalyzers.Help.md) [C:\dev\0.9.0\Ksql.Linq\src\Ksql.Linq.csproj]
C:\dev\0.9.0\Ksql.Linq\src\Configuration\DlqOptions.cs(26,44): error RS0016: Symbol 'HeaderAllowList.set' is not part of the declared public API (https://github.com/dotnet/roslyn-analyzers/blob/main/src/PublicApiAnalyzers/PublicApiAnalyzers.Help.md) [C:\dev\0.9.0\Ksql.Linq\src\Ksql.Linq.csproj]
C:\dev\0.9.0\Ksql.Linq\src\Configuration\Messaging\TopicSection.cs(32,43): error RS0016: Symbol 'ReplicationFactor.init' is not part of the declared public API (https://github.com/dotnet/roslyn-analyzers/blob/main/src/PublicApiAnalyzers/PublicApiAnalyzers.Help.md) [C:\dev\0.9.0\Ksql.Linq\src\Ksql.Linq.csproj]
C:\dev\0.9.0\Ksql.Linq\src\Configuration\DlqOptions.cs(27,39): error RS0016: Symbol 'HeaderValueMaxLength.get' is not part of the declared public API (https://github.com/dotnet/roslyn-analyzers/blob/main/src/PublicApiAnalyzers/PublicApiAnalyzers.Help.md) [C:\dev\0.9.0\Ksql.Linq\src\Ksql.Linq.csproj]
C:\dev\0.9.0\Ksql.Linq\src\Configuration\DlqOptions.cs(27,44): error RS0016: Symbol 'HeaderValueMaxLength.set' is not part of the declared public API (https://github.com/dotnet/roslyn-analyzers/blob/main/src/PublicApiAnalyzers/PublicApiAnalyzers.Help.md) [C:\dev\0.9.0\Ksql.Linq\src\Ksql.Linq.csproj]
C:\dev\0.9.0\Ksql.Linq\src\Configuration\Messaging\TopicSection.cs(35,49): error RS0016: Symbol 'Configs.get' is not part of the declared public API (https://github.com/dotnet/roslyn-analyzers/blob/main/src/PublicApiAnalyzers/PublicApiAnalyzers.Help.md) [C:\dev\0.9.0\Ksql.Linq\src\Ksql.Linq.csproj]
C:\dev\0.9.0\Ksql.Linq\src\Configuration\Messaging\TopicSection.cs(38,38): error RS0016: Symbol 'EnableAutoCreation.get' is not part of the declared public API (https://github.com/dotnet/roslyn-analyzers/blob/main/src/PublicApiAnalyzers/PublicApiAnalyzers.Help.md) [C:\dev\0.9.0\Ksql.Linq\src\Ksql.Linq.csproj]
C:\dev\0.9.0\Ksql.Linq\src\Configuration\Messaging\TopicSection.cs(35,54): error RS0016: Symbol 'Configs.init' is not part of the declared public API (https://github.com/dotnet/roslyn-analyzers/blob/main/src/PublicApiAnalyzers/PublicApiAnalyzers.Help.md) [C:\dev\0.9.0\Ksql.Linq\src\Ksql.Linq.csproj]
C:\dev\0.9.0\Ksql.Linq\src\Configuration\DlqOptions.cs(30,46): error RS0016: Symbol 'ExcludedExceptionTypes.get' is not part of the declared public API (https://github.com/dotnet/roslyn-analyzers/blob/main/src/PublicApiAnalyzers/PublicApiAnalyzers.Help.md) [C:\dev\0.9.0\Ksql.Linq\src\Ksql.Linq.csproj]
C:\dev\0.9.0\Ksql.Linq\src\Configuration\DlqOptions.cs(30,51): error RS0016: Symbol 'ExcludedExceptionTypes.set' is not part of the declared public API (https://github.com/dotnet/roslyn-analyzers/blob/main/src/PublicApiAnalyzers/PublicApiAnalyzers.Help.md) [C:\dev\0.9.0\Ksql.Linq\src\Ksql.Linq.csproj]
C:\dev\0.9.0\Ksql.Linq\src\Configuration\Messaging\TopicSection.cs(38,43): error RS0016: Symbol 'EnableAutoCreation.init' is not part of the declared public API (https://github.com/dotnet/roslyn-analyzers/blob/main/src/PublicApiAnalyzers/PublicApiAnalyzers.Help.md) [C:\dev\0.9.0\Ksql.Linq\src\Ksql.Linq.csproj]
C:\dev\0.9.0\Ksql.Linq\src\Configuration\KsqlDslOptions.cs(54,9): error RS0016: Symbol 'DlqTopicName.get' is not part of the declared public API (https://github.com/dotnet/roslyn-analyzers/blob/main/src/PublicApiAnalyzers/PublicApiAnalyzers.Help.md) [C:\dev\0.9.0\Ksql.Linq\src\Ksql.Linq.csproj]
C:\dev\0.9.0\Ksql.Linq\src\Configuration\DlqOptions.cs(31,46): error RS0016: Symbol 'IncludedExceptionTypes.get' is not part of the declared public API (https://github.com/dotnet/roslyn-analyzers/blob/main/src/PublicApiAnalyzers/PublicApiAnalyzers.Help.md) [C:\dev\0.9.0\Ksql.Linq\src\Ksql.Linq.csproj]
C:\dev\0.9.0\Ksql.Linq\src\Configuration\DlqOptions.cs(31,51): error RS0016: Symbol 'IncludedExceptionTypes.set' is not part of the declared public API (https://github.com/dotnet/roslyn-analyzers/blob/main/src/PublicApiAnalyzers/PublicApiAnalyzers.Help.md) [C:\dev\0.9.0\Ksql.Linq\src\Ksql.Linq.csproj]
C:\dev\0.9.0\Ksql.Linq\src\Configuration\DlqOptions.cs(35,35): error RS0016: Symbol 'ApplicationId.get' is not part of the declared public API (https://github.com/dotnet/roslyn-analyzers/blob/main/src/PublicApiAnalyzers/PublicApiAnalyzers.Help.md) [C:\dev\0.9.0\Ksql.Linq\src\Ksql.Linq.csproj]
C:\dev\0.9.0\Ksql.Linq\src\Configuration\WindowConfigurationProvider.cs(20,32): error RS0016: Symbol 'GetConfiguration' is not part of the declared public API (https://github.com/dotnet/roslyn-analyzers/blob/main/src/PublicApiAnalyzers/PublicApiAnalyzers.Help.md) [C:\dev\0.9.0\Ksql.Linq\src\Ksql.Linq.csproj]
C:\dev\0.9.0\Ksql.Linq\src\Configuration\DlqOptions.cs(35,40): error RS0016: Symbol 'ApplicationId.set' is not part of the declared public API (https://github.com/dotnet/roslyn-analyzers/blob/main/src/PublicApiAnalyzers/PublicApiAnalyzers.Help.md) [C:\dev\0.9.0\Ksql.Linq\src\Ksql.Linq.csproj]
C:\dev\0.9.0\Ksql.Linq\src\Configuration\DlqOptions.cs(37,35): error RS0016: Symbol 'ConsumerGroup.get' is not part of the declared public API (https://github.com/dotnet/roslyn-analyzers/blob/main/src/PublicApiAnalyzers/PublicApiAnalyzers.Help.md) [C:\dev\0.9.0\Ksql.Linq\src\Ksql.Linq.csproj]
C:\dev\0.9.0\Ksql.Linq\src\Configuration\DlqOptions.cs(37,40): error RS0016: Symbol 'ConsumerGroup.set' is not part of the declared public API (https://github.com/dotnet/roslyn-analyzers/blob/main/src/PublicApiAnalyzers/PublicApiAnalyzers.Help.md) [C:\dev\0.9.0\Ksql.Linq\src\Ksql.Linq.csproj]
C:\dev\0.9.0\Ksql.Linq\src\Configuration\Messaging\TopicSection.cs(11,32): error RS0016: Symbol 'TopicName.get' is not part of the declared public API (https://github.com/dotnet/roslyn-analyzers/blob/main/src/PublicApiAnalyzers/PublicApiAnalyzers.Help.md) [C:\dev\0.9.0\Ksql.Linq\src\Ksql.Linq.csproj]
C:\dev\0.9.0\Ksql.Linq\src\Configuration\KsqlDslOptions.cs(55,9): error RS0016: Symbol 'DlqTopicName.set' is not part of the declared public API (https://github.com/dotnet/roslyn-analyzers/blob/main/src/PublicApiAnalyzers/PublicApiAnalyzers.Help.md) [C:\dev\0.9.0\Ksql.Linq\src\Ksql.Linq.csproj]
C:\dev\0.9.0\Ksql.Linq\src\Configuration\DlqOptions.cs(38,26): error RS0016: Symbol 'Host.get' is not part of the declared public API (https://github.com/dotnet/roslyn-analyzers/blob/main/src/PublicApiAnalyzers/PublicApiAnalyzers.Help.md) [C:\dev\0.9.0\Ksql.Linq\src\Ksql.Linq.csproj]
C:\dev\0.9.0\Ksql.Linq\src\Configuration\Messaging\TopicSection.cs(11,37): error RS0016: Symbol 'TopicName.init' is not part of the declared public API (https://github.com/dotnet/roslyn-analyzers/blob/main/src/PublicApiAnalyzers/PublicApiAnalyzers.Help.md) [C:\dev\0.9.0\Ksql.Linq\src\Ksql.Linq.csproj]
C:\dev\0.9.0\Ksql.Linq\src\Configuration\DlqOptions.cs(38,31): error RS0016: Symbol 'Host.set' is not part of the declared public API (https://github.com/dotnet/roslyn-analyzers/blob/main/src/PublicApiAnalyzers/PublicApiAnalyzers.Help.md) [C:\dev\0.9.0\Ksql.Linq\src\Ksql.Linq.csproj]
C:\dev\0.9.0\Ksql.Linq\src\Configuration\Messaging\TopicSection.cs(14,39): error RS0016: Symbol 'Producer.get' is not part of the declared public API (https://github.com/dotnet/roslyn-analyzers/blob/main/src/PublicApiAnalyzers/PublicApiAnalyzers.Help.md) [C:\dev\0.9.0\Ksql.Linq\src\Ksql.Linq.csproj]
C:\dev\0.9.0\Ksql.Linq\src\Configuration\KsqlDslOptions.cs(62,68): error RS0016: Symbol 'DeserializationErrorPolicy.get' is not part of the declared public API (https://github.com/dotnet/roslyn-analyzers/blob/main/src/PublicApiAnalyzers/PublicApiAnalyzers.Help.md) [C:\dev\0.9.0\Ksql.Linq\src\Ksql.Linq.csproj]
C:\dev\0.9.0\Ksql.Linq\src\Configuration\DlqOptions.cs(44,31): error RS0016: Symbol 'TopicName.get' is not part of the declared public API (https://github.com/dotnet/roslyn-analyzers/blob/main/src/PublicApiAnalyzers/PublicApiAnalyzers.Help.md) [C:\dev\0.9.0\Ksql.Linq\src\Ksql.Linq.csproj]
C:\dev\0.9.0\Ksql.Linq\src\Configuration\KsqlDslOptions.cs(62,73): error RS0016: Symbol 'DeserializationErrorPolicy.set' is not part of the declared public API (https://github.com/dotnet/roslyn-analyzers/blob/main/src/PublicApiAnalyzers/PublicApiAnalyzers.Help.md) [C:\dev\0.9.0\Ksql.Linq\src\Ksql.Linq.csproj]
C:\dev\0.9.0\Ksql.Linq\src\Application\KsqlContextOptionsExtensions.cs(16,38): error RS0016: Symbol 'UseSchemaRegistry' is not part of the declared public API (https://github.com/dotnet/roslyn-analyzers/blob/main/src/PublicApiAnalyzers/PublicApiAnalyzers.Help.md) [C:\dev\0.9.0\Ksql.Linq\src\Ksql.Linq.csproj]
C:\dev\0.9.0\Ksql.Linq\src\Configuration\Messaging\TopicSection.cs(14,44): error RS0016: Symbol 'Producer.init' is not part of the declared public API (https://github.com/dotnet/roslyn-analyzers/blob/main/src/PublicApiAnalyzers/PublicApiAnalyzers.Help.md) [C:\dev\0.9.0\Ksql.Linq\src\Ksql.Linq.csproj]
C:\dev\0.9.0\Ksql.Linq\src\Configuration\DlqOptions.cs(44,36): error RS0016: Symbol 'TopicName.set' is not part of the declared public API (https://github.com/dotnet/roslyn-analyzers/blob/main/src/PublicApiAnalyzers/PublicApiAnalyzers.Help.md) [C:\dev\0.9.0\Ksql.Linq\src\Ksql.Linq.csproj]
C:\dev\0.9.0\Ksql.Linq\src\Configuration\KsqlDslOptions.cs(68,47): error RS0016: Symbol 'ReadFromFinalTopicByDefault.get' is not part of the declared public API (https://github.com/dotnet/roslyn-analyzers/blob/main/src/PublicApiAnalyzers/PublicApiAnalyzers.Help.md) [C:\dev\0.9.0\Ksql.Linq\src\Ksql.Linq.csproj]
C:\dev\0.9.0\Ksql.Linq\src\Configuration\DlqOptions.cs(46,37): error RS0016: Symbol 'EnableCompression.get' is not part of the declared public API (https://github.com/dotnet/roslyn-analyzers/blob/main/src/PublicApiAnalyzers/PublicApiAnalyzers.Help.md) [C:\dev\0.9.0\Ksql.Linq\src\Ksql.Linq.csproj]
C:\dev\0.9.0\Ksql.Linq\src\Configuration\Messaging\TopicSection.cs(17,39): error RS0016: Symbol 'Consumer.get' is not part of the declared public API (https://github.com/dotnet/roslyn-analyzers/blob/main/src/PublicApiAnalyzers/PublicApiAnalyzers.Help.md) [C:\dev\0.9.0\Ksql.Linq\src\Ksql.Linq.csproj]
C:\dev\0.9.0\Ksql.Linq\src\Configuration\Messaging\TopicSection.cs(17,44): error RS0016: Symbol 'Consumer.init' is not part of the declared public API (https://github.com/dotnet/roslyn-analyzers/blob/main/src/PublicApiAnalyzers/PublicApiAnalyzers.Help.md) [C:\dev\0.9.0\Ksql.Linq\src\Ksql.Linq.csproj]
C:\dev\0.9.0\Ksql.Linq\src\Configuration\KsqlDslOptions.cs(68,52): error RS0016: Symbol 'ReadFromFinalTopicByDefault.set' is not part of the declared public API (https://github.com/dotnet/roslyn-analyzers/blob/main/src/PublicApiAnalyzers/PublicApiAnalyzers.Help.md) [C:\dev\0.9.0\Ksql.Linq\src\Ksql.Linq.csproj]
C:\dev\0.9.0\Ksql.Linq\src\Configuration\DlqOptions.cs(46,42): error RS0016: Symbol 'EnableCompression.set' is not part of the declared public API (https://github.com/dotnet/roslyn-analyzers/blob/main/src/PublicApiAnalyzers/PublicApiAnalyzers.Help.md) [C:\dev\0.9.0\Ksql.Linq\src\Ksql.Linq.csproj]
C:\dev\0.9.0\Ksql.Linq\src\Configuration\Messaging\TopicSection.cs(20,50): error RS0016: Symbol 'Creation.init' is not part of the declared public API (https://github.com/dotnet/roslyn-analyzers/blob/main/src/PublicApiAnalyzers/PublicApiAnalyzers.Help.md) [C:\dev\0.9.0\Ksql.Linq\src\Ksql.Linq.csproj]
C:\dev\0.9.0\Ksql.Linq\src\Configuration\Messaging\TopicSection.cs(20,45): error RS0016: Symbol 'Creation.get' is not part of the declared public API (https://github.com/dotnet/roslyn-analyzers/blob/main/src/PublicApiAnalyzers/PublicApiAnalyzers.Help.md) [C:\dev\0.9.0\Ksql.Linq\src\Ksql.Linq.csproj]
C:\dev\0.9.0\Ksql.Linq\src\Configuration\DlqOptions.cs(47,35): error RS0016: Symbol 'MaxRetryAttempts.get' is not part of the declared public API (https://github.com/dotnet/roslyn-analyzers/blob/main/src/PublicApiAnalyzers/PublicApiAnalyzers.Help.md) [C:\dev\0.9.0\Ksql.Linq\src\Ksql.Linq.csproj]
C:\dev\0.9.0\Ksql.Linq\src\Configuration\KsqlDslOptions.cs(74,40): error RS0016: Symbol 'DecimalPrecision.init' is not part of the declared public API (https://github.com/dotnet/roslyn-analyzers/blob/main/src/PublicApiAnalyzers/PublicApiAnalyzers.Help.md) [C:\dev\0.9.0\Ksql.Linq\src\Ksql.Linq.csproj]
C:\dev\0.9.0\Ksql.Linq\src\Configuration\DlqOptions.cs(47,40): error RS0016: Symbol 'MaxRetryAttempts.set' is not part of the declared public API (https://github.com/dotnet/roslyn-analyzers/blob/main/src/PublicApiAnalyzers/PublicApiAnalyzers.Help.md) [C:\dev\0.9.0\Ksql.Linq\src\Ksql.Linq.csproj]
C:\dev\0.9.0\Ksql.Linq\src\Configuration\KsqlDslOptions.cs(74,35): error RS0016: Symbol 'DecimalPrecision.get' is not part of the declared public API (https://github.com/dotnet/roslyn-analyzers/blob/main/src/PublicApiAnalyzers/PublicApiAnalyzers.Help.md) [C:\dev\0.9.0\Ksql.Linq\src\Ksql.Linq.csproj]
C:\dev\0.9.0\Ksql.Linq\src\Application\KsqlContextOptionsExtensions.cs(24,38): error RS0016: Symbol 'EnableLogging' is not part of the declared public API (https://github.com/dotnet/roslyn-analyzers/blob/main/src/PublicApiAnalyzers/PublicApiAnalyzers.Help.md) [C:\dev\0.9.0\Ksql.Linq\src\Ksql.Linq.csproj]
C:\dev\0.9.0\Ksql.Linq\src\Configuration\KsqlDslOptions.cs(80,31): error RS0016: Symbol 'DecimalScale.get' is not part of the declared public API (https://github.com/dotnet/roslyn-analyzers/blob/main/src/PublicApiAnalyzers/PublicApiAnalyzers.Help.md) [C:\dev\0.9.0\Ksql.Linq\src\Ksql.Linq.csproj]
C:\dev\0.9.0\Ksql.Linq\src\Configuration\DlqOptions.cs(48,37): error RS0016: Symbol 'RetryInterval.get' is not part of the declared public API (https://github.com/dotnet/roslyn-analyzers/blob/main/src/PublicApiAnalyzers/PublicApiAnalyzers.Help.md) [C:\dev\0.9.0\Ksql.Linq\src\Ksql.Linq.csproj]
C:\dev\0.9.0\Ksql.Linq\src\Configuration\DlqOptions.cs(48,42): error RS0016: Symbol 'RetryInterval.set' is not part of the declared public API (https://github.com/dotnet/roslyn-analyzers/blob/main/src/PublicApiAnalyzers/PublicApiAnalyzers.Help.md) [C:\dev\0.9.0\Ksql.Linq\src\Ksql.Linq.csproj]
C:\dev\0.9.0\Ksql.Linq\src\Configuration\KsqlDslOptions.cs(80,36): error RS0016: Symbol 'DecimalScale.init' is not part of the declared public API (https://github.com/dotnet/roslyn-analyzers/blob/main/src/PublicApiAnalyzers/PublicApiAnalyzers.Help.md) [C:\dev\0.9.0\Ksql.Linq\src\Ksql.Linq.csproj]
C:\dev\0.9.0\Ksql.Linq\src\Configuration\DlqOptions.cs(49,50): error RS0016: Symbol 'MetricsCallback.get' is not part of the declared public API (https://github.com/dotnet/roslyn-analyzers/blob/main/src/PublicApiAnalyzers/PublicApiAnalyzers.Help.md) [C:\dev\0.9.0\Ksql.Linq\src\Ksql.Linq.csproj]
C:\dev\0.9.0\Ksql.Linq\src\Configuration\DlqOptions.cs(49,55): error RS0016: Symbol 'MetricsCallback.set' is not part of the declared public API (https://github.com/dotnet/roslyn-analyzers/blob/main/src/PublicApiAnalyzers/PublicApiAnalyzers.Help.md) [C:\dev\0.9.0\Ksql.Linq\src\Ksql.Linq.csproj]
C:\dev\0.9.0\Ksql.Linq\src\Configuration\KsqlDslOptions.cs(85,79): error RS0016: Symbol 'Decimals.get' is not part of the declared public API (https://github.com/dotnet/roslyn-analyzers/blob/main/src/PublicApiAnalyzers/PublicApiAnalyzers.Help.md) [C:\dev\0.9.0\Ksql.Linq\src\Ksql.Linq.csproj]
C:\dev\0.9.0\Ksql.Linq\src\Configuration\KsqlDslOptions.cs(85,84): error RS0016: Symbol 'Decimals.init' is not part of the declared public API (https://github.com/dotnet/roslyn-analyzers/blob/main/src/PublicApiAnalyzers/PublicApiAnalyzers.Help.md) [C:\dev\0.9.0\Ksql.Linq\src\Ksql.Linq.csproj]
C:\dev\0.9.0\Ksql.Linq\src\Configuration\DlqOptions.cs(55,36): error RS0016: Symbol 'RetentionMs.set' is not part of the declared public API (https://github.com/dotnet/roslyn-analyzers/blob/main/src/PublicApiAnalyzers/PublicApiAnalyzers.Help.md) [C:\dev\0.9.0\Ksql.Linq\src\Ksql.Linq.csproj]
C:\dev\0.9.0\Ksql.Linq\src\Configuration\KsqlDslOptions.cs(98,61): error RS0016: Symbol 'SourceNameOverrides.get' is not part of the declared public API (https://github.com/dotnet/roslyn-analyzers/blob/main/src/PublicApiAnalyzers/PublicApiAnalyzers.Help.md) [C:\dev\0.9.0\Ksql.Linq\src\Ksql.Linq.csproj]
C:\dev\0.9.0\Ksql.Linq\src\Configuration\DlqOptions.cs(55,31): error RS0016: Symbol 'RetentionMs.get' is not part of the declared public API (https://github.com/dotnet/roslyn-analyzers/blob/main/src/PublicApiAnalyzers/PublicApiAnalyzers.Help.md) [C:\dev\0.9.0\Ksql.Linq\src\Ksql.Linq.csproj]
C:\dev\0.9.0\Ksql.Linq\src\Configuration\DlqOptions.cs(61,32): error RS0016: Symbol 'NumPartitions.get' is not part of the declared public API (https://github.com/dotnet/roslyn-analyzers/blob/main/src/PublicApiAnalyzers/PublicApiAnalyzers.Help.md) [C:\dev\0.9.0\Ksql.Linq\src\Ksql.Linq.csproj]
C:\dev\0.9.0\Ksql.Linq\src\Configuration\KsqlDslOptions.cs(98,66): error RS0016: Symbol 'SourceNameOverrides.init' is not part of the declared public API (https://github.com/dotnet/roslyn-analyzers/blob/main/src/PublicApiAnalyzers/PublicApiAnalyzers.Help.md) [C:\dev\0.9.0\Ksql.Linq\src\Ksql.Linq.csproj]
C:\dev\0.9.0\Ksql.Linq\src\Configuration\KsqlDslOptions.cs(105,36): error RS0016: Symbol 'KsqlWarmupDelayMs.get' is not part of the declared public API (https://github.com/dotnet/roslyn-analyzers/blob/main/src/PublicApiAnalyzers/PublicApiAnalyzers.Help.md) [C:\dev\0.9.0\Ksql.Linq\src\Ksql.Linq.csproj]
C:\dev\0.9.0\Ksql.Linq\src\Application\KsqlContextOptionsExtensions.cs(32,38): error RS0016: Symbol 'ConfigureValidation' is not part of the declared public API (https://github.com/dotnet/roslyn-analyzers/blob/main/src/PublicApiAnalyzers/PublicApiAnalyzers.Help.md) [C:\dev\0.9.0\Ksql.Linq\src\Ksql.Linq.csproj]
C:\dev\0.9.0\Ksql.Linq\src\Configuration\Messaging\ProducerSection.cs(8,26): error RS0016: Symbol 'Acks.get' is not part of the declared public API (https://github.com/dotnet/roslyn-analyzers/blob/main/src/PublicApiAnalyzers/PublicApiAnalyzers.Help.md) [C:\dev\0.9.0\Ksql.Linq\src\Ksql.Linq.csproj]
C:\dev\0.9.0\Ksql.Linq\src\Configuration\KsqlDslOptions.cs(105,41): error RS0016: Symbol 'KsqlWarmupDelayMs.init' is not part of the declared public API (https://github.com/dotnet/roslyn-analyzers/blob/main/src/PublicApiAnalyzers/PublicApiAnalyzers.Help.md) [C:\dev\0.9.0\Ksql.Linq\src\Ksql.Linq.csproj]
C:\dev\0.9.0\Ksql.Linq\src\Configuration\Messaging\ProducerSection.cs(8,31): error RS0016: Symbol 'Acks.init' is not part of the declared public API (https://github.com/dotnet/roslyn-analyzers/blob/main/src/PublicApiAnalyzers/PublicApiAnalyzers.Help.md) [C:\dev\0.9.0\Ksql.Linq\src\Ksql.Linq.csproj]
C:\dev\0.9.0\Ksql.Linq\src\Configuration\DlqOptions.cs(61,37): error RS0016: Symbol 'NumPartitions.set' is not part of the declared public API (https://github.com/dotnet/roslyn-analyzers/blob/main/src/PublicApiAnalyzers/PublicApiAnalyzers.Help.md) [C:\dev\0.9.0\Ksql.Linq\src\Ksql.Linq.csproj]
C:\dev\0.9.0\Ksql.Linq\src\Configuration\DlqOptions.cs(67,38): error RS0016: Symbol 'ReplicationFactor.get' is not part of the declared public API (https://github.com/dotnet/roslyn-analyzers/blob/main/src/PublicApiAnalyzers/PublicApiAnalyzers.Help.md) [C:\dev\0.9.0\Ksql.Linq\src\Ksql.Linq.csproj]
C:\dev\0.9.0\Ksql.Linq\src\Configuration\KsqlDslOptions.cs(112,36): error RS0016: Symbol 'KsqlDdlRetryCount.get' is not part of the declared public API (https://github.com/dotnet/roslyn-analyzers/blob/main/src/PublicApiAnalyzers/PublicApiAnalyzers.Help.md) [C:\dev\0.9.0\Ksql.Linq\src\Ksql.Linq.csproj]
C:\dev\0.9.0\Ksql.Linq\src\Configuration\Messaging\ProducerSection.cs(11,37): error RS0016: Symbol 'CompressionType.get' is not part of the declared public API (https://github.com/dotnet/roslyn-analyzers/blob/main/src/PublicApiAnalyzers/PublicApiAnalyzers.Help.md) [C:\dev\0.9.0\Ksql.Linq\src\Ksql.Linq.csproj]
C:\dev\0.9.0\Ksql.Linq\src\Configuration\DlqOptions.cs(67,43): error RS0016: Symbol 'ReplicationFactor.set' is not part of the declared public API (https://github.com/dotnet/roslyn-analyzers/blob/main/src/PublicApiAnalyzers/PublicApiAnalyzers.Help.md) [C:\dev\0.9.0\Ksql.Linq\src\Ksql.Linq.csproj]
C:\dev\0.9.0\Ksql.Linq\src\Configuration\Messaging\ProducerSection.cs(11,42): error RS0016: Symbol 'CompressionType.init' is not part of the declared public API (https://github.com/dotnet/roslyn-analyzers/blob/main/src/PublicApiAnalyzers/PublicApiAnalyzers.Help.md) [C:\dev\0.9.0\Ksql.Linq\src\Ksql.Linq.csproj]
C:\dev\0.9.0\Ksql.Linq\src\Configuration\KsqlDslOptions.cs(112,41): error RS0016: Symbol 'KsqlDdlRetryCount.init' is not part of the declared public API (https://github.com/dotnet/roslyn-analyzers/blob/main/src/PublicApiAnalyzers/PublicApiAnalyzers.Help.md) [C:\dev\0.9.0\Ksql.Linq\src\Ksql.Linq.csproj]
C:\dev\0.9.0\Ksql.Linq\src\Configuration\DlqOptions.cs(73,38): error RS0016: Symbol 'EnableAutoCreation.get' is not part of the declared public API (https://github.com/dotnet/roslyn-analyzers/blob/main/src/PublicApiAnalyzers/PublicApiAnalyzers.Help.md) [C:\dev\0.9.0\Ksql.Linq\src\Ksql.Linq.csproj]
C:\dev\0.9.0\Ksql.Linq\src\Configuration\KsqlDslOptions.cs(119,45): error RS0016: Symbol 'KsqlDdlRetryInitialDelayMs.get' is not part of the declared public API (https://github.com/dotnet/roslyn-analyzers/blob/main/src/PublicApiAnalyzers/PublicApiAnalyzers.Help.md) [C:\dev\0.9.0\Ksql.Linq\src\Ksql.Linq.csproj]
C:\dev\0.9.0\Ksql.Linq\src\Configuration\Messaging\ProducerSection.cs(14,37): error RS0016: Symbol 'EnableIdempotence.get' is not part of the declared public API (https://github.com/dotnet/roslyn-analyzers/blob/main/src/PublicApiAnalyzers/PublicApiAnalyzers.Help.md) [C:\dev\0.9.0\Ksql.Linq\src\Ksql.Linq.csproj]
C:\dev\0.9.0\Ksql.Linq\src\Application\KsqlContextOptionsExtensions.cs(45,38): error RS0016: Symbol 'WithTimeouts' is not part of the declared public API (https://github.com/dotnet/roslyn-analyzers/blob/main/src/PublicApiAnalyzers/PublicApiAnalyzers.Help.md) [C:\dev\0.9.0\Ksql.Linq\src\Ksql.Linq.csproj]
C:\dev\0.9.0\Ksql.Linq\src\Configuration\Messaging\ProducerSection.cs(14,42): error RS0016: Symbol 'EnableIdempotence.init' is not part of the declared public API (https://github.com/dotnet/roslyn-analyzers/blob/main/src/PublicApiAnalyzers/PublicApiAnalyzers.Help.md) [C:\dev\0.9.0\Ksql.Linq\src\Ksql.Linq.csproj]
C:\dev\0.9.0\Ksql.Linq\src\Configuration\DlqOptions.cs(73,43): error RS0016: Symbol 'EnableAutoCreation.set' is not part of the declared public API (https://github.com/dotnet/roslyn-analyzers/blob/main/src/PublicApiAnalyzers/PublicApiAnalyzers.Help.md) [C:\dev\0.9.0\Ksql.Linq\src\Ksql.Linq.csproj]
C:\dev\0.9.0\Ksql.Linq\src\Configuration\KsqlDslOptions.cs(127,56): error RS0016: Symbol 'AdjustReplicationFactorToBrokerCount.get' is not part of the declared public API (https://github.com/dotnet/roslyn-analyzers/blob/main/src/PublicApiAnalyzers/PublicApiAnalyzers.Help.md) [C:\dev\0.9.0\Ksql.Linq\src\Ksql.Linq.csproj]
C:\dev\0.9.0\Ksql.Linq\src\Configuration\KsqlDslOptions.cs(119,50): error RS0016: Symbol 'KsqlDdlRetryInitialDelayMs.init' is not part of the declared public API (https://github.com/dotnet/roslyn-analyzers/blob/main/src/PublicApiAnalyzers/PublicApiAnalyzers.Help.md) [C:\dev\0.9.0\Ksql.Linq\src\Ksql.Linq.csproj]
C:\dev\0.9.0\Ksql.Linq\src\Configuration\Messaging\ProducerSection.cs(17,51): error RS0016: Symbol 'MaxInFlightRequestsPerConnection.get' is not part of the declared public API (https://github.com/dotnet/roslyn-analyzers/blob/main/src/PublicApiAnalyzers/PublicApiAnalyzers.Help.md) [C:\dev\0.9.0\Ksql.Linq\src\Ksql.Linq.csproj]
C:\dev\0.9.0\Ksql.Linq\src\Configuration\DlqOptions.cs(80,59): error RS0016: Symbol 'AdditionalConfigs.get' is not part of the declared public API (https://github.com/dotnet/roslyn-analyzers/blob/main/src/PublicApiAnalyzers/PublicApiAnalyzers.Help.md) [C:\dev\0.9.0\Ksql.Linq\src\Ksql.Linq.csproj]
C:\dev\0.9.0\Ksql.Linq\src\Configuration\Messaging\ProducerSection.cs(17,56): error RS0016: Symbol 'MaxInFlightRequestsPerConnection.init' is not part of the declared public API (https://github.com/dotnet/roslyn-analyzers/blob/main/src/PublicApiAnalyzers/PublicApiAnalyzers.Help.md) [C:\dev\0.9.0\Ksql.Linq\src\Ksql.Linq.csproj]
C:\dev\0.9.0\Ksql.Linq\src\Configuration\KsqlDslOptions.cs(127,61): error RS0016: Symbol 'AdjustReplicationFactorToBrokerCount.init' is not part of the declared public API (https://github.com/dotnet/roslyn-analyzers/blob/main/src/PublicApiAnalyzers/PublicApiAnalyzers.Help.md) [C:\dev\0.9.0\Ksql.Linq\src\Ksql.Linq.csproj]
C:\dev\0.9.0\Ksql.Linq\src\Configuration\DlqOptions.cs(80,64): error RS0016: Symbol 'AdditionalConfigs.set' is not part of the declared public API (https://github.com/dotnet/roslyn-analyzers/blob/main/src/PublicApiAnalyzers/PublicApiAnalyzers.Help.md) [C:\dev\0.9.0\Ksql.Linq\src\Ksql.Linq.csproj]
C:\dev\0.9.0\Ksql.Linq\src\Configuration\Messaging\ProducerSection.cs(20,27): error RS0016: Symbol 'LingerMs.get' is not part of the declared public API (https://github.com/dotnet/roslyn-analyzers/blob/main/src/PublicApiAnalyzers/PublicApiAnalyzers.Help.md) [C:\dev\0.9.0\Ksql.Linq\src\Ksql.Linq.csproj]
C:\dev\0.9.0\Ksql.Linq\src\Configuration\Messaging\ProducerSection.cs(20,32): error RS0016: Symbol 'LingerMs.init' is not part of the declared public API (https://github.com/dotnet/roslyn-analyzers/blob/main/src/PublicApiAnalyzers/PublicApiAnalyzers.Help.md) [C:\dev\0.9.0\Ksql.Linq\src\Ksql.Linq.csproj]
C:\dev\0.9.0\Ksql.Linq\src\Application\KsqlContextOptions.cs(7,57): error RS0016: Symbol 'SchemaRegistryClient.get' is not part of the declared public API (https://github.com/dotnet/roslyn-analyzers/blob/main/src/PublicApiAnalyzers/PublicApiAnalyzers.Help.md) [C:\dev\0.9.0\Ksql.Linq\src\Ksql.Linq.csproj]
C:\dev\0.9.0\Ksql.Linq\src\Configuration\Messaging\ProducerSection.cs(23,28): error RS0016: Symbol 'BatchSize.get' is not part of the declared public API (https://github.com/dotnet/roslyn-analyzers/blob/main/src/PublicApiAnalyzers/PublicApiAnalyzers.Help.md) [C:\dev\0.9.0\Ksql.Linq\src\Ksql.Linq.csproj]
C:\dev\0.9.0\Ksql.Linq\src\Application\KsqlContextOptions.cs(7,62): error RS0016: Symbol 'SchemaRegistryClient.set' is not part of the declared public API (https://github.com/dotnet/roslyn-analyzers/blob/main/src/PublicApiAnalyzers/PublicApiAnalyzers.Help.md) [C:\dev\0.9.0\Ksql.Linq\src\Ksql.Linq.csproj]
C:\dev\0.9.0\Ksql.Linq\src\Configuration\Messaging\ProducerSection.cs(23,33): error RS0016: Symbol 'BatchSize.init' is not part of the declared public API (https://github.com/dotnet/roslyn-analyzers/blob/main/src/PublicApiAnalyzers/PublicApiAnalyzers.Help.md) [C:\dev\0.9.0\Ksql.Linq\src\Ksql.Linq.csproj]
C:\dev\0.9.0\Ksql.Linq\src\Application\KsqlContextOptions.cs(8,44): error RS0016: Symbol 'LoggerFactory.get' is not part of the declared public API (https://github.com/dotnet/roslyn-analyzers/blob/main/src/PublicApiAnalyzers/PublicApiAnalyzers.Help.md) [C:\dev\0.9.0\Ksql.Linq\src\Ksql.Linq.csproj]
C:\dev\0.9.0\Ksql.Linq\src\Application\KsqlContextOptions.cs(8,49): error RS0016: Symbol 'LoggerFactory.set' is not part of the declared public API (https://github.com/dotnet/roslyn-analyzers/blob/main/src/PublicApiAnalyzers/PublicApiAnalyzers.Help.md) [C:\dev\0.9.0\Ksql.Linq\src\Ksql.Linq.csproj]
C:\dev\0.9.0\Ksql.Linq\src\Configuration\Messaging\ProducerSection.cs(33,36): error RS0016: Symbol 'DeliveryTimeoutMs.get' is not part of the declared public API (https://github.com/dotnet/roslyn-analyzers/blob/main/src/PublicApiAnalyzers/PublicApiAnalyzers.Help.md) [C:\dev\0.9.0\Ksql.Linq\src\Ksql.Linq.csproj]
C:\dev\0.9.0\Ksql.Linq\src\Configuration\Messaging\ProducerSection.cs(30,40): error RS0016: Symbol 'BatchNumMessages.init' is not part of the declared public API (https://github.com/dotnet/roslyn-analyzers/blob/main/src/PublicApiAnalyzers/PublicApiAnalyzers.Help.md) [C:\dev\0.9.0\Ksql.Linq\src\Ksql.Linq.csproj]
C:\dev\0.9.0\Ksql.Linq\src\Application\KsqlContextOptions.cs(9,79): error RS0016: Symbol 'Configuration.get' is not part of the declared public API (https://github.com/dotnet/roslyn-analyzers/blob/main/src/PublicApiAnalyzers/PublicApiAnalyzers.Help.md) [C:\dev\0.9.0\Ksql.Linq\src\Ksql.Linq.csproj]
C:\dev\0.9.0\Ksql.Linq\src\Application\KsqlContextOptions.cs(9,84): error RS0016: Symbol 'Configuration.set' is not part of the declared public API (https://github.com/dotnet/roslyn-analyzers/blob/main/src/PublicApiAnalyzers/PublicApiAnalyzers.Help.md) [C:\dev\0.9.0\Ksql.Linq\src\Ksql.Linq.csproj]
C:\dev\0.9.0\Ksql.Linq\src\Configuration\Messaging\ProducerSection.cs(30,35): error RS0016: Symbol 'BatchNumMessages.get' is not part of the declared public API (https://github.com/dotnet/roslyn-analyzers/blob/main/src/PublicApiAnalyzers/PublicApiAnalyzers.Help.md) [C:\dev\0.9.0\Ksql.Linq\src\Ksql.Linq.csproj]
C:\dev\0.9.0\Ksql.Linq\src\Application\KsqlContextOptions.cs(10,39): error RS0016: Symbol 'AutoRegisterSchemas.get' is not part of the declared public API (https://github.com/dotnet/roslyn-analyzers/blob/main/src/PublicApiAnalyzers/PublicApiAnalyzers.Help.md) [C:\dev\0.9.0\Ksql.Linq\src\Ksql.Linq.csproj]
C:\dev\0.9.0\Ksql.Linq\src\Configuration\Messaging\ProducerSection.cs(36,33): error RS0016: Symbol 'RetryBackoffMs.get' is not part of the declared public API (https://github.com/dotnet/roslyn-analyzers/blob/main/src/PublicApiAnalyzers/PublicApiAnalyzers.Help.md) [C:\dev\0.9.0\Ksql.Linq\src\Ksql.Linq.csproj]
C:\dev\0.9.0\Ksql.Linq\src\Application\KsqlContextOptions.cs(11,41): error RS0016: Symbol 'EnableCachePreWarming.get' is not part of the declared public API (https://github.com/dotnet/roslyn-analyzers/blob/main/src/PublicApiAnalyzers/PublicApiAnalyzers.Help.md) [C:\dev\0.9.0\Ksql.Linq\src\Ksql.Linq.csproj]
C:\dev\0.9.0\Ksql.Linq\src\Configuration\Messaging\ProducerSection.cs(33,41): error RS0016: Symbol 'DeliveryTimeoutMs.init' is not part of the declared public API (https://github.com/dotnet/roslyn-analyzers/blob/main/src/PublicApiAnalyzers/PublicApiAnalyzers.Help.md) [C:\dev\0.9.0\Ksql.Linq\src\Ksql.Linq.csproj]
C:\dev\0.9.0\Ksql.Linq\src\Application\KsqlContextOptions.cs(10,44): error RS0016: Symbol 'AutoRegisterSchemas.set' is not part of the declared public API (https://github.com/dotnet/roslyn-analyzers/blob/main/src/PublicApiAnalyzers/PublicApiAnalyzers.Help.md) [C:\dev\0.9.0\Ksql.Linq\src\Ksql.Linq.csproj]
C:\dev\0.9.0\Ksql.Linq\src\Configuration\KsqlDslOptions.cs(89,32): error RS0016: Symbol 'Precision.get' is not part of the declared public API (https://github.com/dotnet/roslyn-analyzers/blob/main/src/PublicApiAnalyzers/PublicApiAnalyzers.Help.md) [C:\dev\0.9.0\Ksql.Linq\src\Ksql.Linq.csproj]
C:\dev\0.9.0\Ksql.Linq\src\Application\KsqlContextOptions.cs(11,46): error RS0016: Symbol 'EnableCachePreWarming.set' is not part of the declared public API (https://github.com/dotnet/roslyn-analyzers/blob/main/src/PublicApiAnalyzers/PublicApiAnalyzers.Help.md) [C:\dev\0.9.0\Ksql.Linq\src\Ksql.Linq.csproj]
C:\dev\0.9.0\Ksql.Linq\src\Configuration\WindowConfiguration.cs(14,34): error RS0016: Symbol 'WindowSize.get' is not part of the declared public API (https://github.com/dotnet/roslyn-analyzers/blob/main/src/PublicApiAnalyzers/PublicApiAnalyzers.Help.md) [C:\dev\0.9.0\Ksql.Linq\src\Ksql.Linq.csproj]
C:\dev\0.9.0\Ksql.Linq\src\Application\KsqlContextOptions.cs(12,46): error RS0016: Symbol 'FailOnInitializationErrors.get' is not part of the declared public API (https://github.com/dotnet/roslyn-analyzers/blob/main/src/PublicApiAnalyzers/PublicApiAnalyzers.Help.md) [C:\dev\0.9.0\Ksql.Linq\src\Ksql.Linq.csproj]
C:\dev\0.9.0\Ksql.Linq\src\Configuration\KsqlDslOptions.cs(89,37): error RS0016: Symbol 'Precision.init' is not part of the declared public API (https://github.com/dotnet/roslyn-analyzers/blob/main/src/PublicApiAnalyzers/PublicApiAnalyzers.Help.md) [C:\dev\0.9.0\Ksql.Linq\src\Ksql.Linq.csproj]
C:\dev\0.9.0\Ksql.Linq\src\Configuration\Messaging\ProducerSection.cs(39,26): error RS0016: Symbol 'Retries.get' is not part of the declared public API (https://github.com/dotnet/roslyn-analyzers/blob/main/src/PublicApiAnalyzers/PublicApiAnalyzers.Help.md) [C:\dev\0.9.0\Ksql.Linq\src\Ksql.Linq.csproj]
C:\dev\0.9.0\Ksql.Linq\src\Configuration\Messaging\ProducerSection.cs(36,38): error RS0016: Symbol 'RetryBackoffMs.init' is not part of the declared public API (https://github.com/dotnet/roslyn-analyzers/blob/main/src/PublicApiAnalyzers/PublicApiAnalyzers.Help.md) [C:\dev\0.9.0\Ksql.Linq\src\Ksql.Linq.csproj]
C:\dev\0.9.0\Ksql.Linq\src\Configuration\WindowConfiguration.cs(14,39): error RS0016: Symbol 'WindowSize.init' is not part of the declared public API (https://github.com/dotnet/roslyn-analyzers/blob/main/src/PublicApiAnalyzers/PublicApiAnalyzers.Help.md) [C:\dev\0.9.0\Ksql.Linq\src\Ksql.Linq.csproj]
C:\dev\0.9.0\Ksql.Linq\src\Configuration\KsqlDslOptions.cs(90,28): error RS0016: Symbol 'Scale.get' is not part of the declared public API (https://github.com/dotnet/roslyn-analyzers/blob/main/src/PublicApiAnalyzers/PublicApiAnalyzers.Help.md) [C:\dev\0.9.0\Ksql.Linq\src\Ksql.Linq.csproj]
C:\dev\0.9.0\Ksql.Linq\src\Configuration\Messaging\ProducerSection.cs(39,31): error RS0016: Symbol 'Retries.init' is not part of the declared public API (https://github.com/dotnet/roslyn-analyzers/blob/main/src/PublicApiAnalyzers/PublicApiAnalyzers.Help.md) [C:\dev\0.9.0\Ksql.Linq\src\Ksql.Linq.csproj]
C:\dev\0.9.0\Ksql.Linq\src\Configuration\WindowConfiguration.cs(15,35): error RS0016: Symbol 'GracePeriod.get' is not part of the declared public API (https://github.com/dotnet/roslyn-analyzers/blob/main/src/PublicApiAnalyzers/PublicApiAnalyzers.Help.md) [C:\dev\0.9.0\Ksql.Linq\src\Ksql.Linq.csproj]
C:\dev\0.9.0\Ksql.Linq\src\Application\KsqlContextOptions.cs(12,51): error RS0016: Symbol 'FailOnInitializationErrors.set' is not part of the declared public API (https://github.com/dotnet/roslyn-analyzers/blob/main/src/PublicApiAnalyzers/PublicApiAnalyzers.Help.md) [C:\dev\0.9.0\Ksql.Linq\src\Ksql.Linq.csproj]
C:\dev\0.9.0\Ksql.Linq\src\Application\KsqlContextOptions.cs(13,38): error RS0016: Symbol 'FailOnSchemaErrors.get' is not part of the declared public API (https://github.com/dotnet/roslyn-analyzers/blob/main/src/PublicApiAnalyzers/PublicApiAnalyzers.Help.md) [C:\dev\0.9.0\Ksql.Linq\src\Ksql.Linq.csproj]
C:\dev\0.9.0\Ksql.Linq\src\Configuration\KsqlDslOptions.cs(90,33): error RS0016: Symbol 'Scale.init' is not part of the declared public API (https://github.com/dotnet/roslyn-analyzers/blob/main/src/PublicApiAnalyzers/PublicApiAnalyzers.Help.md) [C:\dev\0.9.0\Ksql.Linq\src\Ksql.Linq.csproj]
C:\dev\0.9.0\Ksql.Linq\src\Configuration\WindowConfiguration.cs(15,40): error RS0016: Symbol 'GracePeriod.init' is not part of the declared public API (https://github.com/dotnet/roslyn-analyzers/blob/main/src/PublicApiAnalyzers/PublicApiAnalyzers.Help.md) [C:\dev\0.9.0\Ksql.Linq\src\Ksql.Linq.csproj]
C:\dev\0.9.0\Ksql.Linq\src\Configuration\Messaging\ProducerSection.cs(42,32): error RS0016: Symbol 'BufferMemory.get' is not part of the declared public API (https://github.com/dotnet/roslyn-analyzers/blob/main/src/PublicApiAnalyzers/PublicApiAnalyzers.Help.md) [C:\dev\0.9.0\Ksql.Linq\src\Ksql.Linq.csproj]
C:\dev\0.9.0\Ksql.Linq\src\Application\KsqlContextOptions.cs(13,43): error RS0016: Symbol 'FailOnSchemaErrors.set' is not part of the declared public API (https://github.com/dotnet/roslyn-analyzers/blob/main/src/PublicApiAnalyzers/PublicApiAnalyzers.Help.md) [C:\dev\0.9.0\Ksql.Linq\src\Ksql.Linq.csproj]
C:\dev\0.9.0\Ksql.Linq\src\Configuration\WindowConfiguration.cs(16,37): error RS0016: Symbol 'SweepInterval.get' is not part of the declared public API (https://github.com/dotnet/roslyn-analyzers/blob/main/src/PublicApiAnalyzers/PublicApiAnalyzers.Help.md) [C:\dev\0.9.0\Ksql.Linq\src\Ksql.Linq.csproj]
C:\dev\0.9.0\Ksql.Linq\src\Application\KsqlContextOptions.cs(14,49): error RS0016: Symbol 'SchemaRegistrationTimeout.get' is not part of the declared public API (https://github.com/dotnet/roslyn-analyzers/blob/main/src/PublicApiAnalyzers/PublicApiAnalyzers.Help.md) [C:\dev\0.9.0\Ksql.Linq\src\Ksql.Linq.csproj]
C:\dev\0.9.0\Ksql.Linq\src\Configuration\WindowConfiguration.cs(16,42): error RS0016: Symbol 'SweepInterval.init' is not part of the declared public API (https://github.com/dotnet/roslyn-analyzers/blob/main/src/PublicApiAnalyzers/PublicApiAnalyzers.Help.md) [C:\dev\0.9.0\Ksql.Linq\src\Ksql.Linq.csproj]
C:\dev\0.9.0\Ksql.Linq\src\Configuration\Messaging\ProducerSection.cs(44,34): error RS0016: Symbol 'Partitioner.get' is not part of the declared public API (https://github.com/dotnet/roslyn-analyzers/blob/main/src/PublicApiAnalyzers/PublicApiAnalyzers.Help.md) [C:\dev\0.9.0\Ksql.Linq\src\Ksql.Linq.csproj]
C:\dev\0.9.0\Ksql.Linq\src\Configuration\Messaging\ProducerSection.cs(42,37): error RS0016: Symbol 'BufferMemory.init' is not part of the declared public API (https://github.com/dotnet/roslyn-analyzers/blob/main/src/PublicApiAnalyzers/PublicApiAnalyzers.Help.md) [C:\dev\0.9.0\Ksql.Linq\src\Ksql.Linq.csproj]
C:\dev\0.9.0\Ksql.Linq\src\Application\KsqlContextOptions.cs(14,54): error RS0016: Symbol 'SchemaRegistrationTimeout.set' is not part of the declared public API (https://github.com/dotnet/roslyn-analyzers/blob/main/src/PublicApiAnalyzers/PublicApiAnalyzers.Help.md) [C:\dev\0.9.0\Ksql.Linq\src\Ksql.Linq.csproj]
C:\dev\0.9.0\Ksql.Linq\src\Configuration\WindowConfiguration.cs(17,36): error RS0016: Symbol 'IdleEviction.get' is not part of the declared public API (https://github.com/dotnet/roslyn-analyzers/blob/main/src/PublicApiAnalyzers/PublicApiAnalyzers.Help.md) [C:\dev\0.9.0\Ksql.Linq\src\Ksql.Linq.csproj]
C:\dev\0.9.0\Ksql.Linq\src\Configuration\Messaging\ProducerSection.cs(44,39): error RS0016: Symbol 'Partitioner.init' is not part of the declared public API (https://github.com/dotnet/roslyn-analyzers/blob/main/src/PublicApiAnalyzers/PublicApiAnalyzers.Help.md) [C:\dev\0.9.0\Ksql.Linq\src\Ksql.Linq.csproj]
C:\dev\0.9.0\Ksql.Linq\src\Configuration\DlqOptions.cs(85,17): error RS0016: Symbol 'Validate' is not part of the declared public API (https://github.com/dotnet/roslyn-analyzers/blob/main/src/PublicApiAnalyzers/PublicApiAnalyzers.Help.md) [C:\dev\0.9.0\Ksql.Linq\src\Ksql.Linq.csproj]
C:\dev\0.9.0\Ksql.Linq\src\Configuration\WindowConfiguration.cs(17,41): error RS0016: Symbol 'IdleEviction.init' is not part of the declared public API (https://github.com/dotnet/roslyn-analyzers/blob/main/src/PublicApiAnalyzers/PublicApiAnalyzers.Help.md) [C:\dev\0.9.0\Ksql.Linq\src\Ksql.Linq.csproj]
C:\dev\0.9.0\Ksql.Linq\src\Configuration\Messaging\ProducerSection.cs(47,62): error RS0016: Symbol 'AdditionalProperties.get' is not part of the declared public API (https://github.com/dotnet/roslyn-analyzers/blob/main/src/PublicApiAnalyzers/PublicApiAnalyzers.Help.md) [C:\dev\0.9.0\Ksql.Linq\src\Ksql.Linq.csproj]
C:\dev\0.9.0\Ksql.Linq\src\Configuration\Messaging\ProducerSection.cs(47,67): error RS0016: Symbol 'AdditionalProperties.init' is not part of the declared public API (https://github.com/dotnet/roslyn-analyzers/blob/main/src/PublicApiAnalyzers/PublicApiAnalyzers.Help.md) [C:\dev\0.9.0\Ksql.Linq\src\Ksql.Linq.csproj]
C:\dev\0.9.0\Ksql.Linq\src\Application\KsqlContextOptions.cs(16,17): error RS0016: Symbol 'Validate' is not part of the declared public API (https://github.com/dotnet/roslyn-analyzers/blob/main/src/PublicApiAnalyzers/PublicApiAnalyzers.Help.md) [C:\dev\0.9.0\Ksql.Linq\src\Ksql.Linq.csproj]
C:\dev\0.9.0\Ksql.Linq\src\Configuration\ResolvedEntityConfig.cs(11,28): error RS0016: Symbol 'Entity.get' is not part of the declared public API (https://github.com/dotnet/roslyn-analyzers/blob/main/src/PublicApiAnalyzers/PublicApiAnalyzers.Help.md) [C:\dev\0.9.0\Ksql.Linq\src\Ksql.Linq.csproj]
C:\dev\0.9.0\Ksql.Linq\src\Configuration\WindowConfiguration.cs(19,39): error RS0016: Symbol 'FromMinutes' is not part of the declared public API (https://github.com/dotnet/roslyn-analyzers/blob/main/src/PublicApiAnalyzers/PublicApiAnalyzers.Help.md) [C:\dev\0.9.0\Ksql.Linq\src\Ksql.Linq.csproj]
C:\dev\0.9.0\Ksql.Linq\src\Configuration\Messaging\ConsumerSection.cs(12,34): error RS0016: Symbol 'GroupId.init' is not part of the declared public API (https://github.com/dotnet/roslyn-analyzers/blob/main/src/PublicApiAnalyzers/PublicApiAnalyzers.Help.md) [C:\dev\0.9.0\Ksql.Linq\src\Ksql.Linq.csproj]
C:\dev\0.9.0\Ksql.Linq\src\Configuration\Messaging\ConsumerSection.cs(15,37): error RS0016: Symbol 'AutoOffsetReset.get' is not part of the declared public API (https://github.com/dotnet/roslyn-analyzers/blob/main/src/PublicApiAnalyzers/PublicApiAnalyzers.Help.md) [C:\dev\0.9.0\Ksql.Linq\src\Ksql.Linq.csproj]
C:\dev\0.9.0\Ksql.Linq\src\Configuration\Messaging\ConsumerSection.cs(12,29): error RS0016: Symbol 'GroupId.get' is not part of the declared public API (https://github.com/dotnet/roslyn-analyzers/blob/main/src/PublicApiAnalyzers/PublicApiAnalyzers.Help.md) [C:\dev\0.9.0\Ksql.Linq\src\Ksql.Linq.csproj]
C:\dev\0.9.0\Ksql.Linq\src\Configuration\ResolvedEntityConfig.cs(12,33): error RS0016: Symbol 'SourceTopic.get' is not part of the declared public API (https://github.com/dotnet/roslyn-analyzers/blob/main/src/PublicApiAnalyzers/PublicApiAnalyzers.Help.md) [C:\dev\0.9.0\Ksql.Linq\src\Ksql.Linq.csproj]
C:\dev\0.9.0\Ksql.Linq\src\Configuration\ResolvedEntityConfig.cs(11,33): error RS0016: Symbol 'Entity.set' is not part of the declared public API (https://github.com/dotnet/roslyn-analyzers/blob/main/src/PublicApiAnalyzers/PublicApiAnalyzers.Help.md) [C:\dev\0.9.0\Ksql.Linq\src\Ksql.Linq.csproj]
C:\dev\0.9.0\Ksql.Linq\src\Application\KsqlContextBuilder.cs(10,38): error RS0016: Symbol 'Create' is not part of the declared public API (https://github.com/dotnet/roslyn-analyzers/blob/main/src/PublicApiAnalyzers/PublicApiAnalyzers.Help.md) [C:\dev\0.9.0\Ksql.Linq\src\Ksql.Linq.csproj]
C:\dev\0.9.0\Ksql.Linq\src\Configuration\ResolvedEntityConfig.cs(12,38): error RS0016: Symbol 'SourceTopic.set' is not part of the declared public API (https://github.com/dotnet/roslyn-analyzers/blob/main/src/PublicApiAnalyzers/PublicApiAnalyzers.Help.md) [C:\dev\0.9.0\Ksql.Linq\src\Ksql.Linq.csproj]
C:\dev\0.9.0\Ksql.Linq\src\Configuration\ResolvedEntityConfig.cs(13,30): error RS0016: Symbol 'GroupId.get' is not part of the declared public API (https://github.com/dotnet/roslyn-analyzers/blob/main/src/PublicApiAnalyzers/PublicApiAnalyzers.Help.md) [C:\dev\0.9.0\Ksql.Linq\src\Ksql.Linq.csproj]
C:\dev\0.9.0\Ksql.Linq\src\Configuration\Messaging\ConsumerSection.cs(15,42): error RS0016: Symbol 'AutoOffsetReset.init' is not part of the declared public API (https://github.com/dotnet/roslyn-analyzers/blob/main/src/PublicApiAnalyzers/PublicApiAnalyzers.Help.md) [C:\dev\0.9.0\Ksql.Linq\src\Ksql.Linq.csproj]
C:\dev\0.9.0\Ksql.Linq\src\Configuration\ResolvedEntityConfig.cs(13,35): error RS0016: Symbol 'GroupId.set' is not part of the declared public API (https://github.com/dotnet/roslyn-analyzers/blob/main/src/PublicApiAnalyzers/PublicApiAnalyzers.Help.md) [C:\dev\0.9.0\Ksql.Linq\src\Ksql.Linq.csproj]
C:\dev\0.9.0\Ksql.Linq\src\Configuration\ResolvedEntityConfig.cs(14,31): error RS0016: Symbol 'EnableCache.get' is not part of the declared public API (https://github.com/dotnet/roslyn-analyzers/blob/main/src/PublicApiAnalyzers/PublicApiAnalyzers.Help.md) [C:\dev\0.9.0\Ksql.Linq\src\Ksql.Linq.csproj]
C:\dev\0.9.0\Ksql.Linq\src\Configuration\ResolvedEntityConfig.cs(14,36): error RS0016: Symbol 'EnableCache.set' is not part of the declared public API (https://github.com/dotnet/roslyn-analyzers/blob/main/src/PublicApiAnalyzers/PublicApiAnalyzers.Help.md) [C:\dev\0.9.0\Ksql.Linq\src\Ksql.Linq.csproj]
C:\dev\0.9.0\Ksql.Linq\src\Configuration\ResolvedEntityConfig.cs(15,32): error RS0016: Symbol 'StoreName.get' is not part of the declared public API (https://github.com/dotnet/roslyn-analyzers/blob/main/src/PublicApiAnalyzers/PublicApiAnalyzers.Help.md) [C:\dev\0.9.0\Ksql.Linq\src\Ksql.Linq.csproj]
C:\dev\0.9.0\Ksql.Linq\src\Configuration\ResolvedEntityConfig.cs(15,37): error RS0016: Symbol 'StoreName.set' is not part of the declared public API (https://github.com/dotnet/roslyn-analyzers/blob/main/src/PublicApiAnalyzers/PublicApiAnalyzers.Help.md) [C:\dev\0.9.0\Ksql.Linq\src\Ksql.Linq.csproj]
C:\dev\0.9.0\Ksql.Linq\src\Configuration\Messaging\ConsumerSection.cs(18,36): error RS0016: Symbol 'EnableAutoCommit.get' is not part of the declared public API (https://github.com/dotnet/roslyn-analyzers/blob/main/src/PublicApiAnalyzers/PublicApiAnalyzers.Help.md) [C:\dev\0.9.0\Ksql.Linq\src\Ksql.Linq.csproj]
C:\dev\0.9.0\Ksql.Linq\src\Configuration\ResolvedEntityConfig.cs(21,60): error RS0016: Symbol 'AdditionalSettings.get' is not part of the declared public API (https://github.com/dotnet/roslyn-analyzers/blob/main/src/PublicApiAnalyzers/PublicApiAnalyzers.Help.md) [C:\dev\0.9.0\Ksql.Linq\src\Ksql.Linq.csproj]
C:\dev\0.9.0\Ksql.Linq\src\Configuration\Messaging\ConsumerSection.cs(21,39): error RS0016: Symbol 'AutoCommitIntervalMs.get' is not part of the declared public API (https://github.com/dotnet/roslyn-analyzers/blob/main/src/PublicApiAnalyzers/PublicApiAnalyzers.Help.md) [C:\dev\0.9.0\Ksql.Linq\src\Ksql.Linq.csproj]
C:\dev\0.9.0\Ksql.Linq\src\Application\KsqlContextBuilder.cs(15,31): error RS0016: Symbol 'UseConfiguration' is not part of the declared public API (https://github.com/dotnet/roslyn-analyzers/blob/main/src/PublicApiAnalyzers/PublicApiAnalyzers.Help.md) [C:\dev\0.9.0\Ksql.Linq\src\Ksql.Linq.csproj]
C:\dev\0.9.0\Ksql.Linq\src\Configuration\Messaging\ConsumerSection.cs(18,41): error RS0016: Symbol 'EnableAutoCommit.init' is not part of the declared public API (https://github.com/dotnet/roslyn-analyzers/blob/main/src/PublicApiAnalyzers/PublicApiAnalyzers.Help.md) [C:\dev\0.9.0\Ksql.Linq\src\Ksql.Linq.csproj]
C:\dev\0.9.0\Ksql.Linq\src\Core\Abstractions\ValidationResult.cs(7,27): error RS0016: Symbol 'IsValid.get' is not part of the declared public API (https://github.com/dotnet/roslyn-analyzers/blob/main/src/PublicApiAnalyzers/PublicApiAnalyzers.Help.md) [C:\dev\0.9.0\Ksql.Linq\src\Ksql.Linq.csproj]
C:\dev\0.9.0\Ksql.Linq\src\Core\Sql\Identifiers.cs(5,26): error RS0016: Symbol 'Normalize' is not part of the declared public API (https://github.com/dotnet/roslyn-analyzers/blob/main/src/PublicApiAnalyzers/PublicApiAnalyzers.Help.md) [C:\dev\0.9.0\Ksql.Linq\src\Ksql.Linq.csproj]
C:\dev\0.9.0\Ksql.Linq\src\Core\Abstractions\ValidationResult.cs(7,32): error RS0016: Symbol 'IsValid.set' is not part of the declared public API (https://github.com/dotnet/roslyn-analyzers/blob/main/src/PublicApiAnalyzers/PublicApiAnalyzers.Help.md) [C:\dev\0.9.0\Ksql.Linq\src\Ksql.Linq.csproj]
C:\dev\0.9.0\Ksql.Linq\src\Core\Abstractions\ValidationResult.cs(8,34): error RS0016: Symbol 'Errors.get' is not part of the declared public API (https://github.com/dotnet/roslyn-analyzers/blob/main/src/PublicApiAnalyzers/PublicApiAnalyzers.Help.md) [C:\dev\0.9.0\Ksql.Linq\src\Ksql.Linq.csproj]
C:\dev\0.9.0\Ksql.Linq\src\Application\KsqlContextBuilder.cs(22,31): error RS0016: Symbol 'UseSchemaRegistry' is not part of the declared public API (https://github.com/dotnet/roslyn-analyzers/blob/main/src/PublicApiAnalyzers/PublicApiAnalyzers.Help.md) [C:\dev\0.9.0\Ksql.Linq\src\Ksql.Linq.csproj]
C:\dev\0.9.0\Ksql.Linq\src\Core\Abstractions\ValidationResult.cs(8,39): error RS0016: Symbol 'Errors.set' is not part of the declared public API (https://github.com/dotnet/roslyn-analyzers/blob/main/src/PublicApiAnalyzers/PublicApiAnalyzers.Help.md) [C:\dev\0.9.0\Ksql.Linq\src\Ksql.Linq.csproj]
C:\dev\0.9.0\Ksql.Linq\src\Core\Abstractions\ValidationResult.cs(9,41): error RS0016: Symbol 'Warnings.set' is not part of the declared public API (https://github.com/dotnet/roslyn-analyzers/blob/main/src/PublicApiAnalyzers/PublicApiAnalyzers.Help.md) [C:\dev\0.9.0\Ksql.Linq\src\Ksql.Linq.csproj]
C:\dev\0.9.0\Ksql.Linq\src\Core\Abstractions\ValidationResult.cs(9,36): error RS0016: Symbol 'Warnings.get' is not part of the declared public API (https://github.com/dotnet/roslyn-analyzers/blob/main/src/PublicApiAnalyzers/PublicApiAnalyzers.Help.md) [C:\dev\0.9.0\Ksql.Linq\src\Ksql.Linq.csproj]
C:\dev\0.9.0\Ksql.Linq\src\Core\Retry\RetryPolicy.cs(16,35): error RS0016: Symbol 'MaxAttempts.init' is not part of the declared public API (https://github.com/dotnet/roslyn-analyzers/blob/main/src/PublicApiAnalyzers/PublicApiAnalyzers.Help.md) [C:\dev\0.9.0\Ksql.Linq\src\Ksql.Linq.csproj]
C:\dev\0.9.0\Ksql.Linq\src\Core\Retry\RetryPolicy.cs(16,30): error RS0016: Symbol 'MaxAttempts.get' is not part of the declared public API (https://github.com/dotnet/roslyn-analyzers/blob/main/src/PublicApiAnalyzers/PublicApiAnalyzers.Help.md) [C:\dev\0.9.0\Ksql.Linq\src\Ksql.Linq.csproj]
C:\dev\0.9.0\Ksql.Linq\src\Core\Retry\RetryPolicy.cs(17,36): error RS0016: Symbol 'InitialDelay.get' is not part of the declared public API (https://github.com/dotnet/roslyn-analyzers/blob/main/src/PublicApiAnalyzers/PublicApiAnalyzers.Help.md) [C:\dev\0.9.0\Ksql.Linq\src\Ksql.Linq.csproj]
C:\dev\0.9.0\Ksql.Linq\src\Application\KsqlContextBuilder.cs(28,31): error RS0016: Symbol 'UseSchemaRegistry' is not part of the declared public API (https://github.com/dotnet/roslyn-analyzers/blob/main/src/PublicApiAnalyzers/PublicApiAnalyzers.Help.md) [C:\dev\0.9.0\Ksql.Linq\src\Ksql.Linq.csproj]
C:\dev\0.9.0\Ksql.Linq\src\Core\Retry\RetryPolicy.cs(17,41): error RS0016: Symbol 'InitialDelay.init' is not part of the declared public API (https://github.com/dotnet/roslyn-analyzers/blob/main/src/PublicApiAnalyzers/PublicApiAnalyzers.Help.md) [C:\dev\0.9.0\Ksql.Linq\src\Ksql.Linq.csproj]
C:\dev\0.9.0\Ksql.Linq\src\Core\Retry\RetryPolicy.cs(18,32): error RS0016: Symbol 'MaxDelay.get' is not part of the declared public API (https://github.com/dotnet/roslyn-analyzers/blob/main/src/PublicApiAnalyzers/PublicApiAnalyzers.Help.md) [C:\dev\0.9.0\Ksql.Linq\src\Ksql.Linq.csproj]
C:\dev\0.9.0\Ksql.Linq\src\Core\Retry\RetryPolicy.cs(18,37): error RS0016: Symbol 'MaxDelay.init' is not part of the declared public API (https://github.com/dotnet/roslyn-analyzers/blob/main/src/PublicApiAnalyzers/PublicApiAnalyzers.Help.md) [C:\dev\0.9.0\Ksql.Linq\src\Ksql.Linq.csproj]
C:\dev\0.9.0\Ksql.Linq\src\Core\Retry\RetryPolicy.cs(19,39): error RS0016: Symbol 'Strategy.get' is not part of the declared public API (https://github.com/dotnet/roslyn-analyzers/blob/main/src/PublicApiAnalyzers/PublicApiAnalyzers.Help.md) [C:\dev\0.9.0\Ksql.Linq\src\Ksql.Linq.csproj]
C:\dev\0.9.0\Ksql.Linq\src\Core\Abstractions\KafkaMessageContext.cs(8,32): error RS0016: Symbol 'MessageId.get' is not part of the declared public API (https://github.com/dotnet/roslyn-analyzers/blob/main/src/PublicApiAnalyzers/PublicApiAnalyzers.Help.md) [C:\dev\0.9.0\Ksql.Linq\src\Ksql.Linq.csproj]
C:\dev\0.9.0\Ksql.Linq\src\Core\Retry\RetryPolicy.cs(19,44): error RS0016: Symbol 'Strategy.init' is not part of the declared public API (https://github.com/dotnet/roslyn-analyzers/blob/main/src/PublicApiAnalyzers/PublicApiAnalyzers.Help.md) [C:\dev\0.9.0\Ksql.Linq\src\Ksql.Linq.csproj]
C:\dev\0.9.0\Ksql.Linq\src\Core\Abstractions\KafkaMessageContext.cs(8,37): error RS0016: Symbol 'MessageId.set' is not part of the declared public API (https://github.com/dotnet/roslyn-analyzers/blob/main/src/PublicApiAnalyzers/PublicApiAnalyzers.Help.md) [C:\dev\0.9.0\Ksql.Linq\src\Ksql.Linq.csproj]
C:\dev\0.9.0\Ksql.Linq\src\Application\KsqlContextBuilder.cs(34,31): error RS0016: Symbol 'UseSchemaRegistry' is not part of the declared public API (https://github.com/dotnet/roslyn-analyzers/blob/main/src/PublicApiAnalyzers/PublicApiAnalyzers.Help.md) [C:\dev\0.9.0\Ksql.Linq\src\Ksql.Linq.csproj]
C:\dev\0.9.0\Ksql.Linq\src\Core\Abstractions\KafkaMessageContext.cs(9,36): error RS0016: Symbol 'CorrelationId.get' is not part of the declared public API (https://github.com/dotnet/roslyn-analyzers/blob/main/src/PublicApiAnalyzers/PublicApiAnalyzers.Help.md) [C:\dev\0.9.0\Ksql.Linq\src\Ksql.Linq.csproj]
C:\dev\0.9.0\Ksql.Linq\src\Core\Retry\RetryPolicy.cs(20,49): error RS0016: Symbol 'IsRetryable.get' is not part of the declared public API (https://github.com/dotnet/roslyn-analyzers/blob/main/src/PublicApiAnalyzers/PublicApiAnalyzers.Help.md) [C:\dev\0.9.0\Ksql.Linq\src\Ksql.Linq.csproj]
C:\dev\0.9.0\Ksql.Linq\src\Core\Abstractions\KafkaMessageContext.cs(9,41): error RS0016: Symbol 'CorrelationId.set' is not part of the declared public API (https://github.com/dotnet/roslyn-analyzers/blob/main/src/PublicApiAnalyzers/PublicApiAnalyzers.Help.md) [C:\dev\0.9.0\Ksql.Linq\src\Ksql.Linq.csproj]
C:\dev\0.9.0\Ksql.Linq\src\Core\Retry\RetryPolicy.cs(20,54): error RS0016: Symbol 'IsRetryable.init' is not part of the declared public API (https://github.com/dotnet/roslyn-analyzers/blob/main/src/PublicApiAnalyzers/PublicApiAnalyzers.Help.md) [C:\dev\0.9.0\Ksql.Linq\src\Ksql.Linq.csproj]
C:\dev\0.9.0\Ksql.Linq\src\Core\Abstractions\KafkaMessageContext.cs(10,35): error RS0016: Symbol 'TargetPartition.get' is not part of the declared public API (https://github.com/dotnet/roslyn-analyzers/blob/main/src/PublicApiAnalyzers/PublicApiAnalyzers.Help.md) [C:\dev\0.9.0\Ksql.Linq\src\Ksql.Linq.csproj]
C:\dev\0.9.0\Ksql.Linq\src\Core\Abstractions\KafkaMessageContext.cs(10,40): error RS0016: Symbol 'TargetPartition.set' is not part of the declared public API (https://github.com/dotnet/roslyn-analyzers/blob/main/src/PublicApiAnalyzers/PublicApiAnalyzers.Help.md) [C:\dev\0.9.0\Ksql.Linq\src\Ksql.Linq.csproj]
C:\dev\0.9.0\Ksql.Linq\src\Application\KsqlContextBuilder.cs(40,31): error RS0016: Symbol 'EnableLogging' is not part of the declared public API (https://github.com/dotnet/roslyn-analyzers/blob/main/src/PublicApiAnalyzers/PublicApiAnalyzers.Help.md) [C:\dev\0.9.0\Ksql.Linq\src\Ksql.Linq.csproj]
C:\dev\0.9.0\Ksql.Linq\src\Core\Abstractions\KafkaMessageContext.cs(11,49): error RS0016: Symbol 'Headers.get' is not part of the declared public API (https://github.com/dotnet/roslyn-analyzers/blob/main/src/PublicApiAnalyzers/PublicApiAnalyzers.Help.md) [C:\dev\0.9.0\Ksql.Linq\src\Ksql.Linq.csproj]
C:\dev\0.9.0\Ksql.Linq\src\Core\Abstractions\KafkaMessageContext.cs(11,54): error RS0016: Symbol 'Headers.set' is not part of the declared public API (https://github.com/dotnet/roslyn-analyzers/blob/main/src/PublicApiAnalyzers/PublicApiAnalyzers.Help.md) [C:\dev\0.9.0\Ksql.Linq\src\Ksql.Linq.csproj]
C:\dev\0.9.0\Ksql.Linq\src\Core\Abstractions\KafkaMessageContext.cs(12,46): error RS0016: Symbol 'Tags.get' is not part of the declared public API (https://github.com/dotnet/roslyn-analyzers/blob/main/src/PublicApiAnalyzers/PublicApiAnalyzers.Help.md) [C:\dev\0.9.0\Ksql.Linq\src\Ksql.Linq.csproj]
C:\dev\0.9.0\Ksql.Linq\src\Configuration\WindowConfiguration.cs(33,39): error RS0016: Symbol 'FromConfiguration' is not part of the declared public API (https://github.com/dotnet/roslyn-analyzers/blob/main/src/PublicApiAnalyzers/PublicApiAnalyzers.Help.md) [C:\dev\0.9.0\Ksql.Linq\src\Ksql.Linq.csproj]
C:\dev\0.9.0\Ksql.Linq\src\Core\Abstractions\KafkaMessageContext.cs(12,51): error RS0016: Symbol 'Tags.set' is not part of the declared public API (https://github.com/dotnet/roslyn-analyzers/blob/main/src/PublicApiAnalyzers/PublicApiAnalyzers.Help.md) [C:\dev\0.9.0\Ksql.Linq\src\Ksql.Linq.csproj]
C:\dev\0.9.0\Ksql.Linq\src\Application\KsqlContextBuilder.cs(46,31): error RS0016: Symbol 'ConfigureValidation' is not part of the declared public API (https://github.com/dotnet/roslyn-analyzers/blob/main/src/PublicApiAnalyzers/PublicApiAnalyzers.Help.md) [C:\dev\0.9.0\Ksql.Linq\src\Ksql.Linq.csproj]
C:\dev\0.9.0\Ksql.Linq\src\Core\Abstractions\IKsqlContext.cs(17,35): error RS0016: Symbol 'GetEntityModels' is not part of the declared public API (https://github.com/dotnet/roslyn-analyzers/blob/main/src/PublicApiAnalyzers/PublicApiAnalyzers.Help.md) [C:\dev\0.9.0\Ksql.Linq\src\Ksql.Linq.csproj]
C:\dev\0.9.0\Ksql.Linq\src\Application\KsqlContextBuilder.cs(55,31): error RS0016: Symbol 'WithTimeouts' is not part of the declared public API (https://github.com/dotnet/roslyn-analyzers/blob/main/src/PublicApiAnalyzers/PublicApiAnalyzers.Help.md) [C:\dev\0.9.0\Ksql.Linq\src\Ksql.Linq.csproj]
C:\dev\0.9.0\Ksql.Linq\src\Core\Abstractions\IKsqlContext.cs(15,12): error RS0016: Symbol 'GetEventSet' is not part of the declared public API (https://github.com/dotnet/roslyn-analyzers/blob/main/src/PublicApiAnalyzers/PublicApiAnalyzers.Help.md) [C:\dev\0.9.0\Ksql.Linq\src\Ksql.Linq.csproj]
C:\dev\0.9.0\Ksql.Linq\src\Core\Retry\RetryPolicy.cs(22,42): error RS0016: Symbol 'Default.get' is not part of the declared public API (https://github.com/dotnet/roslyn-analyzers/blob/main/src/PublicApiAnalyzers/PublicApiAnalyzers.Help.md) [C:\dev\0.9.0\Ksql.Linq\src\Ksql.Linq.csproj]
C:\dev\0.9.0\Ksql.Linq\src\Core\Abstractions\IKsqlContext.cs(19,23): error RS0016: Symbol 'Dlq.get' is not part of the declared public API (https://github.com/dotnet/roslyn-analyzers/blob/main/src/PublicApiAnalyzers/PublicApiAnalyzers.Help.md) [C:\dev\0.9.0\Ksql.Linq\src\Ksql.Linq.csproj]
C:\dev\0.9.0\Ksql.Linq\src\Core\Abstractions\IKsqlContext.cs(14,19): error RS0016: Symbol 'Set<T>' is not part of the declared public API (https://github.com/dotnet/roslyn-analyzers/blob/main/src/PublicApiAnalyzers/PublicApiAnalyzers.Help.md) [C:\dev\0.9.0\Ksql.Linq\src\Ksql.Linq.csproj]
C:\dev\0.9.0\Ksql.Linq\src\Core\Abstractions\IRemovableEntitySet.cs(10,14): error RS0016: Symbol 'RemoveAsync' is not part of the declared public API (https://github.com/dotnet/roslyn-analyzers/blob/main/src/PublicApiAnalyzers/PublicApiAnalyzers.Help.md) [C:\dev\0.9.0\Ksql.Linq\src\Ksql.Linq.csproj]
C:\dev\0.9.0\Ksql.Linq\src\Core\Abstractions\IModelBuilder.cs(13,27): error RS0016: Symbol 'Entity<T>' is not part of the declared public API (https://github.com/dotnet/roslyn-analyzers/blob/main/src/PublicApiAnalyzers/PublicApiAnalyzers.Help.md) [C:\dev\0.9.0\Ksql.Linq\src\Ksql.Linq.csproj]
C:\dev\0.9.0\Ksql.Linq\src\Core\Abstractions\IJoinSupport.cs(8,28): error RS0016: Symbol 'Join<TInner, TKey>' is not part of the declared public API (https://github.com/dotnet/roslyn-analyzers/blob/main/src/PublicApiAnalyzers/PublicApiAnalyzers.Help.md) [C:\dev\0.9.0\Ksql.Linq\src\Ksql.Linq.csproj]
C:\dev\0.9.0\Ksql.Linq\src\Core\Abstractions\IJoinResult.cs(10,25): error RS0016: Symbol 'Select<TResult>' is not part of the declared public API (https://github.com/dotnet/roslyn-analyzers/blob/main/src/PublicApiAnalyzers/PublicApiAnalyzers.Help.md) [C:\dev\0.9.0\Ksql.Linq\src\Ksql.Linq.csproj]
C:\dev\0.9.0\Ksql.Linq\src\Application\KsqlContextBuilder.cs(62,31): error RS0016: Symbol 'Build' is not part of the declared public API (https://github.com/dotnet/roslyn-analyzers/blob/main/src/PublicApiAnalyzers/PublicApiAnalyzers.Help.md) [C:\dev\0.9.0\Ksql.Linq\src\Ksql.Linq.csproj]
C:\dev\0.9.0\Ksql.Linq\src\Core\Abstractions\IJoinableEntitySet.cs(8,32): error RS0016: Symbol 'Join<TInner, TKey>' is not part of the declared public API (https://github.com/dotnet/roslyn-analyzers/blob/main/src/PublicApiAnalyzers/PublicApiAnalyzers.Help.md) [C:\dev\0.9.0\Ksql.Linq\src\Ksql.Linq.csproj]
C:\dev\0.9.0\Ksql.Linq\src\Core\Abstractions\IErrorSink.cs(13,10): error RS0016: Symbol 'HandleErrorAsync' is not part of the declared public API (https://github.com/dotnet/roslyn-analyzers/blob/main/src/PublicApiAnalyzers/PublicApiAnalyzers.Help.md) [C:\dev\0.9.0\Ksql.Linq\src\Ksql.Linq.csproj]
C:\dev\0.9.0\Ksql.Linq\src\Core\Abstractions\IErrorSink.cs(26,10): error RS0016: Symbol 'InitializeAsync' is not part of the declared public API (https://github.com/dotnet/roslyn-analyzers/blob/main/src/PublicApiAnalyzers/PublicApiAnalyzers.Help.md) [C:\dev\0.9.0\Ksql.Linq\src\Ksql.Linq.csproj]
C:\dev\0.9.0\Ksql.Linq\src\Core\Abstractions\IErrorSink.cs(20,10): error RS0016: Symbol 'HandleErrorAsync' is not part of the declared public API (https://github.com/dotnet/roslyn-analyzers/blob/main/src/PublicApiAnalyzers/PublicApiAnalyzers.Help.md) [C:\dev\0.9.0\Ksql.Linq\src\Ksql.Linq.csproj]
C:\dev\0.9.0\Ksql.Linq\src\Core\Abstractions\IErrorSink.cs(37,24): error RS0016: Symbol 'IsAvailable.get' is not part of the declared public API (https://github.com/dotnet/roslyn-analyzers/blob/main/src/PublicApiAnalyzers/PublicApiAnalyzers.Help.md) [C:\dev\0.9.0\Ksql.Linq\src\Ksql.Linq.csproj]
C:\dev\0.9.0\Ksql.Linq\src\Core\Abstractions\IErrorSink.cs(32,10): error RS0016: Symbol 'CleanupAsync' is not part of the declared public API (https://github.com/dotnet/roslyn-analyzers/blob/main/src/PublicApiAnalyzers/PublicApiAnalyzers.Help.md) [C:\dev\0.9.0\Ksql.Linq\src\Ksql.Linq.csproj]
C:\dev\0.9.0\Ksql.Linq\src\Core\Abstractions\IEntitySet.cs(17,10): error RS0016: Symbol 'RemoveAsync' is not part of the declared public API (https://github.com/dotnet/roslyn-analyzers/blob/main/src/PublicApiAnalyzers/PublicApiAnalyzers.Help.md) [C:\dev\0.9.0\Ksql.Linq\src\Ksql.Linq.csproj]
C:\dev\0.9.0\Ksql.Linq\src\Core\Abstractions\IEntitySet.cs(16,10): error RS0016: Symbol 'AddAsync' is not part of the declared public API (https://github.com/dotnet/roslyn-analyzers/blob/main/src/PublicApiAnalyzers/PublicApiAnalyzers.Help.md) [C:\dev\0.9.0\Ksql.Linq\src\Ksql.Linq.csproj]
C:\dev\0.9.0\Ksql.Linq\src\Core\Abstractions\IEntitySet.cs(34,17): error RS0016: Symbol 'GetEntityModel' is not part of the declared public API (https://github.com/dotnet/roslyn-analyzers/blob/main/src/PublicApiAnalyzers/PublicApiAnalyzers.Help.md) [C:\dev\0.9.0\Ksql.Linq\src\Ksql.Linq.csproj]
C:\dev\0.9.0\Ksql.Linq\src\Core\Abstractions\IEntitySet.cs(20,19): error RS0016: Symbol 'ToListAsync' is not part of the declared public API (https://github.com/dotnet/roslyn-analyzers/blob/main/src/PublicApiAnalyzers/PublicApiAnalyzers.Help.md) [C:\dev\0.9.0\Ksql.Linq\src\Ksql.Linq.csproj]
C:\dev\0.9.0\Ksql.Linq\src\Core\Abstractions\IEntitySet.cs(33,12): error RS0016: Symbol 'GetTopicName' is not part of the declared public API (https://github.com/dotnet/roslyn-analyzers/blob/main/src/PublicApiAnalyzers/PublicApiAnalyzers.Help.md) [C:\dev\0.9.0\Ksql.Linq\src\Ksql.Linq.csproj]
C:\dev\0.9.0\Ksql.Linq\src\Core\Abstractions\IEntitySet.cs(24,10): error RS0016: Symbol 'ForEachAsync' is not part of the declared public API (https://github.com/dotnet/roslyn-analyzers/blob/main/src/PublicApiAnalyzers/PublicApiAnalyzers.Help.md) [C:\dev\0.9.0\Ksql.Linq\src\Ksql.Linq.csproj]
C:\dev\0.9.0\Ksql.Linq\src\Core\Abstractions\IEntitySet.cs(26,10): error RS0016: Symbol 'ForEachAsync' is not part of the declared public API (https://github.com/dotnet/roslyn-analyzers/blob/main/src/PublicApiAnalyzers/PublicApiAnalyzers.Help.md) [C:\dev\0.9.0\Ksql.Linq\src\Ksql.Linq.csproj]
C:\dev\0.9.0\Ksql.Linq\src\Core\Abstractions\ErrorHandlingPolicy.cs(7,33): error RS0016: Symbol 'Action.get' is not part of the declared public API (https://github.com/dotnet/roslyn-analyzers/blob/main/src/PublicApiAnalyzers/PublicApiAnalyzers.Help.md) [C:\dev\0.9.0\Ksql.Linq\src\Ksql.Linq.csproj]
C:\dev\0.9.0\Ksql.Linq\src\Configuration\Messaging\ConsumerSection.cs(21,44): error RS0016: Symbol 'AutoCommitIntervalMs.init' is not part of the declared public API (https://github.com/dotnet/roslyn-analyzers/blob/main/src/PublicApiAnalyzers/PublicApiAnalyzers.Help.md) [C:\dev\0.9.0\Ksql.Linq\src\Ksql.Linq.csproj]
C:\dev\0.9.0\Ksql.Linq\src\Core\Abstractions\IEntitySet.cs(35,18): error RS0016: Symbol 'GetContext' is not part of the declared public API (https://github.com/dotnet/roslyn-analyzers/blob/main/src/PublicApiAnalyzers/PublicApiAnalyzers.Help.md) [C:\dev\0.9.0\Ksql.Linq\src\Ksql.Linq.csproj]
C:\dev\0.9.0\Ksql.Linq\src\Configuration\Messaging\ConsumerSection.cs(24,35): error RS0016: Symbol 'SessionTimeoutMs.get' is not part of the declared public API (https://github.com/dotnet/roslyn-analyzers/blob/main/src/PublicApiAnalyzers/PublicApiAnalyzers.Help.md) [C:\dev\0.9.0\Ksql.Linq\src\Ksql.Linq.csproj]
C:\dev\0.9.0\Ksql.Linq\src\Core\Abstractions\ErrorHandlingPolicy.cs(7,38): error RS0016: Symbol 'Action.set' is not part of the declared public API (https://github.com/dotnet/roslyn-analyzers/blob/main/src/PublicApiAnalyzers/PublicApiAnalyzers.Help.md) [C:\dev\0.9.0\Ksql.Linq\src\Ksql.Linq.csproj]
C:\dev\0.9.0\Ksql.Linq\src\Core\Abstractions\ErrorHandlingPolicy.cs(8,29): error RS0016: Symbol 'RetryCount.get' is not part of the declared public API (https://github.com/dotnet/roslyn-analyzers/blob/main/src/PublicApiAnalyzers/PublicApiAnalyzers.Help.md) [C:\dev\0.9.0\Ksql.Linq\src\Ksql.Linq.csproj]
C:\dev\0.9.0\Ksql.Linq\src\Configuration\Messaging\ConsumerSection.cs(27,38): error RS0016: Symbol 'HeartbeatIntervalMs.get' is not part of the declared public API (https://github.com/dotnet/roslyn-analyzers/blob/main/src/PublicApiAnalyzers/PublicApiAnalyzers.Help.md) [C:\dev\0.9.0\Ksql.Linq\src\Ksql.Linq.csproj]
C:\dev\0.9.0\Ksql.Linq\src\Configuration\Messaging\ConsumerSection.cs(24,40): error RS0016: Symbol 'SessionTimeoutMs.init' is not part of the declared public API (https://github.com/dotnet/roslyn-analyzers/blob/main/src/PublicApiAnalyzers/PublicApiAnalyzers.Help.md) [C:\dev\0.9.0\Ksql.Linq\src\Ksql.Linq.csproj]
C:\dev\0.9.0\Ksql.Linq\src\Core\Abstractions\ErrorHandlingPolicy.cs(8,34): error RS0016: Symbol 'RetryCount.set' is not part of the declared public API (https://github.com/dotnet/roslyn-analyzers/blob/main/src/PublicApiAnalyzers/PublicApiAnalyzers.Help.md) [C:\dev\0.9.0\Ksql.Linq\src\Ksql.Linq.csproj]
C:\dev\0.9.0\Ksql.Linq\src\Core\Abstractions\ErrorHandlingPolicy.cs(9,37): error RS0016: Symbol 'RetryInterval.get' is not part of the declared public API (https://github.com/dotnet/roslyn-analyzers/blob/main/src/PublicApiAnalyzers/PublicApiAnalyzers.Help.md) [C:\dev\0.9.0\Ksql.Linq\src\Ksql.Linq.csproj]
C:\dev\0.9.0\Ksql.Linq\src\Configuration\Messaging\ConsumerSection.cs(30,36): error RS0016: Symbol 'MaxPollIntervalMs.get' is not part of the declared public API (https://github.com/dotnet/roslyn-analyzers/blob/main/src/PublicApiAnalyzers/PublicApiAnalyzers.Help.md) [C:\dev\0.9.0\Ksql.Linq\src\Ksql.Linq.csproj]
C:\dev\0.9.0\Ksql.Linq\src\Core\Abstractions\ErrorHandlingPolicy.cs(9,42): error RS0016: Symbol 'RetryInterval.set' is not part of the declared public API (https://github.com/dotnet/roslyn-analyzers/blob/main/src/PublicApiAnalyzers/PublicApiAnalyzers.Help.md) [C:\dev\0.9.0\Ksql.Linq\src\Ksql.Linq.csproj]
C:\dev\0.9.0\Ksql.Linq\src\Configuration\Messaging\ConsumerSection.cs(30,41): error RS0016: Symbol 'MaxPollIntervalMs.init' is not part of the declared public API (https://github.com/dotnet/roslyn-analyzers/blob/main/src/PublicApiAnalyzers/PublicApiAnalyzers.Help.md) [C:\dev\0.9.0\Ksql.Linq\src\Ksql.Linq.csproj]
C:\dev\0.9.0\Ksql.Linq\src\Configuration\Messaging\ConsumerSection.cs(27,43): error RS0016: Symbol 'HeartbeatIntervalMs.init' is not part of the declared public API (https://github.com/dotnet/roslyn-analyzers/blob/main/src/PublicApiAnalyzers/PublicApiAnalyzers.Help.md) [C:\dev\0.9.0\Ksql.Linq\src\Ksql.Linq.csproj]
C:\dev\0.9.0\Ksql.Linq\src\Core\Abstractions\ErrorHandlingPolicy.cs(13,62): error RS0016: Symbol 'CustomHandler.get' is not part of the declared public API (https://github.com/dotnet/roslyn-analyzers/blob/main/src/PublicApiAnalyzers/PublicApiAnalyzers.Help.md) [C:\dev\0.9.0\Ksql.Linq\src\Ksql.Linq.csproj]
C:\dev\0.9.0\Ksql.Linq\src\Configuration\Messaging\ConsumerSection.cs(33,33): error RS0016: Symbol 'MaxPollRecords.get' is not part of the declared public API (https://github.com/dotnet/roslyn-analyzers/blob/main/src/PublicApiAnalyzers/PublicApiAnalyzers.Help.md) [C:\dev\0.9.0\Ksql.Linq\src\Ksql.Linq.csproj]
C:\dev\0.9.0\Ksql.Linq\src\Configuration\Messaging\ConsumerSection.cs(33,38): error RS0016: Symbol 'MaxPollRecords.init' is not part of the declared public API (https://github.com/dotnet/roslyn-analyzers/blob/main/src/PublicApiAnalyzers/PublicApiAnalyzers.Help.md) [C:\dev\0.9.0\Ksql.Linq\src\Ksql.Linq.csproj]
C:\dev\0.9.0\Ksql.Linq\src\Core\Abstractions\ErrorHandlingPolicy.cs(13,67): error RS0016: Symbol 'CustomHandler.set' is not part of the declared public API (https://github.com/dotnet/roslyn-analyzers/blob/main/src/PublicApiAnalyzers/PublicApiAnalyzers.Help.md) [C:\dev\0.9.0\Ksql.Linq\src\Ksql.Linq.csproj]
C:\dev\0.9.0\Ksql.Linq\src\Core\Abstractions\ErrorHandlingPolicy.cs(18,51): error RS0016: Symbol 'RetryCondition.get' is not part of the declared public API (https://github.com/dotnet/roslyn-analyzers/blob/main/src/PublicApiAnalyzers/PublicApiAnalyzers.Help.md) [C:\dev\0.9.0\Ksql.Linq\src\Ksql.Linq.csproj]
C:\dev\0.9.0\Ksql.Linq\src\Configuration\Messaging\ConsumerSection.cs(36,32): error RS0016: Symbol 'FetchMinBytes.get' is not part of the declared public API (https://github.com/dotnet/roslyn-analyzers/blob/main/src/PublicApiAnalyzers/PublicApiAnalyzers.Help.md) [C:\dev\0.9.0\Ksql.Linq\src\Ksql.Linq.csproj]
C:\dev\0.9.0\Ksql.Linq\src\Configuration\WindowConfiguration.cs(57,17): error RS0016: Symbol 'Validate' is not part of the declared public API (https://github.com/dotnet/roslyn-analyzers/blob/main/src/PublicApiAnalyzers/PublicApiAnalyzers.Help.md) [C:\dev\0.9.0\Ksql.Linq\src\Ksql.Linq.csproj]
C:\dev\0.9.0\Ksql.Linq\src\Core\Abstractions\ErrorHandlingPolicy.cs(18,56): error RS0016: Symbol 'RetryCondition.set' is not part of the declared public API (https://github.com/dotnet/roslyn-analyzers/blob/main/src/PublicApiAnalyzers/PublicApiAnalyzers.Help.md) [C:\dev\0.9.0\Ksql.Linq\src\Ksql.Linq.csproj]
C:\dev\0.9.0\Ksql.Linq\src\Configuration\Messaging\ConsumerSection.cs(36,37): error RS0016: Symbol 'FetchMinBytes.init' is not part of the declared public API (https://github.com/dotnet/roslyn-analyzers/blob/main/src/PublicApiAnalyzers/PublicApiAnalyzers.Help.md) [C:\dev\0.9.0\Ksql.Linq\src\Ksql.Linq.csproj]
C:\dev\0.9.0\Ksql.Linq\src\Core\Abstractions\ErrorHandlingPolicy.cs(24,65): error RS0016: Symbol 'AdditionalLogInfo.set' is not part of the declared public API (https://github.com/dotnet/roslyn-analyzers/blob/main/src/PublicApiAnalyzers/PublicApiAnalyzers.Help.md) [C:\dev\0.9.0\Ksql.Linq\src\Ksql.Linq.csproj]
C:\dev\0.9.0\Ksql.Linq\src\Core\Abstractions\ErrorHandlingPolicy.cs(24,60): error RS0016: Symbol 'AdditionalLogInfo.get' is not part of the declared public API (https://github.com/dotnet/roslyn-analyzers/blob/main/src/PublicApiAnalyzers/PublicApiAnalyzers.Help.md) [C:\dev\0.9.0\Ksql.Linq\src\Ksql.Linq.csproj]
C:\dev\0.9.0\Ksql.Linq\src\Configuration\Messaging\ConsumerSection.cs(39,33): error RS0016: Symbol 'FetchMaxWaitMs.get' is not part of the declared public API (https://github.com/dotnet/roslyn-analyzers/blob/main/src/PublicApiAnalyzers/PublicApiAnalyzers.Help.md) [C:\dev\0.9.0\Ksql.Linq\src\Ksql.Linq.csproj]
C:\dev\0.9.0\Ksql.Linq\src\Configuration\Messaging\ConsumerSection.cs(39,38): error RS0016: Symbol 'FetchMaxWaitMs.init' is not part of the declared public API (https://github.com/dotnet/roslyn-analyzers/blob/main/src/PublicApiAnalyzers/PublicApiAnalyzers.Help.md) [C:\dev\0.9.0\Ksql.Linq\src\Ksql.Linq.csproj]
C:\dev\0.9.0\Ksql.Linq\src\Configuration\Messaging\ConsumerSection.cs(42,32): error RS0016: Symbol 'FetchMaxBytes.get' is not part of the declared public API (https://github.com/dotnet/roslyn-analyzers/blob/main/src/PublicApiAnalyzers/PublicApiAnalyzers.Help.md) [C:\dev\0.9.0\Ksql.Linq\src\Ksql.Linq.csproj]
C:\dev\0.9.0\Ksql.Linq\src\Configuration\Messaging\ConsumerSection.cs(44,50): error RS0016: Symbol 'PartitionAssignmentStrategy.get' is not part of the declared public API (https://github.com/dotnet/roslyn-analyzers/blob/main/src/PublicApiAnalyzers/PublicApiAnalyzers.Help.md) [C:\dev\0.9.0\Ksql.Linq\src\Ksql.Linq.csproj]
C:\dev\0.9.0\Ksql.Linq\src\Configuration\Messaging\ConsumerSection.cs(42,37): error RS0016: Symbol 'FetchMaxBytes.init' is not part of the declared public API (https://github.com/dotnet/roslyn-analyzers/blob/main/src/PublicApiAnalyzers/PublicApiAnalyzers.Help.md) [C:\dev\0.9.0\Ksql.Linq\src\Ksql.Linq.csproj]
C:\dev\0.9.0\Ksql.Linq\src\Configuration\Messaging\ConsumerSection.cs(44,55): error RS0016: Symbol 'PartitionAssignmentStrategy.init' is not part of the declared public API (https://github.com/dotnet/roslyn-analyzers/blob/main/src/PublicApiAnalyzers/PublicApiAnalyzers.Help.md) [C:\dev\0.9.0\Ksql.Linq\src\Ksql.Linq.csproj]
C:\dev\0.9.0\Ksql.Linq\src\Configuration\Messaging\ConsumerSection.cs(47,36): error RS0016: Symbol 'IsolationLevel.get' is not part of the declared public API (https://github.com/dotnet/roslyn-analyzers/blob/main/src/PublicApiAnalyzers/PublicApiAnalyzers.Help.md) [C:\dev\0.9.0\Ksql.Linq\src\Ksql.Linq.csproj]
C:\dev\0.9.0\Ksql.Linq\src\Configuration\Messaging\ConsumerSection.cs(47,41): error RS0016: Symbol 'IsolationLevel.init' is not part of the declared public API (https://github.com/dotnet/roslyn-analyzers/blob/main/src/PublicApiAnalyzers/PublicApiAnalyzers.Help.md) [C:\dev\0.9.0\Ksql.Linq\src\Ksql.Linq.csproj]
C:\dev\0.9.0\Ksql.Linq\src\Configuration\Messaging\ConsumerSection.cs(50,62): error RS0016: Symbol 'AdditionalProperties.get' is not part of the declared public API (https://github.com/dotnet/roslyn-analyzers/blob/main/src/PublicApiAnalyzers/PublicApiAnalyzers.Help.md) [C:\dev\0.9.0\Ksql.Linq\src\Ksql.Linq.csproj]
C:\dev\0.9.0\Ksql.Linq\src\Configuration\Messaging\ConsumerSection.cs(50,67): error RS0016: Symbol 'AdditionalProperties.init' is not part of the declared public API (https://github.com/dotnet/roslyn-analyzers/blob/main/src/PublicApiAnalyzers/PublicApiAnalyzers.Help.md) [C:\dev\0.9.0\Ksql.Linq\src\Ksql.Linq.csproj]
C:\dev\0.9.0\Ksql.Linq\src\Core\Attributes\KsqlTopicAttribute.cs(8,26): error RS0016: Symbol 'Name.get' is not part of the declared public API (https://github.com/dotnet/roslyn-analyzers/blob/main/src/PublicApiAnalyzers/PublicApiAnalyzers.Help.md) [C:\dev\0.9.0\Ksql.Linq\src\Ksql.Linq.csproj]
C:\dev\0.9.0\Ksql.Linq\src\Core\Attributes\KsqlTopicAttribute.cs(9,33): error RS0016: Symbol 'PartitionCount.get' is not part of the declared public API (https://github.com/dotnet/roslyn-analyzers/blob/main/src/PublicApiAnalyzers/PublicApiAnalyzers.Help.md) [C:\dev\0.9.0\Ksql.Linq\src\Ksql.Linq.csproj]
C:\dev\0.9.0\Ksql.Linq\src\Core\Attributes\KsqlTopicAttribute.cs(9,38): error RS0016: Symbol 'PartitionCount.set' is not part of the declared public API (https://github.com/dotnet/roslyn-analyzers/blob/main/src/PublicApiAnalyzers/PublicApiAnalyzers.Help.md) [C:\dev\0.9.0\Ksql.Linq\src\Ksql.Linq.csproj]
C:\dev\0.9.0\Ksql.Linq\src\Core\Abstractions\ErrorHandlingPolicy.cs(29,56): error RS0016: Symbol 'DynamicRetryInterval.get' is not part of the declared public API (https://github.com/dotnet/roslyn-analyzers/blob/main/src/PublicApiAnalyzers/PublicApiAnalyzers.Help.md) [C:\dev\0.9.0\Ksql.Linq\src\Ksql.Linq.csproj]
C:\dev\0.9.0\Ksql.Linq\src\Core\Abstractions\ErrorHandlingPolicy.cs(29,61): error RS0016: Symbol 'DynamicRetryInterval.set' is not part of the declared public API (https://github.com/dotnet/roslyn-analyzers/blob/main/src/PublicApiAnalyzers/PublicApiAnalyzers.Help.md) [C:\dev\0.9.0\Ksql.Linq\src\Ksql.Linq.csproj]
C:\dev\0.9.0\Ksql.Linq\src\Core\Attributes\KsqlTopicAttribute.cs(10,38): error RS0016: Symbol 'ReplicationFactor.get' is not part of the declared public API (https://github.com/dotnet/roslyn-analyzers/blob/main/src/PublicApiAnalyzers/PublicApiAnalyzers.Help.md) [C:\dev\0.9.0\Ksql.Linq\src\Ksql.Linq.csproj]
C:\dev\0.9.0\Ksql.Linq\src\Core\Attributes\KsqlTopicAttribute.cs(10,43): error RS0016: Symbol 'ReplicationFactor.set' is not part of the declared public API (https://github.com/dotnet/roslyn-analyzers/blob/main/src/PublicApiAnalyzers/PublicApiAnalyzers.Help.md) [C:\dev\0.9.0\Ksql.Linq\src\Ksql.Linq.csproj]
C:\dev\0.9.0\Ksql.Linq\src\Context\KsqlContext.Execution.cs(10,33): error RS0016: Symbol 'ExecuteStatementAsync' is not part of the declared public API (https://github.com/dotnet/roslyn-analyzers/blob/main/src/PublicApiAnalyzers/PublicApiAnalyzers.Help.md) [C:\dev\0.9.0\Ksql.Linq\src\Ksql.Linq.csproj]
C:\dev\0.9.0\Ksql.Linq\src\Core\Attributes\KsqlDecimalAttribute.cs(8,28): error RS0016: Symbol 'Precision.get' is not part of the declared public API (https://github.com/dotnet/roslyn-analyzers/blob/main/src/PublicApiAnalyzers/PublicApiAnalyzers.Help.md) [C:\dev\0.9.0\Ksql.Linq\src\Ksql.Linq.csproj]
C:\dev\0.9.0\Ksql.Linq\src\Core\Attributes\KsqlDecimalAttribute.cs(9,24): error RS0016: Symbol 'Scale.get' is not part of the declared public API (https://github.com/dotnet/roslyn-analyzers/blob/main/src/PublicApiAnalyzers/PublicApiAnalyzers.Help.md) [C:\dev\0.9.0\Ksql.Linq\src\Ksql.Linq.csproj]
C:\dev\0.9.0\Ksql.Linq\src\Core\Attributes\KsqlDecimalAttribute.cs(11,12): error RS0016: Symbol 'KsqlDecimalAttribute' is not part of the declared public API (https://github.com/dotnet/roslyn-analyzers/blob/main/src/PublicApiAnalyzers/PublicApiAnalyzers.Help.md) [C:\dev\0.9.0\Ksql.Linq\src\Ksql.Linq.csproj]
C:\dev\0.9.0\Ksql.Linq\src\Application\KsqlContextBuilder.cs(68,14): error RS0016: Symbol 'BuildContext<T>' is not part of the declared public API (https://github.com/dotnet/roslyn-analyzers/blob/main/src/PublicApiAnalyzers/PublicApiAnalyzers.Help.md) [C:\dev\0.9.0\Ksql.Linq\src\Ksql.Linq.csproj]
C:\dev\0.9.0\Ksql.Linq\src\Core\Abstractions\ErrorHandlingPolicy.cs(30,39): error RS0016: Symbol 'ExponentialBackoff' is not part of the declared public API (https://github.com/dotnet/roslyn-analyzers/blob/main/src/PublicApiAnalyzers/PublicApiAnalyzers.Help.md) [C:\dev\0.9.0\Ksql.Linq\src\Ksql.Linq.csproj]
C:\dev\0.9.0\Ksql.Linq\src\Core\Attributes\KsqlTopicAttribute.cs(12,12): error RS0016: Symbol 'KsqlTopicAttribute' is not part of the declared public API (https://github.com/dotnet/roslyn-analyzers/blob/main/src/PublicApiAnalyzers/PublicApiAnalyzers.Help.md) [C:\dev\0.9.0\Ksql.Linq\src\Ksql.Linq.csproj]
C:\dev\0.9.0\Ksql.Linq\src\Core\Abstractions\ErrorContext.cs(7,34): error RS0016: Symbol 'Exception.get' is not part of the declared public API (https://github.com/dotnet/roslyn-analyzers/blob/main/src/PublicApiAnalyzers/PublicApiAnalyzers.Help.md) [C:\dev\0.9.0\Ksql.Linq\src\Ksql.Linq.csproj]
C:\dev\0.9.0\Ksql.Linq\src\Core\Configuration\SchemaRegistrySection.cs(13,25): error RS0016: Symbol 'Url.get' is not part of the declared public API (https://github.com/dotnet/roslyn-analyzers/blob/main/src/PublicApiAnalyzers/PublicApiAnalyzers.Help.md) [C:\dev\0.9.0\Ksql.Linq\src\Ksql.Linq.csproj]
C:\dev\0.9.0\Ksql.Linq\src\Core\Abstractions\ErrorContext.cs(8,38): error RS0016: Symbol 'OriginalMessage.get' is not part of the declared public API (https://github.com/dotnet/roslyn-analyzers/blob/main/src/PublicApiAnalyzers/PublicApiAnalyzers.Help.md) [C:\dev\0.9.0\Ksql.Linq\src\Ksql.Linq.csproj]
C:\dev\0.9.0\Ksql.Linq\src\Core\Abstractions\ErrorContext.cs(7,39): error RS0016: Symbol 'Exception.set' is not part of the declared public API (https://github.com/dotnet/roslyn-analyzers/blob/main/src/PublicApiAnalyzers/PublicApiAnalyzers.Help.md) [C:\dev\0.9.0\Ksql.Linq\src\Ksql.Linq.csproj]
C:\dev\0.9.0\Ksql.Linq\src\Core\Configuration\SchemaRegistrySection.cs(13,30): error RS0016: Symbol 'Url.init' is not part of the declared public API (https://github.com/dotnet/roslyn-analyzers/blob/main/src/PublicApiAnalyzers/PublicApiAnalyzers.Help.md) [C:\dev\0.9.0\Ksql.Linq\src\Ksql.Linq.csproj]
C:\dev\0.9.0\Ksql.Linq\src\Core\Abstractions\ErrorContext.cs(8,43): error RS0016: Symbol 'OriginalMessage.set' is not part of the declared public API (https://github.com/dotnet/roslyn-analyzers/blob/main/src/PublicApiAnalyzers/PublicApiAnalyzers.Help.md) [C:\dev\0.9.0\Ksql.Linq\src\Ksql.Linq.csproj]
C:\dev\0.9.0\Ksql.Linq\src\Core\Configuration\SchemaRegistrySection.cs(18,35): error RS0016: Symbol 'MaxCachedSchemas.get' is not part of the declared public API (https://github.com/dotnet/roslyn-analyzers/blob/main/src/PublicApiAnalyzers/PublicApiAnalyzers.Help.md) [C:\dev\0.9.0\Ksql.Linq\src\Ksql.Linq.csproj]
C:\dev\0.9.0\Ksql.Linq\src\Core\Abstractions\EntityModel.cs(12,30): error RS0016: Symbol 'EntityType.get' is not part of the declared public API (https://github.com/dotnet/roslyn-analyzers/blob/main/src/PublicApiAnalyzers/PublicApiAnalyzers.Help.md) [C:\dev\0.9.0\Ksql.Linq\src\Ksql.Linq.csproj]
C:\dev\0.9.0\Ksql.Linq\src\Core\Abstractions\ErrorContext.cs(9,31): error RS0016: Symbol 'AttemptCount.get' is not part of the declared public API (https://github.com/dotnet/roslyn-analyzers/blob/main/src/PublicApiAnalyzers/PublicApiAnalyzers.Help.md) [C:\dev\0.9.0\Ksql.Linq\src\Ksql.Linq.csproj]
C:\dev\0.9.0\Ksql.Linq\src\Core\Abstractions\EntityModel.cs(12,35): error RS0016: Symbol 'EntityType.set' is not part of the declared public API (https://github.com/dotnet/roslyn-analyzers/blob/main/src/PublicApiAnalyzers/PublicApiAnalyzers.Help.md) [C:\dev\0.9.0\Ksql.Linq\src\Ksql.Linq.csproj]
C:\dev\0.9.0\Ksql.Linq\src\Core\Abstractions\ErrorContext.cs(9,36): error RS0016: Symbol 'AttemptCount.set' is not part of the declared public API (https://github.com/dotnet/roslyn-analyzers/blob/main/src/PublicApiAnalyzers/PublicApiAnalyzers.Help.md) [C:\dev\0.9.0\Ksql.Linq\src\Ksql.Linq.csproj]
C:\dev\0.9.0\Ksql.Linq\src\Core\Attributes\KsqlKeyAttribute.cs(8,24): error RS0016: Symbol 'Order.get' is not part of the declared public API (https://github.com/dotnet/roslyn-analyzers/blob/main/src/PublicApiAnalyzers/PublicApiAnalyzers.Help.md) [C:\dev\0.9.0\Ksql.Linq\src\Ksql.Linq.csproj]
C:\dev\0.9.0\Ksql.Linq\src\Core\Abstractions\EntityModel.cs(14,32): error RS0016: Symbol 'TopicName.get' is not part of the declared public API (https://github.com/dotnet/roslyn-analyzers/blob/main/src/PublicApiAnalyzers/PublicApiAnalyzers.Help.md) [C:\dev\0.9.0\Ksql.Linq\src\Ksql.Linq.csproj]
C:\dev\0.9.0\Ksql.Linq\src\Core\Abstractions\ErrorContext.cs(10,45): error RS0016: Symbol 'FirstAttemptTime.set' is not part of the declared public API (https://github.com/dotnet/roslyn-analyzers/blob/main/src/PublicApiAnalyzers/PublicApiAnalyzers.Help.md) [C:\dev\0.9.0\Ksql.Linq\src\Ksql.Linq.csproj]
C:\dev\0.9.0\Ksql.Linq\src\Core\Abstractions\ErrorContext.cs(10,40): error RS0016: Symbol 'FirstAttemptTime.get' is not part of the declared public API (https://github.com/dotnet/roslyn-analyzers/blob/main/src/PublicApiAnalyzers/PublicApiAnalyzers.Help.md) [C:\dev\0.9.0\Ksql.Linq\src\Ksql.Linq.csproj]
C:\dev\0.9.0\Ksql.Linq\src\Core\Abstractions\EntityModel.cs(14,37): error RS0016: Symbol 'TopicName.set' is not part of the declared public API (https://github.com/dotnet/roslyn-analyzers/blob/main/src/PublicApiAnalyzers/PublicApiAnalyzers.Help.md) [C:\dev\0.9.0\Ksql.Linq\src\Ksql.Linq.csproj]
C:\dev\0.9.0\Ksql.Linq\src\Core\Attributes\KsqlKeyAttribute.cs(8,29): error RS0016: Symbol 'Order.set' is not part of the declared public API (https://github.com/dotnet/roslyn-analyzers/blob/main/src/PublicApiAnalyzers/PublicApiAnalyzers.Help.md) [C:\dev\0.9.0\Ksql.Linq\src\Ksql.Linq.csproj]
C:\dev\0.9.0\Ksql.Linq\src\Core\Configuration\SchemaRegistrySection.cs(18,40): error RS0016: Symbol 'MaxCachedSchemas.init' is not part of the declared public API (https://github.com/dotnet/roslyn-analyzers/blob/main/src/PublicApiAnalyzers/PublicApiAnalyzers.Help.md) [C:\dev\0.9.0\Ksql.Linq\src\Ksql.Linq.csproj]
C:\dev\0.9.0\Ksql.Linq\src\Core\Abstractions\ErrorContext.cs(11,39): error RS0016: Symbol 'LastAttemptTime.get' is not part of the declared public API (https://github.com/dotnet/roslyn-analyzers/blob/main/src/PublicApiAnalyzers/PublicApiAnalyzers.Help.md) [C:\dev\0.9.0\Ksql.Linq\src\Ksql.Linq.csproj]
C:\dev\0.9.0\Ksql.Linq\src\Core\Abstractions\ErrorContext.cs(11,44): error RS0016: Symbol 'LastAttemptTime.set' is not part of the declared public API (https://github.com/dotnet/roslyn-analyzers/blob/main/src/PublicApiAnalyzers/PublicApiAnalyzers.Help.md) [C:\dev\0.9.0\Ksql.Linq\src\Ksql.Linq.csproj]
C:\dev\0.9.0\Ksql.Linq\src\Core\Retry\RetryPolicy.cs(30,23): error RS0016: Symbol 'ExecuteAsync' is not part of the declared public API (https://github.com/dotnet/roslyn-analyzers/blob/main/src/PublicApiAnalyzers/PublicApiAnalyzers.Help.md) [C:\dev\0.9.0\Ksql.Linq\src\Ksql.Linq.csproj]
C:\dev\0.9.0\Ksql.Linq\src\Core\Configuration\SchemaRegistrySection.cs(23,35): error RS0016: Symbol 'RequestTimeoutMs.get' is not part of the declared public API (https://github.com/dotnet/roslyn-analyzers/blob/main/src/PublicApiAnalyzers/PublicApiAnalyzers.Help.md) [C:\dev\0.9.0\Ksql.Linq\src\Ksql.Linq.csproj]
C:\dev\0.9.0\Ksql.Linq\src\Core\Configuration\SchemaRegistrySection.cs(23,40): error RS0016: Symbol 'RequestTimeoutMs.init' is not part of the declared public API (https://github.com/dotnet/roslyn-analyzers/blob/main/src/PublicApiAnalyzers/PublicApiAnalyzers.Help.md) [C:\dev\0.9.0\Ksql.Linq\src\Ksql.Linq.csproj]
C:\dev\0.9.0\Ksql.Linq\src\Core\Abstractions\ErrorContext.cs(12,32): error RS0016: Symbol 'ErrorPhase.get' is not part of the declared public API (https://github.com/dotnet/roslyn-analyzers/blob/main/src/PublicApiAnalyzers/PublicApiAnalyzers.Help.md) [C:\dev\0.9.0\Ksql.Linq\src\Ksql.Linq.csproj]
C:\dev\0.9.0\Ksql.Linq\src\Core\Abstractions\EntityModel.cs(19,48): error RS0016: Symbol 'QueryExpression.get' is not part of the declared public API (https://github.com/dotnet/roslyn-analyzers/blob/main/src/PublicApiAnalyzers/PublicApiAnalyzers.Help.md) [C:\dev\0.9.0\Ksql.Linq\src\Ksql.Linq.csproj]
C:\dev\0.9.0\Ksql.Linq\src\Core\Abstractions\ErrorContext.cs(12,37): error RS0016: Symbol 'ErrorPhase.set' is not part of the declared public API (https://github.com/dotnet/roslyn-analyzers/blob/main/src/PublicApiAnalyzers/PublicApiAnalyzers.Help.md) [C:\dev\0.9.0\Ksql.Linq\src\Ksql.Linq.csproj]
C:\dev\0.9.0\Ksql.Linq\src\Core\Abstractions\EntityModel.cs(19,53): error RS0016: Symbol 'QueryExpression.set' is not part of the declared public API (https://github.com/dotnet/roslyn-analyzers/blob/main/src/PublicApiAnalyzers/PublicApiAnalyzers.Help.md) [C:\dev\0.9.0\Ksql.Linq\src\Ksql.Linq.csproj]
C:\dev\0.9.0\Ksql.Linq\src\Core\Abstractions\EntityModel.cs(24,61): error RS0016: Symbol 'QueryModel.get' is not part of the declared public API (https://github.com/dotnet/roslyn-analyzers/blob/main/src/PublicApiAnalyzers/PublicApiAnalyzers.Help.md) [C:\dev\0.9.0\Ksql.Linq\src\Ksql.Linq.csproj]
C:\dev\0.9.0\Ksql.Linq\src\Core\Configuration\SchemaRegistrySection.cs(28,40): error RS0016: Symbol 'BasicAuthUserInfo.get' is not part of the declared public API (https://github.com/dotnet/roslyn-analyzers/blob/main/src/PublicApiAnalyzers/PublicApiAnalyzers.Help.md) [C:\dev\0.9.0\Ksql.Linq\src\Ksql.Linq.csproj]
C:\dev\0.9.0\Ksql.Linq\src\Core\Configuration\SchemaRegistrySection.cs(28,45): error RS0016: Symbol 'BasicAuthUserInfo.init' is not part of the declared public API (https://github.com/dotnet/roslyn-analyzers/blob/main/src/PublicApiAnalyzers/PublicApiAnalyzers.Help.md) [C:\dev\0.9.0\Ksql.Linq\src\Ksql.Linq.csproj]
C:\dev\0.9.0\Ksql.Linq\src\Core\Configuration\SchemaRegistrySection.cs(33,68): error RS0016: Symbol 'BasicAuthCredentialsSource.get' is not part of the declared public API (https://github.com/dotnet/roslyn-analyzers/blob/main/src/PublicApiAnalyzers/PublicApiAnalyzers.Help.md) [C:\dev\0.9.0\Ksql.Linq\src\Ksql.Linq.csproj]
C:\dev\0.9.0\Ksql.Linq\src\Core\Configuration\SchemaRegistrySection.cs(38,39): error RS0016: Symbol 'AutoRegisterSchemas.get' is not part of the declared public API (https://github.com/dotnet/roslyn-analyzers/blob/main/src/PublicApiAnalyzers/PublicApiAnalyzers.Help.md) [C:\dev\0.9.0\Ksql.Linq\src\Ksql.Linq.csproj]
C:\dev\0.9.0\Ksql.Linq\src\Core\Configuration\SchemaRegistrySection.cs(33,73): error RS0016: Symbol 'BasicAuthCredentialsSource.init' is not part of the declared public API (https://github.com/dotnet/roslyn-analyzers/blob/main/src/PublicApiAnalyzers/PublicApiAnalyzers.Help.md) [C:\dev\0.9.0\Ksql.Linq\src\Ksql.Linq.csproj]
C:\dev\0.9.0\Ksql.Linq\src\Core\Abstractions\EntityModel.cs(24,66): error RS0016: Symbol 'QueryModel.set' is not part of the declared public API (https://github.com/dotnet/roslyn-analyzers/blob/main/src/PublicApiAnalyzers/PublicApiAnalyzers.Help.md) [C:\dev\0.9.0\Ksql.Linq\src\Ksql.Linq.csproj]
C:\dev\0.9.0\Ksql.Linq\src\Core\Attributes\KsqlKeyAttribute.cs(10,12): error RS0016: Symbol 'KsqlKeyAttribute' is not part of the declared public API (https://github.com/dotnet/roslyn-analyzers/blob/main/src/PublicApiAnalyzers/PublicApiAnalyzers.Help.md) [C:\dev\0.9.0\Ksql.Linq\src\Ksql.Linq.csproj]
C:\dev\0.9.0\Ksql.Linq\src\Core\Configuration\SchemaRegistrySection.cs(38,44): error RS0016: Symbol 'AutoRegisterSchemas.init' is not part of the declared public API (https://github.com/dotnet/roslyn-analyzers/blob/main/src/PublicApiAnalyzers/PublicApiAnalyzers.Help.md) [C:\dev\0.9.0\Ksql.Linq\src\Ksql.Linq.csproj]
C:\dev\0.9.0\Ksql.Linq\src\Core\Abstractions\EntityModel.cs(29,34): error RS0016: Symbol 'Partitions.set' is not part of the declared public API (https://github.com/dotnet/roslyn-analyzers/blob/main/src/PublicApiAnalyzers/PublicApiAnalyzers.Help.md) [C:\dev\0.9.0\Ksql.Linq\src\Ksql.Linq.csproj]
C:\dev\0.9.0\Ksql.Linq\src\Core\Abstractions\EntityModel.cs(29,29): error RS0016: Symbol 'Partitions.get' is not part of the declared public API (https://github.com/dotnet/roslyn-analyzers/blob/main/src/PublicApiAnalyzers/PublicApiAnalyzers.Help.md) [C:\dev\0.9.0\Ksql.Linq\src\Ksql.Linq.csproj]
C:\dev\0.9.0\Ksql.Linq\src\Core\Configuration\SchemaRegistrySection.cs(43,37): error RS0016: Symbol 'LatestCacheTtlSecs.get' is not part of the declared public API (https://github.com/dotnet/roslyn-analyzers/blob/main/src/PublicApiAnalyzers/PublicApiAnalyzers.Help.md) [C:\dev\0.9.0\Ksql.Linq\src\Ksql.Linq.csproj]
C:\dev\0.9.0\Ksql.Linq\src\Core\Configuration\SchemaRegistrySection.cs(43,42): error RS0016: Symbol 'LatestCacheTtlSecs.init' is not part of the declared public API (https://github.com/dotnet/roslyn-analyzers/blob/main/src/PublicApiAnalyzers/PublicApiAnalyzers.Help.md) [C:\dev\0.9.0\Ksql.Linq\src\Ksql.Linq.csproj]
C:\dev\0.9.0\Ksql.Linq\src\Core\Abstractions\EntityModel.cs(34,38): error RS0016: Symbol 'ReplicationFactor.get' is not part of the declared public API (https://github.com/dotnet/roslyn-analyzers/blob/main/src/PublicApiAnalyzers/PublicApiAnalyzers.Help.md) [C:\dev\0.9.0\Ksql.Linq\src\Ksql.Linq.csproj]
C:\dev\0.9.0\Ksql.Linq\src\Core\Configuration\SchemaRegistrySection.cs(49,36): error RS0016: Symbol 'SslCaLocation.get' is not part of the declared public API (https://github.com/dotnet/roslyn-analyzers/blob/main/src/PublicApiAnalyzers/PublicApiAnalyzers.Help.md) [C:\dev\0.9.0\Ksql.Linq\src\Ksql.Linq.csproj]
C:\dev\0.9.0\Ksql.Linq\src\Core\Abstractions\EntityModel.cs(34,43): error RS0016: Symbol 'ReplicationFactor.set' is not part of the declared public API (https://github.com/dotnet/roslyn-analyzers/blob/main/src/PublicApiAnalyzers/PublicApiAnalyzers.Help.md) [C:\dev\0.9.0\Ksql.Linq\src\Ksql.Linq.csproj]
C:\dev\0.9.0\Ksql.Linq\src\Core\Dlq\SimpleRateLimiter.cs(11,12): error RS0016: Symbol 'SimpleRateLimiter' is not part of the declared public API (https://github.com/dotnet/roslyn-analyzers/blob/main/src/PublicApiAnalyzers/PublicApiAnalyzers.Help.md) [C:\dev\0.9.0\Ksql.Linq\src\Ksql.Linq.csproj]
C:\dev\0.9.0\Ksql.Linq\src\Core\Abstractions\EntityModel.cs(39,45): error RS0016: Symbol 'KeySchemaFullName.set' is not part of the declared public API (https://github.com/dotnet/roslyn-analyzers/blob/main/src/PublicApiAnalyzers/PublicApiAnalyzers.Help.md) [C:\dev\0.9.0\Ksql.Linq\src\Ksql.Linq.csproj]
C:\dev\0.9.0\Ksql.Linq\src\Core\Abstractions\EntityModel.cs(39,40): error RS0016: Symbol 'KeySchemaFullName.get' is not part of the declared public API (https://github.com/dotnet/roslyn-analyzers/blob/main/src/PublicApiAnalyzers/PublicApiAnalyzers.Help.md) [C:\dev\0.9.0\Ksql.Linq\src\Ksql.Linq.csproj]
C:\dev\0.9.0\Ksql.Linq\src\Core\Abstractions\EntityModel.cs(44,47): error RS0016: Symbol 'ValueSchemaFullName.set' is not part of the declared public API (https://github.com/dotnet/roslyn-analyzers/blob/main/src/PublicApiAnalyzers/PublicApiAnalyzers.Help.md) [C:\dev\0.9.0\Ksql.Linq\src\Ksql.Linq.csproj]
C:\dev\0.9.0\Ksql.Linq\src\Core\Configuration\SchemaRegistrySection.cs(54,47): error RS0016: Symbol 'SslKeystoreLocation.init' is not part of the declared public API (https://github.com/dotnet/roslyn-analyzers/blob/main/src/PublicApiAnalyzers/PublicApiAnalyzers.Help.md) [C:\dev\0.9.0\Ksql.Linq\src\Ksql.Linq.csproj]
C:\dev\0.9.0\Ksql.Linq\src\Core\Configuration\SchemaRegistrySection.cs(49,41): error RS0016: Symbol 'SslCaLocation.init' is not part of the declared public API (https://github.com/dotnet/roslyn-analyzers/blob/main/src/PublicApiAnalyzers/PublicApiAnalyzers.Help.md) [C:\dev\0.9.0\Ksql.Linq\src\Ksql.Linq.csproj]
C:\dev\0.9.0\Ksql.Linq\src\Core\Abstractions\EntityModel.cs(44,42): error RS0016: Symbol 'ValueSchemaFullName.get' is not part of the declared public API (https://github.com/dotnet/roslyn-analyzers/blob/main/src/PublicApiAnalyzers/PublicApiAnalyzers.Help.md) [C:\dev\0.9.0\Ksql.Linq\src\Ksql.Linq.csproj]
C:\dev\0.9.0\Ksql.Linq\src\Core\Abstractions\EntityModel.cs(46,43): error RS0016: Symbol 'KeyProperties.get' is not part of the declared public API (https://github.com/dotnet/roslyn-analyzers/blob/main/src/PublicApiAnalyzers/PublicApiAnalyzers.Help.md) [C:\dev\0.9.0\Ksql.Linq\src\Ksql.Linq.csproj]
C:\dev\0.9.0\Ksql.Linq\src\Core\Configuration\SchemaRegistrySection.cs(54,42): error RS0016: Symbol 'SslKeystoreLocation.get' is not part of the declared public API (https://github.com/dotnet/roslyn-analyzers/blob/main/src/PublicApiAnalyzers/PublicApiAnalyzers.Help.md) [C:\dev\0.9.0\Ksql.Linq\src\Ksql.Linq.csproj]
C:\dev\0.9.0\Ksql.Linq\src\Context\KsqlContext.Execution.cs(18,33): error RS0016: Symbol 'ExecuteExplainAsync' is not part of the declared public API (https://github.com/dotnet/roslyn-analyzers/blob/main/src/PublicApiAnalyzers/PublicApiAnalyzers.Help.md) [C:\dev\0.9.0\Ksql.Linq\src\Ksql.Linq.csproj]
C:\dev\0.9.0\Ksql.Linq\src\Core\Configuration\SchemaRegistrySection.cs(59,42): error RS0016: Symbol 'SslKeystorePassword.get' is not part of the declared public API (https://github.com/dotnet/roslyn-analyzers/blob/main/src/PublicApiAnalyzers/PublicApiAnalyzers.Help.md) [C:\dev\0.9.0\Ksql.Linq\src\Ksql.Linq.csproj]
C:\dev\0.9.0\Ksql.Linq\src\Core\Configuration\SchemaRegistrySection.cs(59,47): error RS0016: Symbol 'SslKeystorePassword.init' is not part of the declared public API (https://github.com/dotnet/roslyn-analyzers/blob/main/src/PublicApiAnalyzers/PublicApiAnalyzers.Help.md) [C:\dev\0.9.0\Ksql.Linq\src\Ksql.Linq.csproj]
C:\dev\0.9.0\Ksql.Linq\src\Core\Abstractions\EntityModel.cs(48,43): error RS0016: Symbol 'AllProperties.get' is not part of the declared public API (https://github.com/dotnet/roslyn-analyzers/blob/main/src/PublicApiAnalyzers/PublicApiAnalyzers.Help.md) [C:\dev\0.9.0\Ksql.Linq\src\Ksql.Linq.csproj]
C:\dev\0.9.0\Ksql.Linq\src\Core\Abstractions\EntityModel.cs(46,48): error RS0016: Symbol 'KeyProperties.set' is not part of the declared public API (https://github.com/dotnet/roslyn-analyzers/blob/main/src/PublicApiAnalyzers/PublicApiAnalyzers.Help.md) [C:\dev\0.9.0\Ksql.Linq\src\Ksql.Linq.csproj]
C:\dev\0.9.0\Ksql.Linq\src\Core\Configuration\SchemaRegistrySection.cs(64,37): error RS0016: Symbol 'SslKeyPassword.get' is not part of the declared public API (https://github.com/dotnet/roslyn-analyzers/blob/main/src/PublicApiAnalyzers/PublicApiAnalyzers.Help.md) [C:\dev\0.9.0\Ksql.Linq\src\Ksql.Linq.csproj]
C:\dev\0.9.0\Ksql.Linq\src\Core\Abstractions\EntityModel.cs(48,48): error RS0016: Symbol 'AllProperties.set' is not part of the declared public API (https://github.com/dotnet/roslyn-analyzers/blob/main/src/PublicApiAnalyzers/PublicApiAnalyzers.Help.md) [C:\dev\0.9.0\Ksql.Linq\src\Ksql.Linq.csproj]
C:\dev\0.9.0\Ksql.Linq\src\Core\Configuration\SchemaRegistrySection.cs(64,42): error RS0016: Symbol 'SslKeyPassword.init' is not part of the declared public API (https://github.com/dotnet/roslyn-analyzers/blob/main/src/PublicApiAnalyzers/PublicApiAnalyzers.Help.md) [C:\dev\0.9.0\Ksql.Linq\src\Ksql.Linq.csproj]
C:\dev\0.9.0\Ksql.Linq\src\Core\Abstractions\EntityModel.cs(56,48): error RS0016: Symbol 'BarTimeSelector.get' is not part of the declared public API (https://github.com/dotnet/roslyn-analyzers/blob/main/src/PublicApiAnalyzers/PublicApiAnalyzers.Help.md) [C:\dev\0.9.0\Ksql.Linq\src\Ksql.Linq.csproj]
C:\dev\0.9.0\Ksql.Linq\src\Core\Abstractions\EntityModel.cs(56,53): error RS0016: Symbol 'BarTimeSelector.set' is not part of the declared public API (https://github.com/dotnet/roslyn-analyzers/blob/main/src/PublicApiAnalyzers/PublicApiAnalyzers.Help.md) [C:\dev\0.9.0\Ksql.Linq\src\Ksql.Linq.csproj]
C:\dev\0.9.0\Ksql.Linq\src\Core\Configuration\SchemaRegistrySection.cs(69,67): error RS0016: Symbol 'AdditionalProperties.init' is not part of the declared public API (https://github.com/dotnet/roslyn-analyzers/blob/main/src/PublicApiAnalyzers/PublicApiAnalyzers.Help.md) [C:\dev\0.9.0\Ksql.Linq\src\Ksql.Linq.csproj]
C:\dev\0.9.0\Ksql.Linq\src\Core\Configuration\SchemaRegistrySection.cs(69,62): error RS0016: Symbol 'AdditionalProperties.get' is not part of the declared public API (https://github.com/dotnet/roslyn-analyzers/blob/main/src/PublicApiAnalyzers/PublicApiAnalyzers.Help.md) [C:\dev\0.9.0\Ksql.Linq\src\Ksql.Linq.csproj]
C:\dev\0.9.0\Ksql.Linq\src\Core\Extensions\LoggerFactoryExtensions.cs(19,30): error RS0016: Symbol 'CreateLoggerOrNull<T>' is not part of the declared public API (https://github.com/dotnet/roslyn-analyzers/blob/main/src/PublicApiAnalyzers/PublicApiAnalyzers.Help.md) [C:\dev\0.9.0\Ksql.Linq\src\Ksql.Linq.csproj]
C:\dev\0.9.0\Ksql.Linq\src\Core\Abstractions\EntityModel.cs(61,42): error RS0016: Symbol 'AccessMode.get' is not part of the declared public API (https://github.com/dotnet/roslyn-analyzers/blob/main/src/PublicApiAnalyzers/PublicApiAnalyzers.Help.md) [C:\dev\0.9.0\Ksql.Linq\src\Ksql.Linq.csproj]
C:\dev\0.9.0\Ksql.Linq\src\Core\Abstractions\EntityModel.cs(61,47): error RS0016: Symbol 'AccessMode.set' is not part of the declared public API (https://github.com/dotnet/roslyn-analyzers/blob/main/src/PublicApiAnalyzers/PublicApiAnalyzers.Help.md) [C:\dev\0.9.0\Ksql.Linq\src\Ksql.Linq.csproj]
C:\dev\0.9.0\Ksql.Linq\src\Core\Abstractions\EntityModel.cs(63,49): error RS0016: Symbol 'ValidationResult.get' is not part of the declared public API (https://github.com/dotnet/roslyn-analyzers/blob/main/src/PublicApiAnalyzers/PublicApiAnalyzers.Help.md) [C:\dev\0.9.0\Ksql.Linq\src\Ksql.Linq.csproj]
C:\dev\0.9.0\Ksql.Linq\src\Core\Abstractions\EntityModel.cs(63,54): error RS0016: Symbol 'ValidationResult.set' is not part of the declared public API (https://github.com/dotnet/roslyn-analyzers/blob/main/src/PublicApiAnalyzers/PublicApiAnalyzers.Help.md) [C:\dev\0.9.0\Ksql.Linq\src\Ksql.Linq.csproj]
C:\dev\0.9.0\Ksql.Linq\src\Core\Abstractions\EntityModel.cs(65,28): error RS0016: Symbol 'IsValid.get' is not part of the declared public API (https://github.com/dotnet/roslyn-analyzers/blob/main/src/PublicApiAnalyzers/PublicApiAnalyzers.Help.md) [C:\dev\0.9.0\Ksql.Linq\src\Ksql.Linq.csproj]
C:\dev\0.9.0\Ksql.Linq\src\Core\Dlq\SimpleRateLimiter.cs(17,17): error RS0016: Symbol 'TryAcquire' is not part of the declared public API (https://github.com/dotnet/roslyn-analyzers/blob/main/src/PublicApiAnalyzers/PublicApiAnalyzers.Help.md) [C:\dev\0.9.0\Ksql.Linq\src\Ksql.Linq.csproj]
C:\dev\0.9.0\Ksql.Linq\src\Core\Extensions\LoggerFactoryExtensions.cs(30,27): error RS0016: Symbol 'CreateLoggerOrNull' is not part of the declared public API (https://github.com/dotnet/roslyn-analyzers/blob/main/src/PublicApiAnalyzers/PublicApiAnalyzers.Help.md) [C:\dev\0.9.0\Ksql.Linq\src\Ksql.Linq.csproj]
C:\dev\0.9.0\Ksql.Linq\src\Context\KsqlContext.Execution.cs(27,22): error RS0016: Symbol 'QueryStreamCountAsync' is not part of the declared public API (https://github.com/dotnet/roslyn-analyzers/blob/main/src/PublicApiAnalyzers/PublicApiAnalyzers.Help.md) [C:\dev\0.9.0\Ksql.Linq\src\Ksql.Linq.csproj]
C:\dev\0.9.0\Ksql.Linq\src\Core\Extensions\LoggerFactoryExtensions.cs(41,27): error RS0016: Symbol 'CreateLoggerOrNull' is not part of the declared public API (https://github.com/dotnet/roslyn-analyzers/blob/main/src/PublicApiAnalyzers/PublicApiAnalyzers.Help.md) [C:\dev\0.9.0\Ksql.Linq\src\Ksql.Linq.csproj]
C:\dev\0.9.0\Ksql.Linq\src\Core\Abstractions\EntityModel.cs(68,9): error RS0016: Symbol 'StreamTableType.get' is not part of the declared public API (https://github.com/dotnet/roslyn-analyzers/blob/main/src/PublicApiAnalyzers/PublicApiAnalyzers.Help.md) [C:\dev\0.9.0\Ksql.Linq\src\Ksql.Linq.csproj]
C:\dev\0.9.0\Ksql.Linq\src\Context\KsqlContext.Execution.cs(35,22): error RS0016: Symbol 'QueryCountAsync' is not part of the declared public API (https://github.com/dotnet/roslyn-analyzers/blob/main/src/PublicApiAnalyzers/PublicApiAnalyzers.Help.md) [C:\dev\0.9.0\Ksql.Linq\src\Ksql.Linq.csproj]
C:\dev\0.9.0\Ksql.Linq\src\Core\Abstractions\EntityModel.cs(80,17): error RS0016: Symbol 'SetStreamTableType' is not part of the declared public API (https://github.com/dotnet/roslyn-analyzers/blob/main/src/PublicApiAnalyzers/PublicApiAnalyzers.Help.md) [C:\dev\0.9.0\Ksql.Linq\src\Ksql.Linq.csproj]
C:\dev\0.9.0\Ksql.Linq\src\Core\Dlq\IRateLimiter.cs(5,10): error RS0016: Symbol 'TryAcquire' is not part of the declared public API (https://github.com/dotnet/roslyn-analyzers/blob/main/src/PublicApiAnalyzers/PublicApiAnalyzers.Help.md) [C:\dev\0.9.0\Ksql.Linq\src\Ksql.Linq.csproj]
C:\dev\0.9.0\Ksql.Linq\src\Core\Abstractions\EntityModel.cs(90,28): error RS0016: Symbol 'GetExplicitStreamTableType' is not part of the declared public API (https://github.com/dotnet/roslyn-analyzers/blob/main/src/PublicApiAnalyzers/PublicApiAnalyzers.Help.md) [C:\dev\0.9.0\Ksql.Linq\src\Ksql.Linq.csproj]
C:\dev\0.9.0\Ksql.Linq\src\Core\Dlq\IDlqClient.cs(12,33): error RS0016: Symbol 'ReadAsync' is not part of the declared public API (https://github.com/dotnet/roslyn-analyzers/blob/main/src/PublicApiAnalyzers/PublicApiAnalyzers.Help.md) [C:\dev\0.9.0\Ksql.Linq\src\Ksql.Linq.csproj]
C:\dev\0.9.0\Ksql.Linq\src\Core\Abstractions\EntityModel.cs(99,17): error RS0016: Symbol 'HasKeys' is not part of the declared public API (https://github.com/dotnet/roslyn-analyzers/blob/main/src/PublicApiAnalyzers/PublicApiAnalyzers.Help.md) [C:\dev\0.9.0\Ksql.Linq\src\Ksql.Linq.csproj]
C:\dev\0.9.0\Ksql.Linq\src\Core\Abstractions\ErrorHandlingExtensions.cs(10,31): error RS0016: Symbol 'OnError<T>' is not part of the declared public API (https://github.com/dotnet/roslyn-analyzers/blob/main/src/PublicApiAnalyzers/PublicApiAnalyzers.Help.md) [C:\dev\0.9.0\Ksql.Linq\src\Ksql.Linq.csproj]
C:\dev\0.9.0\Ksql.Linq\src\Context\KsqlContext.Execution.cs(43,34): error RS0016: Symbol 'QueryRowsAsync' is not part of the declared public API (https://github.com/dotnet/roslyn-analyzers/blob/main/src/PublicApiAnalyzers/PublicApiAnalyzers.Help.md) [C:\dev\0.9.0\Ksql.Linq\src\Ksql.Linq.csproj]
C:\dev\0.9.0\Ksql.Linq\src\Core\Abstractions\EntityModel.cs(114,38): error RS0016: Symbol 'ErrorAction.get' is not part of the declared public API (https://github.com/dotnet/roslyn-analyzers/blob/main/src/PublicApiAnalyzers/PublicApiAnalyzers.Help.md) [C:\dev\0.9.0\Ksql.Linq\src\Ksql.Linq.csproj]
C:\dev\0.9.0\Ksql.Linq\src\Core\Abstractions\EntityModel.cs(107,17): error RS0016: Symbol 'IsCompositeKey' is not part of the declared public API (https://github.com/dotnet/roslyn-analyzers/blob/main/src/PublicApiAnalyzers/PublicApiAnalyzers.Help.md) [C:\dev\0.9.0\Ksql.Linq\src\Ksql.Linq.csproj]
C:\dev\0.9.0\Ksql.Linq\src\Core\Abstractions\EntityModel.cs(114,43): error RS0016: Symbol 'ErrorAction.set' is not part of the declared public API (https://github.com/dotnet/roslyn-analyzers/blob/main/src/PublicApiAnalyzers/PublicApiAnalyzers.Help.md) [C:\dev\0.9.0\Ksql.Linq\src\Ksql.Linq.csproj]
C:\dev\0.9.0\Ksql.Linq\src\Core\Abstractions\EntityModel.cs(119,68): error RS0016: Symbol 'DeserializationErrorPolicy.get' is not part of the declared public API (https://github.com/dotnet/roslyn-analyzers/blob/main/src/PublicApiAnalyzers/PublicApiAnalyzers.Help.md) [C:\dev\0.9.0\Ksql.Linq\src\Ksql.Linq.csproj]
C:\dev\0.9.0\Ksql.Linq\src\Core\Abstractions\EntityModel.cs(119,73): error RS0016: Symbol 'DeserializationErrorPolicy.set' is not part of the declared public API (https://github.com/dotnet/roslyn-analyzers/blob/main/src/PublicApiAnalyzers/PublicApiAnalyzers.Help.md) [C:\dev\0.9.0\Ksql.Linq\src\Ksql.Linq.csproj]
C:\dev\0.9.0\Ksql.Linq\src\Core\Abstractions\EntityModel.cs(124,31): error RS0016: Symbol 'EnableCache.get' is not part of the declared public API (https://github.com/dotnet/roslyn-analyzers/blob/main/src/PublicApiAnalyzers/PublicApiAnalyzers.Help.md) [C:\dev\0.9.0\Ksql.Linq\src\Ksql.Linq.csproj]
C:\dev\0.9.0\Ksql.Linq\src\Core\Abstractions\EntityModel.cs(124,36): error RS0016: Symbol 'EnableCache.set' is not part of the declared public API (https://github.com/dotnet/roslyn-analyzers/blob/main/src/PublicApiAnalyzers/PublicApiAnalyzers.Help.md) [C:\dev\0.9.0\Ksql.Linq\src\Ksql.Linq.csproj]
C:\dev\0.9.0\Ksql.Linq\src\Core\Abstractions\EntityModel.cs(129,30): error RS0016: Symbol 'GroupId.get' is not part of the declared public API (https://github.com/dotnet/roslyn-analyzers/blob/main/src/PublicApiAnalyzers/PublicApiAnalyzers.Help.md) [C:\dev\0.9.0\Ksql.Linq\src\Ksql.Linq.csproj]
C:\dev\0.9.0\Ksql.Linq\src\Core\Abstractions\EntityModel.cs(129,35): error RS0016: Symbol 'GroupId.set' is not part of the declared public API (https://github.com/dotnet/roslyn-analyzers/blob/main/src/PublicApiAnalyzers/PublicApiAnalyzers.Help.md) [C:\dev\0.9.0\Ksql.Linq\src\Ksql.Linq.csproj]
C:\dev\0.9.0\Ksql.Linq\src\Core\Abstractions\EntityModel.cs(134,60): error RS0016: Symbol 'AdditionalSettings.get' is not part of the declared public API (https://github.com/dotnet/roslyn-analyzers/blob/main/src/PublicApiAnalyzers/PublicApiAnalyzers.Help.md) [C:\dev\0.9.0\Ksql.Linq\src\Ksql.Linq.csproj]
C:\dev\0.9.0\Ksql.Linq\src\Core\Conversion\ValueConverter.cs(8,24): error RS0016: Symbol 'TryChangeType' is not part of the declared public API (https://github.com/dotnet/roslyn-analyzers/blob/main/src/PublicApiAnalyzers/PublicApiAnalyzers.Help.md) [C:\dev\0.9.0\Ksql.Linq\src\Ksql.Linq.csproj]
C:\dev\0.9.0\Ksql.Linq\src\Core\Extensions\LoggerFactoryExtensions.cs(55,24): error RS0016: Symbol 'LogDebugWithLegacySupport<T>' is not part of the declared public API (https://github.com/dotnet/roslyn-analyzers/blob/main/src/PublicApiAnalyzers/PublicApiAnalyzers.Help.md) [C:\dev\0.9.0\Ksql.Linq\src\Ksql.Linq.csproj]
C:\dev\0.9.0\Ksql.Linq\src\Core\Abstractions\ErrorHandlingExtensions.cs(36,31): error RS0016: Symbol 'WithRetryWhen<T>' is not part of the declared public API (https://github.com/dotnet/roslyn-analyzers/blob/main/src/PublicApiAnalyzers/PublicApiAnalyzers.Help.md) [C:\dev\0.9.0\Ksql.Linq\src\Ksql.Linq.csproj]
C:\dev\0.9.0\Ksql.Linq\src\Core\Conversion\ValueConverter.cs(53,27): error RS0016: Symbol 'ChangeTypeOrDefault' is not part of the declared public API (https://github.com/dotnet/roslyn-analyzers/blob/main/src/PublicApiAnalyzers/PublicApiAnalyzers.Help.md) [C:\dev\0.9.0\Ksql.Linq\src\Ksql.Linq.csproj]
C:\dev\0.9.0\Ksql.Linq\src\Core\Models\PropertyMeta.cs(14,26): error RS0016: Symbol 'Name.get' is not part of the declared public API (https://github.com/dotnet/roslyn-analyzers/blob/main/src/PublicApiAnalyzers/PublicApiAnalyzers.Help.md) [C:\dev\0.9.0\Ksql.Linq\src\Ksql.Linq.csproj]
C:\dev\0.9.0\Ksql.Linq\src\Core\Models\PropertyMeta.cs(14,31): error RS0016: Symbol 'Name.init' is not part of the declared public API (https://github.com/dotnet/roslyn-analyzers/blob/main/src/PublicApiAnalyzers/PublicApiAnalyzers.Help.md) [C:\dev\0.9.0\Ksql.Linq\src\Ksql.Linq.csproj]
C:\dev\0.9.0\Ksql.Linq\src\Core\Extensions\LoggerFactoryExtensions.cs(79,24): error RS0016: Symbol 'LogDebugWithLegacySupport' is not part of the declared public API (https://github.com/dotnet/roslyn-analyzers/blob/main/src/PublicApiAnalyzers/PublicApiAnalyzers.Help.md) [C:\dev\0.9.0\Ksql.Linq\src\Ksql.Linq.csproj]
C:\dev\0.9.0\Ksql.Linq\src\Core\Models\PropertyMeta.cs(15,33): error RS0016: Symbol 'SourceName.get' is not part of the declared public API (https://github.com/dotnet/roslyn-analyzers/blob/main/src/PublicApiAnalyzers/PublicApiAnalyzers.Help.md) [C:\dev\0.9.0\Ksql.Linq\src\Ksql.Linq.csproj]
C:\dev\0.9.0\Ksql.Linq\src\Core\Models\PropertyMeta.cs(15,38): error RS0016: Symbol 'SourceName.init' is not part of the declared public API (https://github.com/dotnet/roslyn-analyzers/blob/main/src/PublicApiAnalyzers/PublicApiAnalyzers.Help.md) [C:\dev\0.9.0\Ksql.Linq\src\Ksql.Linq.csproj]
C:\dev\0.9.0\Ksql.Linq\src\Core\Models\PropertyMeta.cs(17,30): error RS0016: Symbol 'IsNullable.get' is not part of the declared public API (https://github.com/dotnet/roslyn-analyzers/blob/main/src/PublicApiAnalyzers/PublicApiAnalyzers.Help.md) [C:\dev\0.9.0\Ksql.Linq\src\Ksql.Linq.csproj]
C:\dev\0.9.0\Ksql.Linq\src\Core\Models\PropertyMeta.cs(16,32): error RS0016: Symbol 'PropertyType.get' is not part of the declared public API (https://github.com/dotnet/roslyn-analyzers/blob/main/src/PublicApiAnalyzers/PublicApiAnalyzers.Help.md) [C:\dev\0.9.0\Ksql.Linq\src\Ksql.Linq.csproj]
C:\dev\0.9.0\Ksql.Linq\src\Core\Models\PropertyMeta.cs(16,37): error RS0016: Symbol 'PropertyType.init' is not part of the declared public API (https://github.com/dotnet/roslyn-analyzers/blob/main/src/PublicApiAnalyzers/PublicApiAnalyzers.Help.md) [C:\dev\0.9.0\Ksql.Linq\src\Ksql.Linq.csproj]
C:\dev\0.9.0\Ksql.Linq\src\Core\Models\PropertyMeta.cs(17,35): error RS0016: Symbol 'IsNullable.init' is not part of the declared public API (https://github.com/dotnet/roslyn-analyzers/blob/main/src/PublicApiAnalyzers/PublicApiAnalyzers.Help.md) [C:\dev\0.9.0\Ksql.Linq\src\Ksql.Linq.csproj]
C:\dev\0.9.0\Ksql.Linq\src\Core\Models\PropertyMeta.cs(18,29): error RS0016: Symbol 'Precision.get' is not part of the declared public API (https://github.com/dotnet/roslyn-analyzers/blob/main/src/PublicApiAnalyzers/PublicApiAnalyzers.Help.md) [C:\dev\0.9.0\Ksql.Linq\src\Ksql.Linq.csproj]
C:\dev\0.9.0\Ksql.Linq\src\Core\Models\PropertyMeta.cs(18,34): error RS0016: Symbol 'Precision.init' is not part of the declared public API (https://github.com/dotnet/roslyn-analyzers/blob/main/src/PublicApiAnalyzers/PublicApiAnalyzers.Help.md) [C:\dev\0.9.0\Ksql.Linq\src\Ksql.Linq.csproj]
C:\dev\0.9.0\Ksql.Linq\src\Core\Models\PropertyMeta.cs(19,25): error RS0016: Symbol 'Scale.get' is not part of the declared public API (https://github.com/dotnet/roslyn-analyzers/blob/main/src/PublicApiAnalyzers/PublicApiAnalyzers.Help.md) [C:\dev\0.9.0\Ksql.Linq\src\Ksql.Linq.csproj]
C:\dev\0.9.0\Ksql.Linq\src\Core\Models\PropertyMeta.cs(19,30): error RS0016: Symbol 'Scale.init' is not part of the declared public API (https://github.com/dotnet/roslyn-analyzers/blob/main/src/PublicApiAnalyzers/PublicApiAnalyzers.Help.md) [C:\dev\0.9.0\Ksql.Linq\src\Ksql.Linq.csproj]
C:\dev\0.9.0\Ksql.Linq\src\Core\Models\PropertyMeta.cs(20,29): error RS0016: Symbol 'Format.get' is not part of the declared public API (https://github.com/dotnet/roslyn-analyzers/blob/main/src/PublicApiAnalyzers/PublicApiAnalyzers.Help.md) [C:\dev\0.9.0\Ksql.Linq\src\Ksql.Linq.csproj]
C:\dev\0.9.0\Ksql.Linq\src\Core\Models\PropertyMeta.cs(20,34): error RS0016: Symbol 'Format.init' is not part of the declared public API (https://github.com/dotnet/roslyn-analyzers/blob/main/src/PublicApiAnalyzers/PublicApiAnalyzers.Help.md) [C:\dev\0.9.0\Ksql.Linq\src\Ksql.Linq.csproj]
C:\dev\0.9.0\Ksql.Linq\src\Core\Dlq\DlqReadOptions.cs(5,33): error RS0016: Symbol 'FromBeginning.get' is not part of the declared public API (https://github.com/dotnet/roslyn-analyzers/blob/main/src/PublicApiAnalyzers/PublicApiAnalyzers.Help.md) [C:\dev\0.9.0\Ksql.Linq\src\Ksql.Linq.csproj]
C:\dev\0.9.0\Ksql.Linq\src\Core\Models\PropertyMeta.cs(21,37): error RS0016: Symbol 'Attributes.get' is not part of the declared public API (https://github.com/dotnet/roslyn-analyzers/blob/main/src/PublicApiAnalyzers/PublicApiAnalyzers.Help.md) [C:\dev\0.9.0\Ksql.Linq\src\Ksql.Linq.csproj]
C:\dev\0.9.0\Ksql.Linq\src\Core\Dlq\DlqReadOptions.cs(5,38): error RS0016: Symbol 'FromBeginning.init' is not part of the declared public API (https://github.com/dotnet/roslyn-analyzers/blob/main/src/PublicApiAnalyzers/PublicApiAnalyzers.Help.md) [C:\dev\0.9.0\Ksql.Linq\src\Ksql.Linq.csproj]
C:\dev\0.9.0\Ksql.Linq\src\Core\Models\PropertyMeta.cs(21,42): error RS0016: Symbol 'Attributes.init' is not part of the declared public API (https://github.com/dotnet/roslyn-analyzers/blob/main/src/PublicApiAnalyzers/PublicApiAnalyzers.Help.md) [C:\dev\0.9.0\Ksql.Linq\src\Ksql.Linq.csproj]
C:\dev\0.9.0\Ksql.Linq\src\Core\Dlq\DlqReadOptions.cs(6,37): error RS0016: Symbol 'MaxBytesForRawText.get' is not part of the declared public API (https://github.com/dotnet/roslyn-analyzers/blob/main/src/PublicApiAnalyzers/PublicApiAnalyzers.Help.md) [C:\dev\0.9.0\Ksql.Linq\src\Ksql.Linq.csproj]
C:\dev\0.9.0\Ksql.Linq\src\Core\Models\PropertyMeta.cs(22,41): error RS0016: Symbol 'PropertyInfo.get' is not part of the declared public API (https://github.com/dotnet/roslyn-analyzers/blob/main/src/PublicApiAnalyzers/PublicApiAnalyzers.Help.md) [C:\dev\0.9.0\Ksql.Linq\src\Ksql.Linq.csproj]
C:\dev\0.9.0\Ksql.Linq\src\Core\Models\PropertyMeta.cs(22,46): error RS0016: Symbol 'PropertyInfo.init' is not part of the declared public API (https://github.com/dotnet/roslyn-analyzers/blob/main/src/PublicApiAnalyzers/PublicApiAnalyzers.Help.md) [C:\dev\0.9.0\Ksql.Linq\src\Ksql.Linq.csproj]
C:\dev\0.9.0\Ksql.Linq\src\Core\Dlq\DlqReadOptions.cs(6,42): error RS0016: Symbol 'MaxBytesForRawText.init' is not part of the declared public API (https://github.com/dotnet/roslyn-analyzers/blob/main/src/PublicApiAnalyzers/PublicApiAnalyzers.Help.md) [C:\dev\0.9.0\Ksql.Linq\src\Ksql.Linq.csproj]
C:\dev\0.9.0\Ksql.Linq\src\Context\KsqlContext.Execution.cs(52,22): error RS0016: Symbol 'PullCountAsync' is not part of the declared public API (https://github.com/dotnet/roslyn-analyzers/blob/main/src/PublicApiAnalyzers/PublicApiAnalyzers.Help.md) [C:\dev\0.9.0\Ksql.Linq\src\Ksql.Linq.csproj]
C:\dev\0.9.0\Ksql.Linq\src\Core\Models\PropertyMeta.cs(23,35): error RS0016: Symbol 'IsAutoGenerated.get' is not part of the declared public API (https://github.com/dotnet/roslyn-analyzers/blob/main/src/PublicApiAnalyzers/PublicApiAnalyzers.Help.md) [C:\dev\0.9.0\Ksql.Linq\src\Ksql.Linq.csproj]
C:\dev\0.9.0\Ksql.Linq\src\Core\Dlq\DlqReadOptions.cs(7,32): error RS0016: Symbol 'CommitOnRead.get' is not part of the declared public API (https://github.com/dotnet/roslyn-analyzers/blob/main/src/PublicApiAnalyzers/PublicApiAnalyzers.Help.md) [C:\dev\0.9.0\Ksql.Linq\src\Ksql.Linq.csproj]
C:\dev\0.9.0\Ksql.Linq\src\Core\Models\PropertyMeta.cs(23,40): error RS0016: Symbol 'IsAutoGenerated.init' is not part of the declared public API (https://github.com/dotnet/roslyn-analyzers/blob/main/src/PublicApiAnalyzers/PublicApiAnalyzers.Help.md) [C:\dev\0.9.0\Ksql.Linq\src\Ksql.Linq.csproj]
C:\dev\0.9.0\Ksql.Linq\src\Core\Extensions\LoggerFactoryExtensions.cs(104,24): error RS0016: Symbol 'LogInformationWithLegacySupport<T>' is not part of the declared public API (https://github.com/dotnet/roslyn-analyzers/blob/main/src/PublicApiAnalyzers/PublicApiAnalyzers.Help.md) [C:\dev\0.9.0\Ksql.Linq\src\Ksql.Linq.csproj]
C:\dev\0.9.0\Ksql.Linq\src\Core\Dlq\DlqReadOptions.cs(7,37): error RS0016: Symbol 'CommitOnRead.init' is not part of the declared public API (https://github.com/dotnet/roslyn-analyzers/blob/main/src/PublicApiAnalyzers/PublicApiAnalyzers.Help.md) [C:\dev\0.9.0\Ksql.Linq\src\Ksql.Linq.csproj]
C:\dev\0.9.0\Ksql.Linq\src\Core\Extensions\LoggerFactoryExtensions.cs(127,24): error RS0016: Symbol 'LogWarningWithLegacySupport<T>' is not part of the declared public API (https://github.com/dotnet/roslyn-analyzers/blob/main/src/PublicApiAnalyzers/PublicApiAnalyzers.Help.md) [C:\dev\0.9.0\Ksql.Linq\src\Ksql.Linq.csproj]
C:\dev\0.9.0\Ksql.Linq\src\Core\Abstractions\ErrorHandlingPolicy.cs(42,39): error RS0016: Symbol 'CircuitBreaker' is not part of the declared public API (https://github.com/dotnet/roslyn-analyzers/blob/main/src/PublicApiAnalyzers/PublicApiAnalyzers.Help.md) [C:\dev\0.9.0\Ksql.Linq\src\Ksql.Linq.csproj]
C:\dev\0.9.0\Ksql.Linq\src\Context\KsqlContext.Execution.cs(58,34): error RS0016: Symbol 'PullRowsAsync' is not part of the declared public API (https://github.com/dotnet/roslyn-analyzers/blob/main/src/PublicApiAnalyzers/PublicApiAnalyzers.Help.md) [C:\dev\0.9.0\Ksql.Linq\src\Ksql.Linq.csproj]
C:\dev\0.9.0\Ksql.Linq\src\Core\Dlq\DlqGuard.cs(8,24): error RS0016: Symbol 'ShouldSend' is not part of the declared public API (https://github.com/dotnet/roslyn-analyzers/blob/main/src/PublicApiAnalyzers/PublicApiAnalyzers.Help.md) [C:\dev\0.9.0\Ksql.Linq\src\Ksql.Linq.csproj]
C:\dev\0.9.0\Ksql.Linq\src\Core\Extensions\LoggerFactoryExtensions.cs(151,24): error RS0016: Symbol 'LogErrorWithLegacySupport<T>' is not part of the declared public API (https://github.com/dotnet/roslyn-analyzers/blob/main/src/PublicApiAnalyzers/PublicApiAnalyzers.Help.md) [C:\dev\0.9.0\Ksql.Linq\src\Ksql.Linq.csproj]
C:\dev\0.9.0\Ksql.Linq\src\Core\Models\PropertyMeta.cs(25,32): error RS0016: Symbol 'FromProperty' is not part of the declared public API (https://github.com/dotnet/roslyn-analyzers/blob/main/src/PublicApiAnalyzers/PublicApiAnalyzers.Help.md) [C:\dev\0.9.0\Ksql.Linq\src\Ksql.Linq.csproj]
C:\dev\0.9.0\Ksql.Linq\src\Core\Models\PropertyMeta.cs(47,32): error RS0016: Symbol 'AutoGenerated' is not part of the declared public API (https://github.com/dotnet/roslyn-analyzers/blob/main/src/PublicApiAnalyzers/PublicApiAnalyzers.Help.md) [C:\dev\0.9.0\Ksql.Linq\src\Ksql.Linq.csproj]
C:\dev\0.9.0\Ksql.Linq\src\Core\Extensions\LoggerFactoryExtensions.cs(171,34): error RS0016: Symbol 'CreateLoggerFactory' is not part of the declared public API (https://github.com/dotnet/roslyn-analyzers/blob/main/src/PublicApiAnalyzers/PublicApiAnalyzers.Help.md) [C:\dev\0.9.0\Ksql.Linq\src\Ksql.Linq.csproj]
C:\dev\0.9.0\Ksql.Linq\src\Core\Retry\RetryPolicy.cs(56,26): error RS0016: Symbol 'ExecuteAsync<T>' is not part of the declared public API (https://github.com/dotnet/roslyn-analyzers/blob/main/src/PublicApiAnalyzers/PublicApiAnalyzers.Help.md) [C:\dev\0.9.0\Ksql.Linq\src\Ksql.Linq.csproj]
C:\dev\0.9.0\Ksql.Linq\src\Core\Modeling\EntityModelBuilder.cs(17,34): error RS0016: Symbol 'OnError' is not part of the declared public API (https://github.com/dotnet/roslyn-analyzers/blob/main/src/PublicApiAnalyzers/PublicApiAnalyzers.Help.md) [C:\dev\0.9.0\Ksql.Linq\src\Ksql.Linq.csproj]
C:\dev\0.9.0\Ksql.Linq\src\Core\Modeling\EntityBuilderToQueryExtensions.cs(11,41): error RS0016: Symbol 'ToQuery<T>' is not part of the declared public API (https://github.com/dotnet/roslyn-analyzers/blob/main/src/PublicApiAnalyzers/PublicApiAnalyzers.Help.md) [C:\dev\0.9.0\Ksql.Linq\src\Ksql.Linq.csproj]
C:\dev\0.9.0\Ksql.Linq\src\Core\Modeling\EntityModelBuilder.cs(23,24): error RS0016: Symbol 'GetModel' is not part of the declared public API (https://github.com/dotnet/roslyn-analyzers/blob/main/src/PublicApiAnalyzers/PublicApiAnalyzers.Help.md) [C:\dev\0.9.0\Ksql.Linq\src\Ksql.Linq.csproj]
C:\dev\0.9.0\Ksql.Linq\src\Core\Retry\RetryPolicy.cs(82,17): error RS0016: Symbol 'ExecuteAsync' is not part of the declared public API (https://github.com/dotnet/roslyn-analyzers/blob/main/src/PublicApiAnalyzers/PublicApiAnalyzers.Help.md) [C:\dev\0.9.0\Ksql.Linq\src\Ksql.Linq.csproj]
C:\dev\0.9.0\Ksql.Linq\src\Core\Retry\RetryPolicy.cs(83,17): error RS0016: Symbol 'ExecuteAsync' is not part of the declared public API (https://github.com/dotnet/roslyn-analyzers/blob/main/src/PublicApiAnalyzers/PublicApiAnalyzers.Help.md) [C:\dev\0.9.0\Ksql.Linq\src\Ksql.Linq.csproj]
C:\dev\0.9.0\Ksql.Linq\src\Core\Retry\RetryPolicy.cs(84,20): error RS0016: Symbol 'ExecuteAsync<T>' is not part of the declared public API (https://github.com/dotnet/roslyn-analyzers/blob/main/src/PublicApiAnalyzers/PublicApiAnalyzers.Help.md) [C:\dev\0.9.0\Ksql.Linq\src\Ksql.Linq.csproj]
C:\dev\0.9.0\Ksql.Linq\src\Core\Modeling\EntityModelBuilder.cs(30,28): error RS0016: Symbol 'ToString' is not part of the declared public API (https://github.com/dotnet/roslyn-analyzers/blob/main/src/PublicApiAnalyzers/PublicApiAnalyzers.Help.md) [C:\dev\0.9.0\Ksql.Linq\src\Ksql.Linq.csproj]
C:\dev\0.9.0\Ksql.Linq\src\Core\Retry\RetryPolicy.cs(85,20): error RS0016: Symbol 'ExecuteAsync<T>' is not part of the declared public API (https://github.com/dotnet/roslyn-analyzers/blob/main/src/PublicApiAnalyzers/PublicApiAnalyzers.Help.md) [C:\dev\0.9.0\Ksql.Linq\src\Ksql.Linq.csproj]
C:\dev\0.9.0\Ksql.Linq\src\Events\RuntimeEvents.cs(8,30): error RS0016: Symbol 'TryPublishAsync' is not part of the declared public API (https://github.com/dotnet/roslyn-analyzers/blob/main/src/PublicApiAnalyzers/PublicApiAnalyzers.Help.md) [C:\dev\0.9.0\Ksql.Linq\src\Ksql.Linq.csproj]
C:\dev\0.9.0\Ksql.Linq\src\Events\RuntimeEvent.cs(7,26): error RS0016: Symbol 'Name.get' is not part of the declared public API (https://github.com/dotnet/roslyn-analyzers/blob/main/src/PublicApiAnalyzers/PublicApiAnalyzers.Help.md) [C:\dev\0.9.0\Ksql.Linq\src\Ksql.Linq.csproj]
C:\dev\0.9.0\Ksql.Linq\src\Events\RuntimeEvent.cs(7,31): error RS0016: Symbol 'Name.init' is not part of the declared public API (https://github.com/dotnet/roslyn-analyzers/blob/main/src/PublicApiAnalyzers/PublicApiAnalyzers.Help.md) [C:\dev\0.9.0\Ksql.Linq\src\Ksql.Linq.csproj]
C:\dev\0.9.0\Ksql.Linq\src\Events\RuntimeEvent.cs(8,28): error RS0016: Symbol 'Phase.get' is not part of the declared public API (https://github.com/dotnet/roslyn-analyzers/blob/main/src/PublicApiAnalyzers/PublicApiAnalyzers.Help.md) [C:\dev\0.9.0\Ksql.Linq\src\Ksql.Linq.csproj]
C:\dev\0.9.0\Ksql.Linq\src\Events\RuntimeEvent.cs(8,33): error RS0016: Symbol 'Phase.init' is not part of the declared public API (https://github.com/dotnet/roslyn-analyzers/blob/main/src/PublicApiAnalyzers/PublicApiAnalyzers.Help.md) [C:\dev\0.9.0\Ksql.Linq\src\Ksql.Linq.csproj]
C:\dev\0.9.0\Ksql.Linq\src\Events\RuntimeEvent.cs(9,29): error RS0016: Symbol 'Entity.get' is not part of the declared public API (https://github.com/dotnet/roslyn-analyzers/blob/main/src/PublicApiAnalyzers/PublicApiAnalyzers.Help.md) [C:\dev\0.9.0\Ksql.Linq\src\Ksql.Linq.csproj]
C:\dev\0.9.0\Ksql.Linq\src\Events\RuntimeEvent.cs(9,34): error RS0016: Symbol 'Entity.init' is not part of the declared public API (https://github.com/dotnet/roslyn-analyzers/blob/main/src/PublicApiAnalyzers/PublicApiAnalyzers.Help.md) [C:\dev\0.9.0\Ksql.Linq\src\Ksql.Linq.csproj]
C:\dev\0.9.0\Ksql.Linq\src\Events\RuntimeEvent.cs(10,28): error RS0016: Symbol 'Topic.get' is not part of the declared public API (https://github.com/dotnet/roslyn-analyzers/blob/main/src/PublicApiAnalyzers/PublicApiAnalyzers.Help.md) [C:\dev\0.9.0\Ksql.Linq\src\Ksql.Linq.csproj]
C:\dev\0.9.0\Ksql.Linq\src\Events\RuntimeEvent.cs(10,33): error RS0016: Symbol 'Topic.init' is not part of the declared public API (https://github.com/dotnet/roslyn-analyzers/blob/main/src/PublicApiAnalyzers/PublicApiAnalyzers.Help.md) [C:\dev\0.9.0\Ksql.Linq\src\Ksql.Linq.csproj]
C:\dev\0.9.0\Ksql.Linq\src\Events\RuntimeEvent.cs(11,32): error RS0016: Symbol 'Timeframe.get' is not part of the declared public API (https://github.com/dotnet/roslyn-analyzers/blob/main/src/PublicApiAnalyzers/PublicApiAnalyzers.Help.md) [C:\dev\0.9.0\Ksql.Linq\src\Ksql.Linq.csproj]
C:\dev\0.9.0\Ksql.Linq\src\Events\RuntimeEvent.cs(11,37): error RS0016: Symbol 'Timeframe.init' is not part of the declared public API (https://github.com/dotnet/roslyn-analyzers/blob/main/src/PublicApiAnalyzers/PublicApiAnalyzers.Help.md) [C:\dev\0.9.0\Ksql.Linq\src\Ksql.Linq.csproj]
C:\dev\0.9.0\Ksql.Linq\src\Events\RuntimeEvent.cs(12,27): error RS0016: Symbol 'Role.get' is not part of the declared public API (https://github.com/dotnet/roslyn-analyzers/blob/main/src/PublicApiAnalyzers/PublicApiAnalyzers.Help.md) [C:\dev\0.9.0\Ksql.Linq\src\Ksql.Linq.csproj]
C:\dev\0.9.0\Ksql.Linq\src\Events\RuntimeEvents.cs(13,24): error RS0016: Symbol 'TryPublishFireAndForget' is not part of the declared public API (https://github.com/dotnet/roslyn-analyzers/blob/main/src/PublicApiAnalyzers/PublicApiAnalyzers.Help.md) [C:\dev\0.9.0\Ksql.Linq\src\Ksql.Linq.csproj]
C:\dev\0.9.0\Ksql.Linq\src\Events\RuntimeEvent.cs(12,32): error RS0016: Symbol 'Role.init' is not part of the declared public API (https://github.com/dotnet/roslyn-analyzers/blob/main/src/PublicApiAnalyzers/PublicApiAnalyzers.Help.md) [C:\dev\0.9.0\Ksql.Linq\src\Ksql.Linq.csproj]
C:\dev\0.9.0\Ksql.Linq\src\Events\RuntimeEvent.cs(13,33): error RS0016: Symbol 'SqlPreview.get' is not part of the declared public API (https://github.com/dotnet/roslyn-analyzers/blob/main/src/PublicApiAnalyzers/PublicApiAnalyzers.Help.md) [C:\dev\0.9.0\Ksql.Linq\src\Ksql.Linq.csproj]
C:\dev\0.9.0\Ksql.Linq\src\Events\RuntimeEvent.cs(13,38): error RS0016: Symbol 'SqlPreview.init' is not part of the declared public API (https://github.com/dotnet/roslyn-analyzers/blob/main/src/PublicApiAnalyzers/PublicApiAnalyzers.Help.md) [C:\dev\0.9.0\Ksql.Linq\src\Ksql.Linq.csproj]
C:\dev\0.9.0\Ksql.Linq\src\Events\RuntimeEvent.cs(14,30): error RS0016: Symbol 'QueryId.get' is not part of the declared public API (https://github.com/dotnet/roslyn-analyzers/blob/main/src/PublicApiAnalyzers/PublicApiAnalyzers.Help.md) [C:\dev\0.9.0\Ksql.Linq\src\Ksql.Linq.csproj]
C:\dev\0.9.0\Ksql.Linq\src\Events\RuntimeEvent.cs(14,35): error RS0016: Symbol 'QueryId.init' is not part of the declared public API (https://github.com/dotnet/roslyn-analyzers/blob/main/src/PublicApiAnalyzers/PublicApiAnalyzers.Help.md) [C:\dev\0.9.0\Ksql.Linq\src\Ksql.Linq.csproj]
C:\dev\0.9.0\Ksql.Linq\src\Events\RuntimeEvent.cs(15,28): error RS0016: Symbol 'Success.get' is not part of the declared public API (https://github.com/dotnet/roslyn-analyzers/blob/main/src/PublicApiAnalyzers/PublicApiAnalyzers.Help.md) [C:\dev\0.9.0\Ksql.Linq\src\Ksql.Linq.csproj]
C:\dev\0.9.0\Ksql.Linq\src\Events\RuntimeEvent.cs(16,30): error RS0016: Symbol 'Message.get' is not part of the declared public API (https://github.com/dotnet/roslyn-analyzers/blob/main/src/PublicApiAnalyzers/PublicApiAnalyzers.Help.md) [C:\dev\0.9.0\Ksql.Linq\src\Ksql.Linq.csproj]
C:\dev\0.9.0\Ksql.Linq\src\Events\RuntimeEvent.cs(15,33): error RS0016: Symbol 'Success.init' is not part of the declared public API (https://github.com/dotnet/roslyn-analyzers/blob/main/src/PublicApiAnalyzers/PublicApiAnalyzers.Help.md) [C:\dev\0.9.0\Ksql.Linq\src\Ksql.Linq.csproj]
C:\dev\0.9.0\Ksql.Linq\src\Events\RuntimeEventBus.cs(13,45): error RS0016: Symbol 'Sink.get' is not part of the declared public API (https://github.com/dotnet/roslyn-analyzers/blob/main/src/PublicApiAnalyzers/PublicApiAnalyzers.Help.md) [C:\dev\0.9.0\Ksql.Linq\src\Ksql.Linq.csproj]
C:\dev\0.9.0\Ksql.Linq\src\Events\RuntimeEvent.cs(16,35): error RS0016: Symbol 'Message.init' is not part of the declared public API (https://github.com/dotnet/roslyn-analyzers/blob/main/src/PublicApiAnalyzers/PublicApiAnalyzers.Help.md) [C:\dev\0.9.0\Ksql.Linq\src\Ksql.Linq.csproj]
C:\dev\0.9.0\Ksql.Linq\src\Events\RuntimeEvent.cs(17,35): error RS0016: Symbol 'Exception.get' is not part of the declared public API (https://github.com/dotnet/roslyn-analyzers/blob/main/src/PublicApiAnalyzers/PublicApiAnalyzers.Help.md) [C:\dev\0.9.0\Ksql.Linq\src\Ksql.Linq.csproj]
C:\dev\0.9.0\Ksql.Linq\src\Events\RuntimeEvent.cs(17,40): error RS0016: Symbol 'Exception.init' is not part of the declared public API (https://github.com/dotnet/roslyn-analyzers/blob/main/src/PublicApiAnalyzers/PublicApiAnalyzers.Help.md) [C:\dev\0.9.0\Ksql.Linq\src\Ksql.Linq.csproj]
C:\dev\0.9.0\Ksql.Linq\src\Events\RuntimeEvent.cs(18,36): error RS0016: Symbol 'TimestampUtc.get' is not part of the declared public API (https://github.com/dotnet/roslyn-analyzers/blob/main/src/PublicApiAnalyzers/PublicApiAnalyzers.Help.md) [C:\dev\0.9.0\Ksql.Linq\src\Ksql.Linq.csproj]
C:\dev\0.9.0\Ksql.Linq\src\Events\RuntimeEventBus.cs(15,24): error RS0016: Symbol 'SetSink' is not part of the declared public API (https://github.com/dotnet/roslyn-analyzers/blob/main/src/PublicApiAnalyzers/PublicApiAnalyzers.Help.md) [C:\dev\0.9.0\Ksql.Linq\src\Ksql.Linq.csproj]
C:\dev\0.9.0\Ksql.Linq\src\Events\RuntimeEvent.cs(18,41): error RS0016: Symbol 'TimestampUtc.init' is not part of the declared public API (https://github.com/dotnet/roslyn-analyzers/blob/main/src/PublicApiAnalyzers/PublicApiAnalyzers.Help.md) [C:\dev\0.9.0\Ksql.Linq\src\Ksql.Linq.csproj]
C:\dev\0.9.0\Ksql.Linq\src\Events\RuntimeEvent.cs(19,28): error RS0016: Symbol 'AppId.get' is not part of the declared public API (https://github.com/dotnet/roslyn-analyzers/blob/main/src/PublicApiAnalyzers/PublicApiAnalyzers.Help.md) [C:\dev\0.9.0\Ksql.Linq\src\Ksql.Linq.csproj]
C:\dev\0.9.0\Ksql.Linq\src\Events\RuntimeEvent.cs(19,33): error RS0016: Symbol 'AppId.init' is not part of the declared public API (https://github.com/dotnet/roslyn-analyzers/blob/main/src/PublicApiAnalyzers/PublicApiAnalyzers.Help.md) [C:\dev\0.9.0\Ksql.Linq\src\Ksql.Linq.csproj]
C:\dev\0.9.0\Ksql.Linq\src\Events\RuntimeEvent.cs(20,28): error RS0016: Symbol 'State.get' is not part of the declared public API (https://github.com/dotnet/roslyn-analyzers/blob/main/src/PublicApiAnalyzers/PublicApiAnalyzers.Help.md) [C:\dev\0.9.0\Ksql.Linq\src\Ksql.Linq.csproj]
C:\dev\0.9.0\Ksql.Linq\src\Events\RuntimeEvent.cs(20,33): error RS0016: Symbol 'State.init' is not part of the declared public API (https://github.com/dotnet/roslyn-analyzers/blob/main/src/PublicApiAnalyzers/PublicApiAnalyzers.Help.md) [C:\dev\0.9.0\Ksql.Linq\src\Ksql.Linq.csproj]
C:\dev\0.9.0\Ksql.Linq\src\Events\RuntimeEventBus.cs(8,10): error RS0016: Symbol 'PublishAsync' is not part of the declared public API (https://github.com/dotnet/roslyn-analyzers/blob/main/src/PublicApiAnalyzers/PublicApiAnalyzers.Help.md) [C:\dev\0.9.0\Ksql.Linq\src\Ksql.Linq.csproj]
C:\dev\0.9.0\Ksql.Linq\src\Events\RuntimeEventBus.cs(17,24): error RS0016: Symbol 'PublishAsync' is not part of the declared public API (https://github.com/dotnet/roslyn-analyzers/blob/main/src/PublicApiAnalyzers/PublicApiAnalyzers.Help.md) [C:\dev\0.9.0\Ksql.Linq\src\Ksql.Linq.csproj]
C:\dev\0.9.0\Ksql.Linq\src\Context\KsqlContext.Lifecycle.cs(89,54): error RS0016: Symbol 'SkipSchemaRegistration.get' is not part of the declared public API (https://github.com/dotnet/roslyn-analyzers/blob/main/src/PublicApiAnalyzers/PublicApiAnalyzers.Help.md) [C:\dev\0.9.0\Ksql.Linq\src\Ksql.Linq.csproj]
C:\dev\0.9.0\Ksql.Linq\src\Extensions\EntitySetExtensions.cs(18,31): error RS0016: Symbol 'OnError<T>' is not part of the declared public API (https://github.com/dotnet/roslyn-analyzers/blob/main/src/PublicApiAnalyzers/PublicApiAnalyzers.Help.md) [C:\dev\0.9.0\Ksql.Linq\src\Ksql.Linq.csproj]
C:\dev\0.9.0\Ksql.Linq\src\Extensions\EventSetExtensions.cs(19,31): error RS0016: Symbol 'OnError<T>' is not part of the declared public API (https://github.com/dotnet/roslyn-analyzers/blob/main/src/PublicApiAnalyzers/PublicApiAnalyzers.Help.md) [C:\dev\0.9.0\Ksql.Linq\src\Ksql.Linq.csproj]
C:\dev\0.9.0\Ksql.Linq\src\Extensions\EntitySetExtensions.cs(29,24): error RS0016: Symbol 'ForEachAsync<T>' is not part of the declared public API (https://github.com/dotnet/roslyn-analyzers/blob/main/src/PublicApiAnalyzers/PublicApiAnalyzers.Help.md) [C:\dev\0.9.0\Ksql.Linq\src\Ksql.Linq.csproj]
C:\dev\0.9.0\Ksql.Linq\src\EntitySets\EventSet.cs(37,15): error RS0016: Symbol 'EventSet' is not part of the declared public API (https://github.com/dotnet/roslyn-analyzers/blob/main/src/PublicApiAnalyzers/PublicApiAnalyzers.Help.md) [C:\dev\0.9.0\Ksql.Linq\src\Ksql.Linq.csproj]
C:\dev\0.9.0\Ksql.Linq\src\Context\KsqlContext.Lifecycle.cs(93,15): error RS0016: Symbol 'KsqlContext' is not part of the declared public API (https://github.com/dotnet/roslyn-analyzers/blob/main/src/PublicApiAnalyzers/PublicApiAnalyzers.Help.md) [C:\dev\0.9.0\Ksql.Linq\src\Ksql.Linq.csproj]
C:\dev\0.9.0\Ksql.Linq\src\Extensions\EntitySetExtensions.cs(32,24): error RS0016: Symbol 'ForEachAsync<T>' is not part of the declared public API (https://github.com/dotnet/roslyn-analyzers/blob/main/src/PublicApiAnalyzers/PublicApiAnalyzers.Help.md) [C:\dev\0.9.0\Ksql.Linq\src\Ksql.Linq.csproj]
C:\dev\0.9.0\Ksql.Linq\src\Extensions\OffsetAggregateExtensions.cs(14,31): error RS0016: Symbol 'LatestByOffset<TSource, TKey, TResult>' is not part of the declared public API (https://github.com/dotnet/roslyn-analyzers/blob/main/src/PublicApiAnalyzers/PublicApiAnalyzers.Help.md) [C:\dev\0.9.0\Ksql.Linq\src\Ksql.Linq.csproj]
C:\dev\0.9.0\Ksql.Linq\src\Extensions\EntitySetExtensions.cs(35,24): error RS0016: Symbol 'ForEachAsync<T>' is not part of the declared public API (https://github.com/dotnet/roslyn-analyzers/blob/main/src/PublicApiAnalyzers/PublicApiAnalyzers.Help.md) [C:\dev\0.9.0\Ksql.Linq\src\Ksql.Linq.csproj]
C:\dev\0.9.0\Ksql.Linq\src\Context\KsqlContext.Lifecycle.cs(98,15): error RS0016: Symbol 'KsqlContext' is not part of the declared public API (https://github.com/dotnet/roslyn-analyzers/blob/main/src/PublicApiAnalyzers/PublicApiAnalyzers.Help.md) [C:\dev\0.9.0\Ksql.Linq\src\Ksql.Linq.csproj]
C:\dev\0.9.0\Ksql.Linq\src\Context\KsqlContext.Lifecycle.cs(103,15): error RS0016: Symbol 'KsqlContext' is not part of the declared public API (https://github.com/dotnet/roslyn-analyzers/blob/main/src/PublicApiAnalyzers/PublicApiAnalyzers.Help.md) [C:\dev\0.9.0\Ksql.Linq\src\Ksql.Linq.csproj]
C:\dev\0.9.0\Ksql.Linq\src\Extensions\EntitySetExtensions.cs(38,24): error RS0016: Symbol 'ForEachAsync<T>' is not part of the declared public API (https://github.com/dotnet/roslyn-analyzers/blob/main/src/PublicApiAnalyzers/PublicApiAnalyzers.Help.md) [C:\dev\0.9.0\Ksql.Linq\src\Ksql.Linq.csproj]
C:\dev\0.9.0\Ksql.Linq\src\Extensions\EntitySetExtensions.cs(41,24): error RS0016: Symbol 'ForEachAsync<T>' is not part of the declared public API (https://github.com/dotnet/roslyn-analyzers/blob/main/src/PublicApiAnalyzers/PublicApiAnalyzers.Help.md) [C:\dev\0.9.0\Ksql.Linq\src\Ksql.Linq.csproj]
C:\dev\0.9.0\Ksql.Linq\src\Extensions\OffsetAggregateExtensions.cs(26,31): error RS0016: Symbol 'EarliestByOffset<TSource, TKey, TResult>' is not part of the declared public API (https://github.com/dotnet/roslyn-analyzers/blob/main/src/PublicApiAnalyzers/PublicApiAnalyzers.Help.md) [C:\dev\0.9.0\Ksql.Linq\src\Ksql.Linq.csproj]
C:\dev\0.9.0\Ksql.Linq\src\EntitySets\EventSet.cs(81,41): error RS0016: Symbol 'GetAsyncEnumerator' is not part of the declared public API (https://github.com/dotnet/roslyn-analyzers/blob/main/src/PublicApiAnalyzers/PublicApiAnalyzers.Help.md) [C:\dev\0.9.0\Ksql.Linq\src\Ksql.Linq.csproj]
C:\dev\0.9.0\Ksql.Linq\src\Extensions\EntitySetExtensions.cs(44,24): error RS0016: Symbol 'ForEachAsync<T>' is not part of the declared public API (https://github.com/dotnet/roslyn-analyzers/blob/main/src/PublicApiAnalyzers/PublicApiAnalyzers.Help.md) [C:\dev\0.9.0\Ksql.Linq\src\Ksql.Linq.csproj]
C:\dev\0.9.0\Ksql.Linq\src\Extensions\QueryExtensions.cs(11,31): error RS0016: Symbol 'ToQuery<T>' is not part of the declared public API (https://github.com/dotnet/roslyn-analyzers/blob/main/src/PublicApiAnalyzers/PublicApiAnalyzers.Help.md) [C:\dev\0.9.0\Ksql.Linq\src\Ksql.Linq.csproj]
C:\dev\0.9.0\Ksql.Linq\src\Extensions\WindowExtensions.cs(9,32): error RS0016: Symbol 'WindowStart<TSource, TKey>' is not part of the declared public API (https://github.com/dotnet/roslyn-analyzers/blob/main/src/PublicApiAnalyzers/PublicApiAnalyzers.Help.md) [C:\dev\0.9.0\Ksql.Linq\src\Ksql.Linq.csproj]
C:\dev\0.9.0\Ksql.Linq\src\Extensions\EntitySetExtensions.cs(47,24): error RS0016: Symbol 'ForEachAsync<T>' is not part of the declared public API (https://github.com/dotnet/roslyn-analyzers/blob/main/src/PublicApiAnalyzers/PublicApiAnalyzers.Help.md) [C:\dev\0.9.0\Ksql.Linq\src\Ksql.Linq.csproj]
C:\dev\0.9.0\Ksql.Linq\src\Extensions\EntitySetExtensions.cs(50,24): error RS0016: Symbol 'ForEachAsync<T>' is not part of the declared public API (https://github.com/dotnet/roslyn-analyzers/blob/main/src/PublicApiAnalyzers/PublicApiAnalyzers.Help.md) [C:\dev\0.9.0\Ksql.Linq\src\Ksql.Linq.csproj]
C:\dev\0.9.0\Ksql.Linq\src\Context\KsqlContext.Lifecycle.cs(108,15): error RS0016: Symbol 'KsqlContext' is not part of the declared public API (https://github.com/dotnet/roslyn-analyzers/blob/main/src/PublicApiAnalyzers/PublicApiAnalyzers.Help.md) [C:\dev\0.9.0\Ksql.Linq\src\Ksql.Linq.csproj]
C:\dev\0.9.0\Ksql.Linq\src\Extensions\EntitySetExtensions.cs(54,24): error RS0016: Symbol 'ForEachAsync<T>' is not part of the declared public API (https://github.com/dotnet/roslyn-analyzers/blob/main/src/PublicApiAnalyzers/PublicApiAnalyzers.Help.md) [C:\dev\0.9.0\Ksql.Linq\src\Ksql.Linq.csproj]
C:\dev\0.9.0\Ksql.Linq\src\Extensions\EntitySetExtensions.cs(57,24): error RS0016: Symbol 'ForEachAsync<T>' is not part of the declared public API (https://github.com/dotnet/roslyn-analyzers/blob/main/src/PublicApiAnalyzers/PublicApiAnalyzers.Help.md) [C:\dev\0.9.0\Ksql.Linq\src\Ksql.Linq.csproj]
C:\dev\0.9.0\Ksql.Linq\src\Context\KsqlContext.Lifecycle.cs(118,15): error RS0016: Symbol 'KsqlContext' is not part of the declared public API (https://github.com/dotnet/roslyn-analyzers/blob/main/src/PublicApiAnalyzers/PublicApiAnalyzers.Help.md) [C:\dev\0.9.0\Ksql.Linq\src\Ksql.Linq.csproj]
C:\dev\0.9.0\Ksql.Linq\src\Extensions\EntitySetExtensions.cs(60,24): error RS0016: Symbol 'ForEachAsync<T>' is not part of the declared public API (https://github.com/dotnet/roslyn-analyzers/blob/main/src/PublicApiAnalyzers/PublicApiAnalyzers.Help.md) [C:\dev\0.9.0\Ksql.Linq\src\Ksql.Linq.csproj]
C:\dev\0.9.0\Ksql.Linq\src\Context\KsqlContext.Lifecycle.cs(123,15): error RS0016: Symbol 'KsqlContext' is not part of the declared public API (https://github.com/dotnet/roslyn-analyzers/blob/main/src/PublicApiAnalyzers/PublicApiAnalyzers.Help.md) [C:\dev\0.9.0\Ksql.Linq\src\Ksql.Linq.csproj]
C:\dev\0.9.0\Ksql.Linq\src\Context\KsqlContext.Lifecycle.cs(133,25): error RS0016: Symbol 'StartAsync' is not part of the declared public API (https://github.com/dotnet/roslyn-analyzers/blob/main/src/PublicApiAnalyzers/PublicApiAnalyzers.Help.md) [C:\dev\0.9.0\Ksql.Linq\src\Ksql.Linq.csproj]
C:\dev\0.9.0\Ksql.Linq\src\Context\KsqlContext.Lifecycle.cs(138,31): error RS0016: Symbol 'StopAsync' is not part of the declared public API (https://github.com/dotnet/roslyn-analyzers/blob/main/src/PublicApiAnalyzers/PublicApiAnalyzers.Help.md) [C:\dev\0.9.0\Ksql.Linq\src\Ksql.Linq.csproj]
C:\dev\0.9.0\Ksql.Linq\src\Extensions\EventSetExtensions.cs(35,39): error RS0016: Symbol 'Limit<T>' is not part of the declared public API (https://github.com/dotnet/roslyn-analyzers/blob/main/src/PublicApiAnalyzers/PublicApiAnalyzers.Help.md) [C:\dev\0.9.0\Ksql.Linq\src\Ksql.Linq.csproj]
C:\dev\0.9.0\Ksql.Linq\src\EntitySets\EventSet.cs(123,40): error RS0016: Symbol 'ToListAsync' is not part of the declared public API (https://github.com/dotnet/roslyn-analyzers/blob/main/src/PublicApiAnalyzers/PublicApiAnalyzers.Help.md) [C:\dev\0.9.0\Ksql.Linq\src\Ksql.Linq.csproj]
C:\dev\0.9.0\Ksql.Linq\src\Context\KsqlContext.Lifecycle.cs(152,17): error RS0016: Symbol 'ClearStreamizState' is not part of the declared public API (https://github.com/dotnet/roslyn-analyzers/blob/main/src/PublicApiAnalyzers/PublicApiAnalyzers.Help.md) [C:\dev\0.9.0\Ksql.Linq\src\Ksql.Linq.csproj]
C:\dev\0.9.0\Ksql.Linq\src\Query\Abstractions\IKsqlBuilder.cs(15,12): error RS0016: Symbol 'Build' is not part of the declared public API (https://github.com/dotnet/roslyn-analyzers/blob/main/src/PublicApiAnalyzers/PublicApiAnalyzers.Help.md) [C:\dev\0.9.0\Ksql.Linq\src\Ksql.Linq.csproj]
C:\dev\0.9.0\Ksql.Linq\src\Query\Abstractions\IKsqlBuilder.cs(20,35): error RS0016: Symbol 'BuilderType.get' is not part of the declared public API (https://github.com/dotnet/roslyn-analyzers/blob/main/src/PublicApiAnalyzers/PublicApiAnalyzers.Help.md) [C:\dev\0.9.0\Ksql.Linq\src\Ksql.Linq.csproj]
C:\dev\0.9.0\Ksql.Linq\src\EntitySets\EventSet.cs(143,29): error RS0016: Symbol 'SendEntityAsync' is not part of the declared public API (https://github.com/dotnet/roslyn-analyzers/blob/main/src/PublicApiAnalyzers/PublicApiAnalyzers.Help.md) [C:\dev\0.9.0\Ksql.Linq\src\Ksql.Linq.csproj]
C:\dev\0.9.0\Ksql.Linq\src\EntitySets\EventSet.cs(148,31): error RS0016: Symbol 'AddAsync' is not part of the declared public API (https://github.com/dotnet/roslyn-analyzers/blob/main/src/PublicApiAnalyzers/PublicApiAnalyzers.Help.md) [C:\dev\0.9.0\Ksql.Linq\src\Ksql.Linq.csproj]
C:\dev\0.9.0\Ksql.Linq\src\EntitySets\EventSet.cs(161,25): error RS0016: Symbol 'RemoveAsync' is not part of the declared public API (https://github.com/dotnet/roslyn-analyzers/blob/main/src/PublicApiAnalyzers/PublicApiAnalyzers.Help.md) [C:\dev\0.9.0\Ksql.Linq\src\Ksql.Linq.csproj]
C:\dev\0.9.0\Ksql.Linq\src\EntitySets\EventSet.cs(170,17): error RS0016: Symbol 'Commit' is not part of the declared public API (https://github.com/dotnet/roslyn-analyzers/blob/main/src/PublicApiAnalyzers/PublicApiAnalyzers.Help.md) [C:\dev\0.9.0\Ksql.Linq\src\Ksql.Linq.csproj]
C:\dev\0.9.0\Ksql.Linq\src\Runtime\TimeBucket.cs(782,26): error RS0016: Symbol 'ToListAsync' is not part of the declared public API (https://github.com/dotnet/roslyn-analyzers/blob/main/src/PublicApiAnalyzers/PublicApiAnalyzers.Help.md) [C:\dev\0.9.0\Ksql.Linq\src\Ksql.Linq.csproj]
C:\dev\0.9.0\Ksql.Linq\src\Runtime\TimeBucket.cs(784,26): error RS0016: Symbol 'ToListAsync' is not part of the declared public API (https://github.com/dotnet/roslyn-analyzers/blob/main/src/PublicApiAnalyzers/PublicApiAnalyzers.Help.md) [C:\dev\0.9.0\Ksql.Linq\src\Ksql.Linq.csproj]
C:\dev\0.9.0\Ksql.Linq\src\EntitySets\EventSet.cs(183,106): error RS0016: Symbol 'ConsumeAsync' is not part of the declared public API (https://github.com/dotnet/roslyn-analyzers/blob/main/src/PublicApiAnalyzers/PublicApiAnalyzers.Help.md) [C:\dev\0.9.0\Ksql.Linq\src\Ksql.Linq.csproj]
C:\dev\0.9.0\Ksql.Linq\src\Runtime\TimeBucket.cs(786,26): error RS0016: Symbol 'ReadAsync' is not part of the declared public API (https://github.com/dotnet/roslyn-analyzers/blob/main/src/PublicApiAnalyzers/PublicApiAnalyzers.Help.md) [C:\dev\0.9.0\Ksql.Linq\src\Ksql.Linq.csproj]
C:\dev\0.9.0\Ksql.Linq\src\Runtime\TimeBucket.cs(789,26): error RS0016: Symbol 'ReadAsync' is not part of the declared public API (https://github.com/dotnet/roslyn-analyzers/blob/main/src/PublicApiAnalyzers/PublicApiAnalyzers.Help.md) [C:\dev\0.9.0\Ksql.Linq\src\Ksql.Linq.csproj]
C:\dev\0.9.0\Ksql.Linq\src\Runtime\TimeBucket.cs(793,26): error RS0016: Symbol 'ReadAsync' is not part of the declared public API (https://github.com/dotnet/roslyn-analyzers/blob/main/src/PublicApiAnalyzers/PublicApiAnalyzers.Help.md) [C:\dev\0.9.0\Ksql.Linq\src\Ksql.Linq.csproj]
C:\dev\0.9.0\Ksql.Linq\src\Runtime\TimeBucket.cs(800,26): error RS0016: Symbol 'ReadAsync' is not part of the declared public API (https://github.com/dotnet/roslyn-analyzers/blob/main/src/PublicApiAnalyzers/PublicApiAnalyzers.Help.md) [C:\dev\0.9.0\Ksql.Linq\src\Ksql.Linq.csproj]
C:\dev\0.9.0\Ksql.Linq\src\Runtime\TimeBucket.cs(807,23): error RS0016: Symbol 'WaitForBucketAsync' is not part of the declared public API (https://github.com/dotnet/roslyn-analyzers/blob/main/src/PublicApiAnalyzers/PublicApiAnalyzers.Help.md) [C:\dev\0.9.0\Ksql.Linq\src\Ksql.Linq.csproj]
C:\dev\0.9.0\Ksql.Linq\src\Runtime\TimeBucket.cs(815,23): error RS0016: Symbol 'WaitForBucketAsync' is not part of the declared public API (https://github.com/dotnet/roslyn-analyzers/blob/main/src/PublicApiAnalyzers/PublicApiAnalyzers.Help.md) [C:\dev\0.9.0\Ksql.Linq\src\Ksql.Linq.csproj]
C:\dev\0.9.0\Ksql.Linq\src\Runtime\TimeBucket.cs(760,17): error RS0016: Symbol 'WriteAsync' is not part of the declared public API (https://github.com/dotnet/roslyn-analyzers/blob/main/src/PublicApiAnalyzers/PublicApiAnalyzers.Help.md) [C:\dev\0.9.0\Ksql.Linq\src\Ksql.Linq.csproj]
C:\dev\0.9.0\Ksql.Linq\src\Runtime\TimeBucket.cs(764,17): error RS0016: Symbol 'EnsureRowsLastAsync' is not part of the declared public API (https://github.com/dotnet/roslyn-analyzers/blob/main/src/PublicApiAnalyzers/PublicApiAnalyzers.Help.md) [C:\dev\0.9.0\Ksql.Linq\src\Ksql.Linq.csproj]
C:\dev\0.9.0\Ksql.Linq\src\Runtime\TimeBucket.cs(44,26): error RS0016: Symbol 'ToListAsync' is not part of the declared public API (https://github.com/dotnet/roslyn-analyzers/blob/main/src/PublicApiAnalyzers/PublicApiAnalyzers.Help.md) [C:\dev\0.9.0\Ksql.Linq\src\Ksql.Linq.csproj]
C:\dev\0.9.0\Ksql.Linq\src\Runtime\TimeBucket.cs(47,26): error RS0016: Symbol 'ToListAsync' is not part of the declared public API (https://github.com/dotnet/roslyn-analyzers/blob/main/src/PublicApiAnalyzers/PublicApiAnalyzers.Help.md) [C:\dev\0.9.0\Ksql.Linq\src\Ksql.Linq.csproj]
C:\dev\0.9.0\Ksql.Linq\src\EntitySets\EventSet.cs(214,31): error RS0016: Symbol 'ForEachAsync' is not part of the declared public API (https://github.com/dotnet/roslyn-analyzers/blob/main/src/PublicApiAnalyzers/PublicApiAnalyzers.Help.md) [C:\dev\0.9.0\Ksql.Linq\src\Ksql.Linq.csproj]
C:\dev\0.9.0\Ksql.Linq\src\Context\KsqlContext.Lifecycle.cs(342,28): error RS0016: Symbol 'OnModelCreating' is not part of the declared public API (https://github.com/dotnet/roslyn-analyzers/blob/main/src/PublicApiAnalyzers/PublicApiAnalyzers.Help.md) [C:\dev\0.9.0\Ksql.Linq\src\Ksql.Linq.csproj]
C:\dev\0.9.0\Ksql.Linq\src\EntitySets\EventSet.cs(296,17): error RS0016: Symbol 'ForEachAsync' is not part of the declared public API (https://github.com/dotnet/roslyn-analyzers/blob/main/src/PublicApiAnalyzers/PublicApiAnalyzers.Help.md) [C:\dev\0.9.0\Ksql.Linq\src\Ksql.Linq.csproj]
C:\dev\0.9.0\Ksql.Linq\src\EntitySets\EventSet.cs(299,17): error RS0016: Symbol 'ForEachAsync' is not part of the declared public API (https://github.com/dotnet/roslyn-analyzers/blob/main/src/PublicApiAnalyzers/PublicApiAnalyzers.Help.md) [C:\dev\0.9.0\Ksql.Linq\src\Ksql.Linq.csproj]
C:\dev\0.9.0\Ksql.Linq\src\EntitySets\EventSet.cs(302,17): error RS0016: Symbol 'ForEachAsync' is not part of the declared public API (https://github.com/dotnet/roslyn-analyzers/blob/main/src/PublicApiAnalyzers/PublicApiAnalyzers.Help.md) [C:\dev\0.9.0\Ksql.Linq\src\Ksql.Linq.csproj]
C:\dev\0.9.0\Ksql.Linq\src\EntitySets\EventSet.cs(307,31): error RS0016: Symbol 'ForEachAsync' is not part of the declared public API (https://github.com/dotnet/roslyn-analyzers/blob/main/src/PublicApiAnalyzers/PublicApiAnalyzers.Help.md) [C:\dev\0.9.0\Ksql.Linq\src\Ksql.Linq.csproj]
C:\dev\0.9.0\Ksql.Linq\src\EntitySets\EventSet.cs(376,17): error RS0016: Symbol 'ForEachAsync' is not part of the declared public API (https://github.com/dotnet/roslyn-analyzers/blob/main/src/PublicApiAnalyzers/PublicApiAnalyzers.Help.md) [C:\dev\0.9.0\Ksql.Linq\src\Ksql.Linq.csproj]
C:\dev\0.9.0\Ksql.Linq\src\EntitySets\EventSet.cs(373,17): error RS0016: Symbol 'ForEachAsync' is not part of the declared public API (https://github.com/dotnet/roslyn-analyzers/blob/main/src/PublicApiAnalyzers/PublicApiAnalyzers.Help.md) [C:\dev\0.9.0\Ksql.Linq\src\Ksql.Linq.csproj]
C:\dev\0.9.0\Ksql.Linq\src\EntitySets\EventSet.cs(379,17): error RS0016: Symbol 'ForEachAsync' is not part of the declared public API (https://github.com/dotnet/roslyn-analyzers/blob/main/src/PublicApiAnalyzers/PublicApiAnalyzers.Help.md) [C:\dev\0.9.0\Ksql.Linq\src\Ksql.Linq.csproj]
C:\dev\0.9.0\Ksql.Linq\src\EntitySets\EventSet.cs(385,19): error RS0016: Symbol 'GetTopicName' is not part of the declared public API (https://github.com/dotnet/roslyn-analyzers/blob/main/src/PublicApiAnalyzers/PublicApiAnalyzers.Help.md) [C:\dev\0.9.0\Ksql.Linq\src\Ksql.Linq.csproj]
C:\dev\0.9.0\Ksql.Linq\src\EntitySets\EventSet.cs(387,24): error RS0016: Symbol 'GetEntityModel' is not part of the declared public API (https://github.com/dotnet/roslyn-analyzers/blob/main/src/PublicApiAnalyzers/PublicApiAnalyzers.Help.md) [C:\dev\0.9.0\Ksql.Linq\src\Ksql.Linq.csproj]
C:\dev\0.9.0\Ksql.Linq\src\EntitySets\EventSet.cs(389,25): error RS0016: Symbol 'GetContext' is not part of the declared public API (https://github.com/dotnet/roslyn-analyzers/blob/main/src/PublicApiAnalyzers/PublicApiAnalyzers.Help.md) [C:\dev\0.9.0\Ksql.Linq\src\Ksql.Linq.csproj]
C:\dev\0.9.0\Ksql.Linq\src\Context\KsqlContext.Lifecycle.cs(449,37): error RS0016: Symbol 'CreateEntitySet<T>' is not part of the declared public API (https://github.com/dotnet/roslyn-analyzers/blob/main/src/PublicApiAnalyzers/PublicApiAnalyzers.Help.md) [C:\dev\0.9.0\Ksql.Linq\src\Ksql.Linq.csproj]
C:\dev\0.9.0\Ksql.Linq\src\EntitySets\EventSet.cs(426,28): error RS0016: Symbol 'ToString' is not part of the declared public API (https://github.com/dotnet/roslyn-analyzers/blob/main/src/PublicApiAnalyzers/PublicApiAnalyzers.Help.md) [C:\dev\0.9.0\Ksql.Linq\src\Ksql.Linq.csproj]
C:\dev\0.9.0\Ksql.Linq\src\Context\KsqlContext.Lifecycle.cs(464,23): error RS0016: Symbol 'EnsureRowsLastTableAsync<T>' is not part of the declared public API (https://github.com/dotnet/roslyn-analyzers/blob/main/src/PublicApiAnalyzers/PublicApiAnalyzers.Help.md) [C:\dev\0.9.0\Ksql.Linq\src\Ksql.Linq.csproj]
C:\dev\0.9.0\Ksql.Linq\src\EntitySets\EventSet.cs(440,24): error RS0016: Symbol 'WithRetry' is not part of the declared public API (https://github.com/dotnet/roslyn-analyzers/blob/main/src/PublicApiAnalyzers/PublicApiAnalyzers.Help.md) [C:\dev\0.9.0\Ksql.Linq\src\Ksql.Linq.csproj]
C:\dev\0.9.0\Ksql.Linq\src\Window\WindowAggregationException.cs(7,12): error RS0016: Symbol 'WindowAggregationException' is not part of the declared public API (https://github.com/dotnet/roslyn-analyzers/blob/main/src/PublicApiAnalyzers/PublicApiAnalyzers.Help.md) [C:\dev\0.9.0\Ksql.Linq\src\Ksql.Linq.csproj]
C:\dev\0.9.0\Ksql.Linq\src\Window\WindowAggregationException.cs(14,26): error RS0016: Symbol 'Key.get' is not part of the declared public API (https://github.com/dotnet/roslyn-analyzers/blob/main/src/PublicApiAnalyzers/PublicApiAnalyzers.Help.md) [C:\dev\0.9.0\Ksql.Linq\src\Ksql.Linq.csproj]
C:\dev\0.9.0\Ksql.Linq\src\Window\WindowAggregationException.cs(16,39): error RS0016: Symbol 'BucketStartUtc.get' is not part of the declared public API (https://github.com/dotnet/roslyn-analyzers/blob/main/src/PublicApiAnalyzers/PublicApiAnalyzers.Help.md) [C:\dev\0.9.0\Ksql.Linq\src\Ksql.Linq.csproj]
C:\dev\0.9.0\Ksql.Linq\src\TimeBucketFacade.cs(12,47): error RS0016: Symbol 'EnsureRowsLastAsync<T>' is not part of the declared public API (https://github.com/dotnet/roslyn-analyzers/blob/main/src/PublicApiAnalyzers/PublicApiAnalyzers.Help.md) [C:\dev\0.9.0\Ksql.Linq\src\Ksql.Linq.csproj]
C:\dev\0.9.0\Ksql.Linq\src\TimeBucketFacade.cs(15,53): error RS0016: Symbol 'WaitForBucketAsync<T>' is not part of the declared public API (https://github.com/dotnet/roslyn-analyzers/blob/main/src/PublicApiAnalyzers/PublicApiAnalyzers.Help.md) [C:\dev\0.9.0\Ksql.Linq\src\Ksql.Linq.csproj]
C:\dev\0.9.0\Ksql.Linq\src\EntitySets\EventSet.cs(463,42): error RS0016: Symbol 'Map<TResult>' is not part of the declared public API (https://github.com/dotnet/roslyn-analyzers/blob/main/src/PublicApiAnalyzers/PublicApiAnalyzers.Help.md) [C:\dev\0.9.0\Ksql.Linq\src\Ksql.Linq.csproj]
C:\dev\0.9.0\Ksql.Linq\src\TimeBucketFacade.cs(30,89): error RS0016: Symbol 'WaitForBucketAndListAsync<T>' is not part of the declared public API (https://github.com/dotnet/roslyn-analyzers/blob/main/src/PublicApiAnalyzers/PublicApiAnalyzers.Help.md) [C:\dev\0.9.0\Ksql.Linq\src\Ksql.Linq.csproj]
C:\dev\0.9.0\Ksql.Linq\src\TimeBucketFacade.cs(53,83): error RS0016: Symbol 'ReadAsync<T>' is not part of the declared public API (https://github.com/dotnet/roslyn-analyzers/blob/main/src/PublicApiAnalyzers/PublicApiAnalyzers.Help.md) [C:\dev\0.9.0\Ksql.Linq\src\Ksql.Linq.csproj]
C:\dev\0.9.0\Ksql.Linq\src\Infrastructure\Kafka\ITopicAdmin.cs(11,10): error RS0016: Symbol 'EnsureDlqTopicExistsAsync' is not part of the declared public API (https://github.com/dotnet/roslyn-analyzers/blob/main/src/PublicApiAnalyzers/PublicApiAnalyzers.Help.md) [C:\dev\0.9.0\Ksql.Linq\src\Ksql.Linq.csproj]
C:\dev\0.9.0\Ksql.Linq\src\Infrastructure\Kafka\ITopicAdmin.cs(12,10): error RS0016: Symbol 'EnsureCompactedTopicAsync' is not part of the declared public API (https://github.com/dotnet/roslyn-analyzers/blob/main/src/PublicApiAnalyzers/PublicApiAnalyzers.Help.md) [C:\dev\0.9.0\Ksql.Linq\src\Ksql.Linq.csproj]
C:\dev\0.9.0\Ksql.Linq\src\Infrastructure\Kafka\ITopicAdmin.cs(13,10): error RS0016: Symbol 'ValidateKafkaConnectivity' is not part of the declared public API (https://github.com/dotnet/roslyn-analyzers/blob/main/src/PublicApiAnalyzers/PublicApiAnalyzers.Help.md) [C:\dev\0.9.0\Ksql.Linq\src\Ksql.Linq.csproj]
C:\dev\0.9.0\Ksql.Linq\src\EntitySets\EventSet.cs(494,30): error RS0016: Symbol 'Map<TResult>' is not part of the declared public API (https://github.com/dotnet/roslyn-analyzers/blob/main/src/PublicApiAnalyzers/PublicApiAnalyzers.Help.md) [C:\dev\0.9.0\Ksql.Linq\src\Ksql.Linq.csproj]
C:\dev\0.9.0\Ksql.Linq\src\TimeBucketFacade.cs(66,83): error RS0016: Symbol 'ReadAsync<T>' is not part of the declared public API (https://github.com/dotnet/roslyn-analyzers/blob/main/src/PublicApiAnalyzers/PublicApiAnalyzers.Help.md) [C:\dev\0.9.0\Ksql.Linq\src\Ksql.Linq.csproj]
C:\dev\0.9.0\Ksql.Linq\src\TimeBucketFacade.cs(76,47): error RS0016: Symbol 'WriteAsync<T>' is not part of the declared public API (https://github.com/dotnet/roslyn-analyzers/blob/main/src/PublicApiAnalyzers/PublicApiAnalyzers.Help.md) [C:\dev\0.9.0\Ksql.Linq\src\Ksql.Linq.csproj]
C:\dev\0.9.0\Ksql.Linq\src\EntitySets\EventSet.cs(522,35): error RS0016: Symbol 'CreateNewInstance' is not part of the declared public API (https://github.com/dotnet/roslyn-analyzers/blob/main/src/PublicApiAnalyzers/PublicApiAnalyzers.Help.md) [C:\dev\0.9.0\Ksql.Linq\src\Ksql.Linq.csproj]
C:\dev\0.9.0\Ksql.Linq\src\Runtime\TimeBucket.cs(50,32): error RS0016: Symbol 'ToListAsync' is not part of the declared public API (https://github.com/dotnet/roslyn-analyzers/blob/main/src/PublicApiAnalyzers/PublicApiAnalyzers.Help.md) [C:\dev\0.9.0\Ksql.Linq\src\Ksql.Linq.csproj]
C:\dev\0.9.0\Ksql.Linq\src\Infrastructure\Ksql\KsqlWaitService.cs(424,10): error RS0016: Symbol 'Append' is not part of the declared public API (https://github.com/dotnet/roslyn-analyzers/blob/main/src/PublicApiAnalyzers/PublicApiAnalyzers.Help.md) [C:\dev\0.9.0\Ksql.Linq\src\Ksql.Linq.csproj]
C:\dev\0.9.0\Ksql.Linq\src\Context\KsqlContext.Lifecycle.cs(774,39): error RS0016: Symbol 'Dlq.get' is not part of the declared public API (https://github.com/dotnet/roslyn-analyzers/blob/main/src/PublicApiAnalyzers/PublicApiAnalyzers.Help.md) [C:\dev\0.9.0\Ksql.Linq\src\Ksql.Linq.csproj]
C:\dev\0.9.0\Ksql.Linq\src\Infrastructure\KsqlDb\IKsqlDbClient.cs(9,44): error RS0016: Symbol 'ExecuteStatementAsync' is not part of the declared public API (https://github.com/dotnet/roslyn-analyzers/blob/main/src/PublicApiAnalyzers/PublicApiAnalyzers.Help.md) [C:\dev\0.9.0\Ksql.Linq\src\Ksql.Linq.csproj]
C:\dev\0.9.0\Ksql.Linq\src\Infrastructure\KsqlDb\IKsqlDbClient.cs(10,44): error RS0016: Symbol 'ExecuteExplainAsync' is not part of the declared public API (https://github.com/dotnet/roslyn-analyzers/blob/main/src/PublicApiAnalyzers/PublicApiAnalyzers.Help.md) [C:\dev\0.9.0\Ksql.Linq\src\Ksql.Linq.csproj]
C:\dev\0.9.0\Ksql.Linq\src\Infrastructure\KsqlDb\IKsqlDbClient.cs(21,27): error RS0016: Symbol 'GetStreamTopicsAsync' is not part of the declared public API (https://github.com/dotnet/roslyn-analyzers/blob/main/src/PublicApiAnalyzers/PublicApiAnalyzers.Help.md) [C:\dev\0.9.0\Ksql.Linq\src\Ksql.Linq.csproj]
C:\dev\0.9.0\Ksql.Linq\src\Infrastructure\KsqlDb\IKsqlDbClient.cs(14,27): error RS0016: Symbol 'GetTableTopicsAsync' is not part of the declared public API (https://github.com/dotnet/roslyn-analyzers/blob/main/src/PublicApiAnalyzers/PublicApiAnalyzers.Help.md) [C:\dev\0.9.0\Ksql.Linq\src\Ksql.Linq.csproj]
C:\dev\0.9.0\Ksql.Linq\src\Infrastructure\KsqlDb\IKsqlDbClient.cs(27,15): error RS0016: Symbol 'ExecuteQueryStreamCountAsync' is not part of the declared public API (https://github.com/dotnet/roslyn-analyzers/blob/main/src/PublicApiAnalyzers/PublicApiAnalyzers.Help.md) [C:\dev\0.9.0\Ksql.Linq\src\Ksql.Linq.csproj]
C:\dev\0.9.0\Ksql.Linq\src\Infrastructure\KsqlDb\IKsqlDbClient.cs(33,15): error RS0016: Symbol 'ExecutePullQueryCountAsync' is not part of the declared public API (https://github.com/dotnet/roslyn-analyzers/blob/main/src/PublicApiAnalyzers/PublicApiAnalyzers.Help.md) [C:\dev\0.9.0\Ksql.Linq\src\Ksql.Linq.csproj]
C:\dev\0.9.0\Ksql.Linq\src\Context\KsqlContext.Lifecycle.cs(779,19): error RS0016: Symbol 'GetTopicName<T>' is not part of the declared public API (https://github.com/dotnet/roslyn-analyzers/blob/main/src/PublicApiAnalyzers/PublicApiAnalyzers.Help.md) [C:\dev\0.9.0\Ksql.Linq\src\Ksql.Linq.csproj]
C:\dev\0.9.0\Ksql.Linq\src\Infrastructure\Ksql\IKsqlExecutor.cs(14,44): error RS0016: Symbol 'ExecuteStatementAsync' is not part of the declared public API (https://github.com/dotnet/roslyn-analyzers/blob/main/src/PublicApiAnalyzers/PublicApiAnalyzers.Help.md) [C:\dev\0.9.0\Ksql.Linq\src\Ksql.Linq.csproj]
C:\dev\0.9.0\Ksql.Linq\src\Infrastructure\Ksql\IKsqlExecutor.cs(15,44): error RS0016: Symbol 'ExecuteExplainAsync' is not part of the declared public API (https://github.com/dotnet/roslyn-analyzers/blob/main/src/PublicApiAnalyzers/PublicApiAnalyzers.Help.md) [C:\dev\0.9.0\Ksql.Linq\src\Ksql.Linq.csproj]
C:\dev\0.9.0\Ksql.Linq\src\Infrastructure\Ksql\IKsqlExecutor.cs(16,15): error RS0016: Symbol 'QueryStreamCountAsync' is not part of the declared public API (https://github.com/dotnet/roslyn-analyzers/blob/main/src/PublicApiAnalyzers/PublicApiAnalyzers.Help.md) [C:\dev\0.9.0\Ksql.Linq\src\Ksql.Linq.csproj]
C:\dev\0.9.0\Ksql.Linq\src\Infrastructure\Ksql\IKsqlExecutor.cs(17,15): error RS0016: Symbol 'QueryCountAsync' is not part of the declared public API (https://github.com/dotnet/roslyn-analyzers/blob/main/src/PublicApiAnalyzers/PublicApiAnalyzers.Help.md) [C:\dev\0.9.0\Ksql.Linq\src\Ksql.Linq.csproj]
C:\dev\0.9.0\Ksql.Linq\src\Infrastructure\Ksql\IKsqlExecutor.cs(18,27): error RS0016: Symbol 'QueryRowsAsync' is not part of the declared public API (https://github.com/dotnet/roslyn-analyzers/blob/main/src/PublicApiAnalyzers/PublicApiAnalyzers.Help.md) [C:\dev\0.9.0\Ksql.Linq\src\Ksql.Linq.csproj]
C:\dev\0.9.0\Ksql.Linq\src\Context\KsqlContext.Lifecycle.cs(831,23): error RS0016: Symbol 'WaitForEntityReadyAsync<T>' is not part of the declared public API (https://github.com/dotnet/roslyn-analyzers/blob/main/src/PublicApiAnalyzers/PublicApiAnalyzers.Help.md) [C:\dev\0.9.0\Ksql.Linq\src\Ksql.Linq.csproj]
C:\dev\0.9.0\Ksql.Linq\src\SchemaRegistryTools\SchemaSubjects.cs(5,26): error RS0016: Symbol 'KeyFor' is not part of the declared public API (https://github.com/dotnet/roslyn-analyzers/blob/main/src/PublicApiAnalyzers/PublicApiAnalyzers.Help.md) [C:\dev\0.9.0\Ksql.Linq\src\Ksql.Linq.csproj]
C:\dev\0.9.0\Ksql.Linq\src\SchemaRegistryTools\SchemaSubjects.cs(6,26): error RS0016: Symbol 'ValueFor' is not part of the declared public API (https://github.com/dotnet/roslyn-analyzers/blob/main/src/PublicApiAnalyzers/PublicApiAnalyzers.Help.md) [C:\dev\0.9.0\Ksql.Linq\src\Ksql.Linq.csproj]
C:\dev\0.9.0\Ksql.Linq\src\SchemaRegistryTools\SchemaRegistryMetaProvider.cs(25,82): error RS0016: Symbol 'GetMetaFromSchemaRegistry' is not part of the declared public API (https://github.com/dotnet/roslyn-analyzers/blob/main/src/PublicApiAnalyzers/PublicApiAnalyzers.Help.md) [C:\dev\0.9.0\Ksql.Linq\src\Ksql.Linq.csproj]
C:\dev\0.9.0\Ksql.Linq\src\Context\KsqlContext.Lifecycle.cs(848,28): error RS0016: Symbol 'Dispose' is not part of the declared public API (https://github.com/dotnet/roslyn-analyzers/blob/main/src/PublicApiAnalyzers/PublicApiAnalyzers.Help.md) [C:\dev\0.9.0\Ksql.Linq\src\Ksql.Linq.csproj]
C:\dev\0.9.0\Ksql.Linq\src\Messaging\Producers\IDlqProducer.cs(8,10): error RS0016: Symbol 'ProduceAsync' is not part of the declared public API (https://github.com/dotnet/roslyn-analyzers/blob/main/src/PublicApiAnalyzers/PublicApiAnalyzers.Help.md) [C:\dev\0.9.0\Ksql.Linq\src\Ksql.Linq.csproj]
C:\dev\0.9.0\Ksql.Linq\src\Context\KsqlContext.Lifecycle.cs(892,17): error RS0016: Symbol 'Dispose' is not part of the declared public API (https://github.com/dotnet/roslyn-analyzers/blob/main/src/PublicApiAnalyzers/PublicApiAnalyzers.Help.md) [C:\dev\0.9.0\Ksql.Linq\src\Ksql.Linq.csproj]
C:\dev\0.9.0\Ksql.Linq\src\Context\KsqlContext.Lifecycle.cs(898,28): error RS0016: Symbol 'DisposeAsync' is not part of the declared public API (https://github.com/dotnet/roslyn-analyzers/blob/main/src/PublicApiAnalyzers/PublicApiAnalyzers.Help.md) [C:\dev\0.9.0\Ksql.Linq\src\Ksql.Linq.csproj]
C:\dev\0.9.0\Ksql.Linq\src\Messaging\Internal\ErrorHandlingContext.cs(12,38): error RS0016: Symbol 'ErrorAction.get' is not part of the declared public API (https://github.com/dotnet/roslyn-analyzers/blob/main/src/PublicApiAnalyzers/PublicApiAnalyzers.Help.md) [C:\dev\0.9.0\Ksql.Linq\src\Ksql.Linq.csproj]
C:\dev\0.9.0\Ksql.Linq\src\Messaging\Internal\ErrorHandlingContext.cs(12,43): error RS0016: Symbol 'ErrorAction.set' is not part of the declared public API (https://github.com/dotnet/roslyn-analyzers/blob/main/src/PublicApiAnalyzers/PublicApiAnalyzers.Help.md) [C:\dev\0.9.0\Ksql.Linq\src\Ksql.Linq.csproj]
C:\dev\0.9.0\Ksql.Linq\src\Messaging\Internal\ErrorHandlingContext.cs(19,29): error RS0016: Symbol 'RetryCount.get' is not part of the declared public API (https://github.com/dotnet/roslyn-analyzers/blob/main/src/PublicApiAnalyzers/PublicApiAnalyzers.Help.md) [C:\dev\0.9.0\Ksql.Linq\src\Ksql.Linq.csproj]
C:\dev\0.9.0\Ksql.Linq\src\Messaging\Internal\ErrorHandlingContext.cs(19,34): error RS0016: Symbol 'RetryCount.set' is not part of the declared public API (https://github.com/dotnet/roslyn-analyzers/blob/main/src/PublicApiAnalyzers/PublicApiAnalyzers.Help.md) [C:\dev\0.9.0\Ksql.Linq\src\Ksql.Linq.csproj]
C:\dev\0.9.0\Ksql.Linq\src\Messaging\Internal\ErrorHandlingContext.cs(24,42): error RS0016: Symbol 'RetryInterval.set' is not part of the declared public API (https://github.com/dotnet/roslyn-analyzers/blob/main/src/PublicApiAnalyzers/PublicApiAnalyzers.Help.md) [C:\dev\0.9.0\Ksql.Linq\src\Ksql.Linq.csproj]
C:\dev\0.9.0\Ksql.Linq\src\Messaging\Internal\ErrorHandlingContext.cs(24,37): error RS0016: Symbol 'RetryInterval.get' is not part of the declared public API (https://github.com/dotnet/roslyn-analyzers/blob/main/src/PublicApiAnalyzers/PublicApiAnalyzers.Help.md) [C:\dev\0.9.0\Ksql.Linq\src\Ksql.Linq.csproj]
C:\dev\0.9.0\Ksql.Linq\src\Messaging\Internal\ErrorHandlingContext.cs(29,33): error RS0016: Symbol 'CurrentAttempt.get' is not part of the declared public API (https://github.com/dotnet/roslyn-analyzers/blob/main/src/PublicApiAnalyzers/PublicApiAnalyzers.Help.md) [C:\dev\0.9.0\Ksql.Linq\src\Ksql.Linq.csproj]
C:\dev\0.9.0\Ksql.Linq\src\Messaging\Internal\ErrorHandlingContext.cs(29,38): error RS0016: Symbol 'CurrentAttempt.set' is not part of the declared public API (https://github.com/dotnet/roslyn-analyzers/blob/main/src/PublicApiAnalyzers/PublicApiAnalyzers.Help.md) [C:\dev\0.9.0\Ksql.Linq\src\Ksql.Linq.csproj]
C:\dev\0.9.0\Ksql.Linq\src\Messaging\Internal\ErrorHandlingContext.cs(39,67): error RS0016: Symbol 'CustomHandler.set' is not part of the declared public API (https://github.com/dotnet/roslyn-analyzers/blob/main/src/PublicApiAnalyzers/PublicApiAnalyzers.Help.md) [C:\dev\0.9.0\Ksql.Linq\src\Ksql.Linq.csproj]
C:\dev\0.9.0\Ksql.Linq\src\Messaging\Internal\ErrorHandlingContext.cs(39,62): error RS0016: Symbol 'CustomHandler.get' is not part of the declared public API (https://github.com/dotnet/roslyn-analyzers/blob/main/src/PublicApiAnalyzers/PublicApiAnalyzers.Help.md) [C:\dev\0.9.0\Ksql.Linq\src\Ksql.Linq.csproj]
C:\dev\0.9.0\Ksql.Linq\src\Messaging\Internal\ErrorHandlingContext.cs(48,29): error RS0016: Symbol 'HandleErrorAsync<T>' is not part of the declared public API (https://github.com/dotnet/roslyn-analyzers/blob/main/src/PublicApiAnalyzers/PublicApiAnalyzers.Help.md) [C:\dev\0.9.0\Ksql.Linq\src\Ksql.Linq.csproj]
C:\dev\0.9.0\Ksql.Linq\src\Context\KsqlContext.Lifecycle.cs(905,39): error RS0016: Symbol 'DisposeAsyncCore' is not part of the declared public API (https://github.com/dotnet/roslyn-analyzers/blob/main/src/PublicApiAnalyzers/PublicApiAnalyzers.Help.md) [C:\dev\0.9.0\Ksql.Linq\src\Ksql.Linq.csproj]
C:\dev\0.9.0\Ksql.Linq\src\Context\KsqlContext.Lifecycle.cs(950,28): error RS0016: Symbol 'ToString' is not part of the declared public API (https://github.com/dotnet/roslyn-analyzers/blob/main/src/PublicApiAnalyzers/PublicApiAnalyzers.Help.md) [C:\dev\0.9.0\Ksql.Linq\src\Ksql.Linq.csproj]
C:\dev\0.9.0\Ksql.Linq\src\Context\KsqlContext.Model.cs(18,26): error RS0016: Symbol 'Set<T>' is not part of the declared public API (https://github.com/dotnet/roslyn-analyzers/blob/main/src/PublicApiAnalyzers/PublicApiAnalyzers.Help.md) [C:\dev\0.9.0\Ksql.Linq\src\Ksql.Linq.csproj]
C:\dev\0.9.0\Ksql.Linq\src\Context\KsqlContext.Model.cs(48,42): error RS0016: Symbol 'GetEntityModels' is not part of the declared public API (https://github.com/dotnet/roslyn-analyzers/blob/main/src/PublicApiAnalyzers/PublicApiAnalyzers.Help.md) [C:\dev\0.9.0\Ksql.Linq\src\Ksql.Linq.csproj]
C:\dev\0.9.0\Ksql.Linq\src\Context\KsqlContext.Model.cs(53,74): error RS0016: Symbol 'GetResolvedEntityConfigs' is not part of the declared public API (https://github.com/dotnet/roslyn-analyzers/blob/main/src/PublicApiAnalyzers/PublicApiAnalyzers.Help.md) [C:\dev\0.9.0\Ksql.Linq\src\Ksql.Linq.csproj]
C:\dev\0.9.0\Ksql.Linq\src\Context\KsqlContext.Model.cs(34,19): error RS0016: Symbol 'GetEventSet' is not part of the declared public API (https://github.com/dotnet/roslyn-analyzers/blob/main/src/PublicApiAnalyzers/PublicApiAnalyzers.Help.md) [C:\dev\0.9.0\Ksql.Linq\src\Ksql.Linq.csproj]
C:\dev\0.9.0\Ksql.Linq\src\Context\KsqlContext.Model.cs(80,30): error RS0016: Symbol 'CreateEntitySet' is not part of the declared public API (https://github.com/dotnet/roslyn-analyzers/blob/main/src/PublicApiAnalyzers/PublicApiAnalyzers.Help.md) [C:\dev\0.9.0\Ksql.Linq\src\Ksql.Linq.csproj]
C:\dev\0.9.0\Ksql.Linq\src\Context\KsqlContext.Model.cs(100,20): error RS0016: Symbol 'ConfigureModel' is not part of the declared public API (https://github.com/dotnet/roslyn-analyzers/blob/main/src/PublicApiAnalyzers/PublicApiAnalyzers.Help.md) [C:\dev\0.9.0\Ksql.Linq\src\Ksql.Linq.csproj]
C:\dev\0.9.0\Ksql.Linq\src\Query\Dsl\Windows.cs(5,29): error RS0016: Symbol 'Minutes.get' is not part of the declared public API (https://github.com/dotnet/roslyn-analyzers/blob/main/src/PublicApiAnalyzers/PublicApiAnalyzers.Help.md) [C:\dev\0.9.0\Ksql.Linq\src\Ksql.Linq.csproj]
C:\dev\0.9.0\Ksql.Linq\src\Query\Dsl\Windows.cs(5,34): error RS0016: Symbol 'Minutes.set' is not part of the declared public API (https://github.com/dotnet/roslyn-analyzers/blob/main/src/PublicApiAnalyzers/PublicApiAnalyzers.Help.md) [C:\dev\0.9.0\Ksql.Linq\src\Ksql.Linq.csproj]
C:\dev\0.9.0\Ksql.Linq\src\Query\Dsl\Windows.cs(6,27): error RS0016: Symbol 'Hours.get' is not part of the declared public API (https://github.com/dotnet/roslyn-analyzers/blob/main/src/PublicApiAnalyzers/PublicApiAnalyzers.Help.md) [C:\dev\0.9.0\Ksql.Linq\src\Ksql.Linq.csproj]
C:\dev\0.9.0\Ksql.Linq\src\Query\Dsl\Windows.cs(6,32): error RS0016: Symbol 'Hours.set' is not part of the declared public API (https://github.com/dotnet/roslyn-analyzers/blob/main/src/PublicApiAnalyzers/PublicApiAnalyzers.Help.md) [C:\dev\0.9.0\Ksql.Linq\src\Ksql.Linq.csproj]
C:\dev\0.9.0\Ksql.Linq\src\Query\Dsl\Windows.cs(7,31): error RS0016: Symbol 'Days.set' is not part of the declared public API (https://github.com/dotnet/roslyn-analyzers/blob/main/src/PublicApiAnalyzers/PublicApiAnalyzers.Help.md) [C:\dev\0.9.0\Ksql.Linq\src\Ksql.Linq.csproj]
C:\dev\0.9.0\Ksql.Linq\src\Query\Dsl\Windows.cs(8,28): error RS0016: Symbol 'Months.get' is not part of the declared public API (https://github.com/dotnet/roslyn-analyzers/blob/main/src/PublicApiAnalyzers/PublicApiAnalyzers.Help.md) [C:\dev\0.9.0\Ksql.Linq\src\Ksql.Linq.csproj]
C:\dev\0.9.0\Ksql.Linq\src\Query\Dsl\Windows.cs(7,26): error RS0016: Symbol 'Days.get' is not part of the declared public API (https://github.com/dotnet/roslyn-analyzers/blob/main/src/PublicApiAnalyzers/PublicApiAnalyzers.Help.md) [C:\dev\0.9.0\Ksql.Linq\src\Ksql.Linq.csproj]
C:\dev\0.9.0\Ksql.Linq\src\Query\Dsl\Windows.cs(8,33): error RS0016: Symbol 'Months.set' is not part of the declared public API (https://github.com/dotnet/roslyn-analyzers/blob/main/src/PublicApiAnalyzers/PublicApiAnalyzers.Help.md) [C:\dev\0.9.0\Ksql.Linq\src\Ksql.Linq.csproj]
C:\dev\0.9.0\Ksql.Linq\src\Messaging\DlqEnvelopeFactory.cs(29,31): error RS0016: Symbol 'From<TKey, TValue>' is not part of the declared public API (https://github.com/dotnet/roslyn-analyzers/blob/main/src/PublicApiAnalyzers/PublicApiAnalyzers.Help.md) [C:\dev\0.9.0\Ksql.Linq\src\Ksql.Linq.csproj]
C:\dev\0.9.0\Ksql.Linq\src\Messaging\DlqEnvelopeFactory.cs(77,31): error RS0016: Symbol 'From' is not part of the declared public API (https://github.com/dotnet/roslyn-analyzers/blob/main/src/PublicApiAnalyzers/PublicApiAnalyzers.Help.md) [C:\dev\0.9.0\Ksql.Linq\src\Ksql.Linq.csproj]
C:\dev\0.9.0\Ksql.Linq\src\Infrastructure\Ksql\IWaitSettings.cs(7,31): error RS0016: Symbol 'RequiredConsecutive.get' is not part of the declared public API (https://github.com/dotnet/roslyn-analyzers/blob/main/src/PublicApiAnalyzers/PublicApiAnalyzers.Help.md) [C:\dev\0.9.0\Ksql.Linq\src\Ksql.Linq.csproj]
C:\dev\0.9.0\Ksql.Linq\src\Infrastructure\Ksql\IWaitSettings.cs(8,32): error RS0016: Symbol 'StabilityWindow.get' is not part of the declared public API (https://github.com/dotnet/roslyn-analyzers/blob/main/src/PublicApiAnalyzers/PublicApiAnalyzers.Help.md) [C:\dev\0.9.0\Ksql.Linq\src\Ksql.Linq.csproj]
C:\dev\0.9.0\Ksql.Linq\src\Infrastructure\Ksql\IWaitSettings.cs(9,36): error RS0016: Symbol 'QueryRunningTimeout.get' is not part of the declared public API (https://github.com/dotnet/roslyn-analyzers/blob/main/src/PublicApiAnalyzers/PublicApiAnalyzers.Help.md) [C:\dev\0.9.0\Ksql.Linq\src\Ksql.Linq.csproj]
C:\dev\0.9.0\Ksql.Linq\src\Messaging\DlqEnvelopeFactory.cs(132,31): error RS0016: Symbol 'From' is not part of the declared public API (https://github.com/dotnet/roslyn-analyzers/blob/main/src/PublicApiAnalyzers/PublicApiAnalyzers.Help.md) [C:\dev\0.9.0\Ksql.Linq\src\Ksql.Linq.csproj]
C:\dev\0.9.0\Ksql.Linq\src\Messaging\DlqEnvelopeFactory.cs(121,31): error RS0016: Symbol 'From<TKey, TValue>' is not part of the declared public API (https://github.com/dotnet/roslyn-analyzers/blob/main/src/PublicApiAnalyzers/PublicApiAnalyzers.Help.md) [C:\dev\0.9.0\Ksql.Linq\src\Ksql.Linq.csproj]
C:\dev\0.9.0\Ksql.Linq\src\Messaging\DlqEnvelopeFactory.cs(140,31): error RS0016: Symbol 'From' is not part of the declared public API (https://github.com/dotnet/roslyn-analyzers/blob/main/src/PublicApiAnalyzers/PublicApiAnalyzers.Help.md) [C:\dev\0.9.0\Ksql.Linq\src\Ksql.Linq.csproj]
C:\dev\0.9.0\Ksql.Linq\src\Messaging\DlqEnvelope.cs(8,37): error RS0016: Symbol 'Topic.get' is not part of the declared public API (https://github.com/dotnet/roslyn-analyzers/blob/main/src/PublicApiAnalyzers/PublicApiAnalyzers.Help.md) [C:\dev\0.9.0\Ksql.Linq\src\Ksql.Linq.csproj]
C:\dev\0.9.0\Ksql.Linq\src\Messaging\DlqEnvelope.cs(8,42): error RS0016: Symbol 'Topic.set' is not part of the declared public API (https://github.com/dotnet/roslyn-analyzers/blob/main/src/PublicApiAnalyzers/PublicApiAnalyzers.Help.md) [C:\dev\0.9.0\Ksql.Linq\src\Ksql.Linq.csproj]
C:\dev\0.9.0\Ksql.Linq\src\Messaging\DlqEnvelope.cs(9,38): error RS0016: Symbol 'Partition.get' is not part of the declared public API (https://github.com/dotnet/roslyn-analyzers/blob/main/src/PublicApiAnalyzers/PublicApiAnalyzers.Help.md) [C:\dev\0.9.0\Ksql.Linq\src\Ksql.Linq.csproj]
C:\dev\0.9.0\Ksql.Linq\src\Messaging\DlqEnvelope.cs(10,36): error RS0016: Symbol 'Offset.get' is not part of the declared public API (https://github.com/dotnet/roslyn-analyzers/blob/main/src/PublicApiAnalyzers/PublicApiAnalyzers.Help.md) [C:\dev\0.9.0\Ksql.Linq\src\Ksql.Linq.csproj]
C:\dev\0.9.0\Ksql.Linq\src\Messaging\DlqEnvelope.cs(9,43): error RS0016: Symbol 'Partition.set' is not part of the declared public API (https://github.com/dotnet/roslyn-analyzers/blob/main/src/PublicApiAnalyzers/PublicApiAnalyzers.Help.md) [C:\dev\0.9.0\Ksql.Linq\src\Ksql.Linq.csproj]
C:\dev\0.9.0\Ksql.Linq\src\Messaging\DlqEnvelope.cs(10,41): error RS0016: Symbol 'Offset.set' is not part of the declared public API (https://github.com/dotnet/roslyn-analyzers/blob/main/src/PublicApiAnalyzers/PublicApiAnalyzers.Help.md) [C:\dev\0.9.0\Ksql.Linq\src\Ksql.Linq.csproj]
C:\dev\0.9.0\Ksql.Linq\src\Messaging\DlqEnvelope.cs(12,34): error RS0016: Symbol 'TimestampUtc.get' is not part of the declared public API (https://github.com/dotnet/roslyn-analyzers/blob/main/src/PublicApiAnalyzers/PublicApiAnalyzers.Help.md) [C:\dev\0.9.0\Ksql.Linq\src\Ksql.Linq.csproj]
C:\dev\0.9.0\Ksql.Linq\src\Messaging\DlqEnvelope.cs(13,35): error RS0016: Symbol 'IngestedAtUtc.get' is not part of the declared public API (https://github.com/dotnet/roslyn-analyzers/blob/main/src/PublicApiAnalyzers/PublicApiAnalyzers.Help.md) [C:\dev\0.9.0\Ksql.Linq\src\Ksql.Linq.csproj]
C:\dev\0.9.0\Ksql.Linq\src\Messaging\DlqEnvelope.cs(12,39): error RS0016: Symbol 'TimestampUtc.set' is not part of the declared public API (https://github.com/dotnet/roslyn-analyzers/blob/main/src/PublicApiAnalyzers/PublicApiAnalyzers.Help.md) [C:\dev\0.9.0\Ksql.Linq\src\Ksql.Linq.csproj]
C:\dev\0.9.0\Ksql.Linq\src\Messaging\DlqEnvelope.cs(15,38): error RS0016: Symbol 'PayloadFormatKey.get' is not part of the declared public API (https://github.com/dotnet/roslyn-analyzers/blob/main/src/PublicApiAnalyzers/PublicApiAnalyzers.Help.md) [C:\dev\0.9.0\Ksql.Linq\src\Ksql.Linq.csproj]
C:\dev\0.9.0\Ksql.Linq\src\Messaging\DlqEnvelope.cs(13,40): error RS0016: Symbol 'IngestedAtUtc.set' is not part of the declared public API (https://github.com/dotnet/roslyn-analyzers/blob/main/src/PublicApiAnalyzers/PublicApiAnalyzers.Help.md) [C:\dev\0.9.0\Ksql.Linq\src\Ksql.Linq.csproj]
C:\dev\0.9.0\Ksql.Linq\src\Messaging\DlqEnvelope.cs(16,45): error RS0016: Symbol 'PayloadFormatValue.set' is not part of the declared public API (https://github.com/dotnet/roslyn-analyzers/blob/main/src/PublicApiAnalyzers/PublicApiAnalyzers.Help.md) [C:\dev\0.9.0\Ksql.Linq\src\Ksql.Linq.csproj]
C:\dev\0.9.0\Ksql.Linq\src\Messaging\DlqEnvelope.cs(16,40): error RS0016: Symbol 'PayloadFormatValue.get' is not part of the declared public API (https://github.com/dotnet/roslyn-analyzers/blob/main/src/PublicApiAnalyzers/PublicApiAnalyzers.Help.md) [C:\dev\0.9.0\Ksql.Linq\src\Ksql.Linq.csproj]
C:\dev\0.9.0\Ksql.Linq\src\Messaging\DlqEnvelope.cs(15,43): error RS0016: Symbol 'PayloadFormatKey.set' is not part of the declared public API (https://github.com/dotnet/roslyn-analyzers/blob/main/src/PublicApiAnalyzers/PublicApiAnalyzers.Help.md) [C:\dev\0.9.0\Ksql.Linq\src\Ksql.Linq.csproj]
C:\dev\0.9.0\Ksql.Linq\src\Messaging\DlqEnvelope.cs(17,33): error RS0016: Symbol 'SchemaIdKey.get' is not part of the declared public API (https://github.com/dotnet/roslyn-analyzers/blob/main/src/PublicApiAnalyzers/PublicApiAnalyzers.Help.md) [C:\dev\0.9.0\Ksql.Linq\src\Ksql.Linq.csproj]
C:\dev\0.9.0\Ksql.Linq\src\Messaging\DlqEnvelope.cs(18,35): error RS0016: Symbol 'SchemaIdValue.get' is not part of the declared public API (https://github.com/dotnet/roslyn-analyzers/blob/main/src/PublicApiAnalyzers/PublicApiAnalyzers.Help.md) [C:\dev\0.9.0\Ksql.Linq\src\Ksql.Linq.csproj]
C:\dev\0.9.0\Ksql.Linq\src\Messaging\DlqEnvelope.cs(18,40): error RS0016: Symbol 'SchemaIdValue.set' is not part of the declared public API (https://github.com/dotnet/roslyn-analyzers/blob/main/src/PublicApiAnalyzers/PublicApiAnalyzers.Help.md) [C:\dev\0.9.0\Ksql.Linq\src\Ksql.Linq.csproj]
C:\dev\0.9.0\Ksql.Linq\src\Messaging\DlqEnvelope.cs(17,38): error RS0016: Symbol 'SchemaIdKey.set' is not part of the declared public API (https://github.com/dotnet/roslyn-analyzers/blob/main/src/PublicApiAnalyzers/PublicApiAnalyzers.Help.md) [C:\dev\0.9.0\Ksql.Linq\src\Ksql.Linq.csproj]
C:\dev\0.9.0\Ksql.Linq\src\Messaging\DlqEnvelope.cs(19,34): error RS0016: Symbol 'KeyIsNull.set' is not part of the declared public API (https://github.com/dotnet/roslyn-analyzers/blob/main/src/PublicApiAnalyzers/PublicApiAnalyzers.Help.md) [C:\dev\0.9.0\Ksql.Linq\src\Ksql.Linq.csproj]
C:\dev\0.9.0\Ksql.Linq\src\Messaging\DlqEnvelope.cs(19,29): error RS0016: Symbol 'KeyIsNull.get' is not part of the declared public API (https://github.com/dotnet/roslyn-analyzers/blob/main/src/PublicApiAnalyzers/PublicApiAnalyzers.Help.md) [C:\dev\0.9.0\Ksql.Linq\src\Ksql.Linq.csproj]
C:\dev\0.9.0\Ksql.Linq\src\Messaging\DlqEnvelope.cs(21,31): error RS0016: Symbol 'ErrorType.get' is not part of the declared public API (https://github.com/dotnet/roslyn-analyzers/blob/main/src/PublicApiAnalyzers/PublicApiAnalyzers.Help.md) [C:\dev\0.9.0\Ksql.Linq\src\Ksql.Linq.csproj]
C:\dev\0.9.0\Ksql.Linq\src\Runtime\TimeBucket.cs(352,32): error RS0016: Symbol 'ReadAsync' is not part of the declared public API (https://github.com/dotnet/roslyn-analyzers/blob/main/src/PublicApiAnalyzers/PublicApiAnalyzers.Help.md) [C:\dev\0.9.0\Ksql.Linq\src\Ksql.Linq.csproj]
C:\dev\0.9.0\Ksql.Linq\src\Messaging\DlqEnvelope.cs(21,36): error RS0016: Symbol 'ErrorType.set' is not part of the declared public API (https://github.com/dotnet/roslyn-analyzers/blob/main/src/PublicApiAnalyzers/PublicApiAnalyzers.Help.md) [C:\dev\0.9.0\Ksql.Linq\src\Ksql.Linq.csproj]
C:\dev\0.9.0\Ksql.Linq\src\Messaging\DlqEnvelope.cs(22,44): error RS0016: Symbol 'ErrorMessageShort.set' is not part of the declared public API (https://github.com/dotnet/roslyn-analyzers/blob/main/src/PublicApiAnalyzers/PublicApiAnalyzers.Help.md) [C:\dev\0.9.0\Ksql.Linq\src\Ksql.Linq.csproj]
C:\dev\0.9.0\Ksql.Linq\src\Messaging\DlqEnvelope.cs(22,39): error RS0016: Symbol 'ErrorMessageShort.get' is not part of the declared public API (https://github.com/dotnet/roslyn-analyzers/blob/main/src/PublicApiAnalyzers/PublicApiAnalyzers.Help.md) [C:\dev\0.9.0\Ksql.Linq\src\Ksql.Linq.csproj]
C:\dev\0.9.0\Ksql.Linq\src\Messaging\DlqEnvelope.cs(23,38): error RS0016: Symbol 'StackTraceShort.get' is not part of the declared public API (https://github.com/dotnet/roslyn-analyzers/blob/main/src/PublicApiAnalyzers/PublicApiAnalyzers.Help.md) [C:\dev\0.9.0\Ksql.Linq\src\Ksql.Linq.csproj]
C:\dev\0.9.0\Ksql.Linq\src\Messaging\DlqEnvelope.cs(24,38): error RS0016: Symbol 'ErrorFingerprint.get' is not part of the declared public API (https://github.com/dotnet/roslyn-analyzers/blob/main/src/PublicApiAnalyzers/PublicApiAnalyzers.Help.md) [C:\dev\0.9.0\Ksql.Linq\src\Ksql.Linq.csproj]
C:\dev\0.9.0\Ksql.Linq\src\Messaging\DlqEnvelope.cs(23,43): error RS0016: Symbol 'StackTraceShort.set' is not part of the declared public API (https://github.com/dotnet/roslyn-analyzers/blob/main/src/PublicApiAnalyzers/PublicApiAnalyzers.Help.md) [C:\dev\0.9.0\Ksql.Linq\src\Ksql.Linq.csproj]
C:\dev\0.9.0\Ksql.Linq\src\Messaging\DlqEnvelope.cs(24,43): error RS0016: Symbol 'ErrorFingerprint.set' is not part of the declared public API (https://github.com/dotnet/roslyn-analyzers/blob/main/src/PublicApiAnalyzers/PublicApiAnalyzers.Help.md) [C:\dev\0.9.0\Ksql.Linq\src\Ksql.Linq.csproj]
C:\dev\0.9.0\Ksql.Linq\src\Messaging\DlqEnvelope.cs(26,36): error RS0016: Symbol 'ApplicationId.get' is not part of the declared public API (https://github.com/dotnet/roslyn-analyzers/blob/main/src/PublicApiAnalyzers/PublicApiAnalyzers.Help.md) [C:\dev\0.9.0\Ksql.Linq\src\Ksql.Linq.csproj]
C:\dev\0.9.0\Ksql.Linq\src\Messaging\DlqEnvelope.cs(26,41): error RS0016: Symbol 'ApplicationId.set' is not part of the declared public API (https://github.com/dotnet/roslyn-analyzers/blob/main/src/PublicApiAnalyzers/PublicApiAnalyzers.Help.md) [C:\dev\0.9.0\Ksql.Linq\src\Ksql.Linq.csproj]
C:\dev\0.9.0\Ksql.Linq\src\Messaging\DlqEnvelope.cs(27,41): error RS0016: Symbol 'ConsumerGroup.set' is not part of the declared public API (https://github.com/dotnet/roslyn-analyzers/blob/main/src/PublicApiAnalyzers/PublicApiAnalyzers.Help.md) [C:\dev\0.9.0\Ksql.Linq\src\Ksql.Linq.csproj]
C:\dev\0.9.0\Ksql.Linq\src\Messaging\DlqEnvelope.cs(28,27): error RS0016: Symbol 'Host.get' is not part of the declared public API (https://github.com/dotnet/roslyn-analyzers/blob/main/src/PublicApiAnalyzers/PublicApiAnalyzers.Help.md) [C:\dev\0.9.0\Ksql.Linq\src\Ksql.Linq.csproj]
C:\dev\0.9.0\Ksql.Linq\src\Messaging\DlqEnvelope.cs(27,36): error RS0016: Symbol 'ConsumerGroup.get' is not part of the declared public API (https://github.com/dotnet/roslyn-analyzers/blob/main/src/PublicApiAnalyzers/PublicApiAnalyzers.Help.md) [C:\dev\0.9.0\Ksql.Linq\src\Ksql.Linq.csproj]
C:\dev\0.9.0\Ksql.Linq\src\Messaging\DlqEnvelope.cs(28,32): error RS0016: Symbol 'Host.set' is not part of the declared public API (https://github.com/dotnet/roslyn-analyzers/blob/main/src/PublicApiAnalyzers/PublicApiAnalyzers.Help.md) [C:\dev\0.9.0\Ksql.Linq\src\Ksql.Linq.csproj]
C:\dev\0.9.0\Ksql.Linq\src\Messaging\DlqEnvelope.cs(30,49): error RS0016: Symbol 'Headers.get' is not part of the declared public API (https://github.com/dotnet/roslyn-analyzers/blob/main/src/PublicApiAnalyzers/PublicApiAnalyzers.Help.md) [C:\dev\0.9.0\Ksql.Linq\src\Ksql.Linq.csproj]
C:\dev\0.9.0\Ksql.Linq\src\Messaging\DlqEnvelope.cs(30,54): error RS0016: Symbol 'Headers.set' is not part of the declared public API (https://github.com/dotnet/roslyn-analyzers/blob/main/src/PublicApiAnalyzers/PublicApiAnalyzers.Help.md) [C:\dev\0.9.0\Ksql.Linq\src\Ksql.Linq.csproj]
C:\dev\0.9.0\Ksql.Linq\src\Messaging\Consumers\ICommitManager.cs(7,10): error RS0016: Symbol 'Bind' is not part of the declared public API (https://github.com/dotnet/roslyn-analyzers/blob/main/src/PublicApiAnalyzers/PublicApiAnalyzers.Help.md) [C:\dev\0.9.0\Ksql.Linq\src\Ksql.Linq.csproj]
C:\dev\0.9.0\Ksql.Linq\src\Messaging\Consumers\ICommitManager.cs(8,10): error RS0016: Symbol 'Commit' is not part of the declared public API (https://github.com/dotnet/roslyn-analyzers/blob/main/src/PublicApiAnalyzers/PublicApiAnalyzers.Help.md) [C:\dev\0.9.0\Ksql.Linq\src\Ksql.Linq.csproj]
C:\dev\0.9.0\Ksql.Linq\src\Runtime\Fill\NoopStartupFillService.cs(13,17): error RS0016: Symbol 'RunAsync' is not part of the declared public API (https://github.com/dotnet/roslyn-analyzers/blob/main/src/PublicApiAnalyzers/PublicApiAnalyzers.Help.md) [C:\dev\0.9.0\Ksql.Linq\src\Ksql.Linq.csproj]
C:\dev\0.9.0\Ksql.Linq\src\Runtime\Fill\IStartupFillService.cs(12,10): error RS0016: Symbol 'RunAsync' is not part of the declared public API (https://github.com/dotnet/roslyn-analyzers/blob/main/src/PublicApiAnalyzers/PublicApiAnalyzers.Help.md) [C:\dev\0.9.0\Ksql.Linq\src\Ksql.Linq.csproj]
C:\dev\0.9.0\Ksql.Linq\src\Query\Pipeline\IDMLQueryGenerator.cs(7,12): error RS0016: Symbol 'GenerateSelectAll' is not part of the declared public API (https://github.com/dotnet/roslyn-analyzers/blob/main/src/PublicApiAnalyzers/PublicApiAnalyzers.Help.md) [C:\dev\0.9.0\Ksql.Linq\src\Ksql.Linq.csproj]
C:\dev\0.9.0\Ksql.Linq\src\Query\Pipeline\IDMLQueryGenerator.cs(8,12): error RS0016: Symbol 'GenerateSelectWithCondition' is not part of the declared public API (https://github.com/dotnet/roslyn-analyzers/blob/main/src/PublicApiAnalyzers/PublicApiAnalyzers.Help.md) [C:\dev\0.9.0\Ksql.Linq\src\Ksql.Linq.csproj]
C:\dev\0.9.0\Ksql.Linq\src\Query\Pipeline\IDMLQueryGenerator.cs(9,12): error RS0016: Symbol 'GenerateCountQuery' is not part of the declared public API (https://github.com/dotnet/roslyn-analyzers/blob/main/src/PublicApiAnalyzers/PublicApiAnalyzers.Help.md) [C:\dev\0.9.0\Ksql.Linq\src\Ksql.Linq.csproj]
C:\dev\0.9.0\Ksql.Linq\src\Query\Pipeline\IDMLQueryGenerator.cs(10,12): error RS0016: Symbol 'GenerateAggregateQuery' is not part of the declared public API (https://github.com/dotnet/roslyn-analyzers/blob/main/src/PublicApiAnalyzers/PublicApiAnalyzers.Help.md) [C:\dev\0.9.0\Ksql.Linq\src\Ksql.Linq.csproj]
C:\dev\0.9.0\Ksql.Linq\src\Query\Pipeline\IDMLQueryGenerator.cs(11,12): error RS0016: Symbol 'GenerateLinqQuery' is not part of the declared public API (https://github.com/dotnet/roslyn-analyzers/blob/main/src/PublicApiAnalyzers/PublicApiAnalyzers.Help.md) [C:\dev\0.9.0\Ksql.Linq\src\Ksql.Linq.csproj]
C:\dev\0.9.0\Ksql.Linq\src\Query\Dsl\KsqlQueryRoot.cs(13,29): error RS0016: Symbol 'From<T>' is not part of the declared public API (https://github.com/dotnet/roslyn-analyzers/blob/main/src/PublicApiAnalyzers/PublicApiAnalyzers.Help.md) [C:\dev\0.9.0\Ksql.Linq\src\Ksql.Linq.csproj]
C:\dev\0.9.0\Ksql.Linq\src\Query\Dsl\KsqlQueryModel.cs(13,33): error RS0016: Symbol 'SourceTypes.get' is not part of the declared public API (https://github.com/dotnet/roslyn-analyzers/blob/main/src/PublicApiAnalyzers/PublicApiAnalyzers.Help.md) [C:\dev\0.9.0\Ksql.Linq\src\Ksql.Linq.csproj]
C:\dev\0.9.0\Ksql.Linq\src\Query\Dsl\KsqlQueryModel.cs(13,38): error RS0016: Symbol 'SourceTypes.init' is not part of the declared public API (https://github.com/dotnet/roslyn-analyzers/blob/main/src/PublicApiAnalyzers/PublicApiAnalyzers.Help.md) [C:\dev\0.9.0\Ksql.Linq\src\Ksql.Linq.csproj]
C:\dev\0.9.0\Ksql.Linq\src\Query\Dsl\KsqlQueryModel.cs(14,46): error RS0016: Symbol 'JoinCondition.get' is not part of the declared public API (https://github.com/dotnet/roslyn-analyzers/blob/main/src/PublicApiAnalyzers/PublicApiAnalyzers.Help.md) [C:\dev\0.9.0\Ksql.Linq\src\Ksql.Linq.csproj]
C:\dev\0.9.0\Ksql.Linq\src\Query\Dsl\KsqlQueryModel.cs(15,47): error RS0016: Symbol 'WhereCondition.get' is not part of the declared public API (https://github.com/dotnet/roslyn-analyzers/blob/main/src/PublicApiAnalyzers/PublicApiAnalyzers.Help.md) [C:\dev\0.9.0\Ksql.Linq\src\Ksql.Linq.csproj]
C:\dev\0.9.0\Ksql.Linq\src\Query\Dsl\KsqlQueryModel.cs(14,51): error RS0016: Symbol 'JoinCondition.set' is not part of the declared public API (https://github.com/dotnet/roslyn-analyzers/blob/main/src/PublicApiAnalyzers/PublicApiAnalyzers.Help.md) [C:\dev\0.9.0\Ksql.Linq\src\Ksql.Linq.csproj]
C:\dev\0.9.0\Ksql.Linq\src\Query\Dsl\KsqlQueryModel.cs(15,52): error RS0016: Symbol 'WhereCondition.set' is not part of the declared public API (https://github.com/dotnet/roslyn-analyzers/blob/main/src/PublicApiAnalyzers/PublicApiAnalyzers.Help.md) [C:\dev\0.9.0\Ksql.Linq\src\Ksql.Linq.csproj]
C:\dev\0.9.0\Ksql.Linq\src\Query\Dsl\KsqlQueryModel.cs(16,49): error RS0016: Symbol 'SelectProjection.get' is not part of the declared public API (https://github.com/dotnet/roslyn-analyzers/blob/main/src/PublicApiAnalyzers/PublicApiAnalyzers.Help.md) [C:\dev\0.9.0\Ksql.Linq\src\Ksql.Linq.csproj]
C:\dev\0.9.0\Ksql.Linq\src\Query\Dsl\KsqlQueryModel.cs(16,54): error RS0016: Symbol 'SelectProjection.set' is not part of the declared public API (https://github.com/dotnet/roslyn-analyzers/blob/main/src/PublicApiAnalyzers/PublicApiAnalyzers.Help.md) [C:\dev\0.9.0\Ksql.Linq\src\Ksql.Linq.csproj]
C:\dev\0.9.0\Ksql.Linq\src\Query\Dsl\KsqlQueryModel.cs(17,50): error RS0016: Symbol 'GroupByExpression.get' is not part of the declared public API (https://github.com/dotnet/roslyn-analyzers/blob/main/src/PublicApiAnalyzers/PublicApiAnalyzers.Help.md) [C:\dev\0.9.0\Ksql.Linq\src\Ksql.Linq.csproj]
C:\dev\0.9.0\Ksql.Linq\src\Query\Dsl\KsqlQueryModel.cs(17,55): error RS0016: Symbol 'GroupByExpression.set' is not part of the declared public API (https://github.com/dotnet/roslyn-analyzers/blob/main/src/PublicApiAnalyzers/PublicApiAnalyzers.Help.md) [C:\dev\0.9.0\Ksql.Linq\src\Ksql.Linq.csproj]
C:\dev\0.9.0\Ksql.Linq\src\Query\Dsl\KsqlQueryModel.cs(18,48): error RS0016: Symbol 'HavingCondition.get' is not part of the declared public API (https://github.com/dotnet/roslyn-analyzers/blob/main/src/PublicApiAnalyzers/PublicApiAnalyzers.Help.md) [C:\dev\0.9.0\Ksql.Linq\src\Ksql.Linq.csproj]
C:\dev\0.9.0\Ksql.Linq\src\Query\Dsl\KsqlQueryModel.cs(18,53): error RS0016: Symbol 'HavingCondition.set' is not part of the declared public API (https://github.com/dotnet/roslyn-analyzers/blob/main/src/PublicApiAnalyzers/PublicApiAnalyzers.Help.md) [C:\dev\0.9.0\Ksql.Linq\src\Ksql.Linq.csproj]
C:\dev\0.9.0\Ksql.Linq\src\Query\Dsl\KsqlQueryModel.cs(19,37): error RS0016: Symbol 'BasedOnType.set' is not part of the declared public API (https://github.com/dotnet/roslyn-analyzers/blob/main/src/PublicApiAnalyzers/PublicApiAnalyzers.Help.md) [C:\dev\0.9.0\Ksql.Linq\src\Ksql.Linq.csproj]
C:\dev\0.9.0\Ksql.Linq\src\Query\Dsl\KsqlQueryModel.cs(20,46): error RS0016: Symbol 'BasedOnDayKey.get' is not part of the declared public API (https://github.com/dotnet/roslyn-analyzers/blob/main/src/PublicApiAnalyzers/PublicApiAnalyzers.Help.md) [C:\dev\0.9.0\Ksql.Linq\src\Ksql.Linq.csproj]
C:\dev\0.9.0\Ksql.Linq\src\Query\Dsl\KsqlQueryModel.cs(20,51): error RS0016: Symbol 'BasedOnDayKey.set' is not part of the declared public API (https://github.com/dotnet/roslyn-analyzers/blob/main/src/PublicApiAnalyzers/PublicApiAnalyzers.Help.md) [C:\dev\0.9.0\Ksql.Linq\src\Ksql.Linq.csproj]
C:\dev\0.9.0\Ksql.Linq\src\Query\Dsl\KsqlQueryModel.cs(19,32): error RS0016: Symbol 'BasedOnType.get' is not part of the declared public API (https://github.com/dotnet/roslyn-analyzers/blob/main/src/PublicApiAnalyzers/PublicApiAnalyzers.Help.md) [C:\dev\0.9.0\Ksql.Linq\src\Ksql.Linq.csproj]
C:\dev\0.9.0\Ksql.Linq\src\Query\Dsl\KsqlQueryModel.cs(21,43): error RS0016: Symbol 'BasedOnJoinKeys.get' is not part of the declared public API (https://github.com/dotnet/roslyn-analyzers/blob/main/src/PublicApiAnalyzers/PublicApiAnalyzers.Help.md) [C:\dev\0.9.0\Ksql.Linq\src\Ksql.Linq.csproj]
C:\dev\0.9.0\Ksql.Linq\src\Query\Dsl\KsqlQueryModel.cs(22,34): error RS0016: Symbol 'BasedOnOpen.get' is not part of the declared public API (https://github.com/dotnet/roslyn-analyzers/blob/main/src/PublicApiAnalyzers/PublicApiAnalyzers.Help.md) [C:\dev\0.9.0\Ksql.Linq\src\Ksql.Linq.csproj]
C:\dev\0.9.0\Ksql.Linq\src\Query\Dsl\KsqlQueryModel.cs(22,39): error RS0016: Symbol 'BasedOnOpen.set' is not part of the declared public API (https://github.com/dotnet/roslyn-analyzers/blob/main/src/PublicApiAnalyzers/PublicApiAnalyzers.Help.md) [C:\dev\0.9.0\Ksql.Linq\src\Ksql.Linq.csproj]
C:\dev\0.9.0\Ksql.Linq\src\Query\Dsl\KsqlQueryModel.cs(23,40): error RS0016: Symbol 'BasedOnClose.set' is not part of the declared public API (https://github.com/dotnet/roslyn-analyzers/blob/main/src/PublicApiAnalyzers/PublicApiAnalyzers.Help.md) [C:\dev\0.9.0\Ksql.Linq\src\Ksql.Linq.csproj]
C:\dev\0.9.0\Ksql.Linq\src\Query\Dsl\KsqlQueryModel.cs(23,35): error RS0016: Symbol 'BasedOnClose.get' is not part of the declared public API (https://github.com/dotnet/roslyn-analyzers/blob/main/src/PublicApiAnalyzers/PublicApiAnalyzers.Help.md) [C:\dev\0.9.0\Ksql.Linq\src\Ksql.Linq.csproj]
C:\dev\0.9.0\Ksql.Linq\src\Query\Dsl\KsqlQueryModel.cs(24,40): error RS0016: Symbol 'BasedOnOpenInclusive.get' is not part of the declared public API (https://github.com/dotnet/roslyn-analyzers/blob/main/src/PublicApiAnalyzers/PublicApiAnalyzers.Help.md) [C:\dev\0.9.0\Ksql.Linq\src\Ksql.Linq.csproj]
C:\dev\0.9.0\Ksql.Linq\src\Query\Dsl\KsqlQueryModel.cs(24,45): error RS0016: Symbol 'BasedOnOpenInclusive.set' is not part of the declared public API (https://github.com/dotnet/roslyn-analyzers/blob/main/src/PublicApiAnalyzers/PublicApiAnalyzers.Help.md) [C:\dev\0.9.0\Ksql.Linq\src\Ksql.Linq.csproj]
C:\dev\0.9.0\Ksql.Linq\src\Query\Dsl\KsqlQueryModel.cs(25,41): error RS0016: Symbol 'BasedOnCloseInclusive.get' is not part of the declared public API (https://github.com/dotnet/roslyn-analyzers/blob/main/src/PublicApiAnalyzers/PublicApiAnalyzers.Help.md) [C:\dev\0.9.0\Ksql.Linq\src\Ksql.Linq.csproj]
C:\dev\0.9.0\Ksql.Linq\src\Query\Dsl\KsqlQueryModel.cs(25,46): error RS0016: Symbol 'BasedOnCloseInclusive.set' is not part of the declared public API (https://github.com/dotnet/roslyn-analyzers/blob/main/src/PublicApiAnalyzers/PublicApiAnalyzers.Help.md) [C:\dev\0.9.0\Ksql.Linq\src\Ksql.Linq.csproj]
C:\dev\0.9.0\Ksql.Linq\src\Query\Dsl\KsqlQueryModel.cs(27,35): error RS0016: Symbol 'WeekAnchor.get' is not part of the declared public API (https://github.com/dotnet/roslyn-analyzers/blob/main/src/PublicApiAnalyzers/PublicApiAnalyzers.Help.md) [C:\dev\0.9.0\Ksql.Linq\src\Ksql.Linq.csproj]
C:\dev\0.9.0\Ksql.Linq\src\Query\Dsl\KsqlQueryModel.cs(26,35): error RS0016: Symbol 'Windows.get' is not part of the declared public API (https://github.com/dotnet/roslyn-analyzers/blob/main/src/PublicApiAnalyzers/PublicApiAnalyzers.Help.md) [C:\dev\0.9.0\Ksql.Linq\src\Ksql.Linq.csproj]
C:\dev\0.9.0\Ksql.Linq\src\Query\Dsl\KsqlQueryModel.cs(27,40): error RS0016: Symbol 'WeekAnchor.set' is not part of the declared public API (https://github.com/dotnet/roslyn-analyzers/blob/main/src/PublicApiAnalyzers/PublicApiAnalyzers.Help.md) [C:\dev\0.9.0\Ksql.Linq\src\Ksql.Linq.csproj]
C:\dev\0.9.0\Ksql.Linq\src\Query\Dsl\KsqlQueryModel.cs(28,30): error RS0016: Symbol 'TimeKey.get' is not part of the declared public API (https://github.com/dotnet/roslyn-analyzers/blob/main/src/PublicApiAnalyzers/PublicApiAnalyzers.Help.md) [C:\dev\0.9.0\Ksql.Linq\src\Ksql.Linq.csproj]
C:\dev\0.9.0\Ksql.Linq\src\Query\Dsl\KsqlQueryModel.cs(29,39): error RS0016: Symbol 'BucketColumnName.get' is not part of the declared public API (https://github.com/dotnet/roslyn-analyzers/blob/main/src/PublicApiAnalyzers/PublicApiAnalyzers.Help.md) [C:\dev\0.9.0\Ksql.Linq\src\Ksql.Linq.csproj]
C:\dev\0.9.0\Ksql.Linq\src\Query\Dsl\KsqlQueryModel.cs(28,35): error RS0016: Symbol 'TimeKey.set' is not part of the declared public API (https://github.com/dotnet/roslyn-analyzers/blob/main/src/PublicApiAnalyzers/PublicApiAnalyzers.Help.md) [C:\dev\0.9.0\Ksql.Linq\src\Ksql.Linq.csproj]
C:\dev\0.9.0\Ksql.Linq\src\Query\Dsl\KsqlQueryModel.cs(29,44): error RS0016: Symbol 'BucketColumnName.set' is not part of the declared public API (https://github.com/dotnet/roslyn-analyzers/blob/main/src/PublicApiAnalyzers/PublicApiAnalyzers.Help.md) [C:\dev\0.9.0\Ksql.Linq\src\Ksql.Linq.csproj]
C:\dev\0.9.0\Ksql.Linq\src\Query\Dsl\KsqlQueryModel.cs(30,33): error RS0016: Symbol 'WithinSeconds.get' is not part of the declared public API (https://github.com/dotnet/roslyn-analyzers/blob/main/src/PublicApiAnalyzers/PublicApiAnalyzers.Help.md) [C:\dev\0.9.0\Ksql.Linq\src\Ksql.Linq.csproj]
C:\dev\0.9.0\Ksql.Linq\src\Query\Dsl\KsqlQueryModel.cs(30,38): error RS0016: Symbol 'WithinSeconds.set' is not part of the declared public API (https://github.com/dotnet/roslyn-analyzers/blob/main/src/PublicApiAnalyzers/PublicApiAnalyzers.Help.md) [C:\dev\0.9.0\Ksql.Linq\src\Ksql.Linq.csproj]
C:\dev\0.9.0\Ksql.Linq\src\Query\Dsl\KsqlQueryModel.cs(31,39): error RS0016: Symbol 'ForbidDefaultWithin.get' is not part of the declared public API (https://github.com/dotnet/roslyn-analyzers/blob/main/src/PublicApiAnalyzers/PublicApiAnalyzers.Help.md) [C:\dev\0.9.0\Ksql.Linq\src\Ksql.Linq.csproj]
C:\dev\0.9.0\Ksql.Linq\src\Query\Dsl\KsqlQueryModel.cs(31,44): error RS0016: Symbol 'ForbidDefaultWithin.set' is not part of the declared public API (https://github.com/dotnet/roslyn-analyzers/blob/main/src/PublicApiAnalyzers/PublicApiAnalyzers.Help.md) [C:\dev\0.9.0\Ksql.Linq\src\Ksql.Linq.csproj]
C:\dev\0.9.0\Ksql.Linq\src\Query\Dsl\KsqlQueryModel.cs(32,35): error RS0016: Symbol 'BaseUnitSeconds.get' is not part of the declared public API (https://github.com/dotnet/roslyn-analyzers/blob/main/src/PublicApiAnalyzers/PublicApiAnalyzers.Help.md) [C:\dev\0.9.0\Ksql.Linq\src\Ksql.Linq.csproj]
C:\dev\0.9.0\Ksql.Linq\src\Query\Dsl\KsqlQueryModel.cs(32,40): error RS0016: Symbol 'BaseUnitSeconds.set' is not part of the declared public API (https://github.com/dotnet/roslyn-analyzers/blob/main/src/PublicApiAnalyzers/PublicApiAnalyzers.Help.md) [C:\dev\0.9.0\Ksql.Linq\src\Ksql.Linq.csproj]
C:\dev\0.9.0\Ksql.Linq\src\Query\Dsl\KsqlQueryModel.cs(33,32): error RS0016: Symbol 'GraceSeconds.get' is not part of the declared public API (https://github.com/dotnet/roslyn-analyzers/blob/main/src/PublicApiAnalyzers/PublicApiAnalyzers.Help.md) [C:\dev\0.9.0\Ksql.Linq\src\Ksql.Linq.csproj]
C:\dev\0.9.0\Ksql.Linq\src\Query\Dsl\KsqlQueryModel.cs(33,37): error RS0016: Symbol 'GraceSeconds.set' is not part of the declared public API (https://github.com/dotnet/roslyn-analyzers/blob/main/src/PublicApiAnalyzers/PublicApiAnalyzers.Help.md) [C:\dev\0.9.0\Ksql.Linq\src\Ksql.Linq.csproj]
C:\dev\0.9.0\Ksql.Linq\src\Query\Dsl\KsqlQueryModel.cs(34,32): error RS0016: Symbol 'Continuation.get' is not part of the declared public API (https://github.com/dotnet/roslyn-analyzers/blob/main/src/PublicApiAnalyzers/PublicApiAnalyzers.Help.md) [C:\dev\0.9.0\Ksql.Linq\src\Ksql.Linq.csproj]
C:\dev\0.9.0\Ksql.Linq\src\Query\Dsl\KsqlQueryModel.cs(34,37): error RS0016: Symbol 'Continuation.set' is not part of the declared public API (https://github.com/dotnet/roslyn-analyzers/blob/main/src/PublicApiAnalyzers/PublicApiAnalyzers.Help.md) [C:\dev\0.9.0\Ksql.Linq\src\Ksql.Linq.csproj]
C:\dev\0.9.0\Ksql.Linq\src\Query\Dsl\KsqlQueryModel.cs(35,46): error RS0016: Symbol 'PrimarySourceRequiresAlias.get' is not part of the declared public API (https://github.com/dotnet/roslyn-analyzers/blob/main/src/PublicApiAnalyzers/PublicApiAnalyzers.Help.md) [C:\dev\0.9.0\Ksql.Linq\src\Ksql.Linq.csproj]
C:\dev\0.9.0\Ksql.Linq\src\Query\Dsl\KsqlQueryModel.cs(35,51): error RS0016: Symbol 'PrimarySourceRequiresAlias.set' is not part of the declared public API (https://github.com/dotnet/roslyn-analyzers/blob/main/src/PublicApiAnalyzers/PublicApiAnalyzers.Help.md) [C:\dev\0.9.0\Ksql.Linq\src\Ksql.Linq.csproj]
C:\dev\0.9.0\Ksql.Linq\src\Query\Dsl\KsqlQueryModel.cs(36,76): error RS0016: Symbol 'Extras.get' is not part of the declared public API (https://github.com/dotnet/roslyn-analyzers/blob/main/src/PublicApiAnalyzers/PublicApiAnalyzers.Help.md) [C:\dev\0.9.0\Ksql.Linq\src\Ksql.Linq.csproj]
C:\dev\0.9.0\Ksql.Linq\src\Query\Dsl\KsqlQueryModel.cs(37,59): error RS0016: Symbol 'SelectProjectionMetadata.get' is not part of the declared public API (https://github.com/dotnet/roslyn-analyzers/blob/main/src/PublicApiAnalyzers/PublicApiAnalyzers.Help.md) [C:\dev\0.9.0\Ksql.Linq\src\Ksql.Linq.csproj]
C:\dev\0.9.0\Ksql.Linq\src\Query\Dsl\KsqlQueryModel.cs(37,64): error RS0016: Symbol 'SelectProjectionMetadata.set' is not part of the declared public API (https://github.com/dotnet/roslyn-analyzers/blob/main/src/PublicApiAnalyzers/PublicApiAnalyzers.Help.md) [C:\dev\0.9.0\Ksql.Linq\src\Ksql.Linq.csproj]
C:\dev\0.9.0\Ksql.Linq\src\Query\Dsl\KsqlQueryModel.cs(39,27): error RS0016: Symbol 'Clone' is not part of the declared public API (https://github.com/dotnet/roslyn-analyzers/blob/main/src/PublicApiAnalyzers/PublicApiAnalyzers.Help.md) [C:\dev\0.9.0\Ksql.Linq\src\Ksql.Linq.csproj]
C:\dev\0.9.0\Ksql.Linq\src\Query\Dsl\KsqlQueryModel.cs(76,19): error RS0016: Symbol 'Dump' is not part of the declared public API (https://github.com/dotnet/roslyn-analyzers/blob/main/src/PublicApiAnalyzers/PublicApiAnalyzers.Help.md) [C:\dev\0.9.0\Ksql.Linq\src\Ksql.Linq.csproj]
C:\dev\0.9.0\Ksql.Linq\src\Query\Dsl\KsqlQueryModel.cs(82,17): error RS0016: Symbol 'HasGroupBy' is not part of the declared public API (https://github.com/dotnet/roslyn-analyzers/blob/main/src/PublicApiAnalyzers/PublicApiAnalyzers.Help.md) [C:\dev\0.9.0\Ksql.Linq\src\Ksql.Linq.csproj]
C:\dev\0.9.0\Ksql.Linq\src\Query\Dsl\KsqlQueryModel.cs(84,17): error RS0016: Symbol 'HasTumbling' is not part of the declared public API (https://github.com/dotnet/roslyn-analyzers/blob/main/src/PublicApiAnalyzers/PublicApiAnalyzers.Help.md) [C:\dev\0.9.0\Ksql.Linq\src\Ksql.Linq.csproj]
C:\dev\0.9.0\Ksql.Linq\src\Query\Dsl\KsqlQueryModel.cs(86,17): error RS0016: Symbol 'HasAggregates' is not part of the declared public API (https://github.com/dotnet/roslyn-analyzers/blob/main/src/PublicApiAnalyzers/PublicApiAnalyzers.Help.md) [C:\dev\0.9.0\Ksql.Linq\src\Ksql.Linq.csproj]
C:\dev\0.9.0\Ksql.Linq\src\Query\Dsl\KsqlQueryModel.cs(94,17): error RS0016: Symbol 'IsAggregateQuery' is not part of the declared public API (https://github.com/dotnet/roslyn-analyzers/blob/main/src/PublicApiAnalyzers/PublicApiAnalyzers.Help.md) [C:\dev\0.9.0\Ksql.Linq\src\Ksql.Linq.csproj]
C:\dev\0.9.0\Ksql.Linq\src\Query\Dsl\KsqlQueryModel.cs(96,28): error RS0016: Symbol 'DetermineType' is not part of the declared public API (https://github.com/dotnet/roslyn-analyzers/blob/main/src/PublicApiAnalyzers/PublicApiAnalyzers.Help.md) [C:\dev\0.9.0\Ksql.Linq\src\Ksql.Linq.csproj]
C:\dev\0.9.0\Ksql.Linq\src\Query\Dsl\KsqlQueryModel.cs(102,17): error RS0016: Symbol 'NormalizeWindowsInPlace' is not part of the declared public API (https://github.com/dotnet/roslyn-analyzers/blob/main/src/PublicApiAnalyzers/PublicApiAnalyzers.Help.md) [C:\dev\0.9.0\Ksql.Linq\src\Ksql.Linq.csproj]
C:\dev\0.9.0\Ksql.Linq\src\Query\Dsl\KsqlQueryModel.cs(99,32): error RS0016: Symbol 'NormalizeWindows' is not part of the declared public API (https://github.com/dotnet/roslyn-analyzers/blob/main/src/PublicApiAnalyzers/PublicApiAnalyzers.Help.md) [C:\dev\0.9.0\Ksql.Linq\src\Ksql.Linq.csproj]
C:\dev\0.9.0\Ksql.Linq\src\Query\Dsl\KsqlQueryable2.cs(12,12): error RS0016: Symbol 'KsqlQueryable2' is not part of the declared public API (https://github.com/dotnet/roslyn-analyzers/blob/main/src/PublicApiAnalyzers/PublicApiAnalyzers.Help.md) [C:\dev\0.9.0\Ksql.Linq\src\Ksql.Linq.csproj]
C:\dev\0.9.0\Ksql.Linq\src\Runtime\TimeBucket.cs(618,29): error RS0016: Symbol 'WaitForBucketAsync' is not part of the declared public API (https://github.com/dotnet/roslyn-analyzers/blob/main/src/PublicApiAnalyzers/PublicApiAnalyzers.Help.md) [C:\dev\0.9.0\Ksql.Linq\src\Ksql.Linq.csproj]
C:\dev\0.9.0\Ksql.Linq\src\Query\Dsl\KsqlQueryable2.cs(26,35): error RS0016: Symbol 'Where' is not part of the declared public API (https://github.com/dotnet/roslyn-analyzers/blob/main/src/PublicApiAnalyzers/PublicApiAnalyzers.Help.md) [C:\dev\0.9.0\Ksql.Linq\src\Ksql.Linq.csproj]
C:\dev\0.9.0\Ksql.Linq\src\Query\Dsl\KsqlQueryable2.cs(36,35): error RS0016: Symbol 'Select<TResult>' is not part of the declared public API (https://github.com/dotnet/roslyn-analyzers/blob/main/src/PublicApiAnalyzers/PublicApiAnalyzers.Help.md) [C:\dev\0.9.0\Ksql.Linq\src\Ksql.Linq.csproj]
C:\dev\0.9.0\Ksql.Linq\src\Runtime\TimeBucket.cs(736,36): error RS0016: Symbol 'LiveTopicName.get' is not part of the declared public API (https://github.com/dotnet/roslyn-analyzers/blob/main/src/PublicApiAnalyzers/PublicApiAnalyzers.Help.md) [C:\dev\0.9.0\Ksql.Linq\src\Ksql.Linq.csproj]
C:\dev\0.9.0\Ksql.Linq\src\Runtime\TimeBucket.cs(739,31): error RS0016: Symbol 'WithCancellation' is not part of the declared public API (https://github.com/dotnet/roslyn-analyzers/blob/main/src/PublicApiAnalyzers/PublicApiAnalyzers.Help.md) [C:\dev\0.9.0\Ksql.Linq\src\Ksql.Linq.csproj]
C:\dev\0.9.0\Ksql.Linq\src\Runtime\TimeBucket.cs(742,31): error RS0016: Symbol 'WithKeys' is not part of the declared public API (https://github.com/dotnet/roslyn-analyzers/blob/main/src/PublicApiAnalyzers/PublicApiAnalyzers.Help.md) [C:\dev\0.9.0\Ksql.Linq\src\Ksql.Linq.csproj]
C:\dev\0.9.0\Ksql.Linq\src\Runtime\TimeBucket.cs(745,31): error RS0016: Symbol 'With' is not part of the declared public API (https://github.com/dotnet/roslyn-analyzers/blob/main/src/PublicApiAnalyzers/PublicApiAnalyzers.Help.md) [C:\dev\0.9.0\Ksql.Linq\src\Ksql.Linq.csproj]
C:\dev\0.9.0\Ksql.Linq\src\Context\KsqlContext.Schema.cs(180,19): error RS0016: Symbol 'GetDlqTopicName' is not part of the declared public API (https://github.com/dotnet/roslyn-analyzers/blob/main/src/PublicApiAnalyzers/PublicApiAnalyzers.Help.md) [C:\dev\0.9.0\Ksql.Linq\src\Ksql.Linq.csproj]
C:\dev\0.9.0\Ksql.Linq\src\Query\Dsl\KsqlQueryable2.cs(57,35): error RS0016: Symbol 'Tumbling' is not part of the declared public API (https://github.com/dotnet/roslyn-analyzers/blob/main/src/PublicApiAnalyzers/PublicApiAnalyzers.Help.md) [C:\dev\0.9.0\Ksql.Linq\src\Ksql.Linq.csproj]
C:\dev\0.9.0\Ksql.Linq\src\Query\Dsl\KsqlQueryable2.cs(82,35): error RS0016: Symbol 'Within' is not part of the declared public API (https://github.com/dotnet/roslyn-analyzers/blob/main/src/PublicApiAnalyzers/PublicApiAnalyzers.Help.md) [C:\dev\0.9.0\Ksql.Linq\src\Ksql.Linq.csproj]
C:\dev\0.9.0\Ksql.Linq\src\Query\Dsl\KsqlQueryable2.cs(90,35): error RS0016: Symbol 'RequireExplicitWithin' is not part of the declared public API (https://github.com/dotnet/roslyn-analyzers/blob/main/src/PublicApiAnalyzers/PublicApiAnalyzers.Help.md) [C:\dev\0.9.0\Ksql.Linq\src\Ksql.Linq.csproj]
C:\dev\0.9.0\Ksql.Linq\src\Query\Dsl\KsqlQueryable2.cs(101,27): error RS0016: Symbol 'Build' is not part of the declared public API (https://github.com/dotnet/roslyn-analyzers/blob/main/src/PublicApiAnalyzers/PublicApiAnalyzers.Help.md) [C:\dev\0.9.0\Ksql.Linq\src\Ksql.Linq.csproj]
C:\dev\0.9.0\Ksql.Linq\src\Query\Dsl\KsqlQueryable2.cs(96,35): error RS0016: Symbol 'Tumbling' is not part of the declared public API (https://github.com/dotnet/roslyn-analyzers/blob/main/src/PublicApiAnalyzers/PublicApiAnalyzers.Help.md) [C:\dev\0.9.0\Ksql.Linq\src\Ksql.Linq.csproj]
C:\dev\0.9.0\Ksql.Linq\src\Query\Dsl\KsqlQueryable.cs(20,30): error RS0016: Symbol 'Where' is not part of the declared public API (https://github.com/dotnet/roslyn-analyzers/blob/main/src/PublicApiAnalyzers/PublicApiAnalyzers.Help.md) [C:\dev\0.9.0\Ksql.Linq\src\Ksql.Linq.csproj]
C:\dev\0.9.0\Ksql.Linq\src\Query\Dsl\KsqlQueryable.cs(30,30): error RS0016: Symbol 'Select<TResult>' is not part of the declared public API (https://github.com/dotnet/roslyn-analyzers/blob/main/src/PublicApiAnalyzers/PublicApiAnalyzers.Help.md) [C:\dev\0.9.0\Ksql.Linq\src\Ksql.Linq.csproj]
C:\dev\0.9.0\Ksql.Linq\src\Query\Dsl\KsqlQueryable.cs(53,43): error RS0016: Symbol 'GroupBy<TKey>' is not part of the declared public API (https://github.com/dotnet/roslyn-analyzers/blob/main/src/PublicApiAnalyzers/PublicApiAnalyzers.Help.md) [C:\dev\0.9.0\Ksql.Linq\src\Ksql.Linq.csproj]
C:\dev\0.9.0\Ksql.Linq\src\Runtime\TimeBucket.cs(20,33): error RS0016: Symbol 'Get<T>' is not part of the declared public API (https://github.com/dotnet/roslyn-analyzers/blob/main/src/PublicApiAnalyzers/PublicApiAnalyzers.Help.md) [C:\dev\0.9.0\Ksql.Linq\src\Ksql.Linq.csproj]
C:\dev\0.9.0\Ksql.Linq\src\Runtime\TimeBucket.cs(23,39): error RS0016: Symbol 'Set<T>' is not part of the declared public API (https://github.com/dotnet/roslyn-analyzers/blob/main/src/PublicApiAnalyzers/PublicApiAnalyzers.Help.md) [C:\dev\0.9.0\Ksql.Linq\src\Ksql.Linq.csproj]
C:\dev\0.9.0\Ksql.Linq\src\Query\Dsl\KsqlQueryable.cs(63,30): error RS0016: Symbol 'Tumbling' is not part of the declared public API (https://github.com/dotnet/roslyn-analyzers/blob/main/src/PublicApiAnalyzers/PublicApiAnalyzers.Help.md) [C:\dev\0.9.0\Ksql.Linq\src\Ksql.Linq.csproj]
C:\dev\0.9.0\Ksql.Linq\src\Query\Dsl\KsqlQueryable.cs(88,30): error RS0016: Symbol 'Tumbling' is not part of the declared public API (https://github.com/dotnet/roslyn-analyzers/blob/main/src/PublicApiAnalyzers/PublicApiAnalyzers.Help.md) [C:\dev\0.9.0\Ksql.Linq\src\Ksql.Linq.csproj]
C:\dev\0.9.0\Ksql.Linq\src\Query\Dsl\KsqlQueryable.cs(95,32): error RS0016: Symbol 'TimeFrame<TSchedule>' is not part of the declared public API (https://github.com/dotnet/roslyn-analyzers/blob/main/src/PublicApiAnalyzers/PublicApiAnalyzers.Help.md) [C:\dev\0.9.0\Ksql.Linq\src\Ksql.Linq.csproj]
C:\dev\0.9.0\Ksql.Linq\src\Query\Dsl\KsqlQueryable.cs(156,35): error RS0016: Symbol 'Join<T2>' is not part of the declared public API (https://github.com/dotnet/roslyn-analyzers/blob/main/src/PublicApiAnalyzers/PublicApiAnalyzers.Help.md) [C:\dev\0.9.0\Ksql.Linq\src\Ksql.Linq.csproj]
C:\dev\0.9.0\Ksql.Linq\src\Query\Dsl\KsqlQueryable.cs(172,27): error RS0016: Symbol 'Build' is not part of the declared public API (https://github.com/dotnet/roslyn-analyzers/blob/main/src/PublicApiAnalyzers/PublicApiAnalyzers.Help.md) [C:\dev\0.9.0\Ksql.Linq\src\Ksql.Linq.csproj]
C:\dev\0.9.0\Ksql.Linq\src\Query\Dsl\KsqlGroupedQueryable.cs(24,42): error RS0016: Symbol 'Having' is not part of the declared public API (https://github.com/dotnet/roslyn-analyzers/blob/main/src/PublicApiAnalyzers/PublicApiAnalyzers.Help.md) [C:\dev\0.9.0\Ksql.Linq\src\Ksql.Linq.csproj]
C:\dev\0.9.0\Ksql.Linq\src\Query\Dsl\KsqlGroupedQueryable.cs(40,42): error RS0016: Symbol 'Select<TResult>' is not part of the declared public API (https://github.com/dotnet/roslyn-analyzers/blob/main/src/PublicApiAnalyzers/PublicApiAnalyzers.Help.md) [C:\dev\0.9.0\Ksql.Linq\src\Ksql.Linq.csproj]
C:\dev\0.9.0\Ksql.Linq\src\Query\Dsl\KsqlGroupedQueryable.cs(57,27): error RS0016: Symbol 'Build' is not part of the declared public API (https://github.com/dotnet/roslyn-analyzers/blob/main/src/PublicApiAnalyzers/PublicApiAnalyzers.Help.md) [C:\dev\0.9.0\Ksql.Linq\src\Ksql.Linq.csproj]
C:\dev\0.9.0\Ksql.Linq\src\Query\Dsl\IKsqlQueryable.cs(5,20): error RS0016: Symbol 'Build' is not part of the declared public API (https://github.com/dotnet/roslyn-analyzers/blob/main/src/PublicApiAnalyzers/PublicApiAnalyzers.Help.md) [C:\dev\0.9.0\Ksql.Linq\src\Ksql.Linq.csproj]
C:\dev\0.9.0\Ksql.Linq\src\Query\Dsl\IScheduledScope.cs(8,22): error RS0016: Symbol 'Tumbling' is not part of the declared public API (https://github.com/dotnet/roslyn-analyzers/blob/main/src/PublicApiAnalyzers/PublicApiAnalyzers.Help.md) [C:\dev\0.9.0\Ksql.Linq\src\Ksql.Linq.csproj]
C:\dev\0.9.0\Ksql.Linq\src\Runtime\Heartbeat\MarketScheduleProvider.cs(15,10): error RS0016: Symbol 'InitializeAsync' is not part of the declared public API (https://github.com/dotnet/roslyn-analyzers/blob/main/src/PublicApiAnalyzers/PublicApiAnalyzers.Help.md) [C:\dev\0.9.0\Ksql.Linq\src\Ksql.Linq.csproj]
C:\dev\0.9.0\Ksql.Linq\src\Runtime\Heartbeat\MarketScheduleProvider.cs(16,10): error RS0016: Symbol 'RefreshAsync' is not part of the declared public API (https://github.com/dotnet/roslyn-analyzers/blob/main/src/PublicApiAnalyzers/PublicApiAnalyzers.Help.md) [C:\dev\0.9.0\Ksql.Linq\src\Ksql.Linq.csproj]
C:\dev\0.9.0\Ksql.Linq\src\Runtime\Heartbeat\MarketScheduleProvider.cs(17,10): error RS0016: Symbol 'IsInSession' is not part of the declared public API (https://github.com/dotnet/roslyn-analyzers/blob/main/src/PublicApiAnalyzers/PublicApiAnalyzers.Help.md) [C:\dev\0.9.0\Ksql.Linq\src\Ksql.Linq.csproj]
C:\dev\0.9.0\Ksql.Linq\src\Runtime\Monitor\RowMonitorCoordinator.Noop.cs(8,17): error RS0016: Symbol 'StartAsync' is not part of the declared public API (https://github.com/dotnet/roslyn-analyzers/blob/main/src/PublicApiAnalyzers/PublicApiAnalyzers.Help.md) [C:\dev\0.9.0\Ksql.Linq\src\Ksql.Linq.csproj]
C:\dev\0.9.0\Ksql.Linq\src\Runtime\Monitor\RowMonitorCoordinator.Noop.cs(9,17): error RS0016: Symbol 'StopAsync' is not part of the declared public API (https://github.com/dotnet/roslyn-analyzers/blob/main/src/PublicApiAnalyzers/PublicApiAnalyzers.Help.md) [C:\dev\0.9.0\Ksql.Linq\src\Ksql.Linq.csproj]
C:\dev\0.9.0\Ksql.Linq\src\Runtime\Monitor\RowMonitorCoordinator.Noop.cs(10,17): error RS0016: Symbol 'StartForResults' is not part of the declared public API (https://github.com/dotnet/roslyn-analyzers/blob/main/src/PublicApiAnalyzers/PublicApiAnalyzers.Help.md) [C:\dev\0.9.0\Ksql.Linq\src\Ksql.Linq.csproj]
C:\dev\0.9.0\Ksql.Linq\src\Runtime\Monitor\RowMonitorCoordinator.Noop.cs(11,22): error RS0016: Symbol 'DisposeAsync' is not part of the declared public API (https://github.com/dotnet/roslyn-analyzers/blob/main/src/PublicApiAnalyzers/PublicApiAnalyzers.Help.md) [C:\dev\0.9.0\Ksql.Linq\src\Ksql.Linq.csproj]
C:\dev\0.9.0\Ksql.Linq\src\Runtime\Monitor\RowMonitorCoordinator.cs(18,12): error RS0016: Symbol 'RowMonitorCoordinator' is not part of the declared public API (https://github.com/dotnet/roslyn-analyzers/blob/main/src/PublicApiAnalyzers/PublicApiAnalyzers.Help.md) [C:\dev\0.9.0\Ksql.Linq\src\Ksql.Linq.csproj]
C:\dev\0.9.0\Ksql.Linq\src\Runtime\Monitor\RowMonitorCoordinator.cs(25,17): error RS0016: Symbol 'StopAsync' is not part of the declared public API (https://github.com/dotnet/roslyn-analyzers/blob/main/src/PublicApiAnalyzers/PublicApiAnalyzers.Help.md) [C:\dev\0.9.0\Ksql.Linq\src\Ksql.Linq.csproj]
C:\dev\0.9.0\Ksql.Linq\src\Runtime\Monitor\RowMonitorCoordinator.cs(23,17): error RS0016: Symbol 'StartAsync' is not part of the declared public API (https://github.com/dotnet/roslyn-analyzers/blob/main/src/PublicApiAnalyzers/PublicApiAnalyzers.Help.md) [C:\dev\0.9.0\Ksql.Linq\src\Ksql.Linq.csproj]
C:\dev\0.9.0\Ksql.Linq\src\Runtime\Monitor\RowMonitorCoordinator.cs(27,17): error RS0016: Symbol 'StartForResults' is not part of the declared public API (https://github.com/dotnet/roslyn-analyzers/blob/main/src/PublicApiAnalyzers/PublicApiAnalyzers.Help.md) [C:\dev\0.9.0\Ksql.Linq\src\Ksql.Linq.csproj]
C:\dev\0.9.0\Ksql.Linq\src\Runtime\Monitor\RowMonitorCoordinator.cs(121,22): error RS0016: Symbol 'DisposeAsync' is not part of the declared public API (https://github.com/dotnet/roslyn-analyzers/blob/main/src/PublicApiAnalyzers/PublicApiAnalyzers.Help.md) [C:\dev\0.9.0\Ksql.Linq\src\Ksql.Linq.csproj]
C:\dev\0.9.0\Ksql.Linq\src\Runtime\Monitor\IRowMonitorCoordinator.cs(12,10): error RS0016: Symbol 'StartAsync' is not part of the declared public API (https://github.com/dotnet/roslyn-analyzers/blob/main/src/PublicApiAnalyzers/PublicApiAnalyzers.Help.md) [C:\dev\0.9.0\Ksql.Linq\src\Ksql.Linq.csproj]
C:\dev\0.9.0\Ksql.Linq\src\Runtime\Monitor\IRowMonitorCoordinator.cs(13,10): error RS0016: Symbol 'StopAsync' is not part of the declared public API (https://github.com/dotnet/roslyn-analyzers/blob/main/src/PublicApiAnalyzers/PublicApiAnalyzers.Help.md) [C:\dev\0.9.0\Ksql.Linq\src\Ksql.Linq.csproj]
C:\dev\0.9.0\Ksql.Linq\src\Runtime\Monitor\IRowMonitorCoordinator.cs(14,10): error RS0016: Symbol 'StartForResults' is not part of the declared public API (https://github.com/dotnet/roslyn-analyzers/blob/main/src/PublicApiAnalyzers/PublicApiAnalyzers.Help.md) [C:\dev\0.9.0\Ksql.Linq\src\Ksql.Linq.csproj]
C:\dev\0.9.0\Ksql.Linq\src\Infrastructure\Ksql\KsqlExecutor.cs(15,12): error RS0016: Symbol 'KsqlExecutor' is not part of the declared public API (https://github.com/dotnet/roslyn-analyzers/blob/main/src/PublicApiAnalyzers/PublicApiAnalyzers.Help.md) [C:\dev\0.9.0\Ksql.Linq\src\Ksql.Linq.csproj]
C:\dev\0.9.0\Ksql.Linq\src\Infrastructure\Ksql\KsqlExecutor.cs(21,57): error RS0016: Symbol 'ExecuteStatementAsync' is not part of the declared public API (https://github.com/dotnet/roslyn-analyzers/blob/main/src/PublicApiAnalyzers/PublicApiAnalyzers.Help.md) [C:\dev\0.9.0\Ksql.Linq\src\Ksql.Linq.csproj]
C:\dev\0.9.0\Ksql.Linq\src\Infrastructure\Ksql\KsqlExecutor.cs(30,57): error RS0016: Symbol 'ExecuteExplainAsync' is not part of the declared public API (https://github.com/dotnet/roslyn-analyzers/blob/main/src/PublicApiAnalyzers/PublicApiAnalyzers.Help.md) [C:\dev\0.9.0\Ksql.Linq\src\Ksql.Linq.csproj]
C:\dev\0.9.0\Ksql.Linq\src\Infrastructure\Ksql\KsqlExecutor.cs(38,22): error RS0016: Symbol 'QueryStreamCountAsync' is not part of the declared public API (https://github.com/dotnet/roslyn-analyzers/blob/main/src/PublicApiAnalyzers/PublicApiAnalyzers.Help.md) [C:\dev\0.9.0\Ksql.Linq\src\Ksql.Linq.csproj]
C:\dev\0.9.0\Ksql.Linq\src\Infrastructure\Ksql\KsqlExecutor.cs(44,22): error RS0016: Symbol 'QueryCountAsync' is not part of the declared public API (https://github.com/dotnet/roslyn-analyzers/blob/main/src/PublicApiAnalyzers/PublicApiAnalyzers.Help.md) [C:\dev\0.9.0\Ksql.Linq\src\Ksql.Linq.csproj]
C:\dev\0.9.0\Ksql.Linq\src\Query\Linq\JoinableEntitySet.cs(18,12): error RS0016: Symbol 'JoinableEntitySet' is not part of the declared public API (https://github.com/dotnet/roslyn-analyzers/blob/main/src/PublicApiAnalyzers/PublicApiAnalyzers.Help.md) [C:\dev\0.9.0\Ksql.Linq\src\Ksql.Linq.csproj]
C:\dev\0.9.0\Ksql.Linq\src\Query\Linq\JoinableEntitySet.cs(23,17): error RS0016: Symbol 'AddAsync' is not part of the declared public API (https://github.com/dotnet/roslyn-analyzers/blob/main/src/PublicApiAnalyzers/PublicApiAnalyzers.Help.md) [C:\dev\0.9.0\Ksql.Linq\src\Ksql.Linq.csproj]
C:\dev\0.9.0\Ksql.Linq\src\Query\Linq\JoinableEntitySet.cs(28,17): error RS0016: Symbol 'RemoveAsync' is not part of the declared public API (https://github.com/dotnet/roslyn-analyzers/blob/main/src/PublicApiAnalyzers/PublicApiAnalyzers.Help.md) [C:\dev\0.9.0\Ksql.Linq\src\Ksql.Linq.csproj]
C:\dev\0.9.0\Ksql.Linq\src\Infrastructure\Ksql\KsqlExecutor.cs(50,34): error RS0016: Symbol 'QueryRowsAsync' is not part of the declared public API (https://github.com/dotnet/roslyn-analyzers/blob/main/src/PublicApiAnalyzers/PublicApiAnalyzers.Help.md) [C:\dev\0.9.0\Ksql.Linq\src\Ksql.Linq.csproj]
C:\dev\0.9.0\Ksql.Linq\src\Query\Linq\JoinableEntitySet.cs(33,26): error RS0016: Symbol 'ToListAsync' is not part of the declared public API (https://github.com/dotnet/roslyn-analyzers/blob/main/src/PublicApiAnalyzers/PublicApiAnalyzers.Help.md) [C:\dev\0.9.0\Ksql.Linq\src\Ksql.Linq.csproj]
C:\dev\0.9.0\Ksql.Linq\src\Query\Linq\JoinableEntitySet.cs(38,17): error RS0016: Symbol 'ForEachAsync' is not part of the declared public API (https://github.com/dotnet/roslyn-analyzers/blob/main/src/PublicApiAnalyzers/PublicApiAnalyzers.Help.md) [C:\dev\0.9.0\Ksql.Linq\src\Ksql.Linq.csproj]
C:\dev\0.9.0\Ksql.Linq\src\Query\Linq\JoinableEntitySet.cs(44,17): error RS0016: Symbol 'ForEachAsync' is not part of the declared public API (https://github.com/dotnet/roslyn-analyzers/blob/main/src/PublicApiAnalyzers/PublicApiAnalyzers.Help.md) [C:\dev\0.9.0\Ksql.Linq\src\Ksql.Linq.csproj]
C:\dev\0.9.0\Ksql.Linq\src\Query\Linq\JoinableEntitySet.cs(47,17): error RS0016: Symbol 'ForEachAsync' is not part of the declared public API (https://github.com/dotnet/roslyn-analyzers/blob/main/src/PublicApiAnalyzers/PublicApiAnalyzers.Help.md) [C:\dev\0.9.0\Ksql.Linq\src\Ksql.Linq.csproj]
C:\dev\0.9.0\Ksql.Linq\src\Query\Linq\JoinableEntitySet.cs(50,17): error RS0016: Symbol 'ForEachAsync' is not part of the declared public API (https://github.com/dotnet/roslyn-analyzers/blob/main/src/PublicApiAnalyzers/PublicApiAnalyzers.Help.md) [C:\dev\0.9.0\Ksql.Linq\src\Ksql.Linq.csproj]
C:\dev\0.9.0\Ksql.Linq\src\Query\Linq\JoinableEntitySet.cs(55,17): error RS0016: Symbol 'ForEachAsync' is not part of the declared public API (https://github.com/dotnet/roslyn-analyzers/blob/main/src/PublicApiAnalyzers/PublicApiAnalyzers.Help.md) [C:\dev\0.9.0\Ksql.Linq\src\Ksql.Linq.csproj]
C:\dev\0.9.0\Ksql.Linq\src\Runtime\Period.cs(17,24): error RS0016: Symbol 'Value.get' is not part of the declared public API (https://github.com/dotnet/roslyn-analyzers/blob/main/src/PublicApiAnalyzers/PublicApiAnalyzers.Help.md) [C:\dev\0.9.0\Ksql.Linq\src\Ksql.Linq.csproj]
C:\dev\0.9.0\Ksql.Linq\src\Query\Linq\JoinableEntitySet.cs(60,17): error RS0016: Symbol 'ForEachAsync' is not part of the declared public API (https://github.com/dotnet/roslyn-analyzers/blob/main/src/PublicApiAnalyzers/PublicApiAnalyzers.Help.md) [C:\dev\0.9.0\Ksql.Linq\src\Ksql.Linq.csproj]
C:\dev\0.9.0\Ksql.Linq\src\Runtime\Period.cs(18,30): error RS0016: Symbol 'Unit.get' is not part of the declared public API (https://github.com/dotnet/roslyn-analyzers/blob/main/src/PublicApiAnalyzers/PublicApiAnalyzers.Help.md) [C:\dev\0.9.0\Ksql.Linq\src\Ksql.Linq.csproj]
C:\dev\0.9.0\Ksql.Linq\src\Runtime\Period.cs(19,31): error RS0016: Symbol 'Anchor.get' is not part of the declared public API (https://github.com/dotnet/roslyn-analyzers/blob/main/src/PublicApiAnalyzers/PublicApiAnalyzers.Help.md) [C:\dev\0.9.0\Ksql.Linq\src\Ksql.Linq.csproj]
C:\dev\0.9.0\Ksql.Linq\src\Runtime\Period.cs(28,26): error RS0016: Symbol 'Minutes' is not part of the declared public API (https://github.com/dotnet/roslyn-analyzers/blob/main/src/PublicApiAnalyzers/PublicApiAnalyzers.Help.md) [C:\dev\0.9.0\Ksql.Linq\src\Ksql.Linq.csproj]
C:\dev\0.9.0\Ksql.Linq\src\Query\Linq\JoinableEntitySet.cs(63,17): error RS0016: Symbol 'ForEachAsync' is not part of the declared public API (https://github.com/dotnet/roslyn-analyzers/blob/main/src/PublicApiAnalyzers/PublicApiAnalyzers.Help.md) [C:\dev\0.9.0\Ksql.Linq\src\Ksql.Linq.csproj]
C:\dev\0.9.0\Ksql.Linq\src\Runtime\Period.cs(29,26): error RS0016: Symbol 'Hours' is not part of the declared public API (https://github.com/dotnet/roslyn-analyzers/blob/main/src/PublicApiAnalyzers/PublicApiAnalyzers.Help.md) [C:\dev\0.9.0\Ksql.Linq\src\Ksql.Linq.csproj]
C:\dev\0.9.0\Ksql.Linq\src\Runtime\Period.cs(30,26): error RS0016: Symbol 'Days' is not part of the declared public API (https://github.com/dotnet/roslyn-analyzers/blob/main/src/PublicApiAnalyzers/PublicApiAnalyzers.Help.md) [C:\dev\0.9.0\Ksql.Linq\src\Ksql.Linq.csproj]
C:\dev\0.9.0\Ksql.Linq\src\Query\Linq\JoinableEntitySet.cs(69,19): error RS0016: Symbol 'GetTopicName' is not part of the declared public API (https://github.com/dotnet/roslyn-analyzers/blob/main/src/PublicApiAnalyzers/PublicApiAnalyzers.Help.md) [C:\dev\0.9.0\Ksql.Linq\src\Ksql.Linq.csproj]
C:\dev\0.9.0\Ksql.Linq\src\Query\Linq\JoinableEntitySet.cs(66,17): error RS0016: Symbol 'ForEachAsync' is not part of the declared public API (https://github.com/dotnet/roslyn-analyzers/blob/main/src/PublicApiAnalyzers/PublicApiAnalyzers.Help.md) [C:\dev\0.9.0\Ksql.Linq\src\Ksql.Linq.csproj]
C:\dev\0.9.0\Ksql.Linq\src\Query\Linq\JoinableEntitySet.cs(71,24): error RS0016: Symbol 'GetEntityModel' is not part of the declared public API (https://github.com/dotnet/roslyn-analyzers/blob/main/src/PublicApiAnalyzers/PublicApiAnalyzers.Help.md) [C:\dev\0.9.0\Ksql.Linq\src\Ksql.Linq.csproj]
C:\dev\0.9.0\Ksql.Linq\src\Runtime\Period.cs(31,26): error RS0016: Symbol 'Months' is not part of the declared public API (https://github.com/dotnet/roslyn-analyzers/blob/main/src/PublicApiAnalyzers/PublicApiAnalyzers.Help.md) [C:\dev\0.9.0\Ksql.Linq\src\Ksql.Linq.csproj]
C:\dev\0.9.0\Ksql.Linq\src\Query\Linq\JoinableEntitySet.cs(73,25): error RS0016: Symbol 'GetContext' is not part of the declared public API (https://github.com/dotnet/roslyn-analyzers/blob/main/src/PublicApiAnalyzers/PublicApiAnalyzers.Help.md) [C:\dev\0.9.0\Ksql.Linq\src\Ksql.Linq.csproj]
C:\dev\0.9.0\Ksql.Linq\src\Runtime\Period.cs(33,26): error RS0016: Symbol 'Seconds' is not part of the declared public API (https://github.com/dotnet/roslyn-analyzers/blob/main/src/PublicApiAnalyzers/PublicApiAnalyzers.Help.md) [C:\dev\0.9.0\Ksql.Linq\src\Ksql.Linq.csproj]
C:\dev\0.9.0\Ksql.Linq\src\Query\Linq\JoinableEntitySet.cs(75,38): error RS0016: Symbol 'GetAsyncEnumerator' is not part of the declared public API (https://github.com/dotnet/roslyn-analyzers/blob/main/src/PublicApiAnalyzers/PublicApiAnalyzers.Help.md) [C:\dev\0.9.0\Ksql.Linq\src\Ksql.Linq.csproj]
C:\dev\0.9.0\Ksql.Linq\src\Runtime\Period.cs(42,28): error RS0016: Symbol 'ToString' is not part of the declared public API (https://github.com/dotnet/roslyn-analyzers/blob/main/src/PublicApiAnalyzers/PublicApiAnalyzers.Help.md) [C:\dev\0.9.0\Ksql.Linq\src\Ksql.Linq.csproj]
C:\dev\0.9.0\Ksql.Linq\src\Runtime\Period.cs(53,17): error RS0016: Symbol 'Equals' is not part of the declared public API (https://github.com/dotnet/roslyn-analyzers/blob/main/src/PublicApiAnalyzers/PublicApiAnalyzers.Help.md) [C:\dev\0.9.0\Ksql.Linq\src\Ksql.Linq.csproj]
C:\dev\0.9.0\Ksql.Linq\src\Runtime\Period.cs(54,26): error RS0016: Symbol 'Equals' is not part of the declared public API (https://github.com/dotnet/roslyn-analyzers/blob/main/src/PublicApiAnalyzers/PublicApiAnalyzers.Help.md) [C:\dev\0.9.0\Ksql.Linq\src\Ksql.Linq.csproj]
C:\dev\0.9.0\Ksql.Linq\src\Query\Linq\JoinableEntitySet.cs(98,28): error RS0016: Symbol 'ToString' is not part of the declared public API (https://github.com/dotnet/roslyn-analyzers/blob/main/src/PublicApiAnalyzers/PublicApiAnalyzers.Help.md) [C:\dev\0.9.0\Ksql.Linq\src\Ksql.Linq.csproj]
C:\dev\0.9.0\Ksql.Linq\src\Query\Linq\JoinableEntitySet.cs(83,35): error RS0016: Symbol 'Join<TInner, TKey>' is not part of the declared public API (https://github.com/dotnet/roslyn-analyzers/blob/main/src/PublicApiAnalyzers/PublicApiAnalyzers.Help.md) [C:\dev\0.9.0\Ksql.Linq\src\Ksql.Linq.csproj]
C:\dev\0.9.0\Ksql.Linq\src\Runtime\Period.cs(55,25): error RS0016: Symbol 'GetHashCode' is not part of the declared public API (https://github.com/dotnet/roslyn-analyzers/blob/main/src/PublicApiAnalyzers/PublicApiAnalyzers.Help.md) [C:\dev\0.9.0\Ksql.Linq\src\Ksql.Linq.csproj]
C:\dev\0.9.0\Ksql.Linq\src\Runtime\Period.cs(32,26): error RS0016: Symbol 'Week' is not part of the declared public API (https://github.com/dotnet/roslyn-analyzers/blob/main/src/PublicApiAnalyzers/PublicApiAnalyzers.Help.md) [C:\dev\0.9.0\Ksql.Linq\src\Ksql.Linq.csproj]
C:\dev\0.9.0\Ksql.Linq\src\Query\Builders\Schema\KsqlSchemaBuilder.cs(16,36): error RS0016: Symbol 'BuildSchema' is not part of the declared public API (https://github.com/dotnet/roslyn-analyzers/blob/main/src/PublicApiAnalyzers/PublicApiAnalyzers.Help.md) [C:\dev\0.9.0\Ksql.Linq\src\Ksql.Linq.csproj]
C:\dev\0.9.0\Ksql.Linq\src\Runtime\Periods.cs(7,28): error RS0016: Symbol 'FloorUtc' is not part of the declared public API (https://github.com/dotnet/roslyn-analyzers/blob/main/src/PublicApiAnalyzers/PublicApiAnalyzers.Help.md) [C:\dev\0.9.0\Ksql.Linq\src\Ksql.Linq.csproj]
C:\dev\0.9.0\Ksql.Linq\src\Runtime\Periods.cs(23,28): error RS0016: Symbol 'AddPeriod' is not part of the declared public API (https://github.com/dotnet/roslyn-analyzers/blob/main/src/PublicApiAnalyzers/PublicApiAnalyzers.Help.md) [C:\dev\0.9.0\Ksql.Linq\src\Ksql.Linq.csproj]
C:\dev\0.9.0\Ksql.Linq\src\PublicAPI.Shipped.txt(2,1): error RS0017: Symbol 'T:Ksql.Linq.KsqlContext' is part of the declared API, but is either not public or could not be found (https://github.com/dotnet/roslyn-analyzers/blob/main/src/PublicApiAnalyzers/PublicApiAnalyzers.Help.md) [C:\dev\0.9.0\Ksql.Linq\src\Ksql.Linq.csproj]
C:\dev\0.9.0\Ksql.Linq\src\PublicAPI.Shipped.txt(3,1): error RS0017: Symbol 'T:Ksql.Linq.Core.Abstractions.IKsqlContext' is part of the declared API, but is either not public or could not be found (https://github.com/dotnet/roslyn-analyzers/blob/main/src/PublicApiAnalyzers/PublicApiAnalyzers.Help.md) [C:\dev\0.9.0\Ksql.Linq\src\Ksql.Linq.csproj]
C:\dev\0.9.0\Ksql.Linq\src\PublicAPI.Shipped.txt(4,1): error RS0017: Symbol 'T:Ksql.Linq.Application.KsqlContextBuilder' is part of the declared API, but is either not public or could not be found (https://github.com/dotnet/roslyn-analyzers/blob/main/src/PublicApiAnalyzers/PublicApiAnalyzers.Help.md) [C:\dev\0.9.0\Ksql.Linq\src\Ksql.Linq.csproj]
C:\dev\0.9.0\Ksql.Linq\src\PublicAPI.Shipped.txt(5,1): error RS0017: Symbol 'M:Ksql.Linq.Application.KsqlContextBuilder.#ctor' is part of the declared API, but is either not public or could not be found (https://github.com/dotnet/roslyn-analyzers/blob/main/src/PublicApiAnalyzers/PublicApiAnalyzers.Help.md) [C:\dev\0.9.0\Ksql.Linq\src\Ksql.Linq.csproj]
C:\dev\0.9.0\Ksql.Linq\src\PublicAPI.Shipped.txt(6,1): error RS0017: Symbol 'T:Ksql.Linq.Application.KsqlContextOptions' is part of the declared API, but is either not public or could not be found (https://github.com/dotnet/roslyn-analyzers/blob/main/src/PublicApiAnalyzers/PublicApiAnalyzers.Help.md) [C:\dev\0.9.0\Ksql.Linq\src\Ksql.Linq.csproj]
C:\dev\0.9.0\Ksql.Linq\src\PublicAPI.Shipped.txt(7,1): error RS0017: Symbol 'M:Ksql.Linq.Application.KsqlContextOptions.#ctor' is part of the declared API, but is either not public or could not be found (https://github.com/dotnet/roslyn-analyzers/blob/main/src/PublicApiAnalyzers/PublicApiAnalyzers.Help.md) [C:\dev\0.9.0\Ksql.Linq\src\Ksql.Linq.csproj]
C:\dev\0.9.0\Ksql.Linq\src\PublicAPI.Shipped.txt(8,1): error RS0017: Symbol 'P:Ksql.Linq.Application.KsqlContextOptions.SchemaRegistryClient' is part of the declared API, but is either not public or could not be found (https://github.com/dotnet/roslyn-analyzers/blob/main/src/PublicApiAnalyzers/PublicApiAnalyzers.Help.md) [C:\dev\0.9.0\Ksql.Linq\src\Ksql.Linq.csproj]
C:\dev\0.9.0\Ksql.Linq\src\PublicAPI.Shipped.txt(9,1): error RS0017: Symbol 'P:Ksql.Linq.Application.KsqlContextOptions.LoggerFactory' is part of the declared API, but is either not public or could not be found (https://github.com/dotnet/roslyn-analyzers/blob/main/src/PublicApiAnalyzers/PublicApiAnalyzers.Help.md) [C:\dev\0.9.0\Ksql.Linq\src\Ksql.Linq.csproj]
C:\dev\0.9.0\Ksql.Linq\src\PublicAPI.Shipped.txt(10,1): error RS0017: Symbol 'P:Ksql.Linq.Application.KsqlContextOptions.Configuration' is part of the declared API, but is either not public or could not be found (https://github.com/dotnet/roslyn-analyzers/blob/main/src/PublicApiAnalyzers/PublicApiAnalyzers.Help.md) [C:\dev\0.9.0\Ksql.Linq\src\Ksql.Linq.csproj]
C:\dev\0.9.0\Ksql.Linq\src\PublicAPI.Shipped.txt(11,1): error RS0017: Symbol 'P:Ksql.Linq.Application.KsqlContextOptions.AutoRegisterSchemas' is part of the declared API, but is either not public or could not be found (https://github.com/dotnet/roslyn-analyzers/blob/main/src/PublicApiAnalyzers/PublicApiAnalyzers.Help.md) [C:\dev\0.9.0\Ksql.Linq\src\Ksql.Linq.csproj]
C:\dev\0.9.0\Ksql.Linq\src\PublicAPI.Shipped.txt(12,1): error RS0017: Symbol 'P:Ksql.Linq.Application.KsqlContextOptions.EnableCachePreWarming' is part of the declared API, but is either not public or could not be found (https://github.com/dotnet/roslyn-analyzers/blob/main/src/PublicApiAnalyzers/PublicApiAnalyzers.Help.md) [C:\dev\0.9.0\Ksql.Linq\src\Ksql.Linq.csproj]
C:\dev\0.9.0\Ksql.Linq\src\PublicAPI.Shipped.txt(13,1): error RS0017: Symbol 'P:Ksql.Linq.Application.KsqlContextOptions.FailOnInitializationErrors' is part of the declared API, but is either not public or could not be found (https://github.com/dotnet/roslyn-analyzers/blob/main/src/PublicApiAnalyzers/PublicApiAnalyzers.Help.md) [C:\dev\0.9.0\Ksql.Linq\src\Ksql.Linq.csproj]
C:\dev\0.9.0\Ksql.Linq\src\PublicAPI.Shipped.txt(14,1): error RS0017: Symbol 'P:Ksql.Linq.Application.KsqlContextOptions.FailOnSchemaErrors' is part of the declared API, but is either not public or could not be found (https://github.com/dotnet/roslyn-analyzers/blob/main/src/PublicApiAnalyzers/PublicApiAnalyzers.Help.md) [C:\dev\0.9.0\Ksql.Linq\src\Ksql.Linq.csproj]
C:\dev\0.9.0\Ksql.Linq\src\PublicAPI.Shipped.txt(15,1): error RS0017: Symbol 'P:Ksql.Linq.Application.KsqlContextOptions.SchemaRegistrationTimeout' is part of the declared API, but is either not public or could not be found (https://github.com/dotnet/roslyn-analyzers/blob/main/src/PublicApiAnalyzers/PublicApiAnalyzers.Help.md) [C:\dev\0.9.0\Ksql.Linq\src\Ksql.Linq.csproj]
C:\dev\0.9.0\Ksql.Linq\src\PublicAPI.Shipped.txt(16,1): error RS0017: Symbol 'M:Ksql.Linq.Application.KsqlContextOptions.Validate' is part of the declared API, but is either not public or could not be found (https://github.com/dotnet/roslyn-analyzers/blob/main/src/PublicApiAnalyzers/PublicApiAnalyzers.Help.md) [C:\dev\0.9.0\Ksql.Linq\src\Ksql.Linq.csproj]
C:\dev\0.9.0\Ksql.Linq\src\PublicAPI.Shipped.txt(17,1): error RS0017: Symbol 'T:Ksql.Linq.Application.KsqlContextOptionsExtensions' is part of the declared API, but is either not public or could not be found (https://github.com/dotnet/roslyn-analyzers/blob/main/src/PublicApiAnalyzers/PublicApiAnalyzers.Help.md) [C:\dev\0.9.0\Ksql.Linq\src\Ksql.Linq.csproj]
C:\dev\0.9.0\Ksql.Linq\src\PublicAPI.Shipped.txt(18,1): error RS0017: Symbol 'M:Ksql.Linq.Application.KsqlContextOptionsExtensions.UseSchemaRegistry(Ksql.Linq.Application.KsqlContextOptions,System.String)' is part of the declared API, but is either not public or could not be found (https://github.com/dotnet/roslyn-analyzers/blob/main/src/PublicApiAnalyzers/PublicApiAnalyzers.Help.md) [C:\dev\0.9.0\Ksql.Linq\src\Ksql.Linq.csproj]
C:\dev\0.9.0\Ksql.Linq\src\PublicAPI.Shipped.txt(19,1): error RS0017: Symbol 'M:Ksql.Linq.Application.KsqlContextOptionsExtensions.UseSchemaRegistry(Ksql.Linq.Application.KsqlContextOptions,Confluent.SchemaRegistry.SchemaRegistryConfig)' is part of the declared API, but is either not public or could not be found (https://github.com/dotnet/roslyn-analyzers/blob/main/src/PublicApiAnalyzers/PublicApiAnalyzers.Help.md) [C:\dev\0.9.0\Ksql.Linq\src\Ksql.Linq.csproj]
C:\dev\0.9.0\Ksql.Linq\src\PublicAPI.Shipped.txt(20,1): error RS0017: Symbol 'M:Ksql.Linq.Application.KsqlContextOptionsExtensions.UseSchemaRegistry(Ksql.Linq.Application.KsqlContextOptions,Confluent.SchemaRegistry.ISchemaRegistryClient)' is part of the declared API, but is either not public or could not be found (https://github.com/dotnet/roslyn-analyzers/blob/main/src/PublicApiAnalyzers/PublicApiAnalyzers.Help.md) [C:\dev\0.9.0\Ksql.Linq\src\Ksql.Linq.csproj]
C:\dev\0.9.0\Ksql.Linq\src\PublicAPI.Shipped.txt(21,1): error RS0017: Symbol 'M:Ksql.Linq.Application.KsqlContextOptionsExtensions.EnableLogging(Ksql.Linq.Application.KsqlContextOptions,Microsoft.Extensions.Logging.ILoggerFactory)' is part of the declared API, but is either not public or could not be found (https://github.com/dotnet/roslyn-analyzers/blob/main/src/PublicApiAnalyzers/PublicApiAnalyzers.Help.md) [C:\dev\0.9.0\Ksql.Linq\src\Ksql.Linq.csproj]
C:\dev\0.9.0\Ksql.Linq\src\PublicAPI.Shipped.txt(22,1): error RS0017: Symbol 'M:Ksql.Linq.Application.KsqlContextOptionsExtensions.ConfigureValidation(Ksql.Linq.Application.KsqlContextOptions,System.Boolean,System.Boolean,System.Boolean)' is part of the declared API, but is either not public or could not be found (https://github.com/dotnet/roslyn-analyzers/blob/main/src/PublicApiAnalyzers/PublicApiAnalyzers.Help.md) [C:\dev\0.9.0\Ksql.Linq\src\Ksql.Linq.csproj]
C:\dev\0.9.0\Ksql.Linq\src\PublicAPI.Shipped.txt(23,1): error RS0017: Symbol 'M:Ksql.Linq.Application.KsqlContextOptionsExtensions.WithTimeouts(Ksql.Linq.Application.KsqlContextOptions,System.TimeSpan)' is part of the declared API, but is either not public or could not be found (https://github.com/dotnet/roslyn-analyzers/blob/main/src/PublicApiAnalyzers/PublicApiAnalyzers.Help.md) [C:\dev\0.9.0\Ksql.Linq\src\Ksql.Linq.csproj]
C:\dev\0.9.0\Ksql.Linq\src\PublicAPI.Shipped.txt(24,1): error RS0017: Symbol 'T:Ksql.Linq.KsqlDbResponse' is part of the declared API, but is either not public or could not be found (https://github.com/dotnet/roslyn-analyzers/blob/main/src/PublicApiAnalyzers/PublicApiAnalyzers.Help.md) [C:\dev\0.9.0\Ksql.Linq\src\Ksql.Linq.csproj]
C:\dev\0.9.0\Ksql.Linq\src\PublicAPI.Shipped.txt(25,1): error RS0017: Symbol 'P:Ksql.Linq.KsqlDbResponse.IsSuccess' is part of the declared API, but is either not public or could not be found (https://github.com/dotnet/roslyn-analyzers/blob/main/src/PublicApiAnalyzers/PublicApiAnalyzers.Help.md) [C:\dev\0.9.0\Ksql.Linq\src\Ksql.Linq.csproj]
C:\dev\0.9.0\Ksql.Linq\src\PublicAPI.Shipped.txt(26,1): error RS0017: Symbol 'P:Ksql.Linq.KsqlDbResponse.Message' is part of the declared API, but is either not public or could not be found (https://github.com/dotnet/roslyn-analyzers/blob/main/src/PublicApiAnalyzers/PublicApiAnalyzers.Help.md) [C:\dev\0.9.0\Ksql.Linq\src\Ksql.Linq.csproj]
C:\dev\0.9.0\Ksql.Linq\src\PublicAPI.Shipped.txt(27,1): error RS0017: Symbol 'P:Ksql.Linq.KsqlDbResponse.ErrorCode' is part of the declared API, but is either not public or could not be found (https://github.com/dotnet/roslyn-analyzers/blob/main/src/PublicApiAnalyzers/PublicApiAnalyzers.Help.md) [C:\dev\0.9.0\Ksql.Linq\src\Ksql.Linq.csproj]
C:\dev\0.9.0\Ksql.Linq\src\PublicAPI.Shipped.txt(28,1): error RS0017: Symbol 'P:Ksql.Linq.KsqlDbResponse.ErrorDetail' is part of the declared API, but is either not public or could not be found (https://github.com/dotnet/roslyn-analyzers/blob/main/src/PublicApiAnalyzers/PublicApiAnalyzers.Help.md) [C:\dev\0.9.0\Ksql.Linq\src\Ksql.Linq.csproj]
C:\dev\0.9.0\Ksql.Linq\src\PublicAPI.Shipped.txt(29,1): error RS0017: Symbol 'T:Ksql.Linq.Configuration.CommonSection' is part of the declared API, but is either not public or could not be found (https://github.com/dotnet/roslyn-analyzers/blob/main/src/PublicApiAnalyzers/PublicApiAnalyzers.Help.md) [C:\dev\0.9.0\Ksql.Linq\src\Ksql.Linq.csproj]
C:\dev\0.9.0\Ksql.Linq\src\PublicAPI.Shipped.txt(30,1): error RS0017: Symbol 'M:Ksql.Linq.Configuration.CommonSection.#ctor' is part of the declared API, but is either not public or could not be found (https://github.com/dotnet/roslyn-analyzers/blob/main/src/PublicApiAnalyzers/PublicApiAnalyzers.Help.md) [C:\dev\0.9.0\Ksql.Linq\src\Ksql.Linq.csproj]
C:\dev\0.9.0\Ksql.Linq\src\PublicAPI.Shipped.txt(31,1): error RS0017: Symbol 'P:Ksql.Linq.Configuration.CommonSection.BootstrapServers' is part of the declared API, but is either not public or could not be found (https://github.com/dotnet/roslyn-analyzers/blob/main/src/PublicApiAnalyzers/PublicApiAnalyzers.Help.md) [C:\dev\0.9.0\Ksql.Linq\src\Ksql.Linq.csproj]
C:\dev\0.9.0\Ksql.Linq\src\PublicAPI.Shipped.txt(32,1): error RS0017: Symbol 'P:Ksql.Linq.Configuration.CommonSection.ClientId' is part of the declared API, but is either not public or could not be found (https://github.com/dotnet/roslyn-analyzers/blob/main/src/PublicApiAnalyzers/PublicApiAnalyzers.Help.md) [C:\dev\0.9.0\Ksql.Linq\src\Ksql.Linq.csproj]
C:\dev\0.9.0\Ksql.Linq\src\PublicAPI.Shipped.txt(33,1): error RS0017: Symbol 'P:Ksql.Linq.Configuration.CommonSection.ApplicationId' is part of the declared API, but is either not public or could not be found (https://github.com/dotnet/roslyn-analyzers/blob/main/src/PublicApiAnalyzers/PublicApiAnalyzers.Help.md) [C:\dev\0.9.0\Ksql.Linq\src\Ksql.Linq.csproj]
C:\dev\0.9.0\Ksql.Linq\src\PublicAPI.Shipped.txt(34,1): error RS0017: Symbol 'P:Ksql.Linq.Configuration.CommonSection.RequestTimeoutMs' is part of the declared API, but is either not public or could not be found (https://github.com/dotnet/roslyn-analyzers/blob/main/src/PublicApiAnalyzers/PublicApiAnalyzers.Help.md) [C:\dev\0.9.0\Ksql.Linq\src\Ksql.Linq.csproj]
C:\dev\0.9.0\Ksql.Linq\src\PublicAPI.Shipped.txt(35,1): error RS0017: Symbol 'P:Ksql.Linq.Configuration.CommonSection.MetadataMaxAgeMs' is part of the declared API, but is either not public or could not be found (https://github.com/dotnet/roslyn-analyzers/blob/main/src/PublicApiAnalyzers/PublicApiAnalyzers.Help.md) [C:\dev\0.9.0\Ksql.Linq\src\Ksql.Linq.csproj]
C:\dev\0.9.0\Ksql.Linq\src\PublicAPI.Shipped.txt(36,1): error RS0017: Symbol 'P:Ksql.Linq.Configuration.CommonSection.SecurityProtocol' is part of the declared API, but is either not public or could not be found (https://github.com/dotnet/roslyn-analyzers/blob/main/src/PublicApiAnalyzers/PublicApiAnalyzers.Help.md) [C:\dev\0.9.0\Ksql.Linq\src\Ksql.Linq.csproj]
C:\dev\0.9.0\Ksql.Linq\src\PublicAPI.Shipped.txt(37,1): error RS0017: Symbol 'P:Ksql.Linq.Configuration.CommonSection.SaslMechanism' is part of the declared API, but is either not public or could not be found (https://github.com/dotnet/roslyn-analyzers/blob/main/src/PublicApiAnalyzers/PublicApiAnalyzers.Help.md) [C:\dev\0.9.0\Ksql.Linq\src\Ksql.Linq.csproj]
C:\dev\0.9.0\Ksql.Linq\src\PublicAPI.Shipped.txt(38,1): error RS0017: Symbol 'P:Ksql.Linq.Configuration.CommonSection.SaslUsername' is part of the declared API, but is either not public or could not be found (https://github.com/dotnet/roslyn-analyzers/blob/main/src/PublicApiAnalyzers/PublicApiAnalyzers.Help.md) [C:\dev\0.9.0\Ksql.Linq\src\Ksql.Linq.csproj]
C:\dev\0.9.0\Ksql.Linq\src\PublicAPI.Shipped.txt(39,1): error RS0017: Symbol 'P:Ksql.Linq.Configuration.CommonSection.SaslPassword' is part of the declared API, but is either not public or could not be found (https://github.com/dotnet/roslyn-analyzers/blob/main/src/PublicApiAnalyzers/PublicApiAnalyzers.Help.md) [C:\dev\0.9.0\Ksql.Linq\src\Ksql.Linq.csproj]
C:\dev\0.9.0\Ksql.Linq\src\PublicAPI.Shipped.txt(40,1): error RS0017: Symbol 'P:Ksql.Linq.Configuration.CommonSection.SslCaLocation' is part of the declared API, but is either not public or could not be found (https://github.com/dotnet/roslyn-analyzers/blob/main/src/PublicApiAnalyzers/PublicApiAnalyzers.Help.md) [C:\dev\0.9.0\Ksql.Linq\src\Ksql.Linq.csproj]
C:\dev\0.9.0\Ksql.Linq\src\PublicAPI.Shipped.txt(41,1): error RS0017: Symbol 'P:Ksql.Linq.Configuration.CommonSection.SslCertificateLocation' is part of the declared API, but is either not public or could not be found (https://github.com/dotnet/roslyn-analyzers/blob/main/src/PublicApiAnalyzers/PublicApiAnalyzers.Help.md) [C:\dev\0.9.0\Ksql.Linq\src\Ksql.Linq.csproj]
C:\dev\0.9.0\Ksql.Linq\src\PublicAPI.Shipped.txt(42,1): error RS0017: Symbol 'P:Ksql.Linq.Configuration.CommonSection.SslKeyLocation' is part of the declared API, but is either not public or could not be found (https://github.com/dotnet/roslyn-analyzers/blob/main/src/PublicApiAnalyzers/PublicApiAnalyzers.Help.md) [C:\dev\0.9.0\Ksql.Linq\src\Ksql.Linq.csproj]
C:\dev\0.9.0\Ksql.Linq\src\PublicAPI.Shipped.txt(43,1): error RS0017: Symbol 'P:Ksql.Linq.Configuration.CommonSection.SslKeyPassword' is part of the declared API, but is either not public or could not be found (https://github.com/dotnet/roslyn-analyzers/blob/main/src/PublicApiAnalyzers/PublicApiAnalyzers.Help.md) [C:\dev\0.9.0\Ksql.Linq\src\Ksql.Linq.csproj]
C:\dev\0.9.0\Ksql.Linq\src\PublicAPI.Shipped.txt(44,1): error RS0017: Symbol 'P:Ksql.Linq.Configuration.CommonSection.AdditionalProperties' is part of the declared API, but is either not public or could not be found (https://github.com/dotnet/roslyn-analyzers/blob/main/src/PublicApiAnalyzers/PublicApiAnalyzers.Help.md) [C:\dev\0.9.0\Ksql.Linq\src\Ksql.Linq.csproj]
C:\dev\0.9.0\Ksql.Linq\src\PublicAPI.Shipped.txt(45,1): error RS0017: Symbol 'T:Ksql.Linq.Configuration.Abstractions.KafkaSubscriptionOptions' is part of the declared API, but is either not public or could not be found (https://github.com/dotnet/roslyn-analyzers/blob/main/src/PublicApiAnalyzers/PublicApiAnalyzers.Help.md) [C:\dev\0.9.0\Ksql.Linq\src\Ksql.Linq.csproj]
C:\dev\0.9.0\Ksql.Linq\src\PublicAPI.Shipped.txt(46,1): error RS0017: Symbol 'M:Ksql.Linq.Configuration.Abstractions.KafkaSubscriptionOptions.#ctor' is part of the declared API, but is either not public or could not be found (https://github.com/dotnet/roslyn-analyzers/blob/main/src/PublicApiAnalyzers/PublicApiAnalyzers.Help.md) [C:\dev\0.9.0\Ksql.Linq\src\Ksql.Linq.csproj]
C:\dev\0.9.0\Ksql.Linq\src\PublicAPI.Shipped.txt(47,1): error RS0017: Symbol 'P:Ksql.Linq.Configuration.Abstractions.KafkaSubscriptionOptions.GroupId' is part of the declared API, but is either not public or could not be found (https://github.com/dotnet/roslyn-analyzers/blob/main/src/PublicApiAnalyzers/PublicApiAnalyzers.Help.md) [C:\dev\0.9.0\Ksql.Linq\src\Ksql.Linq.csproj]
C:\dev\0.9.0\Ksql.Linq\src\PublicAPI.Shipped.txt(48,1): error RS0017: Symbol 'P:Ksql.Linq.Configuration.Abstractions.KafkaSubscriptionOptions.AutoCommit' is part of the declared API, but is either not public or could not be found (https://github.com/dotnet/roslyn-analyzers/blob/main/src/PublicApiAnalyzers/PublicApiAnalyzers.Help.md) [C:\dev\0.9.0\Ksql.Linq\src\Ksql.Linq.csproj]
C:\dev\0.9.0\Ksql.Linq\src\PublicAPI.Shipped.txt(49,1): error RS0017: Symbol 'P:Ksql.Linq.Configuration.Abstractions.KafkaSubscriptionOptions.AutoOffsetReset' is part of the declared API, but is either not public or could not be found (https://github.com/dotnet/roslyn-analyzers/blob/main/src/PublicApiAnalyzers/PublicApiAnalyzers.Help.md) [C:\dev\0.9.0\Ksql.Linq\src\Ksql.Linq.csproj]
C:\dev\0.9.0\Ksql.Linq\src\PublicAPI.Shipped.txt(50,1): error RS0017: Symbol 'P:Ksql.Linq.Configuration.Abstractions.KafkaSubscriptionOptions.EnablePartitionEof' is part of the declared API, but is either not public or could not be found (https://github.com/dotnet/roslyn-analyzers/blob/main/src/PublicApiAnalyzers/PublicApiAnalyzers.Help.md) [C:\dev\0.9.0\Ksql.Linq\src\Ksql.Linq.csproj]
C:\dev\0.9.0\Ksql.Linq\src\PublicAPI.Shipped.txt(51,1): error RS0017: Symbol 'P:Ksql.Linq.Configuration.Abstractions.KafkaSubscriptionOptions.SessionTimeout' is part of the declared API, but is either not public or could not be found (https://github.com/dotnet/roslyn-analyzers/blob/main/src/PublicApiAnalyzers/PublicApiAnalyzers.Help.md) [C:\dev\0.9.0\Ksql.Linq\src\Ksql.Linq.csproj]
C:\dev\0.9.0\Ksql.Linq\src\PublicAPI.Shipped.txt(52,1): error RS0017: Symbol 'P:Ksql.Linq.Configuration.Abstractions.KafkaSubscriptionOptions.HeartbeatInterval' is part of the declared API, but is either not public or could not be found (https://github.com/dotnet/roslyn-analyzers/blob/main/src/PublicApiAnalyzers/PublicApiAnalyzers.Help.md) [C:\dev\0.9.0\Ksql.Linq\src\Ksql.Linq.csproj]
C:\dev\0.9.0\Ksql.Linq\src\PublicAPI.Shipped.txt(53,1): error RS0017: Symbol 'P:Ksql.Linq.Configuration.Abstractions.KafkaSubscriptionOptions.StopOnError' is part of the declared API, but is either not public or could not be found (https://github.com/dotnet/roslyn-analyzers/blob/main/src/PublicApiAnalyzers/PublicApiAnalyzers.Help.md) [C:\dev\0.9.0\Ksql.Linq\src\Ksql.Linq.csproj]
C:\dev\0.9.0\Ksql.Linq\src\PublicAPI.Shipped.txt(54,1): error RS0017: Symbol 'P:Ksql.Linq.Configuration.Abstractions.KafkaSubscriptionOptions.MaxPollRecords' is part of the declared API, but is either not public or could not be found (https://github.com/dotnet/roslyn-analyzers/blob/main/src/PublicApiAnalyzers/PublicApiAnalyzers.Help.md) [C:\dev\0.9.0\Ksql.Linq\src\Ksql.Linq.csproj]
C:\dev\0.9.0\Ksql.Linq\src\PublicAPI.Shipped.txt(55,1): error RS0017: Symbol 'P:Ksql.Linq.Configuration.Abstractions.KafkaSubscriptionOptions.MaxPollInterval' is part of the declared API, but is either not public or could not be found (https://github.com/dotnet/roslyn-analyzers/blob/main/src/PublicApiAnalyzers/PublicApiAnalyzers.Help.md) [C:\dev\0.9.0\Ksql.Linq\src\Ksql.Linq.csproj]
C:\dev\0.9.0\Ksql.Linq\src\PublicAPI.Shipped.txt(56,1): error RS0017: Symbol 'T:Ksql.Linq.Configuration.DlqOptions' is part of the declared API, but is either not public or could not be found (https://github.com/dotnet/roslyn-analyzers/blob/main/src/PublicApiAnalyzers/PublicApiAnalyzers.Help.md) [C:\dev\0.9.0\Ksql.Linq\src\Ksql.Linq.csproj]
C:\dev\0.9.0\Ksql.Linq\src\PublicAPI.Shipped.txt(57,1): error RS0017: Symbol 'M:Ksql.Linq.Configuration.DlqOptions.#ctor' is part of the declared API, but is either not public or could not be found (https://github.com/dotnet/roslyn-analyzers/blob/main/src/PublicApiAnalyzers/PublicApiAnalyzers.Help.md) [C:\dev\0.9.0\Ksql.Linq\src\Ksql.Linq.csproj]
C:\dev\0.9.0\Ksql.Linq\src\PublicAPI.Shipped.txt(58,1): error RS0017: Symbol 'T:Ksql.Linq.Configuration.DlqMetrics' is part of the declared API, but is either not public or could not be found (https://github.com/dotnet/roslyn-analyzers/blob/main/src/PublicApiAnalyzers/PublicApiAnalyzers.Help.md) [C:\dev\0.9.0\Ksql.Linq\src\Ksql.Linq.csproj]
C:\dev\0.9.0\Ksql.Linq\src\PublicAPI.Shipped.txt(59,1): error RS0017: Symbol 'M:Ksql.Linq.Configuration.DlqMetrics.#ctor' is part of the declared API, but is either not public or could not be found (https://github.com/dotnet/roslyn-analyzers/blob/main/src/PublicApiAnalyzers/PublicApiAnalyzers.Help.md) [C:\dev\0.9.0\Ksql.Linq\src\Ksql.Linq.csproj]
C:\dev\0.9.0\Ksql.Linq\src\PublicAPI.Shipped.txt(60,1): error RS0017: Symbol 'T:Ksql.Linq.Configuration.DefaultValueBinder' is part of the declared API, but is either not public or could not be found (https://github.com/dotnet/roslyn-analyzers/blob/main/src/PublicApiAnalyzers/PublicApiAnalyzers.Help.md) [C:\dev\0.9.0\Ksql.Linq\src\Ksql.Linq.csproj]
C:\dev\0.9.0\Ksql.Linq\src\PublicAPI.Shipped.txt(61,1): error RS0017: Symbol 'M:Ksql.Linq.Configuration.DefaultValueBinder.ApplyDefaults(System.Object)' is part of the declared API, but is either not public or could not be found (https://github.com/dotnet/roslyn-analyzers/blob/main/src/PublicApiAnalyzers/PublicApiAnalyzers.Help.md) [C:\dev\0.9.0\Ksql.Linq\src\Ksql.Linq.csproj]
C:\dev\0.9.0\Ksql.Linq\src\PublicAPI.Shipped.txt(62,1): error RS0017: Symbol 'T:Ksql.Linq.Core.Abstractions.DeserializationErrorPolicy' is part of the declared API, but is either not public or could not be found (https://github.com/dotnet/roslyn-analyzers/blob/main/src/PublicApiAnalyzers/PublicApiAnalyzers.Help.md) [C:\dev\0.9.0\Ksql.Linq\src\Ksql.Linq.csproj]
C:\dev\0.9.0\Ksql.Linq\src\PublicAPI.Shipped.txt(63,1): error RS0017: Symbol 'F:Ksql.Linq.Core.Abstractions.DeserializationErrorPolicy.Skip' is part of the declared API, but is either not public or could not be found (https://github.com/dotnet/roslyn-analyzers/blob/main/src/PublicApiAnalyzers/PublicApiAnalyzers.Help.md) [C:\dev\0.9.0\Ksql.Linq\src\Ksql.Linq.csproj]
C:\dev\0.9.0\Ksql.Linq\src\PublicAPI.Shipped.txt(64,1): error RS0017: Symbol 'F:Ksql.Linq.Core.Abstractions.DeserializationErrorPolicy.Retry' is part of the declared API, but is either not public or could not be found (https://github.com/dotnet/roslyn-analyzers/blob/main/src/PublicApiAnalyzers/PublicApiAnalyzers.Help.md) [C:\dev\0.9.0\Ksql.Linq\src\Ksql.Linq.csproj]
C:\dev\0.9.0\Ksql.Linq\src\PublicAPI.Shipped.txt(65,1): error RS0017: Symbol 'F:Ksql.Linq.Core.Abstractions.DeserializationErrorPolicy.DLQ' is part of the declared API, but is either not public or could not be found (https://github.com/dotnet/roslyn-analyzers/blob/main/src/PublicApiAnalyzers/PublicApiAnalyzers.Help.md) [C:\dev\0.9.0\Ksql.Linq\src\Ksql.Linq.csproj]
C:\dev\0.9.0\Ksql.Linq\src\PublicAPI.Shipped.txt(66,1): error RS0017: Symbol 'T:Ksql.Linq.Core.Abstractions.EntityAccessMode' is part of the declared API, but is either not public or could not be found (https://github.com/dotnet/roslyn-analyzers/blob/main/src/PublicApiAnalyzers/PublicApiAnalyzers.Help.md) [C:\dev\0.9.0\Ksql.Linq\src\Ksql.Linq.csproj]
C:\dev\0.9.0\Ksql.Linq\src\PublicAPI.Shipped.txt(67,1): error RS0017: Symbol 'F:Ksql.Linq.Core.Abstractions.EntityAccessMode.ReadWrite' is part of the declared API, but is either not public or could not be found (https://github.com/dotnet/roslyn-analyzers/blob/main/src/PublicApiAnalyzers/PublicApiAnalyzers.Help.md) [C:\dev\0.9.0\Ksql.Linq\src\Ksql.Linq.csproj]
C:\dev\0.9.0\Ksql.Linq\src\PublicAPI.Shipped.txt(68,1): error RS0017: Symbol 'F:Ksql.Linq.Core.Abstractions.EntityAccessMode.ReadOnly' is part of the declared API, but is either not public or could not be found (https://github.com/dotnet/roslyn-analyzers/blob/main/src/PublicApiAnalyzers/PublicApiAnalyzers.Help.md) [C:\dev\0.9.0\Ksql.Linq\src\Ksql.Linq.csproj]
C:\dev\0.9.0\Ksql.Linq\src\PublicAPI.Shipped.txt(69,1): error RS0017: Symbol 'F:Ksql.Linq.Core.Abstractions.EntityAccessMode.WriteOnly' is part of the declared API, but is either not public or could not be found (https://github.com/dotnet/roslyn-analyzers/blob/main/src/PublicApiAnalyzers/PublicApiAnalyzers.Help.md) [C:\dev\0.9.0\Ksql.Linq\src\Ksql.Linq.csproj]
C:\dev\0.9.0\Ksql.Linq\src\PublicAPI.Shipped.txt(70,1): error RS0017: Symbol 'T:Ksql.Linq.Core.Attributes.KsqlTopicAttribute' is part of the declared API, but is either not public or could not be found (https://github.com/dotnet/roslyn-analyzers/blob/main/src/PublicApiAnalyzers/PublicApiAnalyzers.Help.md) [C:\dev\0.9.0\Ksql.Linq\src\Ksql.Linq.csproj]
C:\dev\0.9.0\Ksql.Linq\src\PublicAPI.Shipped.txt(71,1): error RS0017: Symbol 'M:Ksql.Linq.Core.Attributes.KsqlTopicAttribute.#ctor' is part of the declared API, but is either not public or could not be found (https://github.com/dotnet/roslyn-analyzers/blob/main/src/PublicApiAnalyzers/PublicApiAnalyzers.Help.md) [C:\dev\0.9.0\Ksql.Linq\src\Ksql.Linq.csproj]
C:\dev\0.9.0\Ksql.Linq\src\PublicAPI.Shipped.txt(72,1): error RS0017: Symbol 'T:Ksql.Linq.Core.Attributes.KsqlTableAttribute' is part of the declared API, but is either not public or could not be found (https://github.com/dotnet/roslyn-analyzers/blob/main/src/PublicApiAnalyzers/PublicApiAnalyzers.Help.md) [C:\dev\0.9.0\Ksql.Linq\src\Ksql.Linq.csproj]
C:\dev\0.9.0\Ksql.Linq\src\PublicAPI.Shipped.txt(73,1): error RS0017: Symbol 'M:Ksql.Linq.Core.Attributes.KsqlTableAttribute.#ctor' is part of the declared API, but is either not public or could not be found (https://github.com/dotnet/roslyn-analyzers/blob/main/src/PublicApiAnalyzers/PublicApiAnalyzers.Help.md) [C:\dev\0.9.0\Ksql.Linq\src\Ksql.Linq.csproj]
C:\dev\0.9.0\Ksql.Linq\src\PublicAPI.Shipped.txt(74,1): error RS0017: Symbol 'T:Ksql.Linq.Core.Attributes.KsqlKeyAttribute' is part of the declared API, but is either not public or could not be found (https://github.com/dotnet/roslyn-analyzers/blob/main/src/PublicApiAnalyzers/PublicApiAnalyzers.Help.md) [C:\dev\0.9.0\Ksql.Linq\src\Ksql.Linq.csproj]
C:\dev\0.9.0\Ksql.Linq\src\PublicAPI.Shipped.txt(75,1): error RS0017: Symbol 'M:Ksql.Linq.Core.Attributes.KsqlKeyAttribute.#ctor' is part of the declared API, but is either not public or could not be found (https://github.com/dotnet/roslyn-analyzers/blob/main/src/PublicApiAnalyzers/PublicApiAnalyzers.Help.md) [C:\dev\0.9.0\Ksql.Linq\src\Ksql.Linq.csproj]
C:\dev\0.9.0\Ksql.Linq\src\PublicAPI.Shipped.txt(76,1): error RS0017: Symbol 'T:Ksql.Linq.Core.Attributes.KsqlTimestampAttribute' is part of the declared API, but is either not public or could not be found (https://github.com/dotnet/roslyn-analyzers/blob/main/src/PublicApiAnalyzers/PublicApiAnalyzers.Help.md) [C:\dev\0.9.0\Ksql.Linq\src\Ksql.Linq.csproj]
C:\dev\0.9.0\Ksql.Linq\src\PublicAPI.Shipped.txt(77,1): error RS0017: Symbol 'M:Ksql.Linq.Core.Attributes.KsqlTimestampAttribute.#ctor' is part of the declared API, but is either not public or could not be found (https://github.com/dotnet/roslyn-analyzers/blob/main/src/PublicApiAnalyzers/PublicApiAnalyzers.Help.md) [C:\dev\0.9.0\Ksql.Linq\src\Ksql.Linq.csproj]
C:\dev\0.9.0\Ksql.Linq\src\PublicAPI.Shipped.txt(78,1): error RS0017: Symbol 'T:Ksql.Linq.Core.Attributes.KsqlDecimalAttribute' is part of the declared API, but is either not public or could not be found (https://github.com/dotnet/roslyn-analyzers/blob/main/src/PublicApiAnalyzers/PublicApiAnalyzers.Help.md) [C:\dev\0.9.0\Ksql.Linq\src\Ksql.Linq.csproj]
C:\dev\0.9.0\Ksql.Linq\src\PublicAPI.Shipped.txt(79,1): error RS0017: Symbol 'M:Ksql.Linq.Core.Attributes.KsqlDecimalAttribute.#ctor' is part of the declared API, but is either not public or could not be found (https://github.com/dotnet/roslyn-analyzers/blob/main/src/PublicApiAnalyzers/PublicApiAnalyzers.Help.md) [C:\dev\0.9.0\Ksql.Linq\src\Ksql.Linq.csproj]
C:\dev\0.9.0\Ksql.Linq\src\PublicAPI.Shipped.txt(80,1): error RS0017: Symbol 'T:Ksql.Linq.Core.Attributes.KsqlIgnoreAttribute' is part of the declared API, but is either not public or could not be found (https://github.com/dotnet/roslyn-analyzers/blob/main/src/PublicApiAnalyzers/PublicApiAnalyzers.Help.md) [C:\dev\0.9.0\Ksql.Linq\src\Ksql.Linq.csproj]
C:\dev\0.9.0\Ksql.Linq\src\PublicAPI.Shipped.txt(81,1): error RS0017: Symbol 'M:Ksql.Linq.Core.Attributes.KsqlIgnoreAttribute.#ctor' is part of the declared API, but is either not public or could not be found (https://github.com/dotnet/roslyn-analyzers/blob/main/src/PublicApiAnalyzers/PublicApiAnalyzers.Help.md) [C:\dev\0.9.0\Ksql.Linq\src\Ksql.Linq.csproj]
C:\dev\0.9.0\Ksql.Linq\src\PublicAPI.Shipped.txt(82,1): error RS0017: Symbol 'T:Ksql.Linq.QueryExtensions' is part of the declared API, but is either not public or could not be found (https://github.com/dotnet/roslyn-analyzers/blob/main/src/PublicApiAnalyzers/PublicApiAnalyzers.Help.md) [C:\dev\0.9.0\Ksql.Linq\src\Ksql.Linq.csproj]
C:\dev\0.9.0\Ksql.Linq\src\PublicAPI.Shipped.txt(83,1): error RS0017: Symbol 'T:Ksql.Linq.WindowExtensions' is part of the declared API, but is either not public or could not be found (https://github.com/dotnet/roslyn-analyzers/blob/main/src/PublicApiAnalyzers/PublicApiAnalyzers.Help.md) [C:\dev\0.9.0\Ksql.Linq\src\Ksql.Linq.csproj]
C:\dev\0.9.0\Ksql.Linq\src\PublicAPI.Shipped.txt(84,1): error RS0017: Symbol 'T:Ksql.Linq.OffsetAggregateExtensions' is part of the declared API, but is either not public or could not be found (https://github.com/dotnet/roslyn-analyzers/blob/main/src/PublicApiAnalyzers/PublicApiAnalyzers.Help.md) [C:\dev\0.9.0\Ksql.Linq\src\Ksql.Linq.csproj]
C:\dev\0.9.0\Ksql.Linq\src\PublicAPI.Shipped.txt(85,1): error RS0017: Symbol 'M:Ksql.Linq.OffsetAggregateExtensions.LatestByOffset``3(System.Linq.IGrouping{``1,``0},System.Linq.Expressions.Expression{System.Func{``0,``2}})' is part of the declared API, but is either not public or could not be found (https://github.com/dotnet/roslyn-analyzers/blob/main/src/PublicApiAnalyzers/PublicApiAnalyzers.Help.md) [C:\dev\0.9.0\Ksql.Linq\src\Ksql.Linq.csproj]
C:\dev\0.9.0\Ksql.Linq\src\PublicAPI.Shipped.txt(86,1): error RS0017: Symbol 'M:Ksql.Linq.OffsetAggregateExtensions.EarliestByOffset``3(System.Linq.IGrouping{``1,``0},System.Linq.Expressions.Expression{System.Func{``0,``2}})' is part of the declared API, but is either not public or could not be found (https://github.com/dotnet/roslyn-analyzers/blob/main/src/PublicApiAnalyzers/PublicApiAnalyzers.Help.md) [C:\dev\0.9.0\Ksql.Linq\src\Ksql.Linq.csproj]
C:\dev\0.9.0\Ksql.Linq\src\PublicAPI.Unshipped.txt(2,1): error RS0017: Symbol '~Ksql.Linq' is part of the declared API, but is either not public or could not be found (https://github.com/dotnet/roslyn-analyzers/blob/main/src/PublicApiAnalyzers/PublicApiAnalyzers.Help.md) [C:\dev\0.9.0\Ksql.Linq\src\Ksql.Linq.csproj]
  Ksql.Linq -> C:\dev\0.9.0\Ksql.Linq\src\bin\Release\net8.0\Ksql.Linq.dll

Build FAILED.

C:\dev\0.9.0\Ksql.Linq\src\Application\KsqlContextOptions.cs(5,14): error RS0016: Symbol 'KsqlContextOptions' is not part of the declared public API (https://github.com/dotnet/roslyn-analyzers/blob/main/src/PublicApiAnalyzers/PublicApiAnalyzers.Help.md) [C:\dev\0.9.0\Ksql.Linq\src\Ksql.Linq.csproj]
C:\dev\0.9.0\Ksql.Linq\src\Configuration\Abstractions\KafkaSubscriptionOptions.cs(4,14): error RS0016: Symbol 'KafkaSubscriptionOptions' is not part of the declared public API (https://github.com/dotnet/roslyn-analyzers/blob/main/src/PublicApiAnalyzers/PublicApiAnalyzers.Help.md) [C:\dev\0.9.0\Ksql.Linq\src\Ksql.Linq.csproj]
C:\dev\0.9.0\Ksql.Linq\src\Application\KsqlContextOptionsExtensions.cs(5,21): error RS0016: Symbol 'KsqlContextOptionsExtensions' is not part of the declared public API (https://github.com/dotnet/roslyn-analyzers/blob/main/src/PublicApiAnalyzers/PublicApiAnalyzers.Help.md) [C:\dev\0.9.0\Ksql.Linq\src\Ksql.Linq.csproj]
C:\dev\0.9.0\Ksql.Linq\src\Configuration\CommonSection.cs(6,14): error RS0016: Symbol 'CommonSection' is not part of the declared public API (https://github.com/dotnet/roslyn-analyzers/blob/main/src/PublicApiAnalyzers/PublicApiAnalyzers.Help.md) [C:\dev\0.9.0\Ksql.Linq\src\Ksql.Linq.csproj]
C:\dev\0.9.0\Ksql.Linq\src\Configuration\Abstractions\KafkaSubscriptionOptions.cs(4,14): error RS0016: Symbol 'implicit constructor for 'KafkaSubscriptionOptions'' is not part of the declared public API (https://github.com/dotnet/roslyn-analyzers/blob/main/src/PublicApiAnalyzers/PublicApiAnalyzers.Help.md) [C:\dev\0.9.0\Ksql.Linq\src\Ksql.Linq.csproj]
C:\dev\0.9.0\Ksql.Linq\src\Application\KsqlContextOptions.cs(5,14): error RS0016: Symbol 'implicit constructor for 'KsqlContextOptions'' is not part of the declared public API (https://github.com/dotnet/roslyn-analyzers/blob/main/src/PublicApiAnalyzers/PublicApiAnalyzers.Help.md) [C:\dev\0.9.0\Ksql.Linq\src\Ksql.Linq.csproj]
C:\dev\0.9.0\Ksql.Linq\src\Configuration\CommonSection.cs(6,14): error RS0016: Symbol 'implicit constructor for 'CommonSection'' is not part of the declared public API (https://github.com/dotnet/roslyn-analyzers/blob/main/src/PublicApiAnalyzers/PublicApiAnalyzers.Help.md) [C:\dev\0.9.0\Ksql.Linq\src\Ksql.Linq.csproj]
C:\dev\0.9.0\Ksql.Linq\src\Application\KsqlDbResponse.cs(3,15): error RS0016: Symbol 'KsqlDbResponse' is not part of the declared public API (https://github.com/dotnet/roslyn-analyzers/blob/main/src/PublicApiAnalyzers/PublicApiAnalyzers.Help.md) [C:\dev\0.9.0\Ksql.Linq\src\Ksql.Linq.csproj]
C:\dev\0.9.0\Ksql.Linq\src\Application\KsqlContextBuilder.cs(6,14): error RS0016: Symbol 'KsqlContextBuilder' is not part of the declared public API (https://github.com/dotnet/roslyn-analyzers/blob/main/src/PublicApiAnalyzers/PublicApiAnalyzers.Help.md) [C:\dev\0.9.0\Ksql.Linq\src\Ksql.Linq.csproj]
C:\dev\0.9.0\Ksql.Linq\src\Application\KsqlContextBuilder.cs(6,14): error RS0016: Symbol 'implicit constructor for 'KsqlContextBuilder'' is not part of the declared public API (https://github.com/dotnet/roslyn-analyzers/blob/main/src/PublicApiAnalyzers/PublicApiAnalyzers.Help.md) [C:\dev\0.9.0\Ksql.Linq\src\Ksql.Linq.csproj]
C:\dev\0.9.0\Ksql.Linq\src\Configuration\DefaultValueBinder.cs(6,21): error RS0016: Symbol 'DefaultValueBinder' is not part of the declared public API (https://github.com/dotnet/roslyn-analyzers/blob/main/src/PublicApiAnalyzers/PublicApiAnalyzers.Help.md) [C:\dev\0.9.0\Ksql.Linq\src\Ksql.Linq.csproj]
C:\dev\0.9.0\Ksql.Linq\src\Configuration\DlqOptions.cs(11,21): error RS0016: Symbol 'DlqOptions' is not part of the declared public API (https://github.com/dotnet/roslyn-analyzers/blob/main/src/PublicApiAnalyzers/PublicApiAnalyzers.Help.md) [C:\dev\0.9.0\Ksql.Linq\src\Ksql.Linq.csproj]
C:\dev\0.9.0\Ksql.Linq\src\Configuration\DlqOptions.cs(11,21): error RS0016: Symbol 'implicit constructor for 'DlqOptions'' is not part of the declared public API (https://github.com/dotnet/roslyn-analyzers/blob/main/src/PublicApiAnalyzers/PublicApiAnalyzers.Help.md) [C:\dev\0.9.0\Ksql.Linq\src\Ksql.Linq.csproj]
C:\dev\0.9.0\Ksql.Linq\src\Application\KsqlDbResponse.cs(3,35): error RS0016: Symbol 'implicit get-accessor for 'IsSuccess'' is not part of the declared public API (https://github.com/dotnet/roslyn-analyzers/blob/main/src/PublicApiAnalyzers/PublicApiAnalyzers.Help.md) [C:\dev\0.9.0\Ksql.Linq\src\Ksql.Linq.csproj]
C:\dev\0.9.0\Ksql.Linq\src\Application\KsqlDbResponse.cs(3,35): error RS0016: Symbol 'implicit set-accessor for 'IsSuccess'' is not part of the declared public API (https://github.com/dotnet/roslyn-analyzers/blob/main/src/PublicApiAnalyzers/PublicApiAnalyzers.Help.md) [C:\dev\0.9.0\Ksql.Linq\src\Ksql.Linq.csproj]
C:\dev\0.9.0\Ksql.Linq\src\Application\KsqlDbResponse.cs(3,67): error RS0016: Symbol 'implicit get-accessor for 'ErrorCode'' is not part of the declared public API (https://github.com/dotnet/roslyn-analyzers/blob/main/src/PublicApiAnalyzers/PublicApiAnalyzers.Help.md) [C:\dev\0.9.0\Ksql.Linq\src\Ksql.Linq.csproj]
C:\dev\0.9.0\Ksql.Linq\src\Application\KsqlDbResponse.cs(3,67): error RS0016: Symbol 'implicit set-accessor for 'ErrorCode'' is not part of the declared public API (https://github.com/dotnet/roslyn-analyzers/blob/main/src/PublicApiAnalyzers/PublicApiAnalyzers.Help.md) [C:\dev\0.9.0\Ksql.Linq\src\Ksql.Linq.csproj]
C:\dev\0.9.0\Ksql.Linq\src\EntitySets\EventSet.cs(22,23): error RS0016: Symbol 'EventSet<T>' is not part of the declared public API (https://github.com/dotnet/roslyn-analyzers/blob/main/src/PublicApiAnalyzers/PublicApiAnalyzers.Help.md) [C:\dev\0.9.0\Ksql.Linq\src\Ksql.Linq.csproj]
C:\dev\0.9.0\Ksql.Linq\src\Context\KsqlContext.Execution.cs(8,31): error RS0016: Symbol 'KsqlContext' is not part of the declared public API (https://github.com/dotnet/roslyn-analyzers/blob/main/src/PublicApiAnalyzers/PublicApiAnalyzers.Help.md) [C:\dev\0.9.0\Ksql.Linq\src\Ksql.Linq.csproj]
C:\dev\0.9.0\Ksql.Linq\src\Context\KsqlContext.Lifecycle.cs(45,31): error RS0016: Symbol 'KsqlContext' is not part of the declared public API (https://github.com/dotnet/roslyn-analyzers/blob/main/src/PublicApiAnalyzers/PublicApiAnalyzers.Help.md) [C:\dev\0.9.0\Ksql.Linq\src\Ksql.Linq.csproj]
C:\dev\0.9.0\Ksql.Linq\src\Context\KsqlContext.Model.cs(16,31): error RS0016: Symbol 'KsqlContext' is not part of the declared public API (https://github.com/dotnet/roslyn-analyzers/blob/main/src/PublicApiAnalyzers/PublicApiAnalyzers.Help.md) [C:\dev\0.9.0\Ksql.Linq\src\Ksql.Linq.csproj]
C:\dev\0.9.0\Ksql.Linq\src\Context\KsqlContext.Schema.cs(22,31): error RS0016: Symbol 'KsqlContext' is not part of the declared public API (https://github.com/dotnet/roslyn-analyzers/blob/main/src/PublicApiAnalyzers/PublicApiAnalyzers.Help.md) [C:\dev\0.9.0\Ksql.Linq\src\Ksql.Linq.csproj]
C:\dev\0.9.0\Ksql.Linq\src\Application\KsqlDbResponse.cs(3,53): error RS0016: Symbol 'implicit get-accessor for 'Message'' is not part of the declared public API (https://github.com/dotnet/roslyn-analyzers/blob/main/src/PublicApiAnalyzers/PublicApiAnalyzers.Help.md) [C:\dev\0.9.0\Ksql.Linq\src\Ksql.Linq.csproj]
C:\dev\0.9.0\Ksql.Linq\src\Application\KsqlDbResponse.cs(3,93): error RS0016: Symbol 'implicit get-accessor for 'ErrorDetail'' is not part of the declared public API (https://github.com/dotnet/roslyn-analyzers/blob/main/src/PublicApiAnalyzers/PublicApiAnalyzers.Help.md) [C:\dev\0.9.0\Ksql.Linq\src\Ksql.Linq.csproj]
C:\dev\0.9.0\Ksql.Linq\src\Application\KsqlDbResponse.cs(3,93): error RS0016: Symbol 'implicit set-accessor for 'ErrorDetail'' is not part of the declared public API (https://github.com/dotnet/roslyn-analyzers/blob/main/src/PublicApiAnalyzers/PublicApiAnalyzers.Help.md) [C:\dev\0.9.0\Ksql.Linq\src\Ksql.Linq.csproj]
C:\dev\0.9.0\Ksql.Linq\src\Application\KsqlDbResponse.cs(3,53): error RS0016: Symbol 'implicit set-accessor for 'Message'' is not part of the declared public API (https://github.com/dotnet/roslyn-analyzers/blob/main/src/PublicApiAnalyzers/PublicApiAnalyzers.Help.md) [C:\dev\0.9.0\Ksql.Linq\src\Ksql.Linq.csproj]
C:\dev\0.9.0\Ksql.Linq\src\EntitySets\EventSet.cs(30,37): error RS0016: Symbol '_context' is not part of the declared public API (https://github.com/dotnet/roslyn-analyzers/blob/main/src/PublicApiAnalyzers/PublicApiAnalyzers.Help.md) [C:\dev\0.9.0\Ksql.Linq\src\Ksql.Linq.csproj]
C:\dev\0.9.0\Ksql.Linq\src\EntitySets\EventSet.cs(31,36): error RS0016: Symbol '_entityModel' is not part of the declared public API (https://github.com/dotnet/roslyn-analyzers/blob/main/src/PublicApiAnalyzers/PublicApiAnalyzers.Help.md) [C:\dev\0.9.0\Ksql.Linq\src\Ksql.Linq.csproj]
C:\dev\0.9.0\Ksql.Linq\src\Context\KsqlContext.Lifecycle.cs(91,25): error RS0016: Symbol 'DefaultSectionName' is not part of the declared public API (https://github.com/dotnet/roslyn-analyzers/blob/main/src/PublicApiAnalyzers/PublicApiAnalyzers.Help.md) [C:\dev\0.9.0\Ksql.Linq\src\Ksql.Linq.csproj]
C:\dev\0.9.0\Ksql.Linq\src\Core\Configuration\SchemaRegistrySection.cs(75,13): error RS0016: Symbol 'BasicAuthCredentialsSource' is not part of the declared public API (https://github.com/dotnet/roslyn-analyzers/blob/main/src/PublicApiAnalyzers/PublicApiAnalyzers.Help.md) [C:\dev\0.9.0\Ksql.Linq\src\Ksql.Linq.csproj]
C:\dev\0.9.0\Ksql.Linq\src\Core\Abstractions\DeserializationErrorPolicy.cs(3,13): error RS0016: Symbol 'DeserializationErrorPolicy' is not part of the declared public API (https://github.com/dotnet/roslyn-analyzers/blob/main/src/PublicApiAnalyzers/PublicApiAnalyzers.Help.md) [C:\dev\0.9.0\Ksql.Linq\src\Ksql.Linq.csproj]
C:\dev\0.9.0\Ksql.Linq\src\Core\Configuration\SchemaRegistrySection.cs(80,5): error RS0016: Symbol 'UserInfo' is not part of the declared public API (https://github.com/dotnet/roslyn-analyzers/blob/main/src/PublicApiAnalyzers/PublicApiAnalyzers.Help.md) [C:\dev\0.9.0\Ksql.Linq\src\Ksql.Linq.csproj]
C:\dev\0.9.0\Ksql.Linq\src\Core\Abstractions\DeserializationErrorPolicy.cs(5,5): error RS0016: Symbol 'Skip' is not part of the declared public API (https://github.com/dotnet/roslyn-analyzers/blob/main/src/PublicApiAnalyzers/PublicApiAnalyzers.Help.md) [C:\dev\0.9.0\Ksql.Linq\src\Ksql.Linq.csproj]
C:\dev\0.9.0\Ksql.Linq\src\Core\Configuration\SchemaRegistrySection.cs(85,5): error RS0016: Symbol 'SaslInherit' is not part of the declared public API (https://github.com/dotnet/roslyn-analyzers/blob/main/src/PublicApiAnalyzers/PublicApiAnalyzers.Help.md) [C:\dev\0.9.0\Ksql.Linq\src\Ksql.Linq.csproj]
C:\dev\0.9.0\Ksql.Linq\src\Core\Configuration\SchemaRegistrySection.cs(8,14): error RS0016: Symbol 'SchemaRegistrySection' is not part of the declared public API (https://github.com/dotnet/roslyn-analyzers/blob/main/src/PublicApiAnalyzers/PublicApiAnalyzers.Help.md) [C:\dev\0.9.0\Ksql.Linq\src\Ksql.Linq.csproj]
C:\dev\0.9.0\Ksql.Linq\src\Core\Configuration\SchemaRegistrySection.cs(8,14): error RS0016: Symbol 'implicit constructor for 'SchemaRegistrySection'' is not part of the declared public API (https://github.com/dotnet/roslyn-analyzers/blob/main/src/PublicApiAnalyzers/PublicApiAnalyzers.Help.md) [C:\dev\0.9.0\Ksql.Linq\src\Ksql.Linq.csproj]
C:\dev\0.9.0\Ksql.Linq\src\Events\RuntimeEvent.cs(5,21): error RS0016: Symbol 'RuntimeEvent' is not part of the declared public API (https://github.com/dotnet/roslyn-analyzers/blob/main/src/PublicApiAnalyzers/PublicApiAnalyzers.Help.md) [C:\dev\0.9.0\Ksql.Linq\src\Ksql.Linq.csproj]
C:\dev\0.9.0\Ksql.Linq\src\Extensions\EventSetExtensions.cs(14,21): error RS0016: Symbol 'EventSetExtensions' is not part of the declared public API (https://github.com/dotnet/roslyn-analyzers/blob/main/src/PublicApiAnalyzers/PublicApiAnalyzers.Help.md) [C:\dev\0.9.0\Ksql.Linq\src\Ksql.Linq.csproj]
C:\dev\0.9.0\Ksql.Linq\src\Events\RuntimeEvent.cs(5,21): error RS0016: Symbol 'implicit constructor for 'RuntimeEvent'' is not part of the declared public API (https://github.com/dotnet/roslyn-analyzers/blob/main/src/PublicApiAnalyzers/PublicApiAnalyzers.Help.md) [C:\dev\0.9.0\Ksql.Linq\src\Ksql.Linq.csproj]
C:\dev\0.9.0\Ksql.Linq\src\Core\Abstractions\DeserializationErrorPolicy.cs(6,5): error RS0016: Symbol 'Retry' is not part of the declared public API (https://github.com/dotnet/roslyn-analyzers/blob/main/src/PublicApiAnalyzers/PublicApiAnalyzers.Help.md) [C:\dev\0.9.0\Ksql.Linq\src\Ksql.Linq.csproj]
C:\dev\0.9.0\Ksql.Linq\src\Core\Abstractions\DeserializationErrorPolicy.cs(7,5): error RS0016: Symbol 'DLQ' is not part of the declared public API (https://github.com/dotnet/roslyn-analyzers/blob/main/src/PublicApiAnalyzers/PublicApiAnalyzers.Help.md) [C:\dev\0.9.0\Ksql.Linq\src\Ksql.Linq.csproj]
C:\dev\0.9.0\Ksql.Linq\src\Extensions\OffsetAggregateExtensions.cs(12,25): error RS0016: Symbol 'OffsetAggregateExtensions' is not part of the declared public API (https://github.com/dotnet/roslyn-analyzers/blob/main/src/PublicApiAnalyzers/PublicApiAnalyzers.Help.md) [C:\dev\0.9.0\Ksql.Linq\src\Ksql.Linq.csproj]
C:\dev\0.9.0\Ksql.Linq\src\Extensions\QueryExtensions.cs(9,21): error RS0016: Symbol 'QueryExtensions' is not part of the declared public API (https://github.com/dotnet/roslyn-analyzers/blob/main/src/PublicApiAnalyzers/PublicApiAnalyzers.Help.md) [C:\dev\0.9.0\Ksql.Linq\src\Ksql.Linq.csproj]
C:\dev\0.9.0\Ksql.Linq\src\Core\Abstractions\EntityAccessMode.cs(11,5): error RS0016: Symbol 'ReadWrite' is not part of the declared public API (https://github.com/dotnet/roslyn-analyzers/blob/main/src/PublicApiAnalyzers/PublicApiAnalyzers.Help.md) [C:\dev\0.9.0\Ksql.Linq\src\Ksql.Linq.csproj]
C:\dev\0.9.0\Ksql.Linq\src\Core\Abstractions\EntityAccessMode.cs(16,5): error RS0016: Symbol 'ReadOnly' is not part of the declared public API (https://github.com/dotnet/roslyn-analyzers/blob/main/src/PublicApiAnalyzers/PublicApiAnalyzers.Help.md) [C:\dev\0.9.0\Ksql.Linq\src\Ksql.Linq.csproj]
C:\dev\0.9.0\Ksql.Linq\src\Core\Abstractions\EntityAccessMode.cs(6,13): error RS0016: Symbol 'EntityAccessMode' is not part of the declared public API (https://github.com/dotnet/roslyn-analyzers/blob/main/src/PublicApiAnalyzers/PublicApiAnalyzers.Help.md) [C:\dev\0.9.0\Ksql.Linq\src\Ksql.Linq.csproj]
C:\dev\0.9.0\Ksql.Linq\src\Core\Abstractions\EntityAccessMode.cs(21,5): error RS0016: Symbol 'WriteOnly' is not part of the declared public API (https://github.com/dotnet/roslyn-analyzers/blob/main/src/PublicApiAnalyzers/PublicApiAnalyzers.Help.md) [C:\dev\0.9.0\Ksql.Linq\src\Ksql.Linq.csproj]
C:\dev\0.9.0\Ksql.Linq\src\Events\RuntimeEventBus.cs(6,18): error RS0016: Symbol 'IRuntimeEventSink' is not part of the declared public API (https://github.com/dotnet/roslyn-analyzers/blob/main/src/PublicApiAnalyzers/PublicApiAnalyzers.Help.md) [C:\dev\0.9.0\Ksql.Linq\src\Ksql.Linq.csproj]
C:\dev\0.9.0\Ksql.Linq\src\Events\RuntimeEventBus.cs(11,21): error RS0016: Symbol 'RuntimeEventBus' is not part of the declared public API (https://github.com/dotnet/roslyn-analyzers/blob/main/src/PublicApiAnalyzers/PublicApiAnalyzers.Help.md) [C:\dev\0.9.0\Ksql.Linq\src\Ksql.Linq.csproj]
C:\dev\0.9.0\Ksql.Linq\src\Core\Conversion\ValueConverter.cs(6,21): error RS0016: Symbol 'ValueConverter' is not part of the declared public API (https://github.com/dotnet/roslyn-analyzers/blob/main/src/PublicApiAnalyzers/PublicApiAnalyzers.Help.md) [C:\dev\0.9.0\Ksql.Linq\src\Ksql.Linq.csproj]
C:\dev\0.9.0\Ksql.Linq\src\Extensions\WindowExtensions.cs(7,25): error RS0016: Symbol 'WindowExtensions' is not part of the declared public API (https://github.com/dotnet/roslyn-analyzers/blob/main/src/PublicApiAnalyzers/PublicApiAnalyzers.Help.md) [C:\dev\0.9.0\Ksql.Linq\src\Ksql.Linq.csproj]
C:\dev\0.9.0\Ksql.Linq\src\Events\RuntimeEvents.cs(6,21): error RS0016: Symbol 'RuntimeEvents' is not part of the declared public API (https://github.com/dotnet/roslyn-analyzers/blob/main/src/PublicApiAnalyzers/PublicApiAnalyzers.Help.md) [C:\dev\0.9.0\Ksql.Linq\src\Ksql.Linq.csproj]
C:\dev\0.9.0\Ksql.Linq\src\Configuration\DlqOptions.cs(101,14): error RS0016: Symbol 'DlqMetrics' is not part of the declared public API (https://github.com/dotnet/roslyn-analyzers/blob/main/src/PublicApiAnalyzers/PublicApiAnalyzers.Help.md) [C:\dev\0.9.0\Ksql.Linq\src\Ksql.Linq.csproj]
C:\dev\0.9.0\Ksql.Linq\src\Configuration\DlqOptions.cs(101,14): error RS0016: Symbol 'implicit constructor for 'DlqMetrics'' is not part of the declared public API (https://github.com/dotnet/roslyn-analyzers/blob/main/src/PublicApiAnalyzers/PublicApiAnalyzers.Help.md) [C:\dev\0.9.0\Ksql.Linq\src\Ksql.Linq.csproj]
C:\dev\0.9.0\Ksql.Linq\src\Core\Abstractions\ErrorAction.cs(8,5): error RS0016: Symbol 'Skip' is not part of the declared public API (https://github.com/dotnet/roslyn-analyzers/blob/main/src/PublicApiAnalyzers/PublicApiAnalyzers.Help.md) [C:\dev\0.9.0\Ksql.Linq\src\Ksql.Linq.csproj]
C:\dev\0.9.0\Ksql.Linq\src\Core\Abstractions\ErrorAction.cs(13,5): error RS0016: Symbol 'Retry' is not part of the declared public API (https://github.com/dotnet/roslyn-analyzers/blob/main/src/PublicApiAnalyzers/PublicApiAnalyzers.Help.md) [C:\dev\0.9.0\Ksql.Linq\src\Ksql.Linq.csproj]
C:\dev\0.9.0\Ksql.Linq\src\Core\Abstractions\ErrorAction.cs(3,13): error RS0016: Symbol 'ErrorAction' is not part of the declared public API (https://github.com/dotnet/roslyn-analyzers/blob/main/src/PublicApiAnalyzers/PublicApiAnalyzers.Help.md) [C:\dev\0.9.0\Ksql.Linq\src\Ksql.Linq.csproj]
C:\dev\0.9.0\Ksql.Linq\src\Core\Abstractions\ErrorAction.cs(18,5): error RS0016: Symbol 'DLQ' is not part of the declared public API (https://github.com/dotnet/roslyn-analyzers/blob/main/src/PublicApiAnalyzers/PublicApiAnalyzers.Help.md) [C:\dev\0.9.0\Ksql.Linq\src\Ksql.Linq.csproj]
C:\dev\0.9.0\Ksql.Linq\src\Configuration\EntityConfiguration.cs(3,18): error RS0016: Symbol 'EntityConfiguration' is not part of the declared public API (https://github.com/dotnet/roslyn-analyzers/blob/main/src/PublicApiAnalyzers/PublicApiAnalyzers.Help.md) [C:\dev\0.9.0\Ksql.Linq\src\Ksql.Linq.csproj]
C:\dev\0.9.0\Ksql.Linq\src\Configuration\EntityConfiguration.cs(3,18): error RS0016: Symbol 'implicit constructor for 'EntityConfiguration'' is not part of the declared public API (https://github.com/dotnet/roslyn-analyzers/blob/main/src/PublicApiAnalyzers/PublicApiAnalyzers.Help.md) [C:\dev\0.9.0\Ksql.Linq\src\Ksql.Linq.csproj]
C:\dev\0.9.0\Ksql.Linq\src\Infrastructure\Kafka\ITopicAdmin.cs(9,18): error RS0016: Symbol 'ITopicAdmin' is not part of the declared public API (https://github.com/dotnet/roslyn-analyzers/blob/main/src/PublicApiAnalyzers/PublicApiAnalyzers.Help.md) [C:\dev\0.9.0\Ksql.Linq\src\Ksql.Linq.csproj]
C:\dev\0.9.0\Ksql.Linq\src\Messaging\Consumers\ICommitManager.cs(5,18): error RS0016: Symbol 'ICommitManager' is not part of the declared public API (https://github.com/dotnet/roslyn-analyzers/blob/main/src/PublicApiAnalyzers/PublicApiAnalyzers.Help.md) [C:\dev\0.9.0\Ksql.Linq\src\Ksql.Linq.csproj]
C:\dev\0.9.0\Ksql.Linq\src\Core\Abstractions\ErrorContext.cs(5,14): error RS0016: Symbol 'ErrorContext' is not part of the declared public API (https://github.com/dotnet/roslyn-analyzers/blob/main/src/PublicApiAnalyzers/PublicApiAnalyzers.Help.md) [C:\dev\0.9.0\Ksql.Linq\src\Ksql.Linq.csproj]
C:\dev\0.9.0\Ksql.Linq\src\Core\Abstractions\ErrorContext.cs(5,14): error RS0016: Symbol 'implicit constructor for 'ErrorContext'' is not part of the declared public API (https://github.com/dotnet/roslyn-analyzers/blob/main/src/PublicApiAnalyzers/PublicApiAnalyzers.Help.md) [C:\dev\0.9.0\Ksql.Linq\src\Ksql.Linq.csproj]
C:\dev\0.9.0\Ksql.Linq\src\Configuration\FillOptions.cs(5,21): error RS0016: Symbol 'FillOptions' is not part of the declared public API (https://github.com/dotnet/roslyn-analyzers/blob/main/src/PublicApiAnalyzers/PublicApiAnalyzers.Help.md) [C:\dev\0.9.0\Ksql.Linq\src\Ksql.Linq.csproj]
C:\dev\0.9.0\Ksql.Linq\src\Configuration\FillOptions.cs(5,21): error RS0016: Symbol 'implicit constructor for 'FillOptions'' is not part of the declared public API (https://github.com/dotnet/roslyn-analyzers/blob/main/src/PublicApiAnalyzers/PublicApiAnalyzers.Help.md) [C:\dev\0.9.0\Ksql.Linq\src\Ksql.Linq.csproj]
C:\dev\0.9.0\Ksql.Linq\src\Core\Abstractions\EntityModel.cs(10,14): error RS0016: Symbol 'EntityModel' is not part of the declared public API (https://github.com/dotnet/roslyn-analyzers/blob/main/src/PublicApiAnalyzers/PublicApiAnalyzers.Help.md) [C:\dev\0.9.0\Ksql.Linq\src\Ksql.Linq.csproj]
C:\dev\0.9.0\Ksql.Linq\src\Core\Abstractions\EntityModel.cs(10,14): error RS0016: Symbol 'implicit constructor for 'EntityModel'' is not part of the declared public API (https://github.com/dotnet/roslyn-analyzers/blob/main/src/PublicApiAnalyzers/PublicApiAnalyzers.Help.md) [C:\dev\0.9.0\Ksql.Linq\src\Ksql.Linq.csproj]
C:\dev\0.9.0\Ksql.Linq\src\Extensions\EntitySetExtensions.cs(13,21): error RS0016: Symbol 'EntitySetExtensions' is not part of the declared public API (https://github.com/dotnet/roslyn-analyzers/blob/main/src/PublicApiAnalyzers/PublicApiAnalyzers.Help.md) [C:\dev\0.9.0\Ksql.Linq\src\Ksql.Linq.csproj]
C:\dev\0.9.0\Ksql.Linq\src\Core\Dlq\DlqGuard.cs(6,21): error RS0016: Symbol 'DlqGuard' is not part of the declared public API (https://github.com/dotnet/roslyn-analyzers/blob/main/src/PublicApiAnalyzers/PublicApiAnalyzers.Help.md) [C:\dev\0.9.0\Ksql.Linq\src\Ksql.Linq.csproj]
C:\dev\0.9.0\Ksql.Linq\src\Query\Abstractions\IKsqlBuilder.cs(8,18): error RS0016: Symbol 'IKsqlBuilder' is not part of the declared public API (https://github.com/dotnet/roslyn-analyzers/blob/main/src/PublicApiAnalyzers/PublicApiAnalyzers.Help.md) [C:\dev\0.9.0\Ksql.Linq\src\Ksql.Linq.csproj]
C:\dev\0.9.0\Ksql.Linq\src\Core\Abstractions\ErrorHandlingExtensions.cs(5,21): error RS0016: Symbol 'ErrorHandlingExtensions' is not part of the declared public API (https://github.com/dotnet/roslyn-analyzers/blob/main/src/PublicApiAnalyzers/PublicApiAnalyzers.Help.md) [C:\dev\0.9.0\Ksql.Linq\src\Ksql.Linq.csproj]
C:\dev\0.9.0\Ksql.Linq\src\Query\Abstractions\KsqlBuilderType.cs(5,13): error RS0016: Symbol 'KsqlBuilderType' is not part of the declared public API (https://github.com/dotnet/roslyn-analyzers/blob/main/src/PublicApiAnalyzers/PublicApiAnalyzers.Help.md) [C:\dev\0.9.0\Ksql.Linq\src\Ksql.Linq.csproj]
C:\dev\0.9.0\Ksql.Linq\src\Query\Abstractions\KsqlBuilderType.cs(7,5): error RS0016: Symbol 'Select' is not part of the declared public API (https://github.com/dotnet/roslyn-analyzers/blob/main/src/PublicApiAnalyzers/PublicApiAnalyzers.Help.md) [C:\dev\0.9.0\Ksql.Linq\src\Ksql.Linq.csproj]
C:\dev\0.9.0\Ksql.Linq\src\Query\Abstractions\KsqlBuilderType.cs(8,5): error RS0016: Symbol 'Where' is not part of the declared public API (https://github.com/dotnet/roslyn-analyzers/blob/main/src/PublicApiAnalyzers/PublicApiAnalyzers.Help.md) [C:\dev\0.9.0\Ksql.Linq\src\Ksql.Linq.csproj]
C:\dev\0.9.0\Ksql.Linq\src\Query\Abstractions\KsqlBuilderType.cs(9,5): error RS0016: Symbol 'GroupBy' is not part of the declared public API (https://github.com/dotnet/roslyn-analyzers/blob/main/src/PublicApiAnalyzers/PublicApiAnalyzers.Help.md) [C:\dev\0.9.0\Ksql.Linq\src\Ksql.Linq.csproj]
C:\dev\0.9.0\Ksql.Linq\src\Query\Abstractions\KsqlBuilderType.cs(10,5): error RS0016: Symbol 'Having' is not part of the declared public API (https://github.com/dotnet/roslyn-analyzers/blob/main/src/PublicApiAnalyzers/PublicApiAnalyzers.Help.md) [C:\dev\0.9.0\Ksql.Linq\src\Ksql.Linq.csproj]
C:\dev\0.9.0\Ksql.Linq\src\Query\Abstractions\KsqlBuilderType.cs(12,5): error RS0016: Symbol 'Projection' is not part of the declared public API (https://github.com/dotnet/roslyn-analyzers/blob/main/src/PublicApiAnalyzers/PublicApiAnalyzers.Help.md) [C:\dev\0.9.0\Ksql.Linq\src\Ksql.Linq.csproj]
C:\dev\0.9.0\Ksql.Linq\src\Query\Abstractions\KsqlBuilderType.cs(13,5): error RS0016: Symbol 'OrderBy' is not part of the declared public API (https://github.com/dotnet/roslyn-analyzers/blob/main/src/PublicApiAnalyzers/PublicApiAnalyzers.Help.md) [C:\dev\0.9.0\Ksql.Linq\src\Ksql.Linq.csproj]
C:\dev\0.9.0\Ksql.Linq\src\Query\Abstractions\KsqlBuilderType.cs(11,5): error RS0016: Symbol 'Join' is not part of the declared public API (https://github.com/dotnet/roslyn-analyzers/blob/main/src/PublicApiAnalyzers/PublicApiAnalyzers.Help.md) [C:\dev\0.9.0\Ksql.Linq\src\Ksql.Linq.csproj]
C:\dev\0.9.0\Ksql.Linq\src\Core\Dlq\DlqReadOptions.cs(3,21): error RS0016: Symbol 'DlqReadOptions' is not part of the declared public API (https://github.com/dotnet/roslyn-analyzers/blob/main/src/PublicApiAnalyzers/PublicApiAnalyzers.Help.md) [C:\dev\0.9.0\Ksql.Linq\src\Ksql.Linq.csproj]
C:\dev\0.9.0\Ksql.Linq\src\Core\Dlq\DlqReadOptions.cs(3,21): error RS0016: Symbol 'implicit constructor for 'DlqReadOptions'' is not part of the declared public API (https://github.com/dotnet/roslyn-analyzers/blob/main/src/PublicApiAnalyzers/PublicApiAnalyzers.Help.md) [C:\dev\0.9.0\Ksql.Linq\src\Ksql.Linq.csproj]
C:\dev\0.9.0\Ksql.Linq\src\Query\Abstractions\StreamTableType.cs(3,13): error RS0016: Symbol 'StreamTableType' is not part of the declared public API (https://github.com/dotnet/roslyn-analyzers/blob/main/src/PublicApiAnalyzers/PublicApiAnalyzers.Help.md) [C:\dev\0.9.0\Ksql.Linq\src\Ksql.Linq.csproj]
C:\dev\0.9.0\Ksql.Linq\src\Query\Abstractions\StreamTableType.cs(5,5): error RS0016: Symbol 'Stream' is not part of the declared public API (https://github.com/dotnet/roslyn-analyzers/blob/main/src/PublicApiAnalyzers/PublicApiAnalyzers.Help.md) [C:\dev\0.9.0\Ksql.Linq\src\Ksql.Linq.csproj]
C:\dev\0.9.0\Ksql.Linq\src\Query\Abstractions\StreamTableType.cs(6,5): error RS0016: Symbol 'Table' is not part of the declared public API (https://github.com/dotnet/roslyn-analyzers/blob/main/src/PublicApiAnalyzers/PublicApiAnalyzers.Help.md) [C:\dev\0.9.0\Ksql.Linq\src\Ksql.Linq.csproj]
C:\dev\0.9.0\Ksql.Linq\src\Core\Abstractions\IEntitySet.cs(13,18): error RS0016: Symbol 'IEntitySet<T>' is not part of the declared public API (https://github.com/dotnet/roslyn-analyzers/blob/main/src/PublicApiAnalyzers/PublicApiAnalyzers.Help.md) [C:\dev\0.9.0\Ksql.Linq\src\Ksql.Linq.csproj]
C:\dev\0.9.0\Ksql.Linq\src\Infrastructure\KsqlDb\IKsqlDbClient.cs(7,18): error RS0016: Symbol 'IKsqlDbClient' is not part of the declared public API (https://github.com/dotnet/roslyn-analyzers/blob/main/src/PublicApiAnalyzers/PublicApiAnalyzers.Help.md) [C:\dev\0.9.0\Ksql.Linq\src\Ksql.Linq.csproj]
C:\dev\0.9.0\Ksql.Linq\src\Core\Abstractions\ErrorHandlingPolicy.cs(5,14): error RS0016: Symbol 'ErrorHandlingPolicy' is not part of the declared public API (https://github.com/dotnet/roslyn-analyzers/blob/main/src/PublicApiAnalyzers/PublicApiAnalyzers.Help.md) [C:\dev\0.9.0\Ksql.Linq\src\Ksql.Linq.csproj]
C:\dev\0.9.0\Ksql.Linq\src\Core\Abstractions\ErrorHandlingPolicy.cs(5,14): error RS0016: Symbol 'implicit constructor for 'ErrorHandlingPolicy'' is not part of the declared public API (https://github.com/dotnet/roslyn-analyzers/blob/main/src/PublicApiAnalyzers/PublicApiAnalyzers.Help.md) [C:\dev\0.9.0\Ksql.Linq\src\Ksql.Linq.csproj]
C:\dev\0.9.0\Ksql.Linq\src\Core\Dlq\DlqRecord.cs(5,22): error RS0016: Symbol 'DlqRecord' is not part of the declared public API (https://github.com/dotnet/roslyn-analyzers/blob/main/src/PublicApiAnalyzers/PublicApiAnalyzers.Help.md) [C:\dev\0.9.0\Ksql.Linq\src\Ksql.Linq.csproj]
C:\dev\0.9.0\Ksql.Linq\src\Core\Abstractions\IErrorSink.cs(5,18): error RS0016: Symbol 'IErrorSink' is not part of the declared public API (https://github.com/dotnet/roslyn-analyzers/blob/main/src/PublicApiAnalyzers/PublicApiAnalyzers.Help.md) [C:\dev\0.9.0\Ksql.Linq\src\Ksql.Linq.csproj]
C:\dev\0.9.0\Ksql.Linq\src\Core\Dlq\DlqRecord.cs(8,9): error RS0016: Symbol 'implicit get-accessor for 'Partition'' is not part of the declared public API (https://github.com/dotnet/roslyn-analyzers/blob/main/src/PublicApiAnalyzers/PublicApiAnalyzers.Help.md) [C:\dev\0.9.0\Ksql.Linq\src\Ksql.Linq.csproj]
C:\dev\0.9.0\Ksql.Linq\src\Core\Dlq\DlqRecord.cs(6,12): error RS0016: Symbol 'implicit get-accessor for 'MessageId'' is not part of the declared public API (https://github.com/dotnet/roslyn-analyzers/blob/main/src/PublicApiAnalyzers/PublicApiAnalyzers.Help.md) [C:\dev\0.9.0\Ksql.Linq\src\Ksql.Linq.csproj]
C:\dev\0.9.0\Ksql.Linq\src\Core\Dlq\DlqRecord.cs(7,12): error RS0016: Symbol 'implicit get-accessor for 'Topic'' is not part of the declared public API (https://github.com/dotnet/roslyn-analyzers/blob/main/src/PublicApiAnalyzers/PublicApiAnalyzers.Help.md) [C:\dev\0.9.0\Ksql.Linq\src\Ksql.Linq.csproj]
C:\dev\0.9.0\Ksql.Linq\src\Core\Dlq\DlqRecord.cs(8,9): error RS0016: Symbol 'implicit set-accessor for 'Partition'' is not part of the declared public API (https://github.com/dotnet/roslyn-analyzers/blob/main/src/PublicApiAnalyzers/PublicApiAnalyzers.Help.md) [C:\dev\0.9.0\Ksql.Linq\src\Ksql.Linq.csproj]
C:\dev\0.9.0\Ksql.Linq\src\Core\Dlq\DlqRecord.cs(6,12): error RS0016: Symbol 'implicit set-accessor for 'MessageId'' is not part of the declared public API (https://github.com/dotnet/roslyn-analyzers/blob/main/src/PublicApiAnalyzers/PublicApiAnalyzers.Help.md) [C:\dev\0.9.0\Ksql.Linq\src\Ksql.Linq.csproj]
C:\dev\0.9.0\Ksql.Linq\src\Core\Dlq\DlqRecord.cs(7,12): error RS0016: Symbol 'implicit set-accessor for 'Topic'' is not part of the declared public API (https://github.com/dotnet/roslyn-analyzers/blob/main/src/PublicApiAnalyzers/PublicApiAnalyzers.Help.md) [C:\dev\0.9.0\Ksql.Linq\src\Ksql.Linq.csproj]
C:\dev\0.9.0\Ksql.Linq\src\Core\Dlq\DlqRecord.cs(9,10): error RS0016: Symbol 'implicit get-accessor for 'Offset'' is not part of the declared public API (https://github.com/dotnet/roslyn-analyzers/blob/main/src/PublicApiAnalyzers/PublicApiAnalyzers.Help.md) [C:\dev\0.9.0\Ksql.Linq\src\Ksql.Linq.csproj]
C:\dev\0.9.0\Ksql.Linq\src\Core\Dlq\DlqRecord.cs(10,12): error RS0016: Symbol 'implicit get-accessor for 'TimestampUtc'' is not part of the declared public API (https://github.com/dotnet/roslyn-analyzers/blob/main/src/PublicApiAnalyzers/PublicApiAnalyzers.Help.md) [C:\dev\0.9.0\Ksql.Linq\src\Ksql.Linq.csproj]
C:\dev\0.9.0\Ksql.Linq\src\Core\Dlq\DlqRecord.cs(12,13): error RS0016: Symbol 'implicit get-accessor for 'RawText'' is not part of the declared public API (https://github.com/dotnet/roslyn-analyzers/blob/main/src/PublicApiAnalyzers/PublicApiAnalyzers.Help.md) [C:\dev\0.9.0\Ksql.Linq\src\Ksql.Linq.csproj]
C:\dev\0.9.0\Ksql.Linq\src\Core\Dlq\DlqRecord.cs(10,12): error RS0016: Symbol 'implicit set-accessor for 'TimestampUtc'' is not part of the declared public API (https://github.com/dotnet/roslyn-analyzers/blob/main/src/PublicApiAnalyzers/PublicApiAnalyzers.Help.md) [C:\dev\0.9.0\Ksql.Linq\src\Ksql.Linq.csproj]
C:\dev\0.9.0\Ksql.Linq\src\Core\Dlq\DlqRecord.cs(9,10): error RS0016: Symbol 'implicit set-accessor for 'Offset'' is not part of the declared public API (https://github.com/dotnet/roslyn-analyzers/blob/main/src/PublicApiAnalyzers/PublicApiAnalyzers.Help.md) [C:\dev\0.9.0\Ksql.Linq\src\Ksql.Linq.csproj]
C:\dev\0.9.0\Ksql.Linq\src\Core\Dlq\DlqRecord.cs(13,12): error RS0016: Symbol 'implicit get-accessor for 'PayloadFormat'' is not part of the declared public API (https://github.com/dotnet/roslyn-analyzers/blob/main/src/PublicApiAnalyzers/PublicApiAnalyzers.Help.md) [C:\dev\0.9.0\Ksql.Linq\src\Ksql.Linq.csproj]
C:\dev\0.9.0\Ksql.Linq\src\Core\Dlq\DlqRecord.cs(12,13): error RS0016: Symbol 'implicit set-accessor for 'RawText'' is not part of the declared public API (https://github.com/dotnet/roslyn-analyzers/blob/main/src/PublicApiAnalyzers/PublicApiAnalyzers.Help.md) [C:\dev\0.9.0\Ksql.Linq\src\Ksql.Linq.csproj]
C:\dev\0.9.0\Ksql.Linq\src\Core\Dlq\DlqRecord.cs(13,12): error RS0016: Symbol 'implicit set-accessor for 'PayloadFormat'' is not part of the declared public API (https://github.com/dotnet/roslyn-analyzers/blob/main/src/PublicApiAnalyzers/PublicApiAnalyzers.Help.md) [C:\dev\0.9.0\Ksql.Linq\src\Ksql.Linq.csproj]
C:\dev\0.9.0\Ksql.Linq\src\Core\Dlq\DlqRecord.cs(14,13): error RS0016: Symbol 'implicit get-accessor for 'SchemaId'' is not part of the declared public API (https://github.com/dotnet/roslyn-analyzers/blob/main/src/PublicApiAnalyzers/PublicApiAnalyzers.Help.md) [C:\dev\0.9.0\Ksql.Linq\src\Ksql.Linq.csproj]
C:\dev\0.9.0\Ksql.Linq\src\Core\Dlq\DlqRecord.cs(15,13): error RS0016: Symbol 'implicit get-accessor for 'SchemaSubject'' is not part of the declared public API (https://github.com/dotnet/roslyn-analyzers/blob/main/src/PublicApiAnalyzers/PublicApiAnalyzers.Help.md) [C:\dev\0.9.0\Ksql.Linq\src\Ksql.Linq.csproj]
C:\dev\0.9.0\Ksql.Linq\src\Core\Dlq\DlqRecord.cs(14,13): error RS0016: Symbol 'implicit set-accessor for 'SchemaId'' is not part of the declared public API (https://github.com/dotnet/roslyn-analyzers/blob/main/src/PublicApiAnalyzers/PublicApiAnalyzers.Help.md) [C:\dev\0.9.0\Ksql.Linq\src\Ksql.Linq.csproj]
C:\dev\0.9.0\Ksql.Linq\src\Core\Dlq\DlqRecord.cs(15,13): error RS0016: Symbol 'implicit set-accessor for 'SchemaSubject'' is not part of the declared public API (https://github.com/dotnet/roslyn-analyzers/blob/main/src/PublicApiAnalyzers/PublicApiAnalyzers.Help.md) [C:\dev\0.9.0\Ksql.Linq\src\Ksql.Linq.csproj]
C:\dev\0.9.0\Ksql.Linq\src\Core\Dlq\DlqRecord.cs(16,10): error RS0016: Symbol 'implicit get-accessor for 'SchemaVersion'' is not part of the declared public API (https://github.com/dotnet/roslyn-analyzers/blob/main/src/PublicApiAnalyzers/PublicApiAnalyzers.Help.md) [C:\dev\0.9.0\Ksql.Linq\src\Ksql.Linq.csproj]
C:\dev\0.9.0\Ksql.Linq\src\Core\Dlq\DlqRecord.cs(16,10): error RS0016: Symbol 'implicit set-accessor for 'SchemaVersion'' is not part of the declared public API (https://github.com/dotnet/roslyn-analyzers/blob/main/src/PublicApiAnalyzers/PublicApiAnalyzers.Help.md) [C:\dev\0.9.0\Ksql.Linq\src\Ksql.Linq.csproj]
C:\dev\0.9.0\Ksql.Linq\src\Infrastructure\Ksql\IKsqlExecutor.cs(12,18): error RS0016: Symbol 'IKsqlExecutor' is not part of the declared public API (https://github.com/dotnet/roslyn-analyzers/blob/main/src/PublicApiAnalyzers/PublicApiAnalyzers.Help.md) [C:\dev\0.9.0\Ksql.Linq\src\Ksql.Linq.csproj]
C:\dev\0.9.0\Ksql.Linq\src\Core\Dlq\DlqRecord.cs(17,41): error RS0016: Symbol 'implicit get-accessor for 'Headers'' is not part of the declared public API (https://github.com/dotnet/roslyn-analyzers/blob/main/src/PublicApiAnalyzers/PublicApiAnalyzers.Help.md) [C:\dev\0.9.0\Ksql.Linq\src\Ksql.Linq.csproj]
C:\dev\0.9.0\Ksql.Linq\src\Core\Dlq\DlqRecord.cs(17,41): error RS0016: Symbol 'implicit set-accessor for 'Headers'' is not part of the declared public API (https://github.com/dotnet/roslyn-analyzers/blob/main/src/PublicApiAnalyzers/PublicApiAnalyzers.Help.md) [C:\dev\0.9.0\Ksql.Linq\src\Ksql.Linq.csproj]
C:\dev\0.9.0\Ksql.Linq\src\Core\Dlq\DlqRecord.cs(18,13): error RS0016: Symbol 'implicit get-accessor for 'ErrorType'' is not part of the declared public API (https://github.com/dotnet/roslyn-analyzers/blob/main/src/PublicApiAnalyzers/PublicApiAnalyzers.Help.md) [C:\dev\0.9.0\Ksql.Linq\src\Ksql.Linq.csproj]
C:\dev\0.9.0\Ksql.Linq\src\Core\Dlq\DlqRecord.cs(18,13): error RS0016: Symbol 'implicit set-accessor for 'ErrorType'' is not part of the declared public API (https://github.com/dotnet/roslyn-analyzers/blob/main/src/PublicApiAnalyzers/PublicApiAnalyzers.Help.md) [C:\dev\0.9.0\Ksql.Linq\src\Ksql.Linq.csproj]
C:\dev\0.9.0\Ksql.Linq\src\Core\Dlq\DlqRecord.cs(19,13): error RS0016: Symbol 'implicit get-accessor for 'ErrorMessage'' is not part of the declared public API (https://github.com/dotnet/roslyn-analyzers/blob/main/src/PublicApiAnalyzers/PublicApiAnalyzers.Help.md) [C:\dev\0.9.0\Ksql.Linq\src\Ksql.Linq.csproj]
C:\dev\0.9.0\Ksql.Linq\src\Core\Dlq\DlqRecord.cs(20,13): error RS0016: Symbol 'implicit get-accessor for 'StackTrace'' is not part of the declared public API (https://github.com/dotnet/roslyn-analyzers/blob/main/src/PublicApiAnalyzers/PublicApiAnalyzers.Help.md) [C:\dev\0.9.0\Ksql.Linq\src\Ksql.Linq.csproj]
C:\dev\0.9.0\Ksql.Linq\src\Core\Dlq\DlqRecord.cs(19,13): error RS0016: Symbol 'implicit set-accessor for 'ErrorMessage'' is not part of the declared public API (https://github.com/dotnet/roslyn-analyzers/blob/main/src/PublicApiAnalyzers/PublicApiAnalyzers.Help.md) [C:\dev\0.9.0\Ksql.Linq\src\Ksql.Linq.csproj]
C:\dev\0.9.0\Ksql.Linq\src\Core\Dlq\DlqRecord.cs(20,13): error RS0016: Symbol 'implicit set-accessor for 'StackTrace'' is not part of the declared public API (https://github.com/dotnet/roslyn-analyzers/blob/main/src/PublicApiAnalyzers/PublicApiAnalyzers.Help.md) [C:\dev\0.9.0\Ksql.Linq\src\Ksql.Linq.csproj]
C:\dev\0.9.0\Ksql.Linq\src\Core\Dlq\IDlqClient.cs(6,18): error RS0016: Symbol 'IDlqClient' is not part of the declared public API (https://github.com/dotnet/roslyn-analyzers/blob/main/src/PublicApiAnalyzers/PublicApiAnalyzers.Help.md) [C:\dev\0.9.0\Ksql.Linq\src\Ksql.Linq.csproj]
C:\dev\0.9.0\Ksql.Linq\src\Core\Abstractions\IJoinResult.cs(6,18): error RS0016: Symbol 'IJoinResult<TOuter, TInner>' is not part of the declared public API (https://github.com/dotnet/roslyn-analyzers/blob/main/src/PublicApiAnalyzers/PublicApiAnalyzers.Help.md) [C:\dev\0.9.0\Ksql.Linq\src\Ksql.Linq.csproj]
C:\dev\0.9.0\Ksql.Linq\src\Core\Abstractions\IJoinableEntitySet.cs(6,22): error RS0016: Symbol 'IJoinableEntitySet<T>' is not part of the declared public API (https://github.com/dotnet/roslyn-analyzers/blob/main/src/PublicApiAnalyzers/PublicApiAnalyzers.Help.md) [C:\dev\0.9.0\Ksql.Linq\src\Ksql.Linq.csproj]
C:\dev\0.9.0\Ksql.Linq\src\Core\Dlq\DlqRecord.cs(11,12): error RS0016: Symbol 'implicit get-accessor for 'RawBytes'' is not part of the declared public API (https://github.com/dotnet/roslyn-analyzers/blob/main/src/PublicApiAnalyzers/PublicApiAnalyzers.Help.md) [C:\dev\0.9.0\Ksql.Linq\src\Ksql.Linq.csproj]
C:\dev\0.9.0\Ksql.Linq\src\Core\Dlq\DlqRecord.cs(11,12): error RS0016: Symbol 'implicit set-accessor for 'RawBytes'' is not part of the declared public API (https://github.com/dotnet/roslyn-analyzers/blob/main/src/PublicApiAnalyzers/PublicApiAnalyzers.Help.md) [C:\dev\0.9.0\Ksql.Linq\src\Ksql.Linq.csproj]
C:\dev\0.9.0\Ksql.Linq\src\Infrastructure\Ksql\IWaitSettings.cs(5,18): error RS0016: Symbol 'IWaitSettings' is not part of the declared public API (https://github.com/dotnet/roslyn-analyzers/blob/main/src/PublicApiAnalyzers/PublicApiAnalyzers.Help.md) [C:\dev\0.9.0\Ksql.Linq\src\Ksql.Linq.csproj]
C:\dev\0.9.0\Ksql.Linq\src\Core\Abstractions\IKsqlContext.cs(12,18): error RS0016: Symbol 'IKsqlContext' is not part of the declared public API (https://github.com/dotnet/roslyn-analyzers/blob/main/src/PublicApiAnalyzers/PublicApiAnalyzers.Help.md) [C:\dev\0.9.0\Ksql.Linq\src\Ksql.Linq.csproj]
C:\dev\0.9.0\Ksql.Linq\src\Core\Dlq\IRateLimiter.cs(3,18): error RS0016: Symbol 'IRateLimiter' is not part of the declared public API (https://github.com/dotnet/roslyn-analyzers/blob/main/src/PublicApiAnalyzers/PublicApiAnalyzers.Help.md) [C:\dev\0.9.0\Ksql.Linq\src\Ksql.Linq.csproj]
C:\dev\0.9.0\Ksql.Linq\src\Core\Dlq\SimpleRateLimiter.cs(5,21): error RS0016: Symbol 'SimpleRateLimiter' is not part of the declared public API (https://github.com/dotnet/roslyn-analyzers/blob/main/src/PublicApiAnalyzers/PublicApiAnalyzers.Help.md) [C:\dev\0.9.0\Ksql.Linq\src\Ksql.Linq.csproj]
C:\dev\0.9.0\Ksql.Linq\src\Core\Abstractions\IJoinSupport.cs(6,18): error RS0016: Symbol 'IJoinSupport<T>' is not part of the declared public API (https://github.com/dotnet/roslyn-analyzers/blob/main/src/PublicApiAnalyzers/PublicApiAnalyzers.Help.md) [C:\dev\0.9.0\Ksql.Linq\src\Ksql.Linq.csproj]
C:\dev\0.9.0\Ksql.Linq\src\Core\Abstractions\IModelBuilder.cs(5,18): error RS0016: Symbol 'IModelBuilder' is not part of the declared public API (https://github.com/dotnet/roslyn-analyzers/blob/main/src/PublicApiAnalyzers/PublicApiAnalyzers.Help.md) [C:\dev\0.9.0\Ksql.Linq\src\Ksql.Linq.csproj]
C:\dev\0.9.0\Ksql.Linq\src\Core\Abstractions\IRemovableEntitySet.cs(8,18): error RS0016: Symbol 'IRemovableEntitySet<T>' is not part of the declared public API (https://github.com/dotnet/roslyn-analyzers/blob/main/src/PublicApiAnalyzers/PublicApiAnalyzers.Help.md) [C:\dev\0.9.0\Ksql.Linq\src\Ksql.Linq.csproj]
C:\dev\0.9.0\Ksql.Linq\src\Core\Abstractions\KafkaMessageContext.cs(6,14): error RS0016: Symbol 'KafkaMessageContext' is not part of the declared public API (https://github.com/dotnet/roslyn-analyzers/blob/main/src/PublicApiAnalyzers/PublicApiAnalyzers.Help.md) [C:\dev\0.9.0\Ksql.Linq\src\Ksql.Linq.csproj]
C:\dev\0.9.0\Ksql.Linq\src\Runtime\Fill\IStartupFillService.cs(10,18): error RS0016: Symbol 'IStartupFillService' is not part of the declared public API (https://github.com/dotnet/roslyn-analyzers/blob/main/src/PublicApiAnalyzers/PublicApiAnalyzers.Help.md) [C:\dev\0.9.0\Ksql.Linq\src\Ksql.Linq.csproj]
C:\dev\0.9.0\Ksql.Linq\src\Core\Abstractions\KafkaMessageContext.cs(6,14): error RS0016: Symbol 'implicit constructor for 'KafkaMessageContext'' is not part of the declared public API (https://github.com/dotnet/roslyn-analyzers/blob/main/src/PublicApiAnalyzers/PublicApiAnalyzers.Help.md) [C:\dev\0.9.0\Ksql.Linq\src\Ksql.Linq.csproj]
C:\dev\0.9.0\Ksql.Linq\src\Core\Abstractions\ValidationResult.cs(5,14): error RS0016: Symbol 'ValidationResult' is not part of the declared public API (https://github.com/dotnet/roslyn-analyzers/blob/main/src/PublicApiAnalyzers/PublicApiAnalyzers.Help.md) [C:\dev\0.9.0\Ksql.Linq\src\Ksql.Linq.csproj]
C:\dev\0.9.0\Ksql.Linq\src\Core\Abstractions\ValidationResult.cs(5,14): error RS0016: Symbol 'implicit constructor for 'ValidationResult'' is not part of the declared public API (https://github.com/dotnet/roslyn-analyzers/blob/main/src/PublicApiAnalyzers/PublicApiAnalyzers.Help.md) [C:\dev\0.9.0\Ksql.Linq\src\Ksql.Linq.csproj]
C:\dev\0.9.0\Ksql.Linq\src\Runtime\Fill\NoopStartupFillService.cs(11,21): error RS0016: Symbol 'NoopStartupFillService' is not part of the declared public API (https://github.com/dotnet/roslyn-analyzers/blob/main/src/PublicApiAnalyzers/PublicApiAnalyzers.Help.md) [C:\dev\0.9.0\Ksql.Linq\src\Ksql.Linq.csproj]
C:\dev\0.9.0\Ksql.Linq\src\Runtime\Fill\NoopStartupFillService.cs(11,21): error RS0016: Symbol 'implicit constructor for 'NoopStartupFillService'' is not part of the declared public API (https://github.com/dotnet/roslyn-analyzers/blob/main/src/PublicApiAnalyzers/PublicApiAnalyzers.Help.md) [C:\dev\0.9.0\Ksql.Linq\src\Ksql.Linq.csproj]
C:\dev\0.9.0\Ksql.Linq\src\Core\Modeling\EntityBuilderToQueryExtensions.cs(9,21): error RS0016: Symbol 'EntityBuilderToQueryExtensions' is not part of the declared public API (https://github.com/dotnet/roslyn-analyzers/blob/main/src/PublicApiAnalyzers/PublicApiAnalyzers.Help.md) [C:\dev\0.9.0\Ksql.Linq\src\Ksql.Linq.csproj]
C:\dev\0.9.0\Ksql.Linq\src\Infrastructure\Ksql\KsqlExecutor.cs(10,21): error RS0016: Symbol 'KsqlExecutor' is not part of the declared public API (https://github.com/dotnet/roslyn-analyzers/blob/main/src/PublicApiAnalyzers/PublicApiAnalyzers.Help.md) [C:\dev\0.9.0\Ksql.Linq\src\Ksql.Linq.csproj]
C:\dev\0.9.0\Ksql.Linq\src\Runtime\Heartbeat\MarketScheduleProvider.cs(13,18): error RS0016: Symbol 'IMarketScheduleProvider' is not part of the declared public API (https://github.com/dotnet/roslyn-analyzers/blob/main/src/PublicApiAnalyzers/PublicApiAnalyzers.Help.md) [C:\dev\0.9.0\Ksql.Linq\src\Ksql.Linq.csproj]
C:\dev\0.9.0\Ksql.Linq\src\Core\Modeling\EntityModelBuilder.cs(7,14): error RS0016: Symbol 'EntityModelBuilder<T>' is not part of the declared public API (https://github.com/dotnet/roslyn-analyzers/blob/main/src/PublicApiAnalyzers/PublicApiAnalyzers.Help.md) [C:\dev\0.9.0\Ksql.Linq\src\Ksql.Linq.csproj]
C:\dev\0.9.0\Ksql.Linq\src\Configuration\KsqlDslOptions.cs(8,14): error RS0016: Symbol 'KsqlDslOptions' is not part of the declared public API (https://github.com/dotnet/roslyn-analyzers/blob/main/src/PublicApiAnalyzers/PublicApiAnalyzers.Help.md) [C:\dev\0.9.0\Ksql.Linq\src\Ksql.Linq.csproj]
C:\dev\0.9.0\Ksql.Linq\src\Core\Attributes\KsqlDecimalAttribute.cs(6,21): error RS0016: Symbol 'KsqlDecimalAttribute' is not part of the declared public API (https://github.com/dotnet/roslyn-analyzers/blob/main/src/PublicApiAnalyzers/PublicApiAnalyzers.Help.md) [C:\dev\0.9.0\Ksql.Linq\src\Ksql.Linq.csproj]
C:\dev\0.9.0\Ksql.Linq\src\Configuration\KsqlDslOptions.cs(8,14): error RS0016: Symbol 'implicit constructor for 'KsqlDslOptions'' is not part of the declared public API (https://github.com/dotnet/roslyn-analyzers/blob/main/src/PublicApiAnalyzers/PublicApiAnalyzers.Help.md) [C:\dev\0.9.0\Ksql.Linq\src\Ksql.Linq.csproj]
C:\dev\0.9.0\Ksql.Linq\src\Configuration\ValidationMode.cs(6,5): error RS0016: Symbol 'Strict' is not part of the declared public API (https://github.com/dotnet/roslyn-analyzers/blob/main/src/PublicApiAnalyzers/PublicApiAnalyzers.Help.md) [C:\dev\0.9.0\Ksql.Linq\src\Ksql.Linq.csproj]
C:\dev\0.9.0\Ksql.Linq\src\Runtime\Monitor\IRowMonitorCoordinator.cs(10,18): error RS0016: Symbol 'IRowMonitorCoordinator' is not part of the declared public API (https://github.com/dotnet/roslyn-analyzers/blob/main/src/PublicApiAnalyzers/PublicApiAnalyzers.Help.md) [C:\dev\0.9.0\Ksql.Linq\src\Ksql.Linq.csproj]
C:\dev\0.9.0\Ksql.Linq\src\Core\Attributes\KsqlIgnoreAttribute.cs(6,21): error RS0016: Symbol 'KsqlIgnoreAttribute' is not part of the declared public API (https://github.com/dotnet/roslyn-analyzers/blob/main/src/PublicApiAnalyzers/PublicApiAnalyzers.Help.md) [C:\dev\0.9.0\Ksql.Linq\src\Ksql.Linq.csproj]
C:\dev\0.9.0\Ksql.Linq\src\Runtime\Monitor\RowMonitorCoordinator.cs(14,21): error RS0016: Symbol 'RowMonitorCoordinator' is not part of the declared public API (https://github.com/dotnet/roslyn-analyzers/blob/main/src/PublicApiAnalyzers/PublicApiAnalyzers.Help.md) [C:\dev\0.9.0\Ksql.Linq\src\Ksql.Linq.csproj]
C:\dev\0.9.0\Ksql.Linq\src\Core\Attributes\KsqlIgnoreAttribute.cs(6,21): error RS0016: Symbol 'implicit constructor for 'KsqlIgnoreAttribute'' is not part of the declared public API (https://github.com/dotnet/roslyn-analyzers/blob/main/src/PublicApiAnalyzers/PublicApiAnalyzers.Help.md) [C:\dev\0.9.0\Ksql.Linq\src\Ksql.Linq.csproj]
C:\dev\0.9.0\Ksql.Linq\src\Runtime\Monitor\RowMonitorCoordinator.Noop.cs(6,21): error RS0016: Symbol 'RowMonitorCoordinatorNoop' is not part of the declared public API (https://github.com/dotnet/roslyn-analyzers/blob/main/src/PublicApiAnalyzers/PublicApiAnalyzers.Help.md) [C:\dev\0.9.0\Ksql.Linq\src\Ksql.Linq.csproj]
C:\dev\0.9.0\Ksql.Linq\src\Runtime\Monitor\RowMonitorCoordinator.Noop.cs(6,21): error RS0016: Symbol 'implicit constructor for 'RowMonitorCoordinatorNoop'' is not part of the declared public API (https://github.com/dotnet/roslyn-analyzers/blob/main/src/PublicApiAnalyzers/PublicApiAnalyzers.Help.md) [C:\dev\0.9.0\Ksql.Linq\src\Ksql.Linq.csproj]
C:\dev\0.9.0\Ksql.Linq\src\Core\Attributes\KsqlKeyAttribute.cs(6,21): error RS0016: Symbol 'KsqlKeyAttribute' is not part of the declared public API (https://github.com/dotnet/roslyn-analyzers/blob/main/src/PublicApiAnalyzers/PublicApiAnalyzers.Help.md) [C:\dev\0.9.0\Ksql.Linq\src\Ksql.Linq.csproj]
C:\dev\0.9.0\Ksql.Linq\src\Runtime\Period.cs(7,5): error RS0016: Symbol 'Seconds' is not part of the declared public API (https://github.com/dotnet/roslyn-analyzers/blob/main/src/PublicApiAnalyzers/PublicApiAnalyzers.Help.md) [C:\dev\0.9.0\Ksql.Linq\src\Ksql.Linq.csproj]
C:\dev\0.9.0\Ksql.Linq\src\Runtime\Period.cs(8,5): error RS0016: Symbol 'Minutes' is not part of the declared public API (https://github.com/dotnet/roslyn-analyzers/blob/main/src/PublicApiAnalyzers/PublicApiAnalyzers.Help.md) [C:\dev\0.9.0\Ksql.Linq\src\Ksql.Linq.csproj]
C:\dev\0.9.0\Ksql.Linq\src\Runtime\Period.cs(9,5): error RS0016: Symbol 'Hours' is not part of the declared public API (https://github.com/dotnet/roslyn-analyzers/blob/main/src/PublicApiAnalyzers/PublicApiAnalyzers.Help.md) [C:\dev\0.9.0\Ksql.Linq\src\Ksql.Linq.csproj]
C:\dev\0.9.0\Ksql.Linq\src\Runtime\Period.cs(5,13): error RS0016: Symbol 'PeriodUnit' is not part of the declared public API (https://github.com/dotnet/roslyn-analyzers/blob/main/src/PublicApiAnalyzers/PublicApiAnalyzers.Help.md) [C:\dev\0.9.0\Ksql.Linq\src\Ksql.Linq.csproj]
C:\dev\0.9.0\Ksql.Linq\src\Runtime\Period.cs(11,5): error RS0016: Symbol 'Months' is not part of the declared public API (https://github.com/dotnet/roslyn-analyzers/blob/main/src/PublicApiAnalyzers/PublicApiAnalyzers.Help.md) [C:\dev\0.9.0\Ksql.Linq\src\Ksql.Linq.csproj]
C:\dev\0.9.0\Ksql.Linq\src\Runtime\Period.cs(12,5): error RS0016: Symbol 'Weeks' is not part of the declared public API (https://github.com/dotnet/roslyn-analyzers/blob/main/src/PublicApiAnalyzers/PublicApiAnalyzers.Help.md) [C:\dev\0.9.0\Ksql.Linq\src\Ksql.Linq.csproj]
C:\dev\0.9.0\Ksql.Linq\src\Runtime\Period.cs(10,5): error RS0016: Symbol 'Days' is not part of the declared public API (https://github.com/dotnet/roslyn-analyzers/blob/main/src/PublicApiAnalyzers/PublicApiAnalyzers.Help.md) [C:\dev\0.9.0\Ksql.Linq\src\Ksql.Linq.csproj]
C:\dev\0.9.0\Ksql.Linq\src\TimeBucketFacade.cs(9,21): error RS0016: Symbol 'TimeBucket' is not part of the declared public API (https://github.com/dotnet/roslyn-analyzers/blob/main/src/PublicApiAnalyzers/PublicApiAnalyzers.Help.md) [C:\dev\0.9.0\Ksql.Linq\src\Ksql.Linq.csproj]
C:\dev\0.9.0\Ksql.Linq\src\SchemaRegistryTools\SchemaSubjects.cs(3,21): error RS0016: Symbol 'SchemaSubjects' is not part of the declared public API (https://github.com/dotnet/roslyn-analyzers/blob/main/src/PublicApiAnalyzers/PublicApiAnalyzers.Help.md) [C:\dev\0.9.0\Ksql.Linq\src\Ksql.Linq.csproj]
C:\dev\0.9.0\Ksql.Linq\src\Core\Attributes\KsqlTableAttribute.cs(6,21): error RS0016: Symbol 'KsqlTableAttribute' is not part of the declared public API (https://github.com/dotnet/roslyn-analyzers/blob/main/src/PublicApiAnalyzers/PublicApiAnalyzers.Help.md) [C:\dev\0.9.0\Ksql.Linq\src\Ksql.Linq.csproj]
C:\dev\0.9.0\Ksql.Linq\src\Core\Attributes\KsqlTableAttribute.cs(6,21): error RS0016: Symbol 'implicit constructor for 'KsqlTableAttribute'' is not part of the declared public API (https://github.com/dotnet/roslyn-analyzers/blob/main/src/PublicApiAnalyzers/PublicApiAnalyzers.Help.md) [C:\dev\0.9.0\Ksql.Linq\src\Ksql.Linq.csproj]
C:\dev\0.9.0\Ksql.Linq\src\SchemaRegistryTools\SchemaRegistryMetaProvider.cs(16,21): error RS0016: Symbol 'SchemaRegistryMetaProvider' is not part of the declared public API (https://github.com/dotnet/roslyn-analyzers/blob/main/src/PublicApiAnalyzers/PublicApiAnalyzers.Help.md) [C:\dev\0.9.0\Ksql.Linq\src\Ksql.Linq.csproj]
C:\dev\0.9.0\Ksql.Linq\src\Infrastructure\Ksql\KsqlWaitService.cs(422,18): error RS0016: Symbol 'IWaitDiagnosticsSink' is not part of the declared public API (https://github.com/dotnet/roslyn-analyzers/blob/main/src/PublicApiAnalyzers/PublicApiAnalyzers.Help.md) [C:\dev\0.9.0\Ksql.Linq\src\Ksql.Linq.csproj]
C:\dev\0.9.0\Ksql.Linq\src\Core\Models\PropertyMeta.cs(12,15): error RS0016: Symbol 'PropertyMeta' is not part of the declared public API (https://github.com/dotnet/roslyn-analyzers/blob/main/src/PublicApiAnalyzers/PublicApiAnalyzers.Help.md) [C:\dev\0.9.0\Ksql.Linq\src\Ksql.Linq.csproj]
C:\dev\0.9.0\Ksql.Linq\src\Core\Attributes\KsqlTimestampAttribute.cs(6,21): error RS0016: Symbol 'KsqlTimestampAttribute' is not part of the declared public API (https://github.com/dotnet/roslyn-analyzers/blob/main/src/PublicApiAnalyzers/PublicApiAnalyzers.Help.md) [C:\dev\0.9.0\Ksql.Linq\src\Ksql.Linq.csproj]
C:\dev\0.9.0\Ksql.Linq\src\Core\Models\PropertyMeta.cs(12,15): error RS0016: Symbol 'implicit constructor for 'PropertyMeta'' is not part of the declared public API (https://github.com/dotnet/roslyn-analyzers/blob/main/src/PublicApiAnalyzers/PublicApiAnalyzers.Help.md) [C:\dev\0.9.0\Ksql.Linq\src\Ksql.Linq.csproj]
C:\dev\0.9.0\Ksql.Linq\src\Core\Attributes\KsqlTimestampAttribute.cs(6,21): error RS0016: Symbol 'implicit constructor for 'KsqlTimestampAttribute'' is not part of the declared public API (https://github.com/dotnet/roslyn-analyzers/blob/main/src/PublicApiAnalyzers/PublicApiAnalyzers.Help.md) [C:\dev\0.9.0\Ksql.Linq\src\Ksql.Linq.csproj]
C:\dev\0.9.0\Ksql.Linq\src\Core\Retry\RetryPolicy.cs(9,5): error RS0016: Symbol 'Fixed' is not part of the declared public API (https://github.com/dotnet/roslyn-analyzers/blob/main/src/PublicApiAnalyzers/PublicApiAnalyzers.Help.md) [C:\dev\0.9.0\Ksql.Linq\src\Ksql.Linq.csproj]
C:\dev\0.9.0\Ksql.Linq\src\Core\Retry\RetryPolicy.cs(7,13): error RS0016: Symbol 'BackoffStrategy' is not part of the declared public API (https://github.com/dotnet/roslyn-analyzers/blob/main/src/PublicApiAnalyzers/PublicApiAnalyzers.Help.md) [C:\dev\0.9.0\Ksql.Linq\src\Ksql.Linq.csproj]
C:\dev\0.9.0\Ksql.Linq\src\Runtime\Period.cs(15,24): error RS0016: Symbol 'Period' is not part of the declared public API (https://github.com/dotnet/roslyn-analyzers/blob/main/src/PublicApiAnalyzers/PublicApiAnalyzers.Help.md) [C:\dev\0.9.0\Ksql.Linq\src\Ksql.Linq.csproj]
C:\dev\0.9.0\Ksql.Linq\src\Runtime\Period.cs(15,24): error RS0016: Symbol 'implicit constructor for 'Period'' is not part of the declared public API (https://github.com/dotnet/roslyn-analyzers/blob/main/src/PublicApiAnalyzers/PublicApiAnalyzers.Help.md) [C:\dev\0.9.0\Ksql.Linq\src\Ksql.Linq.csproj]
C:\dev\0.9.0\Ksql.Linq\src\Core\Retry\RetryPolicy.cs(10,5): error RS0016: Symbol 'Linear' is not part of the declared public API (https://github.com/dotnet/roslyn-analyzers/blob/main/src/PublicApiAnalyzers/PublicApiAnalyzers.Help.md) [C:\dev\0.9.0\Ksql.Linq\src\Ksql.Linq.csproj]
C:\dev\0.9.0\Ksql.Linq\src\Core\Retry\RetryPolicy.cs(11,5): error RS0016: Symbol 'Exponential' is not part of the declared public API (https://github.com/dotnet/roslyn-analyzers/blob/main/src/PublicApiAnalyzers/PublicApiAnalyzers.Help.md) [C:\dev\0.9.0\Ksql.Linq\src\Ksql.Linq.csproj]
C:\dev\0.9.0\Ksql.Linq\src\Core\Attributes\KsqlTopicAttribute.cs(6,21): error RS0016: Symbol 'KsqlTopicAttribute' is not part of the declared public API (https://github.com/dotnet/roslyn-analyzers/blob/main/src/PublicApiAnalyzers/PublicApiAnalyzers.Help.md) [C:\dev\0.9.0\Ksql.Linq\src\Ksql.Linq.csproj]
C:\dev\0.9.0\Ksql.Linq\src\Configuration\KsqlServerOptions.cs(6,14): error RS0016: Symbol 'KsqlServerOptions' is not part of the declared public API (https://github.com/dotnet/roslyn-analyzers/blob/main/src/PublicApiAnalyzers/PublicApiAnalyzers.Help.md) [C:\dev\0.9.0\Ksql.Linq\src\Ksql.Linq.csproj]
C:\dev\0.9.0\Ksql.Linq\src\Configuration\KsqlServerOptions.cs(6,14): error RS0016: Symbol 'implicit constructor for 'KsqlServerOptions'' is not part of the declared public API (https://github.com/dotnet/roslyn-analyzers/blob/main/src/PublicApiAnalyzers/PublicApiAnalyzers.Help.md) [C:\dev\0.9.0\Ksql.Linq\src\Ksql.Linq.csproj]
C:\dev\0.9.0\Ksql.Linq\src\Runtime\Periods.cs(5,21): error RS0016: Symbol 'Periods' is not part of the declared public API (https://github.com/dotnet/roslyn-analyzers/blob/main/src/PublicApiAnalyzers/PublicApiAnalyzers.Help.md) [C:\dev\0.9.0\Ksql.Linq\src\Ksql.Linq.csproj]
C:\dev\0.9.0\Ksql.Linq\src\Core\Sql\Identifiers.cs(3,21): error RS0016: Symbol 'Identifiers' is not part of the declared public API (https://github.com/dotnet/roslyn-analyzers/blob/main/src/PublicApiAnalyzers/PublicApiAnalyzers.Help.md) [C:\dev\0.9.0\Ksql.Linq\src\Ksql.Linq.csproj]
C:\dev\0.9.0\Ksql.Linq\src\Configuration\ResolvedEntityConfig.cs(9,14): error RS0016: Symbol 'ResolvedEntityConfig' is not part of the declared public API (https://github.com/dotnet/roslyn-analyzers/blob/main/src/PublicApiAnalyzers/PublicApiAnalyzers.Help.md) [C:\dev\0.9.0\Ksql.Linq\src\Ksql.Linq.csproj]
C:\dev\0.9.0\Ksql.Linq\src\Configuration\ResolvedEntityConfig.cs(9,14): error RS0016: Symbol 'implicit constructor for 'ResolvedEntityConfig'' is not part of the declared public API (https://github.com/dotnet/roslyn-analyzers/blob/main/src/PublicApiAnalyzers/PublicApiAnalyzers.Help.md) [C:\dev\0.9.0\Ksql.Linq\src\Ksql.Linq.csproj]
C:\dev\0.9.0\Ksql.Linq\src\Configuration\Messaging\ConsumerSection.cs(9,14): error RS0016: Symbol 'ConsumerSection' is not part of the declared public API (https://github.com/dotnet/roslyn-analyzers/blob/main/src/PublicApiAnalyzers/PublicApiAnalyzers.Help.md) [C:\dev\0.9.0\Ksql.Linq\src\Ksql.Linq.csproj]
C:\dev\0.9.0\Ksql.Linq\src\Configuration\Messaging\ConsumerSection.cs(9,14): error RS0016: Symbol 'implicit constructor for 'ConsumerSection'' is not part of the declared public API (https://github.com/dotnet/roslyn-analyzers/blob/main/src/PublicApiAnalyzers/PublicApiAnalyzers.Help.md) [C:\dev\0.9.0\Ksql.Linq\src\Ksql.Linq.csproj]
C:\dev\0.9.0\Ksql.Linq\src\Configuration\ValidationMode.cs(8,5): error RS0016: Symbol 'Relaxed' is not part of the declared public API (https://github.com/dotnet/roslyn-analyzers/blob/main/src/PublicApiAnalyzers/PublicApiAnalyzers.Help.md) [C:\dev\0.9.0\Ksql.Linq\src\Ksql.Linq.csproj]
C:\dev\0.9.0\Ksql.Linq\src\Configuration\ValidationMode.cs(4,13): error RS0016: Symbol 'ValidationMode' is not part of the declared public API (https://github.com/dotnet/roslyn-analyzers/blob/main/src/PublicApiAnalyzers/PublicApiAnalyzers.Help.md) [C:\dev\0.9.0\Ksql.Linq\src\Ksql.Linq.csproj]
C:\dev\0.9.0\Ksql.Linq\src\Core\Retry\RetryPolicy.cs(14,14): error RS0016: Symbol 'RetryPolicy' is not part of the declared public API (https://github.com/dotnet/roslyn-analyzers/blob/main/src/PublicApiAnalyzers/PublicApiAnalyzers.Help.md) [C:\dev\0.9.0\Ksql.Linq\src\Ksql.Linq.csproj]
C:\dev\0.9.0\Ksql.Linq\src\Core\Retry\RetryPolicy.cs(14,14): error RS0016: Symbol 'implicit constructor for 'RetryPolicy'' is not part of the declared public API (https://github.com/dotnet/roslyn-analyzers/blob/main/src/PublicApiAnalyzers/PublicApiAnalyzers.Help.md) [C:\dev\0.9.0\Ksql.Linq\src\Ksql.Linq.csproj]
C:\dev\0.9.0\Ksql.Linq\src\Configuration\WindowConfigurationProvider.cs(9,21): error RS0016: Symbol 'WindowConfigurationProvider' is not part of the declared public API (https://github.com/dotnet/roslyn-analyzers/blob/main/src/PublicApiAnalyzers/PublicApiAnalyzers.Help.md) [C:\dev\0.9.0\Ksql.Linq\src\Ksql.Linq.csproj]
C:\dev\0.9.0\Ksql.Linq\src\Configuration\WindowConfiguration.cs(9,21): error RS0016: Symbol 'WindowConfiguration' is not part of the declared public API (https://github.com/dotnet/roslyn-analyzers/blob/main/src/PublicApiAnalyzers/PublicApiAnalyzers.Help.md) [C:\dev\0.9.0\Ksql.Linq\src\Ksql.Linq.csproj]
C:\dev\0.9.0\Ksql.Linq\src\Configuration\WindowConfiguration.cs(9,21): error RS0016: Symbol 'implicit constructor for 'WindowConfiguration'' is not part of the declared public API (https://github.com/dotnet/roslyn-analyzers/blob/main/src/PublicApiAnalyzers/PublicApiAnalyzers.Help.md) [C:\dev\0.9.0\Ksql.Linq\src\Ksql.Linq.csproj]
C:\dev\0.9.0\Ksql.Linq\src\Configuration\Messaging\ProducerSection.cs(5,14): error RS0016: Symbol 'ProducerSection' is not part of the declared public API (https://github.com/dotnet/roslyn-analyzers/blob/main/src/PublicApiAnalyzers/PublicApiAnalyzers.Help.md) [C:\dev\0.9.0\Ksql.Linq\src\Ksql.Linq.csproj]
C:\dev\0.9.0\Ksql.Linq\src\Configuration\Messaging\ProducerSection.cs(5,14): error RS0016: Symbol 'implicit constructor for 'ProducerSection'' is not part of the declared public API (https://github.com/dotnet/roslyn-analyzers/blob/main/src/PublicApiAnalyzers/PublicApiAnalyzers.Help.md) [C:\dev\0.9.0\Ksql.Linq\src\Ksql.Linq.csproj]
C:\dev\0.9.0\Ksql.Linq\src\Window\WindowAggregationException.cs(5,21): error RS0016: Symbol 'WindowAggregationException' is not part of the declared public API (https://github.com/dotnet/roslyn-analyzers/blob/main/src/PublicApiAnalyzers/PublicApiAnalyzers.Help.md) [C:\dev\0.9.0\Ksql.Linq\src\Ksql.Linq.csproj]
C:\dev\0.9.0\Ksql.Linq\src\Core\Extensions\LoggerFactoryExtensions.cs(11,21): error RS0016: Symbol 'LoggerFactoryExtensions' is not part of the declared public API (https://github.com/dotnet/roslyn-analyzers/blob/main/src/PublicApiAnalyzers/PublicApiAnalyzers.Help.md) [C:\dev\0.9.0\Ksql.Linq\src\Ksql.Linq.csproj]
C:\dev\0.9.0\Ksql.Linq\src\Query\Dsl\IKsqlQueryable.cs(3,18): error RS0016: Symbol 'IKsqlQueryable' is not part of the declared public API (https://github.com/dotnet/roslyn-analyzers/blob/main/src/PublicApiAnalyzers/PublicApiAnalyzers.Help.md) [C:\dev\0.9.0\Ksql.Linq\src\Ksql.Linq.csproj]
C:\dev\0.9.0\Ksql.Linq\src\Query\Ddl\DdlObjectType.cs(5,5): error RS0016: Symbol 'Stream' is not part of the declared public API (https://github.com/dotnet/roslyn-analyzers/blob/main/src/PublicApiAnalyzers/PublicApiAnalyzers.Help.md) [C:\dev\0.9.0\Ksql.Linq\src\Ksql.Linq.csproj]
C:\dev\0.9.0\Ksql.Linq\src\Query\Ddl\DdlObjectType.cs(3,13): error RS0016: Symbol 'DdlObjectType' is not part of the declared public API (https://github.com/dotnet/roslyn-analyzers/blob/main/src/PublicApiAnalyzers/PublicApiAnalyzers.Help.md) [C:\dev\0.9.0\Ksql.Linq\src\Ksql.Linq.csproj]
C:\dev\0.9.0\Ksql.Linq\src\Query\Ddl\DdlObjectType.cs(6,5): error RS0016: Symbol 'Table' is not part of the declared public API (https://github.com/dotnet/roslyn-analyzers/blob/main/src/PublicApiAnalyzers/PublicApiAnalyzers.Help.md) [C:\dev\0.9.0\Ksql.Linq\src\Ksql.Linq.csproj]
C:\dev\0.9.0\Ksql.Linq\src\Query\Dsl\IScheduledScope.cs(6,18): error RS0016: Symbol 'IScheduledScope<T>' is not part of the declared public API (https://github.com/dotnet/roslyn-analyzers/blob/main/src/PublicApiAnalyzers/PublicApiAnalyzers.Help.md) [C:\dev\0.9.0\Ksql.Linq\src\Ksql.Linq.csproj]
C:\dev\0.9.0\Ksql.Linq\src\Messaging\DlqEnvelope.cs(6,14): error RS0016: Symbol 'DlqEnvelope' is not part of the declared public API (https://github.com/dotnet/roslyn-analyzers/blob/main/src/PublicApiAnalyzers/PublicApiAnalyzers.Help.md) [C:\dev\0.9.0\Ksql.Linq\src\Ksql.Linq.csproj]
C:\dev\0.9.0\Ksql.Linq\src\Messaging\DlqEnvelope.cs(6,14): error RS0016: Symbol 'implicit constructor for 'DlqEnvelope'' is not part of the declared public API (https://github.com/dotnet/roslyn-analyzers/blob/main/src/PublicApiAnalyzers/PublicApiAnalyzers.Help.md) [C:\dev\0.9.0\Ksql.Linq\src\Ksql.Linq.csproj]
C:\dev\0.9.0\Ksql.Linq\src\Runtime\TimeBucket.cs(18,21): error RS0016: Symbol 'TimeBucket' is not part of the declared public API (https://github.com/dotnet/roslyn-analyzers/blob/main/src/PublicApiAnalyzers/PublicApiAnalyzers.Help.md) [C:\dev\0.9.0\Ksql.Linq\src\Ksql.Linq.csproj]
C:\dev\0.9.0\Ksql.Linq\src\Query\Dsl\KsqlGroupedQueryable.cs(8,14): error RS0016: Symbol 'KsqlGroupedQueryable<T, TKey>' is not part of the declared public API (https://github.com/dotnet/roslyn-analyzers/blob/main/src/PublicApiAnalyzers/PublicApiAnalyzers.Help.md) [C:\dev\0.9.0\Ksql.Linq\src\Ksql.Linq.csproj]
C:\dev\0.9.0\Ksql.Linq\src\Runtime\TimeBucket.cs(751,21): error RS0016: Symbol 'TimeBucketWriter<T>' is not part of the declared public API (https://github.com/dotnet/roslyn-analyzers/blob/main/src/PublicApiAnalyzers/PublicApiAnalyzers.Help.md) [C:\dev\0.9.0\Ksql.Linq\src\Ksql.Linq.csproj]
C:\dev\0.9.0\Ksql.Linq\src\Runtime\TimeBucket.cs(27,21): error RS0016: Symbol 'TimeBucket<T>' is not part of the declared public API (https://github.com/dotnet/roslyn-analyzers/blob/main/src/PublicApiAnalyzers/PublicApiAnalyzers.Help.md) [C:\dev\0.9.0\Ksql.Linq\src\Ksql.Linq.csproj]
C:\dev\0.9.0\Ksql.Linq\src\Query\Dsl\KsqlQueryable.cs(11,14): error RS0016: Symbol 'KsqlQueryable<T1>' is not part of the declared public API (https://github.com/dotnet/roslyn-analyzers/blob/main/src/PublicApiAnalyzers/PublicApiAnalyzers.Help.md) [C:\dev\0.9.0\Ksql.Linq\src\Ksql.Linq.csproj]
C:\dev\0.9.0\Ksql.Linq\src\Query\Dsl\KsqlQueryable.cs(11,14): error RS0016: Symbol 'implicit constructor for 'KsqlQueryable<T1>'' is not part of the declared public API (https://github.com/dotnet/roslyn-analyzers/blob/main/src/PublicApiAnalyzers/PublicApiAnalyzers.Help.md) [C:\dev\0.9.0\Ksql.Linq\src\Ksql.Linq.csproj]
C:\dev\0.9.0\Ksql.Linq\src\Runtime\TimeBucket.cs(769,21): error RS0016: Symbol 'TimeBucketScope<T>' is not part of the declared public API (https://github.com/dotnet/roslyn-analyzers/blob/main/src/PublicApiAnalyzers/PublicApiAnalyzers.Help.md) [C:\dev\0.9.0\Ksql.Linq\src\Ksql.Linq.csproj]
C:\dev\0.9.0\Ksql.Linq\src\Query\Dsl\KsqlQueryable2.cs(7,14): error RS0016: Symbol 'KsqlQueryable2<T1, T2>' is not part of the declared public API (https://github.com/dotnet/roslyn-analyzers/blob/main/src/PublicApiAnalyzers/PublicApiAnalyzers.Help.md) [C:\dev\0.9.0\Ksql.Linq\src\Ksql.Linq.csproj]
C:\dev\0.9.0\Ksql.Linq\src\Configuration\Messaging\TopicSection.cs(9,14): error RS0016: Symbol 'TopicSection' is not part of the declared public API (https://github.com/dotnet/roslyn-analyzers/blob/main/src/PublicApiAnalyzers/PublicApiAnalyzers.Help.md) [C:\dev\0.9.0\Ksql.Linq\src\Ksql.Linq.csproj]
C:\dev\0.9.0\Ksql.Linq\src\Configuration\Messaging\TopicSection.cs(26,14): error RS0016: Symbol 'TopicCreationSection' is not part of the declared public API (https://github.com/dotnet/roslyn-analyzers/blob/main/src/PublicApiAnalyzers/PublicApiAnalyzers.Help.md) [C:\dev\0.9.0\Ksql.Linq\src\Ksql.Linq.csproj]
C:\dev\0.9.0\Ksql.Linq\src\Configuration\Messaging\TopicSection.cs(9,14): error RS0016: Symbol 'implicit constructor for 'TopicSection'' is not part of the declared public API (https://github.com/dotnet/roslyn-analyzers/blob/main/src/PublicApiAnalyzers/PublicApiAnalyzers.Help.md) [C:\dev\0.9.0\Ksql.Linq\src\Ksql.Linq.csproj]
C:\dev\0.9.0\Ksql.Linq\src\Configuration\Messaging\TopicSection.cs(26,14): error RS0016: Symbol 'implicit constructor for 'TopicCreationSection'' is not part of the declared public API (https://github.com/dotnet/roslyn-analyzers/blob/main/src/PublicApiAnalyzers/PublicApiAnalyzers.Help.md) [C:\dev\0.9.0\Ksql.Linq\src\Ksql.Linq.csproj]
C:\dev\0.9.0\Ksql.Linq\src\Query\Dsl\KsqlQueryModel.cs(11,14): error RS0016: Symbol 'KsqlQueryModel' is not part of the declared public API (https://github.com/dotnet/roslyn-analyzers/blob/main/src/PublicApiAnalyzers/PublicApiAnalyzers.Help.md) [C:\dev\0.9.0\Ksql.Linq\src\Ksql.Linq.csproj]
C:\dev\0.9.0\Ksql.Linq\src\Query\Dsl\KsqlQueryModel.cs(11,14): error RS0016: Symbol 'implicit constructor for 'KsqlQueryModel'' is not part of the declared public API (https://github.com/dotnet/roslyn-analyzers/blob/main/src/PublicApiAnalyzers/PublicApiAnalyzers.Help.md) [C:\dev\0.9.0\Ksql.Linq\src\Ksql.Linq.csproj]
C:\dev\0.9.0\Ksql.Linq\src\Query\Builders\Schema\KsqlColumn.cs(3,15): error RS0016: Symbol 'KsqlColumn' is not part of the declared public API (https://github.com/dotnet/roslyn-analyzers/blob/main/src/PublicApiAnalyzers/PublicApiAnalyzers.Help.md) [C:\dev\0.9.0\Ksql.Linq\src\Ksql.Linq.csproj]
C:\dev\0.9.0\Ksql.Linq\src\Query\Builders\Schema\KsqlColumn.cs(3,33): error RS0016: Symbol 'implicit get-accessor for 'Name'' is not part of the declared public API (https://github.com/dotnet/roslyn-analyzers/blob/main/src/PublicApiAnalyzers/PublicApiAnalyzers.Help.md) [C:\dev\0.9.0\Ksql.Linq\src\Ksql.Linq.csproj]
C:\dev\0.9.0\Ksql.Linq\src\Query\Builders\Schema\KsqlColumn.cs(3,46): error RS0016: Symbol 'implicit get-accessor for 'KsqlType'' is not part of the declared public API (https://github.com/dotnet/roslyn-analyzers/blob/main/src/PublicApiAnalyzers/PublicApiAnalyzers.Help.md) [C:\dev\0.9.0\Ksql.Linq\src\Ksql.Linq.csproj]
C:\dev\0.9.0\Ksql.Linq\src\Query\Builders\Schema\KsqlColumn.cs(3,33): error RS0016: Symbol 'implicit set-accessor for 'Name'' is not part of the declared public API (https://github.com/dotnet/roslyn-analyzers/blob/main/src/PublicApiAnalyzers/PublicApiAnalyzers.Help.md) [C:\dev\0.9.0\Ksql.Linq\src\Ksql.Linq.csproj]
C:\dev\0.9.0\Ksql.Linq\src\Query\Builders\Schema\KsqlColumn.cs(3,46): error RS0016: Symbol 'implicit set-accessor for 'KsqlType'' is not part of the declared public API (https://github.com/dotnet/roslyn-analyzers/blob/main/src/PublicApiAnalyzers/PublicApiAnalyzers.Help.md) [C:\dev\0.9.0\Ksql.Linq\src\Ksql.Linq.csproj]
C:\dev\0.9.0\Ksql.Linq\src\Query\Builders\Schema\KsqlColumn.cs(3,61): error RS0016: Symbol 'implicit get-accessor for 'IsKey'' is not part of the declared public API (https://github.com/dotnet/roslyn-analyzers/blob/main/src/PublicApiAnalyzers/PublicApiAnalyzers.Help.md) [C:\dev\0.9.0\Ksql.Linq\src\Ksql.Linq.csproj]
C:\dev\0.9.0\Ksql.Linq\src\Messaging\DlqEnvelopeFactory.cs(9,21): error RS0016: Symbol 'DlqEnvelopeFactory' is not part of the declared public API (https://github.com/dotnet/roslyn-analyzers/blob/main/src/PublicApiAnalyzers/PublicApiAnalyzers.Help.md) [C:\dev\0.9.0\Ksql.Linq\src\Ksql.Linq.csproj]
C:\dev\0.9.0\Ksql.Linq\src\Query\Builders\Schema\KsqlColumn.cs(3,61): error RS0016: Symbol 'implicit set-accessor for 'IsKey'' is not part of the declared public API (https://github.com/dotnet/roslyn-analyzers/blob/main/src/PublicApiAnalyzers/PublicApiAnalyzers.Help.md) [C:\dev\0.9.0\Ksql.Linq\src\Ksql.Linq.csproj]
C:\dev\0.9.0\Ksql.Linq\src\Query\Dsl\KsqlQueryRoot.cs(9,14): error RS0016: Symbol 'KsqlQueryRoot' is not part of the declared public API (https://github.com/dotnet/roslyn-analyzers/blob/main/src/PublicApiAnalyzers/PublicApiAnalyzers.Help.md) [C:\dev\0.9.0\Ksql.Linq\src\Ksql.Linq.csproj]
C:\dev\0.9.0\Ksql.Linq\src\Query\Dsl\KsqlQueryRoot.cs(9,14): error RS0016: Symbol 'implicit constructor for 'KsqlQueryRoot'' is not part of the declared public API (https://github.com/dotnet/roslyn-analyzers/blob/main/src/PublicApiAnalyzers/PublicApiAnalyzers.Help.md) [C:\dev\0.9.0\Ksql.Linq\src\Ksql.Linq.csproj]
C:\dev\0.9.0\Ksql.Linq\src\Query\Builders\Schema\KsqlSchemaBuilder.cs(14,21): error RS0016: Symbol 'KsqlSchemaBuilder' is not part of the declared public API (https://github.com/dotnet/roslyn-analyzers/blob/main/src/PublicApiAnalyzers/PublicApiAnalyzers.Help.md) [C:\dev\0.9.0\Ksql.Linq\src\Ksql.Linq.csproj]
C:\dev\0.9.0\Ksql.Linq\src\Query\Dsl\ProjectionMetadata.cs(8,37): error RS0016: Symbol 'implicit get-accessor for 'Members'' is not part of the declared public API (https://github.com/dotnet/roslyn-analyzers/blob/main/src/PublicApiAnalyzers/PublicApiAnalyzers.Help.md) [C:\dev\0.9.0\Ksql.Linq\src\Ksql.Linq.csproj]
C:\dev\0.9.0\Ksql.Linq\src\Query\Dsl\ProjectionMetadata.cs(9,10): error RS0016: Symbol 'implicit get-accessor for 'IsHubInput'' is not part of the declared public API (https://github.com/dotnet/roslyn-analyzers/blob/main/src/PublicApiAnalyzers/PublicApiAnalyzers.Help.md) [C:\dev\0.9.0\Ksql.Linq\src\Ksql.Linq.csproj]
C:\dev\0.9.0\Ksql.Linq\src\Query\Dsl\ProjectionMetadata.cs(7,22): error RS0016: Symbol 'ProjectionMetadata' is not part of the declared public API (https://github.com/dotnet/roslyn-analyzers/blob/main/src/PublicApiAnalyzers/PublicApiAnalyzers.Help.md) [C:\dev\0.9.0\Ksql.Linq\src\Ksql.Linq.csproj]
C:\dev\0.9.0\Ksql.Linq\src\Query\Dsl\ProjectionMetadata.cs(8,37): error RS0016: Symbol 'implicit set-accessor for 'Members'' is not part of the declared public API (https://github.com/dotnet/roslyn-analyzers/blob/main/src/PublicApiAnalyzers/PublicApiAnalyzers.Help.md) [C:\dev\0.9.0\Ksql.Linq\src\Ksql.Linq.csproj]
C:\dev\0.9.0\Ksql.Linq\src\Query\Dsl\ProjectionMetadata.cs(9,10): error RS0016: Symbol 'implicit set-accessor for 'IsHubInput'' is not part of the declared public API (https://github.com/dotnet/roslyn-analyzers/blob/main/src/PublicApiAnalyzers/PublicApiAnalyzers.Help.md) [C:\dev\0.9.0\Ksql.Linq\src\Ksql.Linq.csproj]
C:\dev\0.9.0\Ksql.Linq\src\Query\Dsl\ProjectionMetadata.cs(26,5): error RS0016: Symbol 'Value' is not part of the declared public API (https://github.com/dotnet/roslyn-analyzers/blob/main/src/PublicApiAnalyzers/PublicApiAnalyzers.Help.md) [C:\dev\0.9.0\Ksql.Linq\src\Ksql.Linq.csproj]
C:\dev\0.9.0\Ksql.Linq\src\Query\Dsl\ProjectionMetadata.cs(24,5): error RS0016: Symbol 'Aggregate' is not part of the declared public API (https://github.com/dotnet/roslyn-analyzers/blob/main/src/PublicApiAnalyzers/PublicApiAnalyzers.Help.md) [C:\dev\0.9.0\Ksql.Linq\src\Ksql.Linq.csproj]
C:\dev\0.9.0\Ksql.Linq\src\Query\Dsl\ProjectionMetadata.cs(25,5): error RS0016: Symbol 'Key' is not part of the declared public API (https://github.com/dotnet/roslyn-analyzers/blob/main/src/PublicApiAnalyzers/PublicApiAnalyzers.Help.md) [C:\dev\0.9.0\Ksql.Linq\src\Ksql.Linq.csproj]
C:\dev\0.9.0\Ksql.Linq\src\Query\Dsl\ProjectionMetadata.cs(22,13): error RS0016: Symbol 'ProjectionMemberKind' is not part of the declared public API (https://github.com/dotnet/roslyn-analyzers/blob/main/src/PublicApiAnalyzers/PublicApiAnalyzers.Help.md) [C:\dev\0.9.0\Ksql.Linq\src\Ksql.Linq.csproj]
C:\dev\0.9.0\Ksql.Linq\src\Query\Dsl\ProjectionMetadata.cs(27,5): error RS0016: Symbol 'Computed' is not part of the declared public API (https://github.com/dotnet/roslyn-analyzers/blob/main/src/PublicApiAnalyzers/PublicApiAnalyzers.Help.md) [C:\dev\0.9.0\Ksql.Linq\src\Ksql.Linq.csproj]
C:\dev\0.9.0\Ksql.Linq\src\Messaging\Internal\ErrorHandlingContext.cs(7,14): error RS0016: Symbol 'ErrorHandlingContext' is not part of the declared public API (https://github.com/dotnet/roslyn-analyzers/blob/main/src/PublicApiAnalyzers/PublicApiAnalyzers.Help.md) [C:\dev\0.9.0\Ksql.Linq\src\Ksql.Linq.csproj]
C:\dev\0.9.0\Ksql.Linq\src\Messaging\Internal\ErrorHandlingContext.cs(7,14): error RS0016: Symbol 'implicit constructor for 'ErrorHandlingContext'' is not part of the declared public API (https://github.com/dotnet/roslyn-analyzers/blob/main/src/PublicApiAnalyzers/PublicApiAnalyzers.Help.md) [C:\dev\0.9.0\Ksql.Linq\src\Ksql.Linq.csproj]
C:\dev\0.9.0\Ksql.Linq\src\Query\Dsl\ProjectionMetadata.cs(12,12): error RS0016: Symbol 'implicit get-accessor for 'Alias'' is not part of the declared public API (https://github.com/dotnet/roslyn-analyzers/blob/main/src/PublicApiAnalyzers/PublicApiAnalyzers.Help.md) [C:\dev\0.9.0\Ksql.Linq\src\Ksql.Linq.csproj]
C:\dev\0.9.0\Ksql.Linq\src\Query\Dsl\ProjectionMetadata.cs(11,22): error RS0016: Symbol 'ProjectionMember' is not part of the declared public API (https://github.com/dotnet/roslyn-analyzers/blob/main/src/PublicApiAnalyzers/PublicApiAnalyzers.Help.md) [C:\dev\0.9.0\Ksql.Linq\src\Ksql.Linq.csproj]
C:\dev\0.9.0\Ksql.Linq\src\Query\Dsl\ProjectionMetadata.cs(12,12): error RS0016: Symbol 'implicit set-accessor for 'Alias'' is not part of the declared public API (https://github.com/dotnet/roslyn-analyzers/blob/main/src/PublicApiAnalyzers/PublicApiAnalyzers.Help.md) [C:\dev\0.9.0\Ksql.Linq\src\Ksql.Linq.csproj]
C:\dev\0.9.0\Ksql.Linq\src\Query\Dsl\ProjectionMetadata.cs(13,16): error RS0016: Symbol 'implicit get-accessor for 'Expression'' is not part of the declared public API (https://github.com/dotnet/roslyn-analyzers/blob/main/src/PublicApiAnalyzers/PublicApiAnalyzers.Help.md) [C:\dev\0.9.0\Ksql.Linq\src\Ksql.Linq.csproj]
C:\dev\0.9.0\Ksql.Linq\src\Query\Dsl\ProjectionMetadata.cs(13,16): error RS0016: Symbol 'implicit set-accessor for 'Expression'' is not part of the declared public API (https://github.com/dotnet/roslyn-analyzers/blob/main/src/PublicApiAnalyzers/PublicApiAnalyzers.Help.md) [C:\dev\0.9.0\Ksql.Linq\src\Ksql.Linq.csproj]
C:\dev\0.9.0\Ksql.Linq\src\Query\Dsl\ProjectionMetadata.cs(14,12): error RS0016: Symbol 'implicit get-accessor for 'ExpressionText'' is not part of the declared public API (https://github.com/dotnet/roslyn-analyzers/blob/main/src/PublicApiAnalyzers/PublicApiAnalyzers.Help.md) [C:\dev\0.9.0\Ksql.Linq\src\Ksql.Linq.csproj]
C:\dev\0.9.0\Ksql.Linq\src\Query\Dsl\ProjectionMetadata.cs(14,12): error RS0016: Symbol 'implicit set-accessor for 'ExpressionText'' is not part of the declared public API (https://github.com/dotnet/roslyn-analyzers/blob/main/src/PublicApiAnalyzers/PublicApiAnalyzers.Help.md) [C:\dev\0.9.0\Ksql.Linq\src\Ksql.Linq.csproj]
C:\dev\0.9.0\Ksql.Linq\src\Query\Dsl\ProjectionMetadata.cs(15,26): error RS0016: Symbol 'implicit get-accessor for 'Kind'' is not part of the declared public API (https://github.com/dotnet/roslyn-analyzers/blob/main/src/PublicApiAnalyzers/PublicApiAnalyzers.Help.md) [C:\dev\0.9.0\Ksql.Linq\src\Ksql.Linq.csproj]
C:\dev\0.9.0\Ksql.Linq\src\Query\Dsl\ProjectionMetadata.cs(15,26): error RS0016: Symbol 'implicit set-accessor for 'Kind'' is not part of the declared public API (https://github.com/dotnet/roslyn-analyzers/blob/main/src/PublicApiAnalyzers/PublicApiAnalyzers.Help.md) [C:\dev\0.9.0\Ksql.Linq\src\Ksql.Linq.csproj]
C:\dev\0.9.0\Ksql.Linq\src\Query\Dsl\ProjectionMetadata.cs(16,13): error RS0016: Symbol 'implicit get-accessor for 'ResolvedColumnName'' is not part of the declared public API (https://github.com/dotnet/roslyn-analyzers/blob/main/src/PublicApiAnalyzers/PublicApiAnalyzers.Help.md) [C:\dev\0.9.0\Ksql.Linq\src\Ksql.Linq.csproj]
C:\dev\0.9.0\Ksql.Linq\src\Query\Dsl\ProjectionMetadata.cs(16,13): error RS0016: Symbol 'implicit set-accessor for 'ResolvedColumnName'' is not part of the declared public API (https://github.com/dotnet/roslyn-analyzers/blob/main/src/PublicApiAnalyzers/PublicApiAnalyzers.Help.md) [C:\dev\0.9.0\Ksql.Linq\src\Ksql.Linq.csproj]
C:\dev\0.9.0\Ksql.Linq\src\Query\Dsl\ProjectionMetadata.cs(17,13): error RS0016: Symbol 'implicit get-accessor for 'AggregateFunctionName'' is not part of the declared public API (https://github.com/dotnet/roslyn-analyzers/blob/main/src/PublicApiAnalyzers/PublicApiAnalyzers.Help.md) [C:\dev\0.9.0\Ksql.Linq\src\Ksql.Linq.csproj]
C:\dev\0.9.0\Ksql.Linq\src\Query\Dsl\ProjectionMetadata.cs(18,13): error RS0016: Symbol 'implicit get-accessor for 'SourceMemberPath'' is not part of the declared public API (https://github.com/dotnet/roslyn-analyzers/blob/main/src/PublicApiAnalyzers/PublicApiAnalyzers.Help.md) [C:\dev\0.9.0\Ksql.Linq\src\Ksql.Linq.csproj]
C:\dev\0.9.0\Ksql.Linq\src\Query\Dsl\ProjectionMetadata.cs(17,13): error RS0016: Symbol 'implicit set-accessor for 'AggregateFunctionName'' is not part of the declared public API (https://github.com/dotnet/roslyn-analyzers/blob/main/src/PublicApiAnalyzers/PublicApiAnalyzers.Help.md) [C:\dev\0.9.0\Ksql.Linq\src\Ksql.Linq.csproj]
C:\dev\0.9.0\Ksql.Linq\src\Query\Dsl\ProjectionMetadata.cs(18,13): error RS0016: Symbol 'implicit set-accessor for 'SourceMemberPath'' is not part of the declared public API (https://github.com/dotnet/roslyn-analyzers/blob/main/src/PublicApiAnalyzers/PublicApiAnalyzers.Help.md) [C:\dev\0.9.0\Ksql.Linq\src\Ksql.Linq.csproj]
C:\dev\0.9.0\Ksql.Linq\src\Query\Dsl\ProjectionMetadata.cs(19,10): error RS0016: Symbol 'implicit get-accessor for 'ResultType'' is not part of the declared public API (https://github.com/dotnet/roslyn-analyzers/blob/main/src/PublicApiAnalyzers/PublicApiAnalyzers.Help.md) [C:\dev\0.9.0\Ksql.Linq\src\Ksql.Linq.csproj]
C:\dev\0.9.0\Ksql.Linq\src\Query\Dsl\ProjectionMetadata.cs(19,10): error RS0016: Symbol 'implicit set-accessor for 'ResultType'' is not part of the declared public API (https://github.com/dotnet/roslyn-analyzers/blob/main/src/PublicApiAnalyzers/PublicApiAnalyzers.Help.md) [C:\dev\0.9.0\Ksql.Linq\src\Ksql.Linq.csproj]
C:\dev\0.9.0\Ksql.Linq\src\Messaging\Internal\ErrorHandlingContext.cs(34,65): error RS0016: Symbol 'ErrorOccurred' is not part of the declared public API (https://github.com/dotnet/roslyn-analyzers/blob/main/src/PublicApiAnalyzers/PublicApiAnalyzers.Help.md) [C:\dev\0.9.0\Ksql.Linq\src\Ksql.Linq.csproj]
C:\dev\0.9.0\Ksql.Linq\src\Query\Dsl\ProjectionMetadata.cs(20,10): error RS0016: Symbol 'implicit get-accessor for 'IsNullable'' is not part of the declared public API (https://github.com/dotnet/roslyn-analyzers/blob/main/src/PublicApiAnalyzers/PublicApiAnalyzers.Help.md) [C:\dev\0.9.0\Ksql.Linq\src\Ksql.Linq.csproj]
C:\dev\0.9.0\Ksql.Linq\src\Query\Linq\JoinableEntitySet.cs(14,14): error RS0016: Symbol 'JoinableEntitySet<T>' is not part of the declared public API (https://github.com/dotnet/roslyn-analyzers/blob/main/src/PublicApiAnalyzers/PublicApiAnalyzers.Help.md) [C:\dev\0.9.0\Ksql.Linq\src\Ksql.Linq.csproj]
C:\dev\0.9.0\Ksql.Linq\src\Query\Dsl\ProjectionMetadata.cs(20,10): error RS0016: Symbol 'implicit set-accessor for 'IsNullable'' is not part of the declared public API (https://github.com/dotnet/roslyn-analyzers/blob/main/src/PublicApiAnalyzers/PublicApiAnalyzers.Help.md) [C:\dev\0.9.0\Ksql.Linq\src\Ksql.Linq.csproj]
C:\dev\0.9.0\Ksql.Linq\src\Query\Dsl\Windows.cs(3,14): error RS0016: Symbol 'Windows' is not part of the declared public API (https://github.com/dotnet/roslyn-analyzers/blob/main/src/PublicApiAnalyzers/PublicApiAnalyzers.Help.md) [C:\dev\0.9.0\Ksql.Linq\src\Ksql.Linq.csproj]
C:\dev\0.9.0\Ksql.Linq\src\Messaging\MessageMeta.cs(6,31): error RS0016: Symbol 'MessageMeta' is not part of the declared public API (https://github.com/dotnet/roslyn-analyzers/blob/main/src/PublicApiAnalyzers/PublicApiAnalyzers.Help.md) [C:\dev\0.9.0\Ksql.Linq\src\Ksql.Linq.csproj]
C:\dev\0.9.0\Ksql.Linq\src\Messaging\MessageMeta.cs(7,12): error RS0016: Symbol 'implicit get-accessor for 'Topic'' is not part of the declared public API (https://github.com/dotnet/roslyn-analyzers/blob/main/src/PublicApiAnalyzers/PublicApiAnalyzers.Help.md) [C:\dev\0.9.0\Ksql.Linq\src\Ksql.Linq.csproj]
C:\dev\0.9.0\Ksql.Linq\src\Query\Dsl\Windows.cs(3,14): error RS0016: Symbol 'implicit constructor for 'Windows'' is not part of the declared public API (https://github.com/dotnet/roslyn-analyzers/blob/main/src/PublicApiAnalyzers/PublicApiAnalyzers.Help.md) [C:\dev\0.9.0\Ksql.Linq\src\Ksql.Linq.csproj]
C:\dev\0.9.0\Ksql.Linq\src\Messaging\MessageMeta.cs(8,9): error RS0016: Symbol 'implicit get-accessor for 'Partition'' is not part of the declared public API (https://github.com/dotnet/roslyn-analyzers/blob/main/src/PublicApiAnalyzers/PublicApiAnalyzers.Help.md) [C:\dev\0.9.0\Ksql.Linq\src\Ksql.Linq.csproj]
C:\dev\0.9.0\Ksql.Linq\src\Messaging\MessageMeta.cs(6,31): error RS0016: Symbol 'implicit constructor for 'MessageMeta'' is not part of the declared public API (https://github.com/dotnet/roslyn-analyzers/blob/main/src/PublicApiAnalyzers/PublicApiAnalyzers.Help.md) [C:\dev\0.9.0\Ksql.Linq\src\Ksql.Linq.csproj]
C:\dev\0.9.0\Ksql.Linq\src\Messaging\MessageMeta.cs(7,12): error RS0016: Symbol 'implicit set-accessor for 'Topic'' is not part of the declared public API (https://github.com/dotnet/roslyn-analyzers/blob/main/src/PublicApiAnalyzers/PublicApiAnalyzers.Help.md) [C:\dev\0.9.0\Ksql.Linq\src\Ksql.Linq.csproj]
C:\dev\0.9.0\Ksql.Linq\src\Messaging\MessageMeta.cs(8,9): error RS0016: Symbol 'implicit set-accessor for 'Partition'' is not part of the declared public API (https://github.com/dotnet/roslyn-analyzers/blob/main/src/PublicApiAnalyzers/PublicApiAnalyzers.Help.md) [C:\dev\0.9.0\Ksql.Linq\src\Ksql.Linq.csproj]
C:\dev\0.9.0\Ksql.Linq\src\Messaging\MessageMeta.cs(9,10): error RS0016: Symbol 'implicit get-accessor for 'Offset'' is not part of the declared public API (https://github.com/dotnet/roslyn-analyzers/blob/main/src/PublicApiAnalyzers/PublicApiAnalyzers.Help.md) [C:\dev\0.9.0\Ksql.Linq\src\Ksql.Linq.csproj]
C:\dev\0.9.0\Ksql.Linq\src\Messaging\MessageMeta.cs(10,27): error RS0016: Symbol 'implicit get-accessor for 'TimestampUtc'' is not part of the declared public API (https://github.com/dotnet/roslyn-analyzers/blob/main/src/PublicApiAnalyzers/PublicApiAnalyzers.Help.md) [C:\dev\0.9.0\Ksql.Linq\src\Ksql.Linq.csproj]
C:\dev\0.9.0\Ksql.Linq\src\Messaging\MessageMeta.cs(11,10): error RS0016: Symbol 'implicit get-accessor for 'SchemaIdKey'' is not part of the declared public API (https://github.com/dotnet/roslyn-analyzers/blob/main/src/PublicApiAnalyzers/PublicApiAnalyzers.Help.md) [C:\dev\0.9.0\Ksql.Linq\src\Ksql.Linq.csproj]
C:\dev\0.9.0\Ksql.Linq\src\Messaging\MessageMeta.cs(9,10): error RS0016: Symbol 'implicit set-accessor for 'Offset'' is not part of the declared public API (https://github.com/dotnet/roslyn-analyzers/blob/main/src/PublicApiAnalyzers/PublicApiAnalyzers.Help.md) [C:\dev\0.9.0\Ksql.Linq\src\Ksql.Linq.csproj]
C:\dev\0.9.0\Ksql.Linq\src\Messaging\MessageMeta.cs(14,68): error RS0016: Symbol 'implicit get-accessor for 'HeaderAllowList'' is not part of the declared public API (https://github.com/dotnet/roslyn-analyzers/blob/main/src/PublicApiAnalyzers/PublicApiAnalyzers.Help.md) [C:\dev\0.9.0\Ksql.Linq\src\Ksql.Linq.csproj]
C:\dev\0.9.0\Ksql.Linq\src\Messaging\MessageMeta.cs(12,10): error RS0016: Symbol 'implicit get-accessor for 'SchemaIdValue'' is not part of the declared public API (https://github.com/dotnet/roslyn-analyzers/blob/main/src/PublicApiAnalyzers/PublicApiAnalyzers.Help.md) [C:\dev\0.9.0\Ksql.Linq\src\Ksql.Linq.csproj]
C:\dev\0.9.0\Ksql.Linq\src\Messaging\MessageMeta.cs(10,27): error RS0016: Symbol 'implicit set-accessor for 'TimestampUtc'' is not part of the declared public API (https://github.com/dotnet/roslyn-analyzers/blob/main/src/PublicApiAnalyzers/PublicApiAnalyzers.Help.md) [C:\dev\0.9.0\Ksql.Linq\src\Ksql.Linq.csproj]
C:\dev\0.9.0\Ksql.Linq\src\Messaging\MessageMeta.cs(13,10): error RS0016: Symbol 'implicit get-accessor for 'KeyIsNull'' is not part of the declared public API (https://github.com/dotnet/roslyn-analyzers/blob/main/src/PublicApiAnalyzers/PublicApiAnalyzers.Help.md) [C:\dev\0.9.0\Ksql.Linq\src\Ksql.Linq.csproj]
C:\dev\0.9.0\Ksql.Linq\src\Messaging\MessageMeta.cs(11,10): error RS0016: Symbol 'implicit set-accessor for 'SchemaIdKey'' is not part of the declared public API (https://github.com/dotnet/roslyn-analyzers/blob/main/src/PublicApiAnalyzers/PublicApiAnalyzers.Help.md) [C:\dev\0.9.0\Ksql.Linq\src\Ksql.Linq.csproj]
C:\dev\0.9.0\Ksql.Linq\src\Messaging\MessageMeta.cs(12,10): error RS0016: Symbol 'implicit set-accessor for 'SchemaIdValue'' is not part of the declared public API (https://github.com/dotnet/roslyn-analyzers/blob/main/src/PublicApiAnalyzers/PublicApiAnalyzers.Help.md) [C:\dev\0.9.0\Ksql.Linq\src\Ksql.Linq.csproj]
C:\dev\0.9.0\Ksql.Linq\src\Messaging\MessageMeta.cs(14,68): error RS0016: Symbol 'implicit set-accessor for 'HeaderAllowList'' is not part of the declared public API (https://github.com/dotnet/roslyn-analyzers/blob/main/src/PublicApiAnalyzers/PublicApiAnalyzers.Help.md) [C:\dev\0.9.0\Ksql.Linq\src\Ksql.Linq.csproj]
C:\dev\0.9.0\Ksql.Linq\src\Messaging\MessageMeta.cs(13,10): error RS0016: Symbol 'implicit set-accessor for 'KeyIsNull'' is not part of the declared public API (https://github.com/dotnet/roslyn-analyzers/blob/main/src/PublicApiAnalyzers/PublicApiAnalyzers.Help.md) [C:\dev\0.9.0\Ksql.Linq\src\Ksql.Linq.csproj]
C:\dev\0.9.0\Ksql.Linq\src\Messaging\Producers\IDlqProducer.cs(6,18): error RS0016: Symbol 'IDlqProducer' is not part of the declared public API (https://github.com/dotnet/roslyn-analyzers/blob/main/src/PublicApiAnalyzers/PublicApiAnalyzers.Help.md) [C:\dev\0.9.0\Ksql.Linq\src\Ksql.Linq.csproj]
C:\dev\0.9.0\Ksql.Linq\src\Query\Pipeline\IDMLQueryGenerator.cs(5,18): error RS0016: Symbol 'IDMLQueryGenerator' is not part of the declared public API (https://github.com/dotnet/roslyn-analyzers/blob/main/src/PublicApiAnalyzers/PublicApiAnalyzers.Help.md) [C:\dev\0.9.0\Ksql.Linq\src\Ksql.Linq.csproj]
C:\dev\0.9.0\Ksql.Linq\src\Query\Pipeline\QueryExecutionMode.cs(11,5): error RS0016: Symbol 'Unspecified' is not part of the declared public API (https://github.com/dotnet/roslyn-analyzers/blob/main/src/PublicApiAnalyzers/PublicApiAnalyzers.Help.md) [C:\dev\0.9.0\Ksql.Linq\src\Ksql.Linq.csproj]
C:\dev\0.9.0\Ksql.Linq\src\Query\Pipeline\QueryExecutionMode.cs(15,5): error RS0016: Symbol 'PullQuery' is not part of the declared public API (https://github.com/dotnet/roslyn-analyzers/blob/main/src/PublicApiAnalyzers/PublicApiAnalyzers.Help.md) [C:\dev\0.9.0\Ksql.Linq\src\Ksql.Linq.csproj]
C:\dev\0.9.0\Ksql.Linq\src\Query\Pipeline\QueryExecutionMode.cs(20,5): error RS0016: Symbol 'PushQuery' is not part of the declared public API (https://github.com/dotnet/roslyn-analyzers/blob/main/src/PublicApiAnalyzers/PublicApiAnalyzers.Help.md) [C:\dev\0.9.0\Ksql.Linq\src\Ksql.Linq.csproj]
C:\dev\0.9.0\Ksql.Linq\src\Query\Pipeline\QueryExecutionMode.cs(6,13): error RS0016: Symbol 'QueryExecutionMode' is not part of the declared public API (https://github.com/dotnet/roslyn-analyzers/blob/main/src/PublicApiAnalyzers/PublicApiAnalyzers.Help.md) [C:\dev\0.9.0\Ksql.Linq\src\Ksql.Linq.csproj]
C:\dev\0.9.0\Ksql.Linq\src\Configuration\KsqlDslOptions.cs(87,19): error RS0016: Symbol 'DecimalSetting' is not part of the declared public API (https://github.com/dotnet/roslyn-analyzers/blob/main/src/PublicApiAnalyzers/PublicApiAnalyzers.Help.md) [C:\dev\0.9.0\Ksql.Linq\src\Ksql.Linq.csproj]
C:\dev\0.9.0\Ksql.Linq\src\Configuration\Abstractions\KafkaSubscriptionOptions.cs(9,30): error RS0016: Symbol 'GroupId.get' is not part of the declared public API (https://github.com/dotnet/roslyn-analyzers/blob/main/src/PublicApiAnalyzers/PublicApiAnalyzers.Help.md) [C:\dev\0.9.0\Ksql.Linq\src\Ksql.Linq.csproj]
C:\dev\0.9.0\Ksql.Linq\src\Configuration\CommonSection.cs(12,38): error RS0016: Symbol 'BootstrapServers.get' is not part of the declared public API (https://github.com/dotnet/roslyn-analyzers/blob/main/src/PublicApiAnalyzers/PublicApiAnalyzers.Help.md) [C:\dev\0.9.0\Ksql.Linq\src\Ksql.Linq.csproj]
C:\dev\0.9.0\Ksql.Linq\src\Configuration\Abstractions\KafkaSubscriptionOptions.cs(9,35): error RS0016: Symbol 'GroupId.set' is not part of the declared public API (https://github.com/dotnet/roslyn-analyzers/blob/main/src/PublicApiAnalyzers/PublicApiAnalyzers.Help.md) [C:\dev\0.9.0\Ksql.Linq\src\Ksql.Linq.csproj]
C:\dev\0.9.0\Ksql.Linq\src\Configuration\CommonSection.cs(18,30): error RS0016: Symbol 'ClientId.get' is not part of the declared public API (https://github.com/dotnet/roslyn-analyzers/blob/main/src/PublicApiAnalyzers/PublicApiAnalyzers.Help.md) [C:\dev\0.9.0\Ksql.Linq\src\Ksql.Linq.csproj]
C:\dev\0.9.0\Ksql.Linq\src\Configuration\CommonSection.cs(12,43): error RS0016: Symbol 'BootstrapServers.init' is not part of the declared public API (https://github.com/dotnet/roslyn-analyzers/blob/main/src/PublicApiAnalyzers/PublicApiAnalyzers.Help.md) [C:\dev\0.9.0\Ksql.Linq\src\Ksql.Linq.csproj]
C:\dev\0.9.0\Ksql.Linq\src\Configuration\Abstractions\KafkaSubscriptionOptions.cs(14,31): error RS0016: Symbol 'AutoCommit.get' is not part of the declared public API (https://github.com/dotnet/roslyn-analyzers/blob/main/src/PublicApiAnalyzers/PublicApiAnalyzers.Help.md) [C:\dev\0.9.0\Ksql.Linq\src\Ksql.Linq.csproj]
C:\dev\0.9.0\Ksql.Linq\src\Configuration\CommonSection.cs(18,35): error RS0016: Symbol 'ClientId.init' is not part of the declared public API (https://github.com/dotnet/roslyn-analyzers/blob/main/src/PublicApiAnalyzers/PublicApiAnalyzers.Help.md) [C:\dev\0.9.0\Ksql.Linq\src\Ksql.Linq.csproj]
C:\dev\0.9.0\Ksql.Linq\src\Configuration\CommonSection.cs(24,35): error RS0016: Symbol 'ApplicationId.get' is not part of the declared public API (https://github.com/dotnet/roslyn-analyzers/blob/main/src/PublicApiAnalyzers/PublicApiAnalyzers.Help.md) [C:\dev\0.9.0\Ksql.Linq\src\Ksql.Linq.csproj]
C:\dev\0.9.0\Ksql.Linq\src\Configuration\Abstractions\KafkaSubscriptionOptions.cs(14,36): error RS0016: Symbol 'AutoCommit.set' is not part of the declared public API (https://github.com/dotnet/roslyn-analyzers/blob/main/src/PublicApiAnalyzers/PublicApiAnalyzers.Help.md) [C:\dev\0.9.0\Ksql.Linq\src\Ksql.Linq.csproj]
C:\dev\0.9.0\Ksql.Linq\src\Configuration\CommonSection.cs(30,35): error RS0016: Symbol 'RequestTimeoutMs.get' is not part of the declared public API (https://github.com/dotnet/roslyn-analyzers/blob/main/src/PublicApiAnalyzers/PublicApiAnalyzers.Help.md) [C:\dev\0.9.0\Ksql.Linq\src\Ksql.Linq.csproj]
C:\dev\0.9.0\Ksql.Linq\src\Configuration\Abstractions\KafkaSubscriptionOptions.cs(19,47): error RS0016: Symbol 'AutoOffsetReset.get' is not part of the declared public API (https://github.com/dotnet/roslyn-analyzers/blob/main/src/PublicApiAnalyzers/PublicApiAnalyzers.Help.md) [C:\dev\0.9.0\Ksql.Linq\src\Ksql.Linq.csproj]
C:\dev\0.9.0\Ksql.Linq\src\Configuration\CommonSection.cs(24,40): error RS0016: Symbol 'ApplicationId.init' is not part of the declared public API (https://github.com/dotnet/roslyn-analyzers/blob/main/src/PublicApiAnalyzers/PublicApiAnalyzers.Help.md) [C:\dev\0.9.0\Ksql.Linq\src\Ksql.Linq.csproj]
C:\dev\0.9.0\Ksql.Linq\src\Configuration\WindowConfigurationProvider.cs(14,12): error RS0016: Symbol 'WindowConfigurationProvider' is not part of the declared public API (https://github.com/dotnet/roslyn-analyzers/blob/main/src/PublicApiAnalyzers/PublicApiAnalyzers.Help.md) [C:\dev\0.9.0\Ksql.Linq\src\Ksql.Linq.csproj]
C:\dev\0.9.0\Ksql.Linq\src\Application\KsqlContextOptionsExtensions.cs(7,38): error RS0016: Symbol 'UseSchemaRegistry' is not part of the declared public API (https://github.com/dotnet/roslyn-analyzers/blob/main/src/PublicApiAnalyzers/PublicApiAnalyzers.Help.md) [C:\dev\0.9.0\Ksql.Linq\src\Ksql.Linq.csproj]
C:\dev\0.9.0\Ksql.Linq\src\Configuration\Abstractions\KafkaSubscriptionOptions.cs(19,52): error RS0016: Symbol 'AutoOffsetReset.set' is not part of the declared public API (https://github.com/dotnet/roslyn-analyzers/blob/main/src/PublicApiAnalyzers/PublicApiAnalyzers.Help.md) [C:\dev\0.9.0\Ksql.Linq\src\Ksql.Linq.csproj]
C:\dev\0.9.0\Ksql.Linq\src\Configuration\CommonSection.cs(30,40): error RS0016: Symbol 'RequestTimeoutMs.init' is not part of the declared public API (https://github.com/dotnet/roslyn-analyzers/blob/main/src/PublicApiAnalyzers/PublicApiAnalyzers.Help.md) [C:\dev\0.9.0\Ksql.Linq\src\Ksql.Linq.csproj]
C:\dev\0.9.0\Ksql.Linq\src\Configuration\CommonSection.cs(36,35): error RS0016: Symbol 'MetadataMaxAgeMs.get' is not part of the declared public API (https://github.com/dotnet/roslyn-analyzers/blob/main/src/PublicApiAnalyzers/PublicApiAnalyzers.Help.md) [C:\dev\0.9.0\Ksql.Linq\src\Ksql.Linq.csproj]
C:\dev\0.9.0\Ksql.Linq\src\Configuration\Abstractions\KafkaSubscriptionOptions.cs(24,38): error RS0016: Symbol 'EnablePartitionEof.get' is not part of the declared public API (https://github.com/dotnet/roslyn-analyzers/blob/main/src/PublicApiAnalyzers/PublicApiAnalyzers.Help.md) [C:\dev\0.9.0\Ksql.Linq\src\Ksql.Linq.csproj]
C:\dev\0.9.0\Ksql.Linq\src\Configuration\Abstractions\KafkaSubscriptionOptions.cs(24,43): error RS0016: Symbol 'EnablePartitionEof.set' is not part of the declared public API (https://github.com/dotnet/roslyn-analyzers/blob/main/src/PublicApiAnalyzers/PublicApiAnalyzers.Help.md) [C:\dev\0.9.0\Ksql.Linq\src\Ksql.Linq.csproj]
C:\dev\0.9.0\Ksql.Linq\src\Configuration\CommonSection.cs(36,40): error RS0016: Symbol 'MetadataMaxAgeMs.init' is not part of the declared public API (https://github.com/dotnet/roslyn-analyzers/blob/main/src/PublicApiAnalyzers/PublicApiAnalyzers.Help.md) [C:\dev\0.9.0\Ksql.Linq\src\Ksql.Linq.csproj]
C:\dev\0.9.0\Ksql.Linq\src\Configuration\CommonSection.cs(42,48): error RS0016: Symbol 'SecurityProtocol.get' is not part of the declared public API (https://github.com/dotnet/roslyn-analyzers/blob/main/src/PublicApiAnalyzers/PublicApiAnalyzers.Help.md) [C:\dev\0.9.0\Ksql.Linq\src\Ksql.Linq.csproj]
C:\dev\0.9.0\Ksql.Linq\src\Configuration\CommonSection.cs(42,53): error RS0016: Symbol 'SecurityProtocol.init' is not part of the declared public API (https://github.com/dotnet/roslyn-analyzers/blob/main/src/PublicApiAnalyzers/PublicApiAnalyzers.Help.md) [C:\dev\0.9.0\Ksql.Linq\src\Ksql.Linq.csproj]
C:\dev\0.9.0\Ksql.Linq\src\Configuration\Abstractions\KafkaSubscriptionOptions.cs(29,39): error RS0016: Symbol 'SessionTimeout.get' is not part of the declared public API (https://github.com/dotnet/roslyn-analyzers/blob/main/src/PublicApiAnalyzers/PublicApiAnalyzers.Help.md) [C:\dev\0.9.0\Ksql.Linq\src\Ksql.Linq.csproj]
C:\dev\0.9.0\Ksql.Linq\src\Configuration\Abstractions\KafkaSubscriptionOptions.cs(29,44): error RS0016: Symbol 'SessionTimeout.set' is not part of the declared public API (https://github.com/dotnet/roslyn-analyzers/blob/main/src/PublicApiAnalyzers/PublicApiAnalyzers.Help.md) [C:\dev\0.9.0\Ksql.Linq\src\Ksql.Linq.csproj]
C:\dev\0.9.0\Ksql.Linq\src\Configuration\Abstractions\KafkaSubscriptionOptions.cs(34,42): error RS0016: Symbol 'HeartbeatInterval.get' is not part of the declared public API (https://github.com/dotnet/roslyn-analyzers/blob/main/src/PublicApiAnalyzers/PublicApiAnalyzers.Help.md) [C:\dev\0.9.0\Ksql.Linq\src\Ksql.Linq.csproj]
C:\dev\0.9.0\Ksql.Linq\src\Configuration\CommonSection.cs(47,43): error RS0016: Symbol 'SaslMechanism.get' is not part of the declared public API (https://github.com/dotnet/roslyn-analyzers/blob/main/src/PublicApiAnalyzers/PublicApiAnalyzers.Help.md) [C:\dev\0.9.0\Ksql.Linq\src\Ksql.Linq.csproj]
C:\dev\0.9.0\Ksql.Linq\src\Configuration\CommonSection.cs(47,48): error RS0016: Symbol 'SaslMechanism.init' is not part of the declared public API (https://github.com/dotnet/roslyn-analyzers/blob/main/src/PublicApiAnalyzers/PublicApiAnalyzers.Help.md) [C:\dev\0.9.0\Ksql.Linq\src\Ksql.Linq.csproj]
C:\dev\0.9.0\Ksql.Linq\src\Configuration\CommonSection.cs(52,35): error RS0016: Symbol 'SaslUsername.get' is not part of the declared public API (https://github.com/dotnet/roslyn-analyzers/blob/main/src/PublicApiAnalyzers/PublicApiAnalyzers.Help.md) [C:\dev\0.9.0\Ksql.Linq\src\Ksql.Linq.csproj]
C:\dev\0.9.0\Ksql.Linq\src\Configuration\CommonSection.cs(52,40): error RS0016: Symbol 'SaslUsername.init' is not part of the declared public API (https://github.com/dotnet/roslyn-analyzers/blob/main/src/PublicApiAnalyzers/PublicApiAnalyzers.Help.md) [C:\dev\0.9.0\Ksql.Linq\src\Ksql.Linq.csproj]
C:\dev\0.9.0\Ksql.Linq\src\Configuration\Abstractions\KafkaSubscriptionOptions.cs(34,47): error RS0016: Symbol 'HeartbeatInterval.set' is not part of the declared public API (https://github.com/dotnet/roslyn-analyzers/blob/main/src/PublicApiAnalyzers/PublicApiAnalyzers.Help.md) [C:\dev\0.9.0\Ksql.Linq\src\Ksql.Linq.csproj]
C:\dev\0.9.0\Ksql.Linq\src\Configuration\CommonSection.cs(57,35): error RS0016: Symbol 'SaslPassword.get' is not part of the declared public API (https://github.com/dotnet/roslyn-analyzers/blob/main/src/PublicApiAnalyzers/PublicApiAnalyzers.Help.md) [C:\dev\0.9.0\Ksql.Linq\src\Ksql.Linq.csproj]
C:\dev\0.9.0\Ksql.Linq\src\Configuration\CommonSection.cs(57,40): error RS0016: Symbol 'SaslPassword.init' is not part of the declared public API (https://github.com/dotnet/roslyn-analyzers/blob/main/src/PublicApiAnalyzers/PublicApiAnalyzers.Help.md) [C:\dev\0.9.0\Ksql.Linq\src\Ksql.Linq.csproj]
C:\dev\0.9.0\Ksql.Linq\src\Configuration\CommonSection.cs(62,36): error RS0016: Symbol 'SslCaLocation.get' is not part of the declared public API (https://github.com/dotnet/roslyn-analyzers/blob/main/src/PublicApiAnalyzers/PublicApiAnalyzers.Help.md) [C:\dev\0.9.0\Ksql.Linq\src\Ksql.Linq.csproj]
C:\dev\0.9.0\Ksql.Linq\src\Configuration\CommonSection.cs(62,41): error RS0016: Symbol 'SslCaLocation.init' is not part of the declared public API (https://github.com/dotnet/roslyn-analyzers/blob/main/src/PublicApiAnalyzers/PublicApiAnalyzers.Help.md) [C:\dev\0.9.0\Ksql.Linq\src\Ksql.Linq.csproj]
C:\dev\0.9.0\Ksql.Linq\src\Configuration\CommonSection.cs(67,45): error RS0016: Symbol 'SslCertificateLocation.get' is not part of the declared public API (https://github.com/dotnet/roslyn-analyzers/blob/main/src/PublicApiAnalyzers/PublicApiAnalyzers.Help.md) [C:\dev\0.9.0\Ksql.Linq\src\Ksql.Linq.csproj]
C:\dev\0.9.0\Ksql.Linq\src\Configuration\CommonSection.cs(67,50): error RS0016: Symbol 'SslCertificateLocation.init' is not part of the declared public API (https://github.com/dotnet/roslyn-analyzers/blob/main/src/PublicApiAnalyzers/PublicApiAnalyzers.Help.md) [C:\dev\0.9.0\Ksql.Linq\src\Ksql.Linq.csproj]
C:\dev\0.9.0\Ksql.Linq\src\Configuration\Abstractions\KafkaSubscriptionOptions.cs(39,31): error RS0016: Symbol 'StopOnError.get' is not part of the declared public API (https://github.com/dotnet/roslyn-analyzers/blob/main/src/PublicApiAnalyzers/PublicApiAnalyzers.Help.md) [C:\dev\0.9.0\Ksql.Linq\src\Ksql.Linq.csproj]
C:\dev\0.9.0\Ksql.Linq\src\Configuration\Abstractions\KafkaSubscriptionOptions.cs(39,36): error RS0016: Symbol 'StopOnError.set' is not part of the declared public API (https://github.com/dotnet/roslyn-analyzers/blob/main/src/PublicApiAnalyzers/PublicApiAnalyzers.Help.md) [C:\dev\0.9.0\Ksql.Linq\src\Ksql.Linq.csproj]
C:\dev\0.9.0\Ksql.Linq\src\Configuration\CommonSection.cs(72,42): error RS0016: Symbol 'SslKeyLocation.init' is not part of the declared public API (https://github.com/dotnet/roslyn-analyzers/blob/main/src/PublicApiAnalyzers/PublicApiAnalyzers.Help.md) [C:\dev\0.9.0\Ksql.Linq\src\Ksql.Linq.csproj]
C:\dev\0.9.0\Ksql.Linq\src\Configuration\CommonSection.cs(72,37): error RS0016: Symbol 'SslKeyLocation.get' is not part of the declared public API (https://github.com/dotnet/roslyn-analyzers/blob/main/src/PublicApiAnalyzers/PublicApiAnalyzers.Help.md) [C:\dev\0.9.0\Ksql.Linq\src\Ksql.Linq.csproj]
C:\dev\0.9.0\Ksql.Linq\src\Configuration\Abstractions\KafkaSubscriptionOptions.cs(44,34): error RS0016: Symbol 'MaxPollRecords.get' is not part of the declared public API (https://github.com/dotnet/roslyn-analyzers/blob/main/src/PublicApiAnalyzers/PublicApiAnalyzers.Help.md) [C:\dev\0.9.0\Ksql.Linq\src\Ksql.Linq.csproj]
C:\dev\0.9.0\Ksql.Linq\src\Configuration\CommonSection.cs(77,37): error RS0016: Symbol 'SslKeyPassword.get' is not part of the declared public API (https://github.com/dotnet/roslyn-analyzers/blob/main/src/PublicApiAnalyzers/PublicApiAnalyzers.Help.md) [C:\dev\0.9.0\Ksql.Linq\src\Ksql.Linq.csproj]
C:\dev\0.9.0\Ksql.Linq\src\Configuration\CommonSection.cs(77,42): error RS0016: Symbol 'SslKeyPassword.init' is not part of the declared public API (https://github.com/dotnet/roslyn-analyzers/blob/main/src/PublicApiAnalyzers/PublicApiAnalyzers.Help.md) [C:\dev\0.9.0\Ksql.Linq\src\Ksql.Linq.csproj]
C:\dev\0.9.0\Ksql.Linq\src\Configuration\Abstractions\KafkaSubscriptionOptions.cs(44,39): error RS0016: Symbol 'MaxPollRecords.set' is not part of the declared public API (https://github.com/dotnet/roslyn-analyzers/blob/main/src/PublicApiAnalyzers/PublicApiAnalyzers.Help.md) [C:\dev\0.9.0\Ksql.Linq\src\Ksql.Linq.csproj]
C:\dev\0.9.0\Ksql.Linq\src\Configuration\Abstractions\KafkaSubscriptionOptions.cs(49,40): error RS0016: Symbol 'MaxPollInterval.get' is not part of the declared public API (https://github.com/dotnet/roslyn-analyzers/blob/main/src/PublicApiAnalyzers/PublicApiAnalyzers.Help.md) [C:\dev\0.9.0\Ksql.Linq\src\Ksql.Linq.csproj]
C:\dev\0.9.0\Ksql.Linq\src\Configuration\Abstractions\KafkaSubscriptionOptions.cs(49,45): error RS0016: Symbol 'MaxPollInterval.set' is not part of the declared public API (https://github.com/dotnet/roslyn-analyzers/blob/main/src/PublicApiAnalyzers/PublicApiAnalyzers.Help.md) [C:\dev\0.9.0\Ksql.Linq\src\Ksql.Linq.csproj]
C:\dev\0.9.0\Ksql.Linq\src\Configuration\CommonSection.cs(83,67): error RS0016: Symbol 'AdditionalProperties.init' is not part of the declared public API (https://github.com/dotnet/roslyn-analyzers/blob/main/src/PublicApiAnalyzers/PublicApiAnalyzers.Help.md) [C:\dev\0.9.0\Ksql.Linq\src\Ksql.Linq.csproj]
C:\dev\0.9.0\Ksql.Linq\src\Configuration\CommonSection.cs(83,62): error RS0016: Symbol 'AdditionalProperties.get' is not part of the declared public API (https://github.com/dotnet/roslyn-analyzers/blob/main/src/PublicApiAnalyzers/PublicApiAnalyzers.Help.md) [C:\dev\0.9.0\Ksql.Linq\src\Ksql.Linq.csproj]
C:\dev\0.9.0\Ksql.Linq\src\Configuration\DlqOptions.cs(103,31): error RS0016: Symbol 'TopicName.get' is not part of the declared public API (https://github.com/dotnet/roslyn-analyzers/blob/main/src/PublicApiAnalyzers/PublicApiAnalyzers.Help.md) [C:\dev\0.9.0\Ksql.Linq\src\Ksql.Linq.csproj]
C:\dev\0.9.0\Ksql.Linq\src\Configuration\EntityConfiguration.cs(6,37): error RS0016: Symbol 'SourceTopic.get' is not part of the declared public API (https://github.com/dotnet/roslyn-analyzers/blob/main/src/PublicApiAnalyzers/PublicApiAnalyzers.Help.md) [C:\dev\0.9.0\Ksql.Linq\src\Ksql.Linq.csproj]
C:\dev\0.9.0\Ksql.Linq\src\Configuration\DlqOptions.cs(103,36): error RS0016: Symbol 'TopicName.set' is not part of the declared public API (https://github.com/dotnet/roslyn-analyzers/blob/main/src/PublicApiAnalyzers/PublicApiAnalyzers.Help.md) [C:\dev\0.9.0\Ksql.Linq\src\Ksql.Linq.csproj]
C:\dev\0.9.0\Ksql.Linq\src\Configuration\EntityConfiguration.cs(5,37): error RS0016: Symbol 'Entity.set' is not part of the declared public API (https://github.com/dotnet/roslyn-analyzers/blob/main/src/PublicApiAnalyzers/PublicApiAnalyzers.Help.md) [C:\dev\0.9.0\Ksql.Linq\src\Ksql.Linq.csproj]
C:\dev\0.9.0\Ksql.Linq\src\Configuration\EntityConfiguration.cs(5,32): error RS0016: Symbol 'Entity.get' is not part of the declared public API (https://github.com/dotnet/roslyn-analyzers/blob/main/src/PublicApiAnalyzers/PublicApiAnalyzers.Help.md) [C:\dev\0.9.0\Ksql.Linq\src\Ksql.Linq.csproj]
C:\dev\0.9.0\Ksql.Linq\src\Configuration\DefaultValueBinder.cs(8,24): error RS0016: Symbol 'ApplyDefaults' is not part of the declared public API (https://github.com/dotnet/roslyn-analyzers/blob/main/src/PublicApiAnalyzers/PublicApiAnalyzers.Help.md) [C:\dev\0.9.0\Ksql.Linq\src\Ksql.Linq.csproj]
C:\dev\0.9.0\Ksql.Linq\src\Configuration\DlqOptions.cs(104,35): error RS0016: Symbol 'OriginalTopic.get' is not part of the declared public API (https://github.com/dotnet/roslyn-analyzers/blob/main/src/PublicApiAnalyzers/PublicApiAnalyzers.Help.md) [C:\dev\0.9.0\Ksql.Linq\src\Ksql.Linq.csproj]
C:\dev\0.9.0\Ksql.Linq\src\Configuration\DlqOptions.cs(104,40): error RS0016: Symbol 'OriginalTopic.set' is not part of the declared public API (https://github.com/dotnet/roslyn-analyzers/blob/main/src/PublicApiAnalyzers/PublicApiAnalyzers.Help.md) [C:\dev\0.9.0\Ksql.Linq\src\Ksql.Linq.csproj]
C:\dev\0.9.0\Ksql.Linq\src\Configuration\EntityConfiguration.cs(6,42): error RS0016: Symbol 'SourceTopic.set' is not part of the declared public API (https://github.com/dotnet/roslyn-analyzers/blob/main/src/PublicApiAnalyzers/PublicApiAnalyzers.Help.md) [C:\dev\0.9.0\Ksql.Linq\src\Ksql.Linq.csproj]
C:\dev\0.9.0\Ksql.Linq\src\Configuration\EntityConfiguration.cs(7,35): error RS0016: Symbol 'EnableCache.get' is not part of the declared public API (https://github.com/dotnet/roslyn-analyzers/blob/main/src/PublicApiAnalyzers/PublicApiAnalyzers.Help.md) [C:\dev\0.9.0\Ksql.Linq\src\Ksql.Linq.csproj]
C:\dev\0.9.0\Ksql.Linq\src\Configuration\DlqOptions.cs(105,31): error RS0016: Symbol 'ErrorType.get' is not part of the declared public API (https://github.com/dotnet/roslyn-analyzers/blob/main/src/PublicApiAnalyzers/PublicApiAnalyzers.Help.md) [C:\dev\0.9.0\Ksql.Linq\src\Ksql.Linq.csproj]
C:\dev\0.9.0\Ksql.Linq\src\Configuration\DlqOptions.cs(105,36): error RS0016: Symbol 'ErrorType.set' is not part of the declared public API (https://github.com/dotnet/roslyn-analyzers/blob/main/src/PublicApiAnalyzers/PublicApiAnalyzers.Help.md) [C:\dev\0.9.0\Ksql.Linq\src\Ksql.Linq.csproj]
C:\dev\0.9.0\Ksql.Linq\src\Configuration\EntityConfiguration.cs(7,40): error RS0016: Symbol 'EnableCache.set' is not part of the declared public API (https://github.com/dotnet/roslyn-analyzers/blob/main/src/PublicApiAnalyzers/PublicApiAnalyzers.Help.md) [C:\dev\0.9.0\Ksql.Linq\src\Ksql.Linq.csproj]
C:\dev\0.9.0\Ksql.Linq\src\Configuration\EntityConfiguration.cs(8,36): error RS0016: Symbol 'StoreName.get' is not part of the declared public API (https://github.com/dotnet/roslyn-analyzers/blob/main/src/PublicApiAnalyzers/PublicApiAnalyzers.Help.md) [C:\dev\0.9.0\Ksql.Linq\src\Ksql.Linq.csproj]
C:\dev\0.9.0\Ksql.Linq\src\Configuration\DlqOptions.cs(106,40): error RS0016: Symbol 'ProcessedAt.set' is not part of the declared public API (https://github.com/dotnet/roslyn-analyzers/blob/main/src/PublicApiAnalyzers/PublicApiAnalyzers.Help.md) [C:\dev\0.9.0\Ksql.Linq\src\Ksql.Linq.csproj]
C:\dev\0.9.0\Ksql.Linq\src\Configuration\EntityConfiguration.cs(8,41): error RS0016: Symbol 'StoreName.set' is not part of the declared public API (https://github.com/dotnet/roslyn-analyzers/blob/main/src/PublicApiAnalyzers/PublicApiAnalyzers.Help.md) [C:\dev\0.9.0\Ksql.Linq\src\Ksql.Linq.csproj]
C:\dev\0.9.0\Ksql.Linq\src\Configuration\DlqOptions.cs(106,35): error RS0016: Symbol 'ProcessedAt.get' is not part of the declared public API (https://github.com/dotnet/roslyn-analyzers/blob/main/src/PublicApiAnalyzers/PublicApiAnalyzers.Help.md) [C:\dev\0.9.0\Ksql.Linq\src\Ksql.Linq.csproj]
C:\dev\0.9.0\Ksql.Linq\src\Configuration\EntityConfiguration.cs(9,40): error RS0016: Symbol 'BaseDirectory.get' is not part of the declared public API (https://github.com/dotnet/roslyn-analyzers/blob/main/src/PublicApiAnalyzers/PublicApiAnalyzers.Help.md) [C:\dev\0.9.0\Ksql.Linq\src\Ksql.Linq.csproj]
C:\dev\0.9.0\Ksql.Linq\src\Configuration\FillOptions.cs(11,33): error RS0016: Symbol 'EnableAppSide.get' is not part of the declared public API (https://github.com/dotnet/roslyn-analyzers/blob/main/src/PublicApiAnalyzers/PublicApiAnalyzers.Help.md) [C:\dev\0.9.0\Ksql.Linq\src\Ksql.Linq.csproj]
C:\dev\0.9.0\Ksql.Linq\src\Configuration\EntityConfiguration.cs(9,45): error RS0016: Symbol 'BaseDirectory.set' is not part of the declared public API (https://github.com/dotnet/roslyn-analyzers/blob/main/src/PublicApiAnalyzers/PublicApiAnalyzers.Help.md) [C:\dev\0.9.0\Ksql.Linq\src\Ksql.Linq.csproj]
C:\dev\0.9.0\Ksql.Linq\src\Configuration\FillOptions.cs(11,38): error RS0016: Symbol 'EnableAppSide.init' is not part of the declared public API (https://github.com/dotnet/roslyn-analyzers/blob/main/src/PublicApiAnalyzers/PublicApiAnalyzers.Help.md) [C:\dev\0.9.0\Ksql.Linq\src\Ksql.Linq.csproj]
C:\dev\0.9.0\Ksql.Linq\src\Configuration\KsqlServerOptions.cs(11,31): error RS0016: Symbol 'ServiceId.get' is not part of the declared public API (https://github.com/dotnet/roslyn-analyzers/blob/main/src/PublicApiAnalyzers/PublicApiAnalyzers.Help.md) [C:\dev\0.9.0\Ksql.Linq\src\Ksql.Linq.csproj]
C:\dev\0.9.0\Ksql.Linq\src\Configuration\FillOptions.cs(17,37): error RS0016: Symbol 'MaxBackfillBuckets.get' is not part of the declared public API (https://github.com/dotnet/roslyn-analyzers/blob/main/src/PublicApiAnalyzers/PublicApiAnalyzers.Help.md) [C:\dev\0.9.0\Ksql.Linq\src\Ksql.Linq.csproj]
C:\dev\0.9.0\Ksql.Linq\src\Configuration\FillOptions.cs(17,42): error RS0016: Symbol 'MaxBackfillBuckets.init' is not part of the declared public API (https://github.com/dotnet/roslyn-analyzers/blob/main/src/PublicApiAnalyzers/PublicApiAnalyzers.Help.md) [C:\dev\0.9.0\Ksql.Linq\src\Ksql.Linq.csproj]
C:\dev\0.9.0\Ksql.Linq\src\Configuration\KsqlServerOptions.cs(11,36): error RS0016: Symbol 'ServiceId.init' is not part of the declared public API (https://github.com/dotnet/roslyn-analyzers/blob/main/src/PublicApiAnalyzers/PublicApiAnalyzers.Help.md) [C:\dev\0.9.0\Ksql.Linq\src\Ksql.Linq.csproj]
C:\dev\0.9.0\Ksql.Linq\src\Configuration\FillOptions.cs(23,41): error RS0016: Symbol 'BackfillHorizonMinutes.get' is not part of the declared public API (https://github.com/dotnet/roslyn-analyzers/blob/main/src/PublicApiAnalyzers/PublicApiAnalyzers.Help.md) [C:\dev\0.9.0\Ksql.Linq\src\Ksql.Linq.csproj]
C:\dev\0.9.0\Ksql.Linq\src\Configuration\FillOptions.cs(23,46): error RS0016: Symbol 'BackfillHorizonMinutes.init' is not part of the declared public API (https://github.com/dotnet/roslyn-analyzers/blob/main/src/PublicApiAnalyzers/PublicApiAnalyzers.Help.md) [C:\dev\0.9.0\Ksql.Linq\src\Ksql.Linq.csproj]
C:\dev\0.9.0\Ksql.Linq\src\Configuration\DlqOptions.cs(14,27): error RS0016: Symbol 'Enabled.get' is not part of the declared public API (https://github.com/dotnet/roslyn-analyzers/blob/main/src/PublicApiAnalyzers/PublicApiAnalyzers.Help.md) [C:\dev\0.9.0\Ksql.Linq\src\Ksql.Linq.csproj]
C:\dev\0.9.0\Ksql.Linq\src\Configuration\KsqlServerOptions.cs(12,48): error RS0016: Symbol 'PersistentQueryPrefix.init' is not part of the declared public API (https://github.com/dotnet/roslyn-analyzers/blob/main/src/PublicApiAnalyzers/PublicApiAnalyzers.Help.md) [C:\dev\0.9.0\Ksql.Linq\src\Ksql.Linq.csproj]
C:\dev\0.9.0\Ksql.Linq\src\Configuration\KsqlServerOptions.cs(12,43): error RS0016: Symbol 'PersistentQueryPrefix.get' is not part of the declared public API (https://github.com/dotnet/roslyn-analyzers/blob/main/src/PublicApiAnalyzers/PublicApiAnalyzers.Help.md) [C:\dev\0.9.0\Ksql.Linq\src\Ksql.Linq.csproj]
C:\dev\0.9.0\Ksql.Linq\src\Configuration\KsqlDslOptions.cs(14,44): error RS0016: Symbol 'ValidationMode.get' is not part of the declared public API (https://github.com/dotnet/roslyn-analyzers/blob/main/src/PublicApiAnalyzers/PublicApiAnalyzers.Help.md) [C:\dev\0.9.0\Ksql.Linq\src\Ksql.Linq.csproj]
C:\dev\0.9.0\Ksql.Linq\src\Configuration\FillOptions.cs(29,32): error RS0016: Symbol 'HeaderName.get' is not part of the declared public API (https://github.com/dotnet/roslyn-analyzers/blob/main/src/PublicApiAnalyzers/PublicApiAnalyzers.Help.md) [C:\dev\0.9.0\Ksql.Linq\src\Ksql.Linq.csproj]
C:\dev\0.9.0\Ksql.Linq\src\Configuration\DlqOptions.cs(14,32): error RS0016: Symbol 'Enabled.set' is not part of the declared public API (https://github.com/dotnet/roslyn-analyzers/blob/main/src/PublicApiAnalyzers/PublicApiAnalyzers.Help.md) [C:\dev\0.9.0\Ksql.Linq\src\Ksql.Linq.csproj]
C:\dev\0.9.0\Ksql.Linq\src\Configuration\KsqlDslOptions.cs(14,49): error RS0016: Symbol 'ValidationMode.init' is not part of the declared public API (https://github.com/dotnet/roslyn-analyzers/blob/main/src/PublicApiAnalyzers/PublicApiAnalyzers.Help.md) [C:\dev\0.9.0\Ksql.Linq\src\Ksql.Linq.csproj]
C:\dev\0.9.0\Ksql.Linq\src\Configuration\FillOptions.cs(29,37): error RS0016: Symbol 'HeaderName.init' is not part of the declared public API (https://github.com/dotnet/roslyn-analyzers/blob/main/src/PublicApiAnalyzers/PublicApiAnalyzers.Help.md) [C:\dev\0.9.0\Ksql.Linq\src\Ksql.Linq.csproj]
C:\dev\0.9.0\Ksql.Linq\src\Configuration\DlqOptions.cs(15,49): error RS0016: Symbol 'EnableForDeserializationError.get' is not part of the declared public API (https://github.com/dotnet/roslyn-analyzers/blob/main/src/PublicApiAnalyzers/PublicApiAnalyzers.Help.md) [C:\dev\0.9.0\Ksql.Linq\src\Ksql.Linq.csproj]
C:\dev\0.9.0\Ksql.Linq\src\Configuration\FillOptions.cs(35,33): error RS0016: Symbol 'HeaderValue.get' is not part of the declared public API (https://github.com/dotnet/roslyn-analyzers/blob/main/src/PublicApiAnalyzers/PublicApiAnalyzers.Help.md) [C:\dev\0.9.0\Ksql.Linq\src\Ksql.Linq.csproj]
C:\dev\0.9.0\Ksql.Linq\src\Configuration\KsqlDslOptions.cs(20,35): error RS0016: Symbol 'Common.get' is not part of the declared public API (https://github.com/dotnet/roslyn-analyzers/blob/main/src/PublicApiAnalyzers/PublicApiAnalyzers.Help.md) [C:\dev\0.9.0\Ksql.Linq\src\Ksql.Linq.csproj]
C:\dev\0.9.0\Ksql.Linq\src\Configuration\FillOptions.cs(35,38): error RS0016: Symbol 'HeaderValue.init' is not part of the declared public API (https://github.com/dotnet/roslyn-analyzers/blob/main/src/PublicApiAnalyzers/PublicApiAnalyzers.Help.md) [C:\dev\0.9.0\Ksql.Linq\src\Ksql.Linq.csproj]
C:\dev\0.9.0\Ksql.Linq\src\Configuration\DlqOptions.cs(15,54): error RS0016: Symbol 'EnableForDeserializationError.set' is not part of the declared public API (https://github.com/dotnet/roslyn-analyzers/blob/main/src/PublicApiAnalyzers/PublicApiAnalyzers.Help.md) [C:\dev\0.9.0\Ksql.Linq\src\Ksql.Linq.csproj]
C:\dev\0.9.0\Ksql.Linq\src\Configuration\KsqlDslOptions.cs(23,43): error RS0016: Symbol 'KsqlServer.get' is not part of the declared public API (https://github.com/dotnet/roslyn-analyzers/blob/main/src/PublicApiAnalyzers/PublicApiAnalyzers.Help.md) [C:\dev\0.9.0\Ksql.Linq\src\Ksql.Linq.csproj]
C:\dev\0.9.0\Ksql.Linq\src\Configuration\KsqlDslOptions.cs(20,40): error RS0016: Symbol 'Common.init' is not part of the declared public API (https://github.com/dotnet/roslyn-analyzers/blob/main/src/PublicApiAnalyzers/PublicApiAnalyzers.Help.md) [C:\dev\0.9.0\Ksql.Linq\src\Ksql.Linq.csproj]
C:\dev\0.9.0\Ksql.Linq\src\Configuration\DlqOptions.cs(16,41): error RS0016: Symbol 'EnableForHandlerError.get' is not part of the declared public API (https://github.com/dotnet/roslyn-analyzers/blob/main/src/PublicApiAnalyzers/PublicApiAnalyzers.Help.md) [C:\dev\0.9.0\Ksql.Linq\src\Ksql.Linq.csproj]
C:\dev\0.9.0\Ksql.Linq\src\Configuration\KsqlDslOptions.cs(23,48): error RS0016: Symbol 'KsqlServer.init' is not part of the declared public API (https://github.com/dotnet/roslyn-analyzers/blob/main/src/PublicApiAnalyzers/PublicApiAnalyzers.Help.md) [C:\dev\0.9.0\Ksql.Linq\src\Ksql.Linq.csproj]
C:\dev\0.9.0\Ksql.Linq\src\Configuration\FillOptions.cs(41,41): error RS0016: Symbol 'StateTopicName.init' is not part of the declared public API (https://github.com/dotnet/roslyn-analyzers/blob/main/src/PublicApiAnalyzers/PublicApiAnalyzers.Help.md) [C:\dev\0.9.0\Ksql.Linq\src\Ksql.Linq.csproj]
C:\dev\0.9.0\Ksql.Linq\src\Configuration\DlqOptions.cs(16,46): error RS0016: Symbol 'EnableForHandlerError.set' is not part of the declared public API (https://github.com/dotnet/roslyn-analyzers/blob/main/src/PublicApiAnalyzers/PublicApiAnalyzers.Help.md) [C:\dev\0.9.0\Ksql.Linq\src\Ksql.Linq.csproj]
C:\dev\0.9.0\Ksql.Linq\src\Configuration\FillOptions.cs(47,30): error RS0016: Symbol 'LeaderOnly.get' is not part of the declared public API (https://github.com/dotnet/roslyn-analyzers/blob/main/src/PublicApiAnalyzers/PublicApiAnalyzers.Help.md) [C:\dev\0.9.0\Ksql.Linq\src\Ksql.Linq.csproj]
C:\dev\0.9.0\Ksql.Linq\src\Configuration\DlqOptions.cs(17,34): error RS0016: Symbol 'SamplingRate.get' is not part of the declared public API (https://github.com/dotnet/roslyn-analyzers/blob/main/src/PublicApiAnalyzers/PublicApiAnalyzers.Help.md) [C:\dev\0.9.0\Ksql.Linq\src\Ksql.Linq.csproj]
C:\dev\0.9.0\Ksql.Linq\src\Configuration\FillOptions.cs(47,35): error RS0016: Symbol 'LeaderOnly.init' is not part of the declared public API (https://github.com/dotnet/roslyn-analyzers/blob/main/src/PublicApiAnalyzers/PublicApiAnalyzers.Help.md) [C:\dev\0.9.0\Ksql.Linq\src\Ksql.Linq.csproj]
C:\dev\0.9.0\Ksql.Linq\src\Configuration\KsqlDslOptions.cs(29,59): error RS0016: Symbol 'Topics.init' is not part of the declared public API (https://github.com/dotnet/roslyn-analyzers/blob/main/src/PublicApiAnalyzers/PublicApiAnalyzers.Help.md) [C:\dev\0.9.0\Ksql.Linq\src\Ksql.Linq.csproj]
C:\dev\0.9.0\Ksql.Linq\src\Configuration\KsqlDslOptions.cs(33,31): error RS0016: Symbol 'Fill.get' is not part of the declared public API (https://github.com/dotnet/roslyn-analyzers/blob/main/src/PublicApiAnalyzers/PublicApiAnalyzers.Help.md) [C:\dev\0.9.0\Ksql.Linq\src\Ksql.Linq.csproj]
C:\dev\0.9.0\Ksql.Linq\src\Configuration\FillOptions.cs(41,36): error RS0016: Symbol 'StateTopicName.get' is not part of the declared public API (https://github.com/dotnet/roslyn-analyzers/blob/main/src/PublicApiAnalyzers/PublicApiAnalyzers.Help.md) [C:\dev\0.9.0\Ksql.Linq\src\Ksql.Linq.csproj]
C:\dev\0.9.0\Ksql.Linq\src\Configuration\DlqOptions.cs(17,39): error RS0016: Symbol 'SamplingRate.set' is not part of the declared public API (https://github.com/dotnet/roslyn-analyzers/blob/main/src/PublicApiAnalyzers/PublicApiAnalyzers.Help.md) [C:\dev\0.9.0\Ksql.Linq\src\Ksql.Linq.csproj]
C:\dev\0.9.0\Ksql.Linq\src\Configuration\KsqlDslOptions.cs(33,36): error RS0016: Symbol 'Fill.init' is not part of the declared public API (https://github.com/dotnet/roslyn-analyzers/blob/main/src/PublicApiAnalyzers/PublicApiAnalyzers.Help.md) [C:\dev\0.9.0\Ksql.Linq\src\Ksql.Linq.csproj]
C:\dev\0.9.0\Ksql.Linq\src\Configuration\DlqOptions.cs(18,31): error RS0016: Symbol 'MaxPerSecond.get' is not part of the declared public API (https://github.com/dotnet/roslyn-analyzers/blob/main/src/PublicApiAnalyzers/PublicApiAnalyzers.Help.md) [C:\dev\0.9.0\Ksql.Linq\src\Ksql.Linq.csproj]
C:\dev\0.9.0\Ksql.Linq\src\Configuration\KsqlDslOptions.cs(29,54): error RS0016: Symbol 'Topics.get' is not part of the declared public API (https://github.com/dotnet/roslyn-analyzers/blob/main/src/PublicApiAnalyzers/PublicApiAnalyzers.Help.md) [C:\dev\0.9.0\Ksql.Linq\src\Ksql.Linq.csproj]
C:\dev\0.9.0\Ksql.Linq\src\Configuration\KsqlDslOptions.cs(39,51): error RS0016: Symbol 'SchemaRegistry.get' is not part of the declared public API (https://github.com/dotnet/roslyn-analyzers/blob/main/src/PublicApiAnalyzers/PublicApiAnalyzers.Help.md) [C:\dev\0.9.0\Ksql.Linq\src\Ksql.Linq.csproj]
C:\dev\0.9.0\Ksql.Linq\src\Configuration\DlqOptions.cs(21,40): error RS0016: Symbol 'ErrorMessageMaxLength.get' is not part of the declared public API (https://github.com/dotnet/roslyn-analyzers/blob/main/src/PublicApiAnalyzers/PublicApiAnalyzers.Help.md) [C:\dev\0.9.0\Ksql.Linq\src\Ksql.Linq.csproj]
C:\dev\0.9.0\Ksql.Linq\src\Configuration\DlqOptions.cs(18,36): error RS0016: Symbol 'MaxPerSecond.set' is not part of the declared public API (https://github.com/dotnet/roslyn-analyzers/blob/main/src/PublicApiAnalyzers/PublicApiAnalyzers.Help.md) [C:\dev\0.9.0\Ksql.Linq\src\Ksql.Linq.csproj]
C:\dev\0.9.0\Ksql.Linq\src\Configuration\DlqOptions.cs(21,45): error RS0016: Symbol 'ErrorMessageMaxLength.set' is not part of the declared public API (https://github.com/dotnet/roslyn-analyzers/blob/main/src/PublicApiAnalyzers/PublicApiAnalyzers.Help.md) [C:\dev\0.9.0\Ksql.Linq\src\Ksql.Linq.csproj]
C:\dev\0.9.0\Ksql.Linq\src\Configuration\KsqlDslOptions.cs(39,56): error RS0016: Symbol 'SchemaRegistry.init' is not part of the declared public API (https://github.com/dotnet/roslyn-analyzers/blob/main/src/PublicApiAnalyzers/PublicApiAnalyzers.Help.md) [C:\dev\0.9.0\Ksql.Linq\src\Ksql.Linq.csproj]
C:\dev\0.9.0\Ksql.Linq\src\Configuration\KsqlDslOptions.cs(44,32): error RS0016: Symbol 'KsqlDbUrl.get' is not part of the declared public API (https://github.com/dotnet/roslyn-analyzers/blob/main/src/PublicApiAnalyzers/PublicApiAnalyzers.Help.md) [C:\dev\0.9.0\Ksql.Linq\src\Ksql.Linq.csproj]
C:\dev\0.9.0\Ksql.Linq\src\Configuration\DlqOptions.cs(22,38): error RS0016: Symbol 'StackTraceMaxLength.get' is not part of the declared public API (https://github.com/dotnet/roslyn-analyzers/blob/main/src/PublicApiAnalyzers/PublicApiAnalyzers.Help.md) [C:\dev\0.9.0\Ksql.Linq\src\Ksql.Linq.csproj]
C:\dev\0.9.0\Ksql.Linq\src\Configuration\KsqlDslOptions.cs(44,37): error RS0016: Symbol 'KsqlDbUrl.init' is not part of the declared public API (https://github.com/dotnet/roslyn-analyzers/blob/main/src/PublicApiAnalyzers/PublicApiAnalyzers.Help.md) [C:\dev\0.9.0\Ksql.Linq\src\Ksql.Linq.csproj]
C:\dev\0.9.0\Ksql.Linq\src\Configuration\DlqOptions.cs(22,43): error RS0016: Symbol 'StackTraceMaxLength.set' is not part of the declared public API (https://github.com/dotnet/roslyn-analyzers/blob/main/src/PublicApiAnalyzers/PublicApiAnalyzers.Help.md) [C:\dev\0.9.0\Ksql.Linq\src\Ksql.Linq.csproj]
C:\dev\0.9.0\Ksql.Linq\src\Configuration\DlqOptions.cs(23,49): error RS0016: Symbol 'NormalizeStackTraceWhitespace.get' is not part of the declared public API (https://github.com/dotnet/roslyn-analyzers/blob/main/src/PublicApiAnalyzers/PublicApiAnalyzers.Help.md) [C:\dev\0.9.0\Ksql.Linq\src\Ksql.Linq.csproj]
C:\dev\0.9.0\Ksql.Linq\src\Configuration\KsqlDslOptions.cs(47,49): error RS0016: Symbol 'Entities.get' is not part of the declared public API (https://github.com/dotnet/roslyn-analyzers/blob/main/src/PublicApiAnalyzers/PublicApiAnalyzers.Help.md) [C:\dev\0.9.0\Ksql.Linq\src\Ksql.Linq.csproj]
C:\dev\0.9.0\Ksql.Linq\src\Configuration\Messaging\TopicSection.cs(29,32): error RS0016: Symbol 'NumPartitions.get' is not part of the declared public API (https://github.com/dotnet/roslyn-analyzers/blob/main/src/PublicApiAnalyzers/PublicApiAnalyzers.Help.md) [C:\dev\0.9.0\Ksql.Linq\src\Ksql.Linq.csproj]
C:\dev\0.9.0\Ksql.Linq\src\Configuration\DlqOptions.cs(23,54): error RS0016: Symbol 'NormalizeStackTraceWhitespace.set' is not part of the declared public API (https://github.com/dotnet/roslyn-analyzers/blob/main/src/PublicApiAnalyzers/PublicApiAnalyzers.Help.md) [C:\dev\0.9.0\Ksql.Linq\src\Ksql.Linq.csproj]
C:\dev\0.9.0\Ksql.Linq\src\Configuration\KsqlDslOptions.cs(47,54): error RS0016: Symbol 'Entities.init' is not part of the declared public API (https://github.com/dotnet/roslyn-analyzers/blob/main/src/PublicApiAnalyzers/PublicApiAnalyzers.Help.md) [C:\dev\0.9.0\Ksql.Linq\src\Ksql.Linq.csproj]
C:\dev\0.9.0\Ksql.Linq\src\Configuration\KsqlDslOptions.cs(50,36): error RS0016: Symbol 'DlqOptions.get' is not part of the declared public API (https://github.com/dotnet/roslyn-analyzers/blob/main/src/PublicApiAnalyzers/PublicApiAnalyzers.Help.md) [C:\dev\0.9.0\Ksql.Linq\src\Ksql.Linq.csproj]
C:\dev\0.9.0\Ksql.Linq\src\Configuration\Messaging\TopicSection.cs(29,37): error RS0016: Symbol 'NumPartitions.init' is not part of the declared public API (https://github.com/dotnet/roslyn-analyzers/blob/main/src/PublicApiAnalyzers/PublicApiAnalyzers.Help.md) [C:\dev\0.9.0\Ksql.Linq\src\Ksql.Linq.csproj]
C:\dev\0.9.0\Ksql.Linq\src\Configuration\DlqOptions.cs(26,39): error RS0016: Symbol 'HeaderAllowList.get' is not part of the declared public API (https://github.com/dotnet/roslyn-analyzers/blob/main/src/PublicApiAnalyzers/PublicApiAnalyzers.Help.md) [C:\dev\0.9.0\Ksql.Linq\src\Ksql.Linq.csproj]
C:\dev\0.9.0\Ksql.Linq\src\Configuration\Messaging\TopicSection.cs(32,38): error RS0016: Symbol 'ReplicationFactor.get' is not part of the declared public API (https://github.com/dotnet/roslyn-analyzers/blob/main/src/PublicApiAnalyzers/PublicApiAnalyzers.Help.md) [C:\dev\0.9.0\Ksql.Linq\src\Ksql.Linq.csproj]
C:\dev\0.9.0\Ksql.Linq\src\Configuration\KsqlDslOptions.cs(50,41): error RS0016: Symbol 'DlqOptions.init' is not part of the declared public API (https://github.com/dotnet/roslyn-analyzers/blob/main/src/PublicApiAnalyzers/PublicApiAnalyzers.Help.md) [C:\dev\0.9.0\Ksql.Linq\src\Ksql.Linq.csproj]
C:\dev\0.9.0\Ksql.Linq\src\Configuration\DlqOptions.cs(26,44): error RS0016: Symbol 'HeaderAllowList.set' is not part of the declared public API (https://github.com/dotnet/roslyn-analyzers/blob/main/src/PublicApiAnalyzers/PublicApiAnalyzers.Help.md) [C:\dev\0.9.0\Ksql.Linq\src\Ksql.Linq.csproj]
C:\dev\0.9.0\Ksql.Linq\src\Configuration\Messaging\TopicSection.cs(32,43): error RS0016: Symbol 'ReplicationFactor.init' is not part of the declared public API (https://github.com/dotnet/roslyn-analyzers/blob/main/src/PublicApiAnalyzers/PublicApiAnalyzers.Help.md) [C:\dev\0.9.0\Ksql.Linq\src\Ksql.Linq.csproj]
C:\dev\0.9.0\Ksql.Linq\src\Configuration\DlqOptions.cs(27,39): error RS0016: Symbol 'HeaderValueMaxLength.get' is not part of the declared public API (https://github.com/dotnet/roslyn-analyzers/blob/main/src/PublicApiAnalyzers/PublicApiAnalyzers.Help.md) [C:\dev\0.9.0\Ksql.Linq\src\Ksql.Linq.csproj]
C:\dev\0.9.0\Ksql.Linq\src\Configuration\DlqOptions.cs(27,44): error RS0016: Symbol 'HeaderValueMaxLength.set' is not part of the declared public API (https://github.com/dotnet/roslyn-analyzers/blob/main/src/PublicApiAnalyzers/PublicApiAnalyzers.Help.md) [C:\dev\0.9.0\Ksql.Linq\src\Ksql.Linq.csproj]
C:\dev\0.9.0\Ksql.Linq\src\Configuration\Messaging\TopicSection.cs(35,49): error RS0016: Symbol 'Configs.get' is not part of the declared public API (https://github.com/dotnet/roslyn-analyzers/blob/main/src/PublicApiAnalyzers/PublicApiAnalyzers.Help.md) [C:\dev\0.9.0\Ksql.Linq\src\Ksql.Linq.csproj]
C:\dev\0.9.0\Ksql.Linq\src\Configuration\Messaging\TopicSection.cs(38,38): error RS0016: Symbol 'EnableAutoCreation.get' is not part of the declared public API (https://github.com/dotnet/roslyn-analyzers/blob/main/src/PublicApiAnalyzers/PublicApiAnalyzers.Help.md) [C:\dev\0.9.0\Ksql.Linq\src\Ksql.Linq.csproj]
C:\dev\0.9.0\Ksql.Linq\src\Configuration\Messaging\TopicSection.cs(35,54): error RS0016: Symbol 'Configs.init' is not part of the declared public API (https://github.com/dotnet/roslyn-analyzers/blob/main/src/PublicApiAnalyzers/PublicApiAnalyzers.Help.md) [C:\dev\0.9.0\Ksql.Linq\src\Ksql.Linq.csproj]
C:\dev\0.9.0\Ksql.Linq\src\Configuration\DlqOptions.cs(30,46): error RS0016: Symbol 'ExcludedExceptionTypes.get' is not part of the declared public API (https://github.com/dotnet/roslyn-analyzers/blob/main/src/PublicApiAnalyzers/PublicApiAnalyzers.Help.md) [C:\dev\0.9.0\Ksql.Linq\src\Ksql.Linq.csproj]
C:\dev\0.9.0\Ksql.Linq\src\Configuration\DlqOptions.cs(30,51): error RS0016: Symbol 'ExcludedExceptionTypes.set' is not part of the declared public API (https://github.com/dotnet/roslyn-analyzers/blob/main/src/PublicApiAnalyzers/PublicApiAnalyzers.Help.md) [C:\dev\0.9.0\Ksql.Linq\src\Ksql.Linq.csproj]
C:\dev\0.9.0\Ksql.Linq\src\Configuration\Messaging\TopicSection.cs(38,43): error RS0016: Symbol 'EnableAutoCreation.init' is not part of the declared public API (https://github.com/dotnet/roslyn-analyzers/blob/main/src/PublicApiAnalyzers/PublicApiAnalyzers.Help.md) [C:\dev\0.9.0\Ksql.Linq\src\Ksql.Linq.csproj]
C:\dev\0.9.0\Ksql.Linq\src\Configuration\KsqlDslOptions.cs(54,9): error RS0016: Symbol 'DlqTopicName.get' is not part of the declared public API (https://github.com/dotnet/roslyn-analyzers/blob/main/src/PublicApiAnalyzers/PublicApiAnalyzers.Help.md) [C:\dev\0.9.0\Ksql.Linq\src\Ksql.Linq.csproj]
C:\dev\0.9.0\Ksql.Linq\src\Configuration\DlqOptions.cs(31,46): error RS0016: Symbol 'IncludedExceptionTypes.get' is not part of the declared public API (https://github.com/dotnet/roslyn-analyzers/blob/main/src/PublicApiAnalyzers/PublicApiAnalyzers.Help.md) [C:\dev\0.9.0\Ksql.Linq\src\Ksql.Linq.csproj]
C:\dev\0.9.0\Ksql.Linq\src\Configuration\DlqOptions.cs(31,51): error RS0016: Symbol 'IncludedExceptionTypes.set' is not part of the declared public API (https://github.com/dotnet/roslyn-analyzers/blob/main/src/PublicApiAnalyzers/PublicApiAnalyzers.Help.md) [C:\dev\0.9.0\Ksql.Linq\src\Ksql.Linq.csproj]
C:\dev\0.9.0\Ksql.Linq\src\Configuration\DlqOptions.cs(35,35): error RS0016: Symbol 'ApplicationId.get' is not part of the declared public API (https://github.com/dotnet/roslyn-analyzers/blob/main/src/PublicApiAnalyzers/PublicApiAnalyzers.Help.md) [C:\dev\0.9.0\Ksql.Linq\src\Ksql.Linq.csproj]
C:\dev\0.9.0\Ksql.Linq\src\Configuration\WindowConfigurationProvider.cs(20,32): error RS0016: Symbol 'GetConfiguration' is not part of the declared public API (https://github.com/dotnet/roslyn-analyzers/blob/main/src/PublicApiAnalyzers/PublicApiAnalyzers.Help.md) [C:\dev\0.9.0\Ksql.Linq\src\Ksql.Linq.csproj]
C:\dev\0.9.0\Ksql.Linq\src\Configuration\DlqOptions.cs(35,40): error RS0016: Symbol 'ApplicationId.set' is not part of the declared public API (https://github.com/dotnet/roslyn-analyzers/blob/main/src/PublicApiAnalyzers/PublicApiAnalyzers.Help.md) [C:\dev\0.9.0\Ksql.Linq\src\Ksql.Linq.csproj]
C:\dev\0.9.0\Ksql.Linq\src\Configuration\DlqOptions.cs(37,35): error RS0016: Symbol 'ConsumerGroup.get' is not part of the declared public API (https://github.com/dotnet/roslyn-analyzers/blob/main/src/PublicApiAnalyzers/PublicApiAnalyzers.Help.md) [C:\dev\0.9.0\Ksql.Linq\src\Ksql.Linq.csproj]
C:\dev\0.9.0\Ksql.Linq\src\Configuration\DlqOptions.cs(37,40): error RS0016: Symbol 'ConsumerGroup.set' is not part of the declared public API (https://github.com/dotnet/roslyn-analyzers/blob/main/src/PublicApiAnalyzers/PublicApiAnalyzers.Help.md) [C:\dev\0.9.0\Ksql.Linq\src\Ksql.Linq.csproj]
C:\dev\0.9.0\Ksql.Linq\src\Configuration\Messaging\TopicSection.cs(11,32): error RS0016: Symbol 'TopicName.get' is not part of the declared public API (https://github.com/dotnet/roslyn-analyzers/blob/main/src/PublicApiAnalyzers/PublicApiAnalyzers.Help.md) [C:\dev\0.9.0\Ksql.Linq\src\Ksql.Linq.csproj]
C:\dev\0.9.0\Ksql.Linq\src\Configuration\KsqlDslOptions.cs(55,9): error RS0016: Symbol 'DlqTopicName.set' is not part of the declared public API (https://github.com/dotnet/roslyn-analyzers/blob/main/src/PublicApiAnalyzers/PublicApiAnalyzers.Help.md) [C:\dev\0.9.0\Ksql.Linq\src\Ksql.Linq.csproj]
C:\dev\0.9.0\Ksql.Linq\src\Configuration\DlqOptions.cs(38,26): error RS0016: Symbol 'Host.get' is not part of the declared public API (https://github.com/dotnet/roslyn-analyzers/blob/main/src/PublicApiAnalyzers/PublicApiAnalyzers.Help.md) [C:\dev\0.9.0\Ksql.Linq\src\Ksql.Linq.csproj]
C:\dev\0.9.0\Ksql.Linq\src\Configuration\Messaging\TopicSection.cs(11,37): error RS0016: Symbol 'TopicName.init' is not part of the declared public API (https://github.com/dotnet/roslyn-analyzers/blob/main/src/PublicApiAnalyzers/PublicApiAnalyzers.Help.md) [C:\dev\0.9.0\Ksql.Linq\src\Ksql.Linq.csproj]
C:\dev\0.9.0\Ksql.Linq\src\Configuration\DlqOptions.cs(38,31): error RS0016: Symbol 'Host.set' is not part of the declared public API (https://github.com/dotnet/roslyn-analyzers/blob/main/src/PublicApiAnalyzers/PublicApiAnalyzers.Help.md) [C:\dev\0.9.0\Ksql.Linq\src\Ksql.Linq.csproj]
C:\dev\0.9.0\Ksql.Linq\src\Configuration\Messaging\TopicSection.cs(14,39): error RS0016: Symbol 'Producer.get' is not part of the declared public API (https://github.com/dotnet/roslyn-analyzers/blob/main/src/PublicApiAnalyzers/PublicApiAnalyzers.Help.md) [C:\dev\0.9.0\Ksql.Linq\src\Ksql.Linq.csproj]
C:\dev\0.9.0\Ksql.Linq\src\Configuration\KsqlDslOptions.cs(62,68): error RS0016: Symbol 'DeserializationErrorPolicy.get' is not part of the declared public API (https://github.com/dotnet/roslyn-analyzers/blob/main/src/PublicApiAnalyzers/PublicApiAnalyzers.Help.md) [C:\dev\0.9.0\Ksql.Linq\src\Ksql.Linq.csproj]
C:\dev\0.9.0\Ksql.Linq\src\Configuration\DlqOptions.cs(44,31): error RS0016: Symbol 'TopicName.get' is not part of the declared public API (https://github.com/dotnet/roslyn-analyzers/blob/main/src/PublicApiAnalyzers/PublicApiAnalyzers.Help.md) [C:\dev\0.9.0\Ksql.Linq\src\Ksql.Linq.csproj]
C:\dev\0.9.0\Ksql.Linq\src\Configuration\KsqlDslOptions.cs(62,73): error RS0016: Symbol 'DeserializationErrorPolicy.set' is not part of the declared public API (https://github.com/dotnet/roslyn-analyzers/blob/main/src/PublicApiAnalyzers/PublicApiAnalyzers.Help.md) [C:\dev\0.9.0\Ksql.Linq\src\Ksql.Linq.csproj]
C:\dev\0.9.0\Ksql.Linq\src\Application\KsqlContextOptionsExtensions.cs(16,38): error RS0016: Symbol 'UseSchemaRegistry' is not part of the declared public API (https://github.com/dotnet/roslyn-analyzers/blob/main/src/PublicApiAnalyzers/PublicApiAnalyzers.Help.md) [C:\dev\0.9.0\Ksql.Linq\src\Ksql.Linq.csproj]
C:\dev\0.9.0\Ksql.Linq\src\Configuration\Messaging\TopicSection.cs(14,44): error RS0016: Symbol 'Producer.init' is not part of the declared public API (https://github.com/dotnet/roslyn-analyzers/blob/main/src/PublicApiAnalyzers/PublicApiAnalyzers.Help.md) [C:\dev\0.9.0\Ksql.Linq\src\Ksql.Linq.csproj]
C:\dev\0.9.0\Ksql.Linq\src\Configuration\DlqOptions.cs(44,36): error RS0016: Symbol 'TopicName.set' is not part of the declared public API (https://github.com/dotnet/roslyn-analyzers/blob/main/src/PublicApiAnalyzers/PublicApiAnalyzers.Help.md) [C:\dev\0.9.0\Ksql.Linq\src\Ksql.Linq.csproj]
C:\dev\0.9.0\Ksql.Linq\src\Configuration\KsqlDslOptions.cs(68,47): error RS0016: Symbol 'ReadFromFinalTopicByDefault.get' is not part of the declared public API (https://github.com/dotnet/roslyn-analyzers/blob/main/src/PublicApiAnalyzers/PublicApiAnalyzers.Help.md) [C:\dev\0.9.0\Ksql.Linq\src\Ksql.Linq.csproj]
C:\dev\0.9.0\Ksql.Linq\src\Configuration\DlqOptions.cs(46,37): error RS0016: Symbol 'EnableCompression.get' is not part of the declared public API (https://github.com/dotnet/roslyn-analyzers/blob/main/src/PublicApiAnalyzers/PublicApiAnalyzers.Help.md) [C:\dev\0.9.0\Ksql.Linq\src\Ksql.Linq.csproj]
C:\dev\0.9.0\Ksql.Linq\src\Configuration\Messaging\TopicSection.cs(17,39): error RS0016: Symbol 'Consumer.get' is not part of the declared public API (https://github.com/dotnet/roslyn-analyzers/blob/main/src/PublicApiAnalyzers/PublicApiAnalyzers.Help.md) [C:\dev\0.9.0\Ksql.Linq\src\Ksql.Linq.csproj]
C:\dev\0.9.0\Ksql.Linq\src\Configuration\Messaging\TopicSection.cs(17,44): error RS0016: Symbol 'Consumer.init' is not part of the declared public API (https://github.com/dotnet/roslyn-analyzers/blob/main/src/PublicApiAnalyzers/PublicApiAnalyzers.Help.md) [C:\dev\0.9.0\Ksql.Linq\src\Ksql.Linq.csproj]
C:\dev\0.9.0\Ksql.Linq\src\Configuration\KsqlDslOptions.cs(68,52): error RS0016: Symbol 'ReadFromFinalTopicByDefault.set' is not part of the declared public API (https://github.com/dotnet/roslyn-analyzers/blob/main/src/PublicApiAnalyzers/PublicApiAnalyzers.Help.md) [C:\dev\0.9.0\Ksql.Linq\src\Ksql.Linq.csproj]
C:\dev\0.9.0\Ksql.Linq\src\Configuration\DlqOptions.cs(46,42): error RS0016: Symbol 'EnableCompression.set' is not part of the declared public API (https://github.com/dotnet/roslyn-analyzers/blob/main/src/PublicApiAnalyzers/PublicApiAnalyzers.Help.md) [C:\dev\0.9.0\Ksql.Linq\src\Ksql.Linq.csproj]
C:\dev\0.9.0\Ksql.Linq\src\Configuration\Messaging\TopicSection.cs(20,50): error RS0016: Symbol 'Creation.init' is not part of the declared public API (https://github.com/dotnet/roslyn-analyzers/blob/main/src/PublicApiAnalyzers/PublicApiAnalyzers.Help.md) [C:\dev\0.9.0\Ksql.Linq\src\Ksql.Linq.csproj]
C:\dev\0.9.0\Ksql.Linq\src\Configuration\Messaging\TopicSection.cs(20,45): error RS0016: Symbol 'Creation.get' is not part of the declared public API (https://github.com/dotnet/roslyn-analyzers/blob/main/src/PublicApiAnalyzers/PublicApiAnalyzers.Help.md) [C:\dev\0.9.0\Ksql.Linq\src\Ksql.Linq.csproj]
C:\dev\0.9.0\Ksql.Linq\src\Configuration\DlqOptions.cs(47,35): error RS0016: Symbol 'MaxRetryAttempts.get' is not part of the declared public API (https://github.com/dotnet/roslyn-analyzers/blob/main/src/PublicApiAnalyzers/PublicApiAnalyzers.Help.md) [C:\dev\0.9.0\Ksql.Linq\src\Ksql.Linq.csproj]
C:\dev\0.9.0\Ksql.Linq\src\Configuration\KsqlDslOptions.cs(74,40): error RS0016: Symbol 'DecimalPrecision.init' is not part of the declared public API (https://github.com/dotnet/roslyn-analyzers/blob/main/src/PublicApiAnalyzers/PublicApiAnalyzers.Help.md) [C:\dev\0.9.0\Ksql.Linq\src\Ksql.Linq.csproj]
C:\dev\0.9.0\Ksql.Linq\src\Configuration\DlqOptions.cs(47,40): error RS0016: Symbol 'MaxRetryAttempts.set' is not part of the declared public API (https://github.com/dotnet/roslyn-analyzers/blob/main/src/PublicApiAnalyzers/PublicApiAnalyzers.Help.md) [C:\dev\0.9.0\Ksql.Linq\src\Ksql.Linq.csproj]
C:\dev\0.9.0\Ksql.Linq\src\Configuration\KsqlDslOptions.cs(74,35): error RS0016: Symbol 'DecimalPrecision.get' is not part of the declared public API (https://github.com/dotnet/roslyn-analyzers/blob/main/src/PublicApiAnalyzers/PublicApiAnalyzers.Help.md) [C:\dev\0.9.0\Ksql.Linq\src\Ksql.Linq.csproj]
C:\dev\0.9.0\Ksql.Linq\src\Application\KsqlContextOptionsExtensions.cs(24,38): error RS0016: Symbol 'EnableLogging' is not part of the declared public API (https://github.com/dotnet/roslyn-analyzers/blob/main/src/PublicApiAnalyzers/PublicApiAnalyzers.Help.md) [C:\dev\0.9.0\Ksql.Linq\src\Ksql.Linq.csproj]
C:\dev\0.9.0\Ksql.Linq\src\Configuration\KsqlDslOptions.cs(80,31): error RS0016: Symbol 'DecimalScale.get' is not part of the declared public API (https://github.com/dotnet/roslyn-analyzers/blob/main/src/PublicApiAnalyzers/PublicApiAnalyzers.Help.md) [C:\dev\0.9.0\Ksql.Linq\src\Ksql.Linq.csproj]
C:\dev\0.9.0\Ksql.Linq\src\Configuration\DlqOptions.cs(48,37): error RS0016: Symbol 'RetryInterval.get' is not part of the declared public API (https://github.com/dotnet/roslyn-analyzers/blob/main/src/PublicApiAnalyzers/PublicApiAnalyzers.Help.md) [C:\dev\0.9.0\Ksql.Linq\src\Ksql.Linq.csproj]
C:\dev\0.9.0\Ksql.Linq\src\Configuration\DlqOptions.cs(48,42): error RS0016: Symbol 'RetryInterval.set' is not part of the declared public API (https://github.com/dotnet/roslyn-analyzers/blob/main/src/PublicApiAnalyzers/PublicApiAnalyzers.Help.md) [C:\dev\0.9.0\Ksql.Linq\src\Ksql.Linq.csproj]
C:\dev\0.9.0\Ksql.Linq\src\Configuration\KsqlDslOptions.cs(80,36): error RS0016: Symbol 'DecimalScale.init' is not part of the declared public API (https://github.com/dotnet/roslyn-analyzers/blob/main/src/PublicApiAnalyzers/PublicApiAnalyzers.Help.md) [C:\dev\0.9.0\Ksql.Linq\src\Ksql.Linq.csproj]
C:\dev\0.9.0\Ksql.Linq\src\Configuration\DlqOptions.cs(49,50): error RS0016: Symbol 'MetricsCallback.get' is not part of the declared public API (https://github.com/dotnet/roslyn-analyzers/blob/main/src/PublicApiAnalyzers/PublicApiAnalyzers.Help.md) [C:\dev\0.9.0\Ksql.Linq\src\Ksql.Linq.csproj]
C:\dev\0.9.0\Ksql.Linq\src\Configuration\DlqOptions.cs(49,55): error RS0016: Symbol 'MetricsCallback.set' is not part of the declared public API (https://github.com/dotnet/roslyn-analyzers/blob/main/src/PublicApiAnalyzers/PublicApiAnalyzers.Help.md) [C:\dev\0.9.0\Ksql.Linq\src\Ksql.Linq.csproj]
C:\dev\0.9.0\Ksql.Linq\src\Configuration\KsqlDslOptions.cs(85,79): error RS0016: Symbol 'Decimals.get' is not part of the declared public API (https://github.com/dotnet/roslyn-analyzers/blob/main/src/PublicApiAnalyzers/PublicApiAnalyzers.Help.md) [C:\dev\0.9.0\Ksql.Linq\src\Ksql.Linq.csproj]
C:\dev\0.9.0\Ksql.Linq\src\Configuration\KsqlDslOptions.cs(85,84): error RS0016: Symbol 'Decimals.init' is not part of the declared public API (https://github.com/dotnet/roslyn-analyzers/blob/main/src/PublicApiAnalyzers/PublicApiAnalyzers.Help.md) [C:\dev\0.9.0\Ksql.Linq\src\Ksql.Linq.csproj]
C:\dev\0.9.0\Ksql.Linq\src\Configuration\DlqOptions.cs(55,36): error RS0016: Symbol 'RetentionMs.set' is not part of the declared public API (https://github.com/dotnet/roslyn-analyzers/blob/main/src/PublicApiAnalyzers/PublicApiAnalyzers.Help.md) [C:\dev\0.9.0\Ksql.Linq\src\Ksql.Linq.csproj]
C:\dev\0.9.0\Ksql.Linq\src\Configuration\KsqlDslOptions.cs(98,61): error RS0016: Symbol 'SourceNameOverrides.get' is not part of the declared public API (https://github.com/dotnet/roslyn-analyzers/blob/main/src/PublicApiAnalyzers/PublicApiAnalyzers.Help.md) [C:\dev\0.9.0\Ksql.Linq\src\Ksql.Linq.csproj]
C:\dev\0.9.0\Ksql.Linq\src\Configuration\DlqOptions.cs(55,31): error RS0016: Symbol 'RetentionMs.get' is not part of the declared public API (https://github.com/dotnet/roslyn-analyzers/blob/main/src/PublicApiAnalyzers/PublicApiAnalyzers.Help.md) [C:\dev\0.9.0\Ksql.Linq\src\Ksql.Linq.csproj]
C:\dev\0.9.0\Ksql.Linq\src\Configuration\DlqOptions.cs(61,32): error RS0016: Symbol 'NumPartitions.get' is not part of the declared public API (https://github.com/dotnet/roslyn-analyzers/blob/main/src/PublicApiAnalyzers/PublicApiAnalyzers.Help.md) [C:\dev\0.9.0\Ksql.Linq\src\Ksql.Linq.csproj]
C:\dev\0.9.0\Ksql.Linq\src\Configuration\KsqlDslOptions.cs(98,66): error RS0016: Symbol 'SourceNameOverrides.init' is not part of the declared public API (https://github.com/dotnet/roslyn-analyzers/blob/main/src/PublicApiAnalyzers/PublicApiAnalyzers.Help.md) [C:\dev\0.9.0\Ksql.Linq\src\Ksql.Linq.csproj]
C:\dev\0.9.0\Ksql.Linq\src\Configuration\KsqlDslOptions.cs(105,36): error RS0016: Symbol 'KsqlWarmupDelayMs.get' is not part of the declared public API (https://github.com/dotnet/roslyn-analyzers/blob/main/src/PublicApiAnalyzers/PublicApiAnalyzers.Help.md) [C:\dev\0.9.0\Ksql.Linq\src\Ksql.Linq.csproj]
C:\dev\0.9.0\Ksql.Linq\src\Application\KsqlContextOptionsExtensions.cs(32,38): error RS0016: Symbol 'ConfigureValidation' is not part of the declared public API (https://github.com/dotnet/roslyn-analyzers/blob/main/src/PublicApiAnalyzers/PublicApiAnalyzers.Help.md) [C:\dev\0.9.0\Ksql.Linq\src\Ksql.Linq.csproj]
C:\dev\0.9.0\Ksql.Linq\src\Configuration\Messaging\ProducerSection.cs(8,26): error RS0016: Symbol 'Acks.get' is not part of the declared public API (https://github.com/dotnet/roslyn-analyzers/blob/main/src/PublicApiAnalyzers/PublicApiAnalyzers.Help.md) [C:\dev\0.9.0\Ksql.Linq\src\Ksql.Linq.csproj]
C:\dev\0.9.0\Ksql.Linq\src\Configuration\KsqlDslOptions.cs(105,41): error RS0016: Symbol 'KsqlWarmupDelayMs.init' is not part of the declared public API (https://github.com/dotnet/roslyn-analyzers/blob/main/src/PublicApiAnalyzers/PublicApiAnalyzers.Help.md) [C:\dev\0.9.0\Ksql.Linq\src\Ksql.Linq.csproj]
C:\dev\0.9.0\Ksql.Linq\src\Configuration\Messaging\ProducerSection.cs(8,31): error RS0016: Symbol 'Acks.init' is not part of the declared public API (https://github.com/dotnet/roslyn-analyzers/blob/main/src/PublicApiAnalyzers/PublicApiAnalyzers.Help.md) [C:\dev\0.9.0\Ksql.Linq\src\Ksql.Linq.csproj]
C:\dev\0.9.0\Ksql.Linq\src\Configuration\DlqOptions.cs(61,37): error RS0016: Symbol 'NumPartitions.set' is not part of the declared public API (https://github.com/dotnet/roslyn-analyzers/blob/main/src/PublicApiAnalyzers/PublicApiAnalyzers.Help.md) [C:\dev\0.9.0\Ksql.Linq\src\Ksql.Linq.csproj]
C:\dev\0.9.0\Ksql.Linq\src\Configuration\DlqOptions.cs(67,38): error RS0016: Symbol 'ReplicationFactor.get' is not part of the declared public API (https://github.com/dotnet/roslyn-analyzers/blob/main/src/PublicApiAnalyzers/PublicApiAnalyzers.Help.md) [C:\dev\0.9.0\Ksql.Linq\src\Ksql.Linq.csproj]
C:\dev\0.9.0\Ksql.Linq\src\Configuration\KsqlDslOptions.cs(112,36): error RS0016: Symbol 'KsqlDdlRetryCount.get' is not part of the declared public API (https://github.com/dotnet/roslyn-analyzers/blob/main/src/PublicApiAnalyzers/PublicApiAnalyzers.Help.md) [C:\dev\0.9.0\Ksql.Linq\src\Ksql.Linq.csproj]
C:\dev\0.9.0\Ksql.Linq\src\Configuration\Messaging\ProducerSection.cs(11,37): error RS0016: Symbol 'CompressionType.get' is not part of the declared public API (https://github.com/dotnet/roslyn-analyzers/blob/main/src/PublicApiAnalyzers/PublicApiAnalyzers.Help.md) [C:\dev\0.9.0\Ksql.Linq\src\Ksql.Linq.csproj]
C:\dev\0.9.0\Ksql.Linq\src\Configuration\DlqOptions.cs(67,43): error RS0016: Symbol 'ReplicationFactor.set' is not part of the declared public API (https://github.com/dotnet/roslyn-analyzers/blob/main/src/PublicApiAnalyzers/PublicApiAnalyzers.Help.md) [C:\dev\0.9.0\Ksql.Linq\src\Ksql.Linq.csproj]
C:\dev\0.9.0\Ksql.Linq\src\Configuration\Messaging\ProducerSection.cs(11,42): error RS0016: Symbol 'CompressionType.init' is not part of the declared public API (https://github.com/dotnet/roslyn-analyzers/blob/main/src/PublicApiAnalyzers/PublicApiAnalyzers.Help.md) [C:\dev\0.9.0\Ksql.Linq\src\Ksql.Linq.csproj]
C:\dev\0.9.0\Ksql.Linq\src\Configuration\KsqlDslOptions.cs(112,41): error RS0016: Symbol 'KsqlDdlRetryCount.init' is not part of the declared public API (https://github.com/dotnet/roslyn-analyzers/blob/main/src/PublicApiAnalyzers/PublicApiAnalyzers.Help.md) [C:\dev\0.9.0\Ksql.Linq\src\Ksql.Linq.csproj]
C:\dev\0.9.0\Ksql.Linq\src\Configuration\DlqOptions.cs(73,38): error RS0016: Symbol 'EnableAutoCreation.get' is not part of the declared public API (https://github.com/dotnet/roslyn-analyzers/blob/main/src/PublicApiAnalyzers/PublicApiAnalyzers.Help.md) [C:\dev\0.9.0\Ksql.Linq\src\Ksql.Linq.csproj]
C:\dev\0.9.0\Ksql.Linq\src\Configuration\KsqlDslOptions.cs(119,45): error RS0016: Symbol 'KsqlDdlRetryInitialDelayMs.get' is not part of the declared public API (https://github.com/dotnet/roslyn-analyzers/blob/main/src/PublicApiAnalyzers/PublicApiAnalyzers.Help.md) [C:\dev\0.9.0\Ksql.Linq\src\Ksql.Linq.csproj]
C:\dev\0.9.0\Ksql.Linq\src\Configuration\Messaging\ProducerSection.cs(14,37): error RS0016: Symbol 'EnableIdempotence.get' is not part of the declared public API (https://github.com/dotnet/roslyn-analyzers/blob/main/src/PublicApiAnalyzers/PublicApiAnalyzers.Help.md) [C:\dev\0.9.0\Ksql.Linq\src\Ksql.Linq.csproj]
C:\dev\0.9.0\Ksql.Linq\src\Application\KsqlContextOptionsExtensions.cs(45,38): error RS0016: Symbol 'WithTimeouts' is not part of the declared public API (https://github.com/dotnet/roslyn-analyzers/blob/main/src/PublicApiAnalyzers/PublicApiAnalyzers.Help.md) [C:\dev\0.9.0\Ksql.Linq\src\Ksql.Linq.csproj]
C:\dev\0.9.0\Ksql.Linq\src\Configuration\Messaging\ProducerSection.cs(14,42): error RS0016: Symbol 'EnableIdempotence.init' is not part of the declared public API (https://github.com/dotnet/roslyn-analyzers/blob/main/src/PublicApiAnalyzers/PublicApiAnalyzers.Help.md) [C:\dev\0.9.0\Ksql.Linq\src\Ksql.Linq.csproj]
C:\dev\0.9.0\Ksql.Linq\src\Configuration\DlqOptions.cs(73,43): error RS0016: Symbol 'EnableAutoCreation.set' is not part of the declared public API (https://github.com/dotnet/roslyn-analyzers/blob/main/src/PublicApiAnalyzers/PublicApiAnalyzers.Help.md) [C:\dev\0.9.0\Ksql.Linq\src\Ksql.Linq.csproj]
C:\dev\0.9.0\Ksql.Linq\src\Configuration\KsqlDslOptions.cs(127,56): error RS0016: Symbol 'AdjustReplicationFactorToBrokerCount.get' is not part of the declared public API (https://github.com/dotnet/roslyn-analyzers/blob/main/src/PublicApiAnalyzers/PublicApiAnalyzers.Help.md) [C:\dev\0.9.0\Ksql.Linq\src\Ksql.Linq.csproj]
C:\dev\0.9.0\Ksql.Linq\src\Configuration\KsqlDslOptions.cs(119,50): error RS0016: Symbol 'KsqlDdlRetryInitialDelayMs.init' is not part of the declared public API (https://github.com/dotnet/roslyn-analyzers/blob/main/src/PublicApiAnalyzers/PublicApiAnalyzers.Help.md) [C:\dev\0.9.0\Ksql.Linq\src\Ksql.Linq.csproj]
C:\dev\0.9.0\Ksql.Linq\src\Configuration\Messaging\ProducerSection.cs(17,51): error RS0016: Symbol 'MaxInFlightRequestsPerConnection.get' is not part of the declared public API (https://github.com/dotnet/roslyn-analyzers/blob/main/src/PublicApiAnalyzers/PublicApiAnalyzers.Help.md) [C:\dev\0.9.0\Ksql.Linq\src\Ksql.Linq.csproj]
C:\dev\0.9.0\Ksql.Linq\src\Configuration\DlqOptions.cs(80,59): error RS0016: Symbol 'AdditionalConfigs.get' is not part of the declared public API (https://github.com/dotnet/roslyn-analyzers/blob/main/src/PublicApiAnalyzers/PublicApiAnalyzers.Help.md) [C:\dev\0.9.0\Ksql.Linq\src\Ksql.Linq.csproj]
C:\dev\0.9.0\Ksql.Linq\src\Configuration\Messaging\ProducerSection.cs(17,56): error RS0016: Symbol 'MaxInFlightRequestsPerConnection.init' is not part of the declared public API (https://github.com/dotnet/roslyn-analyzers/blob/main/src/PublicApiAnalyzers/PublicApiAnalyzers.Help.md) [C:\dev\0.9.0\Ksql.Linq\src\Ksql.Linq.csproj]
C:\dev\0.9.0\Ksql.Linq\src\Configuration\KsqlDslOptions.cs(127,61): error RS0016: Symbol 'AdjustReplicationFactorToBrokerCount.init' is not part of the declared public API (https://github.com/dotnet/roslyn-analyzers/blob/main/src/PublicApiAnalyzers/PublicApiAnalyzers.Help.md) [C:\dev\0.9.0\Ksql.Linq\src\Ksql.Linq.csproj]
C:\dev\0.9.0\Ksql.Linq\src\Configuration\DlqOptions.cs(80,64): error RS0016: Symbol 'AdditionalConfigs.set' is not part of the declared public API (https://github.com/dotnet/roslyn-analyzers/blob/main/src/PublicApiAnalyzers/PublicApiAnalyzers.Help.md) [C:\dev\0.9.0\Ksql.Linq\src\Ksql.Linq.csproj]
C:\dev\0.9.0\Ksql.Linq\src\Configuration\Messaging\ProducerSection.cs(20,27): error RS0016: Symbol 'LingerMs.get' is not part of the declared public API (https://github.com/dotnet/roslyn-analyzers/blob/main/src/PublicApiAnalyzers/PublicApiAnalyzers.Help.md) [C:\dev\0.9.0\Ksql.Linq\src\Ksql.Linq.csproj]
C:\dev\0.9.0\Ksql.Linq\src\Configuration\Messaging\ProducerSection.cs(20,32): error RS0016: Symbol 'LingerMs.init' is not part of the declared public API (https://github.com/dotnet/roslyn-analyzers/blob/main/src/PublicApiAnalyzers/PublicApiAnalyzers.Help.md) [C:\dev\0.9.0\Ksql.Linq\src\Ksql.Linq.csproj]
C:\dev\0.9.0\Ksql.Linq\src\Application\KsqlContextOptions.cs(7,57): error RS0016: Symbol 'SchemaRegistryClient.get' is not part of the declared public API (https://github.com/dotnet/roslyn-analyzers/blob/main/src/PublicApiAnalyzers/PublicApiAnalyzers.Help.md) [C:\dev\0.9.0\Ksql.Linq\src\Ksql.Linq.csproj]
C:\dev\0.9.0\Ksql.Linq\src\Configuration\Messaging\ProducerSection.cs(23,28): error RS0016: Symbol 'BatchSize.get' is not part of the declared public API (https://github.com/dotnet/roslyn-analyzers/blob/main/src/PublicApiAnalyzers/PublicApiAnalyzers.Help.md) [C:\dev\0.9.0\Ksql.Linq\src\Ksql.Linq.csproj]
C:\dev\0.9.0\Ksql.Linq\src\Application\KsqlContextOptions.cs(7,62): error RS0016: Symbol 'SchemaRegistryClient.set' is not part of the declared public API (https://github.com/dotnet/roslyn-analyzers/blob/main/src/PublicApiAnalyzers/PublicApiAnalyzers.Help.md) [C:\dev\0.9.0\Ksql.Linq\src\Ksql.Linq.csproj]
C:\dev\0.9.0\Ksql.Linq\src\Configuration\Messaging\ProducerSection.cs(23,33): error RS0016: Symbol 'BatchSize.init' is not part of the declared public API (https://github.com/dotnet/roslyn-analyzers/blob/main/src/PublicApiAnalyzers/PublicApiAnalyzers.Help.md) [C:\dev\0.9.0\Ksql.Linq\src\Ksql.Linq.csproj]
C:\dev\0.9.0\Ksql.Linq\src\Application\KsqlContextOptions.cs(8,44): error RS0016: Symbol 'LoggerFactory.get' is not part of the declared public API (https://github.com/dotnet/roslyn-analyzers/blob/main/src/PublicApiAnalyzers/PublicApiAnalyzers.Help.md) [C:\dev\0.9.0\Ksql.Linq\src\Ksql.Linq.csproj]
C:\dev\0.9.0\Ksql.Linq\src\Application\KsqlContextOptions.cs(8,49): error RS0016: Symbol 'LoggerFactory.set' is not part of the declared public API (https://github.com/dotnet/roslyn-analyzers/blob/main/src/PublicApiAnalyzers/PublicApiAnalyzers.Help.md) [C:\dev\0.9.0\Ksql.Linq\src\Ksql.Linq.csproj]
C:\dev\0.9.0\Ksql.Linq\src\Configuration\Messaging\ProducerSection.cs(33,36): error RS0016: Symbol 'DeliveryTimeoutMs.get' is not part of the declared public API (https://github.com/dotnet/roslyn-analyzers/blob/main/src/PublicApiAnalyzers/PublicApiAnalyzers.Help.md) [C:\dev\0.9.0\Ksql.Linq\src\Ksql.Linq.csproj]
C:\dev\0.9.0\Ksql.Linq\src\Configuration\Messaging\ProducerSection.cs(30,40): error RS0016: Symbol 'BatchNumMessages.init' is not part of the declared public API (https://github.com/dotnet/roslyn-analyzers/blob/main/src/PublicApiAnalyzers/PublicApiAnalyzers.Help.md) [C:\dev\0.9.0\Ksql.Linq\src\Ksql.Linq.csproj]
C:\dev\0.9.0\Ksql.Linq\src\Application\KsqlContextOptions.cs(9,79): error RS0016: Symbol 'Configuration.get' is not part of the declared public API (https://github.com/dotnet/roslyn-analyzers/blob/main/src/PublicApiAnalyzers/PublicApiAnalyzers.Help.md) [C:\dev\0.9.0\Ksql.Linq\src\Ksql.Linq.csproj]
C:\dev\0.9.0\Ksql.Linq\src\Application\KsqlContextOptions.cs(9,84): error RS0016: Symbol 'Configuration.set' is not part of the declared public API (https://github.com/dotnet/roslyn-analyzers/blob/main/src/PublicApiAnalyzers/PublicApiAnalyzers.Help.md) [C:\dev\0.9.0\Ksql.Linq\src\Ksql.Linq.csproj]
C:\dev\0.9.0\Ksql.Linq\src\Configuration\Messaging\ProducerSection.cs(30,35): error RS0016: Symbol 'BatchNumMessages.get' is not part of the declared public API (https://github.com/dotnet/roslyn-analyzers/blob/main/src/PublicApiAnalyzers/PublicApiAnalyzers.Help.md) [C:\dev\0.9.0\Ksql.Linq\src\Ksql.Linq.csproj]
C:\dev\0.9.0\Ksql.Linq\src\Application\KsqlContextOptions.cs(10,39): error RS0016: Symbol 'AutoRegisterSchemas.get' is not part of the declared public API (https://github.com/dotnet/roslyn-analyzers/blob/main/src/PublicApiAnalyzers/PublicApiAnalyzers.Help.md) [C:\dev\0.9.0\Ksql.Linq\src\Ksql.Linq.csproj]
C:\dev\0.9.0\Ksql.Linq\src\Configuration\Messaging\ProducerSection.cs(36,33): error RS0016: Symbol 'RetryBackoffMs.get' is not part of the declared public API (https://github.com/dotnet/roslyn-analyzers/blob/main/src/PublicApiAnalyzers/PublicApiAnalyzers.Help.md) [C:\dev\0.9.0\Ksql.Linq\src\Ksql.Linq.csproj]
C:\dev\0.9.0\Ksql.Linq\src\Application\KsqlContextOptions.cs(11,41): error RS0016: Symbol 'EnableCachePreWarming.get' is not part of the declared public API (https://github.com/dotnet/roslyn-analyzers/blob/main/src/PublicApiAnalyzers/PublicApiAnalyzers.Help.md) [C:\dev\0.9.0\Ksql.Linq\src\Ksql.Linq.csproj]
C:\dev\0.9.0\Ksql.Linq\src\Configuration\Messaging\ProducerSection.cs(33,41): error RS0016: Symbol 'DeliveryTimeoutMs.init' is not part of the declared public API (https://github.com/dotnet/roslyn-analyzers/blob/main/src/PublicApiAnalyzers/PublicApiAnalyzers.Help.md) [C:\dev\0.9.0\Ksql.Linq\src\Ksql.Linq.csproj]
C:\dev\0.9.0\Ksql.Linq\src\Application\KsqlContextOptions.cs(10,44): error RS0016: Symbol 'AutoRegisterSchemas.set' is not part of the declared public API (https://github.com/dotnet/roslyn-analyzers/blob/main/src/PublicApiAnalyzers/PublicApiAnalyzers.Help.md) [C:\dev\0.9.0\Ksql.Linq\src\Ksql.Linq.csproj]
C:\dev\0.9.0\Ksql.Linq\src\Configuration\KsqlDslOptions.cs(89,32): error RS0016: Symbol 'Precision.get' is not part of the declared public API (https://github.com/dotnet/roslyn-analyzers/blob/main/src/PublicApiAnalyzers/PublicApiAnalyzers.Help.md) [C:\dev\0.9.0\Ksql.Linq\src\Ksql.Linq.csproj]
C:\dev\0.9.0\Ksql.Linq\src\Application\KsqlContextOptions.cs(11,46): error RS0016: Symbol 'EnableCachePreWarming.set' is not part of the declared public API (https://github.com/dotnet/roslyn-analyzers/blob/main/src/PublicApiAnalyzers/PublicApiAnalyzers.Help.md) [C:\dev\0.9.0\Ksql.Linq\src\Ksql.Linq.csproj]
C:\dev\0.9.0\Ksql.Linq\src\Configuration\WindowConfiguration.cs(14,34): error RS0016: Symbol 'WindowSize.get' is not part of the declared public API (https://github.com/dotnet/roslyn-analyzers/blob/main/src/PublicApiAnalyzers/PublicApiAnalyzers.Help.md) [C:\dev\0.9.0\Ksql.Linq\src\Ksql.Linq.csproj]
C:\dev\0.9.0\Ksql.Linq\src\Application\KsqlContextOptions.cs(12,46): error RS0016: Symbol 'FailOnInitializationErrors.get' is not part of the declared public API (https://github.com/dotnet/roslyn-analyzers/blob/main/src/PublicApiAnalyzers/PublicApiAnalyzers.Help.md) [C:\dev\0.9.0\Ksql.Linq\src\Ksql.Linq.csproj]
C:\dev\0.9.0\Ksql.Linq\src\Configuration\KsqlDslOptions.cs(89,37): error RS0016: Symbol 'Precision.init' is not part of the declared public API (https://github.com/dotnet/roslyn-analyzers/blob/main/src/PublicApiAnalyzers/PublicApiAnalyzers.Help.md) [C:\dev\0.9.0\Ksql.Linq\src\Ksql.Linq.csproj]
C:\dev\0.9.0\Ksql.Linq\src\Configuration\Messaging\ProducerSection.cs(39,26): error RS0016: Symbol 'Retries.get' is not part of the declared public API (https://github.com/dotnet/roslyn-analyzers/blob/main/src/PublicApiAnalyzers/PublicApiAnalyzers.Help.md) [C:\dev\0.9.0\Ksql.Linq\src\Ksql.Linq.csproj]
C:\dev\0.9.0\Ksql.Linq\src\Configuration\Messaging\ProducerSection.cs(36,38): error RS0016: Symbol 'RetryBackoffMs.init' is not part of the declared public API (https://github.com/dotnet/roslyn-analyzers/blob/main/src/PublicApiAnalyzers/PublicApiAnalyzers.Help.md) [C:\dev\0.9.0\Ksql.Linq\src\Ksql.Linq.csproj]
C:\dev\0.9.0\Ksql.Linq\src\Configuration\WindowConfiguration.cs(14,39): error RS0016: Symbol 'WindowSize.init' is not part of the declared public API (https://github.com/dotnet/roslyn-analyzers/blob/main/src/PublicApiAnalyzers/PublicApiAnalyzers.Help.md) [C:\dev\0.9.0\Ksql.Linq\src\Ksql.Linq.csproj]
C:\dev\0.9.0\Ksql.Linq\src\Configuration\KsqlDslOptions.cs(90,28): error RS0016: Symbol 'Scale.get' is not part of the declared public API (https://github.com/dotnet/roslyn-analyzers/blob/main/src/PublicApiAnalyzers/PublicApiAnalyzers.Help.md) [C:\dev\0.9.0\Ksql.Linq\src\Ksql.Linq.csproj]
C:\dev\0.9.0\Ksql.Linq\src\Configuration\Messaging\ProducerSection.cs(39,31): error RS0016: Symbol 'Retries.init' is not part of the declared public API (https://github.com/dotnet/roslyn-analyzers/blob/main/src/PublicApiAnalyzers/PublicApiAnalyzers.Help.md) [C:\dev\0.9.0\Ksql.Linq\src\Ksql.Linq.csproj]
C:\dev\0.9.0\Ksql.Linq\src\Configuration\WindowConfiguration.cs(15,35): error RS0016: Symbol 'GracePeriod.get' is not part of the declared public API (https://github.com/dotnet/roslyn-analyzers/blob/main/src/PublicApiAnalyzers/PublicApiAnalyzers.Help.md) [C:\dev\0.9.0\Ksql.Linq\src\Ksql.Linq.csproj]
C:\dev\0.9.0\Ksql.Linq\src\Application\KsqlContextOptions.cs(12,51): error RS0016: Symbol 'FailOnInitializationErrors.set' is not part of the declared public API (https://github.com/dotnet/roslyn-analyzers/blob/main/src/PublicApiAnalyzers/PublicApiAnalyzers.Help.md) [C:\dev\0.9.0\Ksql.Linq\src\Ksql.Linq.csproj]
C:\dev\0.9.0\Ksql.Linq\src\Application\KsqlContextOptions.cs(13,38): error RS0016: Symbol 'FailOnSchemaErrors.get' is not part of the declared public API (https://github.com/dotnet/roslyn-analyzers/blob/main/src/PublicApiAnalyzers/PublicApiAnalyzers.Help.md) [C:\dev\0.9.0\Ksql.Linq\src\Ksql.Linq.csproj]
C:\dev\0.9.0\Ksql.Linq\src\Configuration\KsqlDslOptions.cs(90,33): error RS0016: Symbol 'Scale.init' is not part of the declared public API (https://github.com/dotnet/roslyn-analyzers/blob/main/src/PublicApiAnalyzers/PublicApiAnalyzers.Help.md) [C:\dev\0.9.0\Ksql.Linq\src\Ksql.Linq.csproj]
C:\dev\0.9.0\Ksql.Linq\src\Configuration\WindowConfiguration.cs(15,40): error RS0016: Symbol 'GracePeriod.init' is not part of the declared public API (https://github.com/dotnet/roslyn-analyzers/blob/main/src/PublicApiAnalyzers/PublicApiAnalyzers.Help.md) [C:\dev\0.9.0\Ksql.Linq\src\Ksql.Linq.csproj]
C:\dev\0.9.0\Ksql.Linq\src\Configuration\Messaging\ProducerSection.cs(42,32): error RS0016: Symbol 'BufferMemory.get' is not part of the declared public API (https://github.com/dotnet/roslyn-analyzers/blob/main/src/PublicApiAnalyzers/PublicApiAnalyzers.Help.md) [C:\dev\0.9.0\Ksql.Linq\src\Ksql.Linq.csproj]
C:\dev\0.9.0\Ksql.Linq\src\Application\KsqlContextOptions.cs(13,43): error RS0016: Symbol 'FailOnSchemaErrors.set' is not part of the declared public API (https://github.com/dotnet/roslyn-analyzers/blob/main/src/PublicApiAnalyzers/PublicApiAnalyzers.Help.md) [C:\dev\0.9.0\Ksql.Linq\src\Ksql.Linq.csproj]
C:\dev\0.9.0\Ksql.Linq\src\Configuration\WindowConfiguration.cs(16,37): error RS0016: Symbol 'SweepInterval.get' is not part of the declared public API (https://github.com/dotnet/roslyn-analyzers/blob/main/src/PublicApiAnalyzers/PublicApiAnalyzers.Help.md) [C:\dev\0.9.0\Ksql.Linq\src\Ksql.Linq.csproj]
C:\dev\0.9.0\Ksql.Linq\src\Application\KsqlContextOptions.cs(14,49): error RS0016: Symbol 'SchemaRegistrationTimeout.get' is not part of the declared public API (https://github.com/dotnet/roslyn-analyzers/blob/main/src/PublicApiAnalyzers/PublicApiAnalyzers.Help.md) [C:\dev\0.9.0\Ksql.Linq\src\Ksql.Linq.csproj]
C:\dev\0.9.0\Ksql.Linq\src\Configuration\WindowConfiguration.cs(16,42): error RS0016: Symbol 'SweepInterval.init' is not part of the declared public API (https://github.com/dotnet/roslyn-analyzers/blob/main/src/PublicApiAnalyzers/PublicApiAnalyzers.Help.md) [C:\dev\0.9.0\Ksql.Linq\src\Ksql.Linq.csproj]
C:\dev\0.9.0\Ksql.Linq\src\Configuration\Messaging\ProducerSection.cs(44,34): error RS0016: Symbol 'Partitioner.get' is not part of the declared public API (https://github.com/dotnet/roslyn-analyzers/blob/main/src/PublicApiAnalyzers/PublicApiAnalyzers.Help.md) [C:\dev\0.9.0\Ksql.Linq\src\Ksql.Linq.csproj]
C:\dev\0.9.0\Ksql.Linq\src\Configuration\Messaging\ProducerSection.cs(42,37): error RS0016: Symbol 'BufferMemory.init' is not part of the declared public API (https://github.com/dotnet/roslyn-analyzers/blob/main/src/PublicApiAnalyzers/PublicApiAnalyzers.Help.md) [C:\dev\0.9.0\Ksql.Linq\src\Ksql.Linq.csproj]
C:\dev\0.9.0\Ksql.Linq\src\Application\KsqlContextOptions.cs(14,54): error RS0016: Symbol 'SchemaRegistrationTimeout.set' is not part of the declared public API (https://github.com/dotnet/roslyn-analyzers/blob/main/src/PublicApiAnalyzers/PublicApiAnalyzers.Help.md) [C:\dev\0.9.0\Ksql.Linq\src\Ksql.Linq.csproj]
C:\dev\0.9.0\Ksql.Linq\src\Configuration\WindowConfiguration.cs(17,36): error RS0016: Symbol 'IdleEviction.get' is not part of the declared public API (https://github.com/dotnet/roslyn-analyzers/blob/main/src/PublicApiAnalyzers/PublicApiAnalyzers.Help.md) [C:\dev\0.9.0\Ksql.Linq\src\Ksql.Linq.csproj]
C:\dev\0.9.0\Ksql.Linq\src\Configuration\Messaging\ProducerSection.cs(44,39): error RS0016: Symbol 'Partitioner.init' is not part of the declared public API (https://github.com/dotnet/roslyn-analyzers/blob/main/src/PublicApiAnalyzers/PublicApiAnalyzers.Help.md) [C:\dev\0.9.0\Ksql.Linq\src\Ksql.Linq.csproj]
C:\dev\0.9.0\Ksql.Linq\src\Configuration\DlqOptions.cs(85,17): error RS0016: Symbol 'Validate' is not part of the declared public API (https://github.com/dotnet/roslyn-analyzers/blob/main/src/PublicApiAnalyzers/PublicApiAnalyzers.Help.md) [C:\dev\0.9.0\Ksql.Linq\src\Ksql.Linq.csproj]
C:\dev\0.9.0\Ksql.Linq\src\Configuration\WindowConfiguration.cs(17,41): error RS0016: Symbol 'IdleEviction.init' is not part of the declared public API (https://github.com/dotnet/roslyn-analyzers/blob/main/src/PublicApiAnalyzers/PublicApiAnalyzers.Help.md) [C:\dev\0.9.0\Ksql.Linq\src\Ksql.Linq.csproj]
C:\dev\0.9.0\Ksql.Linq\src\Configuration\Messaging\ProducerSection.cs(47,62): error RS0016: Symbol 'AdditionalProperties.get' is not part of the declared public API (https://github.com/dotnet/roslyn-analyzers/blob/main/src/PublicApiAnalyzers/PublicApiAnalyzers.Help.md) [C:\dev\0.9.0\Ksql.Linq\src\Ksql.Linq.csproj]
C:\dev\0.9.0\Ksql.Linq\src\Configuration\Messaging\ProducerSection.cs(47,67): error RS0016: Symbol 'AdditionalProperties.init' is not part of the declared public API (https://github.com/dotnet/roslyn-analyzers/blob/main/src/PublicApiAnalyzers/PublicApiAnalyzers.Help.md) [C:\dev\0.9.0\Ksql.Linq\src\Ksql.Linq.csproj]
C:\dev\0.9.0\Ksql.Linq\src\Application\KsqlContextOptions.cs(16,17): error RS0016: Symbol 'Validate' is not part of the declared public API (https://github.com/dotnet/roslyn-analyzers/blob/main/src/PublicApiAnalyzers/PublicApiAnalyzers.Help.md) [C:\dev\0.9.0\Ksql.Linq\src\Ksql.Linq.csproj]
C:\dev\0.9.0\Ksql.Linq\src\Configuration\ResolvedEntityConfig.cs(11,28): error RS0016: Symbol 'Entity.get' is not part of the declared public API (https://github.com/dotnet/roslyn-analyzers/blob/main/src/PublicApiAnalyzers/PublicApiAnalyzers.Help.md) [C:\dev\0.9.0\Ksql.Linq\src\Ksql.Linq.csproj]
C:\dev\0.9.0\Ksql.Linq\src\Configuration\WindowConfiguration.cs(19,39): error RS0016: Symbol 'FromMinutes' is not part of the declared public API (https://github.com/dotnet/roslyn-analyzers/blob/main/src/PublicApiAnalyzers/PublicApiAnalyzers.Help.md) [C:\dev\0.9.0\Ksql.Linq\src\Ksql.Linq.csproj]
C:\dev\0.9.0\Ksql.Linq\src\Configuration\Messaging\ConsumerSection.cs(12,34): error RS0016: Symbol 'GroupId.init' is not part of the declared public API (https://github.com/dotnet/roslyn-analyzers/blob/main/src/PublicApiAnalyzers/PublicApiAnalyzers.Help.md) [C:\dev\0.9.0\Ksql.Linq\src\Ksql.Linq.csproj]
C:\dev\0.9.0\Ksql.Linq\src\Configuration\Messaging\ConsumerSection.cs(15,37): error RS0016: Symbol 'AutoOffsetReset.get' is not part of the declared public API (https://github.com/dotnet/roslyn-analyzers/blob/main/src/PublicApiAnalyzers/PublicApiAnalyzers.Help.md) [C:\dev\0.9.0\Ksql.Linq\src\Ksql.Linq.csproj]
C:\dev\0.9.0\Ksql.Linq\src\Configuration\Messaging\ConsumerSection.cs(12,29): error RS0016: Symbol 'GroupId.get' is not part of the declared public API (https://github.com/dotnet/roslyn-analyzers/blob/main/src/PublicApiAnalyzers/PublicApiAnalyzers.Help.md) [C:\dev\0.9.0\Ksql.Linq\src\Ksql.Linq.csproj]
C:\dev\0.9.0\Ksql.Linq\src\Configuration\ResolvedEntityConfig.cs(12,33): error RS0016: Symbol 'SourceTopic.get' is not part of the declared public API (https://github.com/dotnet/roslyn-analyzers/blob/main/src/PublicApiAnalyzers/PublicApiAnalyzers.Help.md) [C:\dev\0.9.0\Ksql.Linq\src\Ksql.Linq.csproj]
C:\dev\0.9.0\Ksql.Linq\src\Configuration\ResolvedEntityConfig.cs(11,33): error RS0016: Symbol 'Entity.set' is not part of the declared public API (https://github.com/dotnet/roslyn-analyzers/blob/main/src/PublicApiAnalyzers/PublicApiAnalyzers.Help.md) [C:\dev\0.9.0\Ksql.Linq\src\Ksql.Linq.csproj]
C:\dev\0.9.0\Ksql.Linq\src\Application\KsqlContextBuilder.cs(10,38): error RS0016: Symbol 'Create' is not part of the declared public API (https://github.com/dotnet/roslyn-analyzers/blob/main/src/PublicApiAnalyzers/PublicApiAnalyzers.Help.md) [C:\dev\0.9.0\Ksql.Linq\src\Ksql.Linq.csproj]
C:\dev\0.9.0\Ksql.Linq\src\Configuration\ResolvedEntityConfig.cs(12,38): error RS0016: Symbol 'SourceTopic.set' is not part of the declared public API (https://github.com/dotnet/roslyn-analyzers/blob/main/src/PublicApiAnalyzers/PublicApiAnalyzers.Help.md) [C:\dev\0.9.0\Ksql.Linq\src\Ksql.Linq.csproj]
C:\dev\0.9.0\Ksql.Linq\src\Configuration\ResolvedEntityConfig.cs(13,30): error RS0016: Symbol 'GroupId.get' is not part of the declared public API (https://github.com/dotnet/roslyn-analyzers/blob/main/src/PublicApiAnalyzers/PublicApiAnalyzers.Help.md) [C:\dev\0.9.0\Ksql.Linq\src\Ksql.Linq.csproj]
C:\dev\0.9.0\Ksql.Linq\src\Configuration\Messaging\ConsumerSection.cs(15,42): error RS0016: Symbol 'AutoOffsetReset.init' is not part of the declared public API (https://github.com/dotnet/roslyn-analyzers/blob/main/src/PublicApiAnalyzers/PublicApiAnalyzers.Help.md) [C:\dev\0.9.0\Ksql.Linq\src\Ksql.Linq.csproj]
C:\dev\0.9.0\Ksql.Linq\src\Configuration\ResolvedEntityConfig.cs(13,35): error RS0016: Symbol 'GroupId.set' is not part of the declared public API (https://github.com/dotnet/roslyn-analyzers/blob/main/src/PublicApiAnalyzers/PublicApiAnalyzers.Help.md) [C:\dev\0.9.0\Ksql.Linq\src\Ksql.Linq.csproj]
C:\dev\0.9.0\Ksql.Linq\src\Configuration\ResolvedEntityConfig.cs(14,31): error RS0016: Symbol 'EnableCache.get' is not part of the declared public API (https://github.com/dotnet/roslyn-analyzers/blob/main/src/PublicApiAnalyzers/PublicApiAnalyzers.Help.md) [C:\dev\0.9.0\Ksql.Linq\src\Ksql.Linq.csproj]
C:\dev\0.9.0\Ksql.Linq\src\Configuration\ResolvedEntityConfig.cs(14,36): error RS0016: Symbol 'EnableCache.set' is not part of the declared public API (https://github.com/dotnet/roslyn-analyzers/blob/main/src/PublicApiAnalyzers/PublicApiAnalyzers.Help.md) [C:\dev\0.9.0\Ksql.Linq\src\Ksql.Linq.csproj]
C:\dev\0.9.0\Ksql.Linq\src\Configuration\ResolvedEntityConfig.cs(15,32): error RS0016: Symbol 'StoreName.get' is not part of the declared public API (https://github.com/dotnet/roslyn-analyzers/blob/main/src/PublicApiAnalyzers/PublicApiAnalyzers.Help.md) [C:\dev\0.9.0\Ksql.Linq\src\Ksql.Linq.csproj]
C:\dev\0.9.0\Ksql.Linq\src\Configuration\ResolvedEntityConfig.cs(15,37): error RS0016: Symbol 'StoreName.set' is not part of the declared public API (https://github.com/dotnet/roslyn-analyzers/blob/main/src/PublicApiAnalyzers/PublicApiAnalyzers.Help.md) [C:\dev\0.9.0\Ksql.Linq\src\Ksql.Linq.csproj]
C:\dev\0.9.0\Ksql.Linq\src\Configuration\Messaging\ConsumerSection.cs(18,36): error RS0016: Symbol 'EnableAutoCommit.get' is not part of the declared public API (https://github.com/dotnet/roslyn-analyzers/blob/main/src/PublicApiAnalyzers/PublicApiAnalyzers.Help.md) [C:\dev\0.9.0\Ksql.Linq\src\Ksql.Linq.csproj]
C:\dev\0.9.0\Ksql.Linq\src\Configuration\ResolvedEntityConfig.cs(21,60): error RS0016: Symbol 'AdditionalSettings.get' is not part of the declared public API (https://github.com/dotnet/roslyn-analyzers/blob/main/src/PublicApiAnalyzers/PublicApiAnalyzers.Help.md) [C:\dev\0.9.0\Ksql.Linq\src\Ksql.Linq.csproj]
C:\dev\0.9.0\Ksql.Linq\src\Configuration\Messaging\ConsumerSection.cs(21,39): error RS0016: Symbol 'AutoCommitIntervalMs.get' is not part of the declared public API (https://github.com/dotnet/roslyn-analyzers/blob/main/src/PublicApiAnalyzers/PublicApiAnalyzers.Help.md) [C:\dev\0.9.0\Ksql.Linq\src\Ksql.Linq.csproj]
C:\dev\0.9.0\Ksql.Linq\src\Application\KsqlContextBuilder.cs(15,31): error RS0016: Symbol 'UseConfiguration' is not part of the declared public API (https://github.com/dotnet/roslyn-analyzers/blob/main/src/PublicApiAnalyzers/PublicApiAnalyzers.Help.md) [C:\dev\0.9.0\Ksql.Linq\src\Ksql.Linq.csproj]
C:\dev\0.9.0\Ksql.Linq\src\Configuration\Messaging\ConsumerSection.cs(18,41): error RS0016: Symbol 'EnableAutoCommit.init' is not part of the declared public API (https://github.com/dotnet/roslyn-analyzers/blob/main/src/PublicApiAnalyzers/PublicApiAnalyzers.Help.md) [C:\dev\0.9.0\Ksql.Linq\src\Ksql.Linq.csproj]
C:\dev\0.9.0\Ksql.Linq\src\Core\Abstractions\ValidationResult.cs(7,27): error RS0016: Symbol 'IsValid.get' is not part of the declared public API (https://github.com/dotnet/roslyn-analyzers/blob/main/src/PublicApiAnalyzers/PublicApiAnalyzers.Help.md) [C:\dev\0.9.0\Ksql.Linq\src\Ksql.Linq.csproj]
C:\dev\0.9.0\Ksql.Linq\src\Core\Sql\Identifiers.cs(5,26): error RS0016: Symbol 'Normalize' is not part of the declared public API (https://github.com/dotnet/roslyn-analyzers/blob/main/src/PublicApiAnalyzers/PublicApiAnalyzers.Help.md) [C:\dev\0.9.0\Ksql.Linq\src\Ksql.Linq.csproj]
C:\dev\0.9.0\Ksql.Linq\src\Core\Abstractions\ValidationResult.cs(7,32): error RS0016: Symbol 'IsValid.set' is not part of the declared public API (https://github.com/dotnet/roslyn-analyzers/blob/main/src/PublicApiAnalyzers/PublicApiAnalyzers.Help.md) [C:\dev\0.9.0\Ksql.Linq\src\Ksql.Linq.csproj]
C:\dev\0.9.0\Ksql.Linq\src\Core\Abstractions\ValidationResult.cs(8,34): error RS0016: Symbol 'Errors.get' is not part of the declared public API (https://github.com/dotnet/roslyn-analyzers/blob/main/src/PublicApiAnalyzers/PublicApiAnalyzers.Help.md) [C:\dev\0.9.0\Ksql.Linq\src\Ksql.Linq.csproj]
C:\dev\0.9.0\Ksql.Linq\src\Application\KsqlContextBuilder.cs(22,31): error RS0016: Symbol 'UseSchemaRegistry' is not part of the declared public API (https://github.com/dotnet/roslyn-analyzers/blob/main/src/PublicApiAnalyzers/PublicApiAnalyzers.Help.md) [C:\dev\0.9.0\Ksql.Linq\src\Ksql.Linq.csproj]
C:\dev\0.9.0\Ksql.Linq\src\Core\Abstractions\ValidationResult.cs(8,39): error RS0016: Symbol 'Errors.set' is not part of the declared public API (https://github.com/dotnet/roslyn-analyzers/blob/main/src/PublicApiAnalyzers/PublicApiAnalyzers.Help.md) [C:\dev\0.9.0\Ksql.Linq\src\Ksql.Linq.csproj]
C:\dev\0.9.0\Ksql.Linq\src\Core\Abstractions\ValidationResult.cs(9,41): error RS0016: Symbol 'Warnings.set' is not part of the declared public API (https://github.com/dotnet/roslyn-analyzers/blob/main/src/PublicApiAnalyzers/PublicApiAnalyzers.Help.md) [C:\dev\0.9.0\Ksql.Linq\src\Ksql.Linq.csproj]
C:\dev\0.9.0\Ksql.Linq\src\Core\Abstractions\ValidationResult.cs(9,36): error RS0016: Symbol 'Warnings.get' is not part of the declared public API (https://github.com/dotnet/roslyn-analyzers/blob/main/src/PublicApiAnalyzers/PublicApiAnalyzers.Help.md) [C:\dev\0.9.0\Ksql.Linq\src\Ksql.Linq.csproj]
C:\dev\0.9.0\Ksql.Linq\src\Core\Retry\RetryPolicy.cs(16,35): error RS0016: Symbol 'MaxAttempts.init' is not part of the declared public API (https://github.com/dotnet/roslyn-analyzers/blob/main/src/PublicApiAnalyzers/PublicApiAnalyzers.Help.md) [C:\dev\0.9.0\Ksql.Linq\src\Ksql.Linq.csproj]
C:\dev\0.9.0\Ksql.Linq\src\Core\Retry\RetryPolicy.cs(16,30): error RS0016: Symbol 'MaxAttempts.get' is not part of the declared public API (https://github.com/dotnet/roslyn-analyzers/blob/main/src/PublicApiAnalyzers/PublicApiAnalyzers.Help.md) [C:\dev\0.9.0\Ksql.Linq\src\Ksql.Linq.csproj]
C:\dev\0.9.0\Ksql.Linq\src\Core\Retry\RetryPolicy.cs(17,36): error RS0016: Symbol 'InitialDelay.get' is not part of the declared public API (https://github.com/dotnet/roslyn-analyzers/blob/main/src/PublicApiAnalyzers/PublicApiAnalyzers.Help.md) [C:\dev\0.9.0\Ksql.Linq\src\Ksql.Linq.csproj]
C:\dev\0.9.0\Ksql.Linq\src\Application\KsqlContextBuilder.cs(28,31): error RS0016: Symbol 'UseSchemaRegistry' is not part of the declared public API (https://github.com/dotnet/roslyn-analyzers/blob/main/src/PublicApiAnalyzers/PublicApiAnalyzers.Help.md) [C:\dev\0.9.0\Ksql.Linq\src\Ksql.Linq.csproj]
C:\dev\0.9.0\Ksql.Linq\src\Core\Retry\RetryPolicy.cs(17,41): error RS0016: Symbol 'InitialDelay.init' is not part of the declared public API (https://github.com/dotnet/roslyn-analyzers/blob/main/src/PublicApiAnalyzers/PublicApiAnalyzers.Help.md) [C:\dev\0.9.0\Ksql.Linq\src\Ksql.Linq.csproj]
C:\dev\0.9.0\Ksql.Linq\src\Core\Retry\RetryPolicy.cs(18,32): error RS0016: Symbol 'MaxDelay.get' is not part of the declared public API (https://github.com/dotnet/roslyn-analyzers/blob/main/src/PublicApiAnalyzers/PublicApiAnalyzers.Help.md) [C:\dev\0.9.0\Ksql.Linq\src\Ksql.Linq.csproj]
C:\dev\0.9.0\Ksql.Linq\src\Core\Retry\RetryPolicy.cs(18,37): error RS0016: Symbol 'MaxDelay.init' is not part of the declared public API (https://github.com/dotnet/roslyn-analyzers/blob/main/src/PublicApiAnalyzers/PublicApiAnalyzers.Help.md) [C:\dev\0.9.0\Ksql.Linq\src\Ksql.Linq.csproj]
C:\dev\0.9.0\Ksql.Linq\src\Core\Retry\RetryPolicy.cs(19,39): error RS0016: Symbol 'Strategy.get' is not part of the declared public API (https://github.com/dotnet/roslyn-analyzers/blob/main/src/PublicApiAnalyzers/PublicApiAnalyzers.Help.md) [C:\dev\0.9.0\Ksql.Linq\src\Ksql.Linq.csproj]
C:\dev\0.9.0\Ksql.Linq\src\Core\Abstractions\KafkaMessageContext.cs(8,32): error RS0016: Symbol 'MessageId.get' is not part of the declared public API (https://github.com/dotnet/roslyn-analyzers/blob/main/src/PublicApiAnalyzers/PublicApiAnalyzers.Help.md) [C:\dev\0.9.0\Ksql.Linq\src\Ksql.Linq.csproj]
C:\dev\0.9.0\Ksql.Linq\src\Core\Retry\RetryPolicy.cs(19,44): error RS0016: Symbol 'Strategy.init' is not part of the declared public API (https://github.com/dotnet/roslyn-analyzers/blob/main/src/PublicApiAnalyzers/PublicApiAnalyzers.Help.md) [C:\dev\0.9.0\Ksql.Linq\src\Ksql.Linq.csproj]
C:\dev\0.9.0\Ksql.Linq\src\Core\Abstractions\KafkaMessageContext.cs(8,37): error RS0016: Symbol 'MessageId.set' is not part of the declared public API (https://github.com/dotnet/roslyn-analyzers/blob/main/src/PublicApiAnalyzers/PublicApiAnalyzers.Help.md) [C:\dev\0.9.0\Ksql.Linq\src\Ksql.Linq.csproj]
C:\dev\0.9.0\Ksql.Linq\src\Application\KsqlContextBuilder.cs(34,31): error RS0016: Symbol 'UseSchemaRegistry' is not part of the declared public API (https://github.com/dotnet/roslyn-analyzers/blob/main/src/PublicApiAnalyzers/PublicApiAnalyzers.Help.md) [C:\dev\0.9.0\Ksql.Linq\src\Ksql.Linq.csproj]
C:\dev\0.9.0\Ksql.Linq\src\Core\Abstractions\KafkaMessageContext.cs(9,36): error RS0016: Symbol 'CorrelationId.get' is not part of the declared public API (https://github.com/dotnet/roslyn-analyzers/blob/main/src/PublicApiAnalyzers/PublicApiAnalyzers.Help.md) [C:\dev\0.9.0\Ksql.Linq\src\Ksql.Linq.csproj]
C:\dev\0.9.0\Ksql.Linq\src\Core\Retry\RetryPolicy.cs(20,49): error RS0016: Symbol 'IsRetryable.get' is not part of the declared public API (https://github.com/dotnet/roslyn-analyzers/blob/main/src/PublicApiAnalyzers/PublicApiAnalyzers.Help.md) [C:\dev\0.9.0\Ksql.Linq\src\Ksql.Linq.csproj]
C:\dev\0.9.0\Ksql.Linq\src\Core\Abstractions\KafkaMessageContext.cs(9,41): error RS0016: Symbol 'CorrelationId.set' is not part of the declared public API (https://github.com/dotnet/roslyn-analyzers/blob/main/src/PublicApiAnalyzers/PublicApiAnalyzers.Help.md) [C:\dev\0.9.0\Ksql.Linq\src\Ksql.Linq.csproj]
C:\dev\0.9.0\Ksql.Linq\src\Core\Retry\RetryPolicy.cs(20,54): error RS0016: Symbol 'IsRetryable.init' is not part of the declared public API (https://github.com/dotnet/roslyn-analyzers/blob/main/src/PublicApiAnalyzers/PublicApiAnalyzers.Help.md) [C:\dev\0.9.0\Ksql.Linq\src\Ksql.Linq.csproj]
C:\dev\0.9.0\Ksql.Linq\src\Core\Abstractions\KafkaMessageContext.cs(10,35): error RS0016: Symbol 'TargetPartition.get' is not part of the declared public API (https://github.com/dotnet/roslyn-analyzers/blob/main/src/PublicApiAnalyzers/PublicApiAnalyzers.Help.md) [C:\dev\0.9.0\Ksql.Linq\src\Ksql.Linq.csproj]
C:\dev\0.9.0\Ksql.Linq\src\Core\Abstractions\KafkaMessageContext.cs(10,40): error RS0016: Symbol 'TargetPartition.set' is not part of the declared public API (https://github.com/dotnet/roslyn-analyzers/blob/main/src/PublicApiAnalyzers/PublicApiAnalyzers.Help.md) [C:\dev\0.9.0\Ksql.Linq\src\Ksql.Linq.csproj]
C:\dev\0.9.0\Ksql.Linq\src\Application\KsqlContextBuilder.cs(40,31): error RS0016: Symbol 'EnableLogging' is not part of the declared public API (https://github.com/dotnet/roslyn-analyzers/blob/main/src/PublicApiAnalyzers/PublicApiAnalyzers.Help.md) [C:\dev\0.9.0\Ksql.Linq\src\Ksql.Linq.csproj]
C:\dev\0.9.0\Ksql.Linq\src\Core\Abstractions\KafkaMessageContext.cs(11,49): error RS0016: Symbol 'Headers.get' is not part of the declared public API (https://github.com/dotnet/roslyn-analyzers/blob/main/src/PublicApiAnalyzers/PublicApiAnalyzers.Help.md) [C:\dev\0.9.0\Ksql.Linq\src\Ksql.Linq.csproj]
C:\dev\0.9.0\Ksql.Linq\src\Core\Abstractions\KafkaMessageContext.cs(11,54): error RS0016: Symbol 'Headers.set' is not part of the declared public API (https://github.com/dotnet/roslyn-analyzers/blob/main/src/PublicApiAnalyzers/PublicApiAnalyzers.Help.md) [C:\dev\0.9.0\Ksql.Linq\src\Ksql.Linq.csproj]
C:\dev\0.9.0\Ksql.Linq\src\Core\Abstractions\KafkaMessageContext.cs(12,46): error RS0016: Symbol 'Tags.get' is not part of the declared public API (https://github.com/dotnet/roslyn-analyzers/blob/main/src/PublicApiAnalyzers/PublicApiAnalyzers.Help.md) [C:\dev\0.9.0\Ksql.Linq\src\Ksql.Linq.csproj]
C:\dev\0.9.0\Ksql.Linq\src\Configuration\WindowConfiguration.cs(33,39): error RS0016: Symbol 'FromConfiguration' is not part of the declared public API (https://github.com/dotnet/roslyn-analyzers/blob/main/src/PublicApiAnalyzers/PublicApiAnalyzers.Help.md) [C:\dev\0.9.0\Ksql.Linq\src\Ksql.Linq.csproj]
C:\dev\0.9.0\Ksql.Linq\src\Core\Abstractions\KafkaMessageContext.cs(12,51): error RS0016: Symbol 'Tags.set' is not part of the declared public API (https://github.com/dotnet/roslyn-analyzers/blob/main/src/PublicApiAnalyzers/PublicApiAnalyzers.Help.md) [C:\dev\0.9.0\Ksql.Linq\src\Ksql.Linq.csproj]
C:\dev\0.9.0\Ksql.Linq\src\Application\KsqlContextBuilder.cs(46,31): error RS0016: Symbol 'ConfigureValidation' is not part of the declared public API (https://github.com/dotnet/roslyn-analyzers/blob/main/src/PublicApiAnalyzers/PublicApiAnalyzers.Help.md) [C:\dev\0.9.0\Ksql.Linq\src\Ksql.Linq.csproj]
C:\dev\0.9.0\Ksql.Linq\src\Core\Abstractions\IKsqlContext.cs(17,35): error RS0016: Symbol 'GetEntityModels' is not part of the declared public API (https://github.com/dotnet/roslyn-analyzers/blob/main/src/PublicApiAnalyzers/PublicApiAnalyzers.Help.md) [C:\dev\0.9.0\Ksql.Linq\src\Ksql.Linq.csproj]
C:\dev\0.9.0\Ksql.Linq\src\Application\KsqlContextBuilder.cs(55,31): error RS0016: Symbol 'WithTimeouts' is not part of the declared public API (https://github.com/dotnet/roslyn-analyzers/blob/main/src/PublicApiAnalyzers/PublicApiAnalyzers.Help.md) [C:\dev\0.9.0\Ksql.Linq\src\Ksql.Linq.csproj]
C:\dev\0.9.0\Ksql.Linq\src\Core\Abstractions\IKsqlContext.cs(15,12): error RS0016: Symbol 'GetEventSet' is not part of the declared public API (https://github.com/dotnet/roslyn-analyzers/blob/main/src/PublicApiAnalyzers/PublicApiAnalyzers.Help.md) [C:\dev\0.9.0\Ksql.Linq\src\Ksql.Linq.csproj]
C:\dev\0.9.0\Ksql.Linq\src\Core\Retry\RetryPolicy.cs(22,42): error RS0016: Symbol 'Default.get' is not part of the declared public API (https://github.com/dotnet/roslyn-analyzers/blob/main/src/PublicApiAnalyzers/PublicApiAnalyzers.Help.md) [C:\dev\0.9.0\Ksql.Linq\src\Ksql.Linq.csproj]
C:\dev\0.9.0\Ksql.Linq\src\Core\Abstractions\IKsqlContext.cs(19,23): error RS0016: Symbol 'Dlq.get' is not part of the declared public API (https://github.com/dotnet/roslyn-analyzers/blob/main/src/PublicApiAnalyzers/PublicApiAnalyzers.Help.md) [C:\dev\0.9.0\Ksql.Linq\src\Ksql.Linq.csproj]
C:\dev\0.9.0\Ksql.Linq\src\Core\Abstractions\IKsqlContext.cs(14,19): error RS0016: Symbol 'Set<T>' is not part of the declared public API (https://github.com/dotnet/roslyn-analyzers/blob/main/src/PublicApiAnalyzers/PublicApiAnalyzers.Help.md) [C:\dev\0.9.0\Ksql.Linq\src\Ksql.Linq.csproj]
C:\dev\0.9.0\Ksql.Linq\src\Core\Abstractions\IRemovableEntitySet.cs(10,14): error RS0016: Symbol 'RemoveAsync' is not part of the declared public API (https://github.com/dotnet/roslyn-analyzers/blob/main/src/PublicApiAnalyzers/PublicApiAnalyzers.Help.md) [C:\dev\0.9.0\Ksql.Linq\src\Ksql.Linq.csproj]
C:\dev\0.9.0\Ksql.Linq\src\Core\Abstractions\IModelBuilder.cs(13,27): error RS0016: Symbol 'Entity<T>' is not part of the declared public API (https://github.com/dotnet/roslyn-analyzers/blob/main/src/PublicApiAnalyzers/PublicApiAnalyzers.Help.md) [C:\dev\0.9.0\Ksql.Linq\src\Ksql.Linq.csproj]
C:\dev\0.9.0\Ksql.Linq\src\Core\Abstractions\IJoinSupport.cs(8,28): error RS0016: Symbol 'Join<TInner, TKey>' is not part of the declared public API (https://github.com/dotnet/roslyn-analyzers/blob/main/src/PublicApiAnalyzers/PublicApiAnalyzers.Help.md) [C:\dev\0.9.0\Ksql.Linq\src\Ksql.Linq.csproj]
C:\dev\0.9.0\Ksql.Linq\src\Core\Abstractions\IJoinResult.cs(10,25): error RS0016: Symbol 'Select<TResult>' is not part of the declared public API (https://github.com/dotnet/roslyn-analyzers/blob/main/src/PublicApiAnalyzers/PublicApiAnalyzers.Help.md) [C:\dev\0.9.0\Ksql.Linq\src\Ksql.Linq.csproj]
C:\dev\0.9.0\Ksql.Linq\src\Application\KsqlContextBuilder.cs(62,31): error RS0016: Symbol 'Build' is not part of the declared public API (https://github.com/dotnet/roslyn-analyzers/blob/main/src/PublicApiAnalyzers/PublicApiAnalyzers.Help.md) [C:\dev\0.9.0\Ksql.Linq\src\Ksql.Linq.csproj]
C:\dev\0.9.0\Ksql.Linq\src\Core\Abstractions\IJoinableEntitySet.cs(8,32): error RS0016: Symbol 'Join<TInner, TKey>' is not part of the declared public API (https://github.com/dotnet/roslyn-analyzers/blob/main/src/PublicApiAnalyzers/PublicApiAnalyzers.Help.md) [C:\dev\0.9.0\Ksql.Linq\src\Ksql.Linq.csproj]
C:\dev\0.9.0\Ksql.Linq\src\Core\Abstractions\IErrorSink.cs(13,10): error RS0016: Symbol 'HandleErrorAsync' is not part of the declared public API (https://github.com/dotnet/roslyn-analyzers/blob/main/src/PublicApiAnalyzers/PublicApiAnalyzers.Help.md) [C:\dev\0.9.0\Ksql.Linq\src\Ksql.Linq.csproj]
C:\dev\0.9.0\Ksql.Linq\src\Core\Abstractions\IErrorSink.cs(26,10): error RS0016: Symbol 'InitializeAsync' is not part of the declared public API (https://github.com/dotnet/roslyn-analyzers/blob/main/src/PublicApiAnalyzers/PublicApiAnalyzers.Help.md) [C:\dev\0.9.0\Ksql.Linq\src\Ksql.Linq.csproj]
C:\dev\0.9.0\Ksql.Linq\src\Core\Abstractions\IErrorSink.cs(20,10): error RS0016: Symbol 'HandleErrorAsync' is not part of the declared public API (https://github.com/dotnet/roslyn-analyzers/blob/main/src/PublicApiAnalyzers/PublicApiAnalyzers.Help.md) [C:\dev\0.9.0\Ksql.Linq\src\Ksql.Linq.csproj]
C:\dev\0.9.0\Ksql.Linq\src\Core\Abstractions\IErrorSink.cs(37,24): error RS0016: Symbol 'IsAvailable.get' is not part of the declared public API (https://github.com/dotnet/roslyn-analyzers/blob/main/src/PublicApiAnalyzers/PublicApiAnalyzers.Help.md) [C:\dev\0.9.0\Ksql.Linq\src\Ksql.Linq.csproj]
C:\dev\0.9.0\Ksql.Linq\src\Core\Abstractions\IErrorSink.cs(32,10): error RS0016: Symbol 'CleanupAsync' is not part of the declared public API (https://github.com/dotnet/roslyn-analyzers/blob/main/src/PublicApiAnalyzers/PublicApiAnalyzers.Help.md) [C:\dev\0.9.0\Ksql.Linq\src\Ksql.Linq.csproj]
C:\dev\0.9.0\Ksql.Linq\src\Core\Abstractions\IEntitySet.cs(17,10): error RS0016: Symbol 'RemoveAsync' is not part of the declared public API (https://github.com/dotnet/roslyn-analyzers/blob/main/src/PublicApiAnalyzers/PublicApiAnalyzers.Help.md) [C:\dev\0.9.0\Ksql.Linq\src\Ksql.Linq.csproj]
C:\dev\0.9.0\Ksql.Linq\src\Core\Abstractions\IEntitySet.cs(16,10): error RS0016: Symbol 'AddAsync' is not part of the declared public API (https://github.com/dotnet/roslyn-analyzers/blob/main/src/PublicApiAnalyzers/PublicApiAnalyzers.Help.md) [C:\dev\0.9.0\Ksql.Linq\src\Ksql.Linq.csproj]
C:\dev\0.9.0\Ksql.Linq\src\Core\Abstractions\IEntitySet.cs(34,17): error RS0016: Symbol 'GetEntityModel' is not part of the declared public API (https://github.com/dotnet/roslyn-analyzers/blob/main/src/PublicApiAnalyzers/PublicApiAnalyzers.Help.md) [C:\dev\0.9.0\Ksql.Linq\src\Ksql.Linq.csproj]
C:\dev\0.9.0\Ksql.Linq\src\Core\Abstractions\IEntitySet.cs(20,19): error RS0016: Symbol 'ToListAsync' is not part of the declared public API (https://github.com/dotnet/roslyn-analyzers/blob/main/src/PublicApiAnalyzers/PublicApiAnalyzers.Help.md) [C:\dev\0.9.0\Ksql.Linq\src\Ksql.Linq.csproj]
C:\dev\0.9.0\Ksql.Linq\src\Core\Abstractions\IEntitySet.cs(33,12): error RS0016: Symbol 'GetTopicName' is not part of the declared public API (https://github.com/dotnet/roslyn-analyzers/blob/main/src/PublicApiAnalyzers/PublicApiAnalyzers.Help.md) [C:\dev\0.9.0\Ksql.Linq\src\Ksql.Linq.csproj]
C:\dev\0.9.0\Ksql.Linq\src\Core\Abstractions\IEntitySet.cs(24,10): error RS0016: Symbol 'ForEachAsync' is not part of the declared public API (https://github.com/dotnet/roslyn-analyzers/blob/main/src/PublicApiAnalyzers/PublicApiAnalyzers.Help.md) [C:\dev\0.9.0\Ksql.Linq\src\Ksql.Linq.csproj]
C:\dev\0.9.0\Ksql.Linq\src\Core\Abstractions\IEntitySet.cs(26,10): error RS0016: Symbol 'ForEachAsync' is not part of the declared public API (https://github.com/dotnet/roslyn-analyzers/blob/main/src/PublicApiAnalyzers/PublicApiAnalyzers.Help.md) [C:\dev\0.9.0\Ksql.Linq\src\Ksql.Linq.csproj]
C:\dev\0.9.0\Ksql.Linq\src\Core\Abstractions\ErrorHandlingPolicy.cs(7,33): error RS0016: Symbol 'Action.get' is not part of the declared public API (https://github.com/dotnet/roslyn-analyzers/blob/main/src/PublicApiAnalyzers/PublicApiAnalyzers.Help.md) [C:\dev\0.9.0\Ksql.Linq\src\Ksql.Linq.csproj]
C:\dev\0.9.0\Ksql.Linq\src\Configuration\Messaging\ConsumerSection.cs(21,44): error RS0016: Symbol 'AutoCommitIntervalMs.init' is not part of the declared public API (https://github.com/dotnet/roslyn-analyzers/blob/main/src/PublicApiAnalyzers/PublicApiAnalyzers.Help.md) [C:\dev\0.9.0\Ksql.Linq\src\Ksql.Linq.csproj]
C:\dev\0.9.0\Ksql.Linq\src\Core\Abstractions\IEntitySet.cs(35,18): error RS0016: Symbol 'GetContext' is not part of the declared public API (https://github.com/dotnet/roslyn-analyzers/blob/main/src/PublicApiAnalyzers/PublicApiAnalyzers.Help.md) [C:\dev\0.9.0\Ksql.Linq\src\Ksql.Linq.csproj]
C:\dev\0.9.0\Ksql.Linq\src\Configuration\Messaging\ConsumerSection.cs(24,35): error RS0016: Symbol 'SessionTimeoutMs.get' is not part of the declared public API (https://github.com/dotnet/roslyn-analyzers/blob/main/src/PublicApiAnalyzers/PublicApiAnalyzers.Help.md) [C:\dev\0.9.0\Ksql.Linq\src\Ksql.Linq.csproj]
C:\dev\0.9.0\Ksql.Linq\src\Core\Abstractions\ErrorHandlingPolicy.cs(7,38): error RS0016: Symbol 'Action.set' is not part of the declared public API (https://github.com/dotnet/roslyn-analyzers/blob/main/src/PublicApiAnalyzers/PublicApiAnalyzers.Help.md) [C:\dev\0.9.0\Ksql.Linq\src\Ksql.Linq.csproj]
C:\dev\0.9.0\Ksql.Linq\src\Core\Abstractions\ErrorHandlingPolicy.cs(8,29): error RS0016: Symbol 'RetryCount.get' is not part of the declared public API (https://github.com/dotnet/roslyn-analyzers/blob/main/src/PublicApiAnalyzers/PublicApiAnalyzers.Help.md) [C:\dev\0.9.0\Ksql.Linq\src\Ksql.Linq.csproj]
C:\dev\0.9.0\Ksql.Linq\src\Configuration\Messaging\ConsumerSection.cs(27,38): error RS0016: Symbol 'HeartbeatIntervalMs.get' is not part of the declared public API (https://github.com/dotnet/roslyn-analyzers/blob/main/src/PublicApiAnalyzers/PublicApiAnalyzers.Help.md) [C:\dev\0.9.0\Ksql.Linq\src\Ksql.Linq.csproj]
C:\dev\0.9.0\Ksql.Linq\src\Configuration\Messaging\ConsumerSection.cs(24,40): error RS0016: Symbol 'SessionTimeoutMs.init' is not part of the declared public API (https://github.com/dotnet/roslyn-analyzers/blob/main/src/PublicApiAnalyzers/PublicApiAnalyzers.Help.md) [C:\dev\0.9.0\Ksql.Linq\src\Ksql.Linq.csproj]
C:\dev\0.9.0\Ksql.Linq\src\Core\Abstractions\ErrorHandlingPolicy.cs(8,34): error RS0016: Symbol 'RetryCount.set' is not part of the declared public API (https://github.com/dotnet/roslyn-analyzers/blob/main/src/PublicApiAnalyzers/PublicApiAnalyzers.Help.md) [C:\dev\0.9.0\Ksql.Linq\src\Ksql.Linq.csproj]
C:\dev\0.9.0\Ksql.Linq\src\Core\Abstractions\ErrorHandlingPolicy.cs(9,37): error RS0016: Symbol 'RetryInterval.get' is not part of the declared public API (https://github.com/dotnet/roslyn-analyzers/blob/main/src/PublicApiAnalyzers/PublicApiAnalyzers.Help.md) [C:\dev\0.9.0\Ksql.Linq\src\Ksql.Linq.csproj]
C:\dev\0.9.0\Ksql.Linq\src\Configuration\Messaging\ConsumerSection.cs(30,36): error RS0016: Symbol 'MaxPollIntervalMs.get' is not part of the declared public API (https://github.com/dotnet/roslyn-analyzers/blob/main/src/PublicApiAnalyzers/PublicApiAnalyzers.Help.md) [C:\dev\0.9.0\Ksql.Linq\src\Ksql.Linq.csproj]
C:\dev\0.9.0\Ksql.Linq\src\Core\Abstractions\ErrorHandlingPolicy.cs(9,42): error RS0016: Symbol 'RetryInterval.set' is not part of the declared public API (https://github.com/dotnet/roslyn-analyzers/blob/main/src/PublicApiAnalyzers/PublicApiAnalyzers.Help.md) [C:\dev\0.9.0\Ksql.Linq\src\Ksql.Linq.csproj]
C:\dev\0.9.0\Ksql.Linq\src\Configuration\Messaging\ConsumerSection.cs(30,41): error RS0016: Symbol 'MaxPollIntervalMs.init' is not part of the declared public API (https://github.com/dotnet/roslyn-analyzers/blob/main/src/PublicApiAnalyzers/PublicApiAnalyzers.Help.md) [C:\dev\0.9.0\Ksql.Linq\src\Ksql.Linq.csproj]
C:\dev\0.9.0\Ksql.Linq\src\Configuration\Messaging\ConsumerSection.cs(27,43): error RS0016: Symbol 'HeartbeatIntervalMs.init' is not part of the declared public API (https://github.com/dotnet/roslyn-analyzers/blob/main/src/PublicApiAnalyzers/PublicApiAnalyzers.Help.md) [C:\dev\0.9.0\Ksql.Linq\src\Ksql.Linq.csproj]
C:\dev\0.9.0\Ksql.Linq\src\Core\Abstractions\ErrorHandlingPolicy.cs(13,62): error RS0016: Symbol 'CustomHandler.get' is not part of the declared public API (https://github.com/dotnet/roslyn-analyzers/blob/main/src/PublicApiAnalyzers/PublicApiAnalyzers.Help.md) [C:\dev\0.9.0\Ksql.Linq\src\Ksql.Linq.csproj]
C:\dev\0.9.0\Ksql.Linq\src\Configuration\Messaging\ConsumerSection.cs(33,33): error RS0016: Symbol 'MaxPollRecords.get' is not part of the declared public API (https://github.com/dotnet/roslyn-analyzers/blob/main/src/PublicApiAnalyzers/PublicApiAnalyzers.Help.md) [C:\dev\0.9.0\Ksql.Linq\src\Ksql.Linq.csproj]
C:\dev\0.9.0\Ksql.Linq\src\Configuration\Messaging\ConsumerSection.cs(33,38): error RS0016: Symbol 'MaxPollRecords.init' is not part of the declared public API (https://github.com/dotnet/roslyn-analyzers/blob/main/src/PublicApiAnalyzers/PublicApiAnalyzers.Help.md) [C:\dev\0.9.0\Ksql.Linq\src\Ksql.Linq.csproj]
C:\dev\0.9.0\Ksql.Linq\src\Core\Abstractions\ErrorHandlingPolicy.cs(13,67): error RS0016: Symbol 'CustomHandler.set' is not part of the declared public API (https://github.com/dotnet/roslyn-analyzers/blob/main/src/PublicApiAnalyzers/PublicApiAnalyzers.Help.md) [C:\dev\0.9.0\Ksql.Linq\src\Ksql.Linq.csproj]
C:\dev\0.9.0\Ksql.Linq\src\Core\Abstractions\ErrorHandlingPolicy.cs(18,51): error RS0016: Symbol 'RetryCondition.get' is not part of the declared public API (https://github.com/dotnet/roslyn-analyzers/blob/main/src/PublicApiAnalyzers/PublicApiAnalyzers.Help.md) [C:\dev\0.9.0\Ksql.Linq\src\Ksql.Linq.csproj]
C:\dev\0.9.0\Ksql.Linq\src\Configuration\Messaging\ConsumerSection.cs(36,32): error RS0016: Symbol 'FetchMinBytes.get' is not part of the declared public API (https://github.com/dotnet/roslyn-analyzers/blob/main/src/PublicApiAnalyzers/PublicApiAnalyzers.Help.md) [C:\dev\0.9.0\Ksql.Linq\src\Ksql.Linq.csproj]
C:\dev\0.9.0\Ksql.Linq\src\Configuration\WindowConfiguration.cs(57,17): error RS0016: Symbol 'Validate' is not part of the declared public API (https://github.com/dotnet/roslyn-analyzers/blob/main/src/PublicApiAnalyzers/PublicApiAnalyzers.Help.md) [C:\dev\0.9.0\Ksql.Linq\src\Ksql.Linq.csproj]
C:\dev\0.9.0\Ksql.Linq\src\Core\Abstractions\ErrorHandlingPolicy.cs(18,56): error RS0016: Symbol 'RetryCondition.set' is not part of the declared public API (https://github.com/dotnet/roslyn-analyzers/blob/main/src/PublicApiAnalyzers/PublicApiAnalyzers.Help.md) [C:\dev\0.9.0\Ksql.Linq\src\Ksql.Linq.csproj]
C:\dev\0.9.0\Ksql.Linq\src\Configuration\Messaging\ConsumerSection.cs(36,37): error RS0016: Symbol 'FetchMinBytes.init' is not part of the declared public API (https://github.com/dotnet/roslyn-analyzers/blob/main/src/PublicApiAnalyzers/PublicApiAnalyzers.Help.md) [C:\dev\0.9.0\Ksql.Linq\src\Ksql.Linq.csproj]
C:\dev\0.9.0\Ksql.Linq\src\Core\Abstractions\ErrorHandlingPolicy.cs(24,65): error RS0016: Symbol 'AdditionalLogInfo.set' is not part of the declared public API (https://github.com/dotnet/roslyn-analyzers/blob/main/src/PublicApiAnalyzers/PublicApiAnalyzers.Help.md) [C:\dev\0.9.0\Ksql.Linq\src\Ksql.Linq.csproj]
C:\dev\0.9.0\Ksql.Linq\src\Core\Abstractions\ErrorHandlingPolicy.cs(24,60): error RS0016: Symbol 'AdditionalLogInfo.get' is not part of the declared public API (https://github.com/dotnet/roslyn-analyzers/blob/main/src/PublicApiAnalyzers/PublicApiAnalyzers.Help.md) [C:\dev\0.9.0\Ksql.Linq\src\Ksql.Linq.csproj]
C:\dev\0.9.0\Ksql.Linq\src\Configuration\Messaging\ConsumerSection.cs(39,33): error RS0016: Symbol 'FetchMaxWaitMs.get' is not part of the declared public API (https://github.com/dotnet/roslyn-analyzers/blob/main/src/PublicApiAnalyzers/PublicApiAnalyzers.Help.md) [C:\dev\0.9.0\Ksql.Linq\src\Ksql.Linq.csproj]
C:\dev\0.9.0\Ksql.Linq\src\Configuration\Messaging\ConsumerSection.cs(39,38): error RS0016: Symbol 'FetchMaxWaitMs.init' is not part of the declared public API (https://github.com/dotnet/roslyn-analyzers/blob/main/src/PublicApiAnalyzers/PublicApiAnalyzers.Help.md) [C:\dev\0.9.0\Ksql.Linq\src\Ksql.Linq.csproj]
C:\dev\0.9.0\Ksql.Linq\src\Configuration\Messaging\ConsumerSection.cs(42,32): error RS0016: Symbol 'FetchMaxBytes.get' is not part of the declared public API (https://github.com/dotnet/roslyn-analyzers/blob/main/src/PublicApiAnalyzers/PublicApiAnalyzers.Help.md) [C:\dev\0.9.0\Ksql.Linq\src\Ksql.Linq.csproj]
C:\dev\0.9.0\Ksql.Linq\src\Configuration\Messaging\ConsumerSection.cs(44,50): error RS0016: Symbol 'PartitionAssignmentStrategy.get' is not part of the declared public API (https://github.com/dotnet/roslyn-analyzers/blob/main/src/PublicApiAnalyzers/PublicApiAnalyzers.Help.md) [C:\dev\0.9.0\Ksql.Linq\src\Ksql.Linq.csproj]
C:\dev\0.9.0\Ksql.Linq\src\Configuration\Messaging\ConsumerSection.cs(42,37): error RS0016: Symbol 'FetchMaxBytes.init' is not part of the declared public API (https://github.com/dotnet/roslyn-analyzers/blob/main/src/PublicApiAnalyzers/PublicApiAnalyzers.Help.md) [C:\dev\0.9.0\Ksql.Linq\src\Ksql.Linq.csproj]
C:\dev\0.9.0\Ksql.Linq\src\Configuration\Messaging\ConsumerSection.cs(44,55): error RS0016: Symbol 'PartitionAssignmentStrategy.init' is not part of the declared public API (https://github.com/dotnet/roslyn-analyzers/blob/main/src/PublicApiAnalyzers/PublicApiAnalyzers.Help.md) [C:\dev\0.9.0\Ksql.Linq\src\Ksql.Linq.csproj]
C:\dev\0.9.0\Ksql.Linq\src\Configuration\Messaging\ConsumerSection.cs(47,36): error RS0016: Symbol 'IsolationLevel.get' is not part of the declared public API (https://github.com/dotnet/roslyn-analyzers/blob/main/src/PublicApiAnalyzers/PublicApiAnalyzers.Help.md) [C:\dev\0.9.0\Ksql.Linq\src\Ksql.Linq.csproj]
C:\dev\0.9.0\Ksql.Linq\src\Configuration\Messaging\ConsumerSection.cs(47,41): error RS0016: Symbol 'IsolationLevel.init' is not part of the declared public API (https://github.com/dotnet/roslyn-analyzers/blob/main/src/PublicApiAnalyzers/PublicApiAnalyzers.Help.md) [C:\dev\0.9.0\Ksql.Linq\src\Ksql.Linq.csproj]
C:\dev\0.9.0\Ksql.Linq\src\Configuration\Messaging\ConsumerSection.cs(50,62): error RS0016: Symbol 'AdditionalProperties.get' is not part of the declared public API (https://github.com/dotnet/roslyn-analyzers/blob/main/src/PublicApiAnalyzers/PublicApiAnalyzers.Help.md) [C:\dev\0.9.0\Ksql.Linq\src\Ksql.Linq.csproj]
C:\dev\0.9.0\Ksql.Linq\src\Configuration\Messaging\ConsumerSection.cs(50,67): error RS0016: Symbol 'AdditionalProperties.init' is not part of the declared public API (https://github.com/dotnet/roslyn-analyzers/blob/main/src/PublicApiAnalyzers/PublicApiAnalyzers.Help.md) [C:\dev\0.9.0\Ksql.Linq\src\Ksql.Linq.csproj]
C:\dev\0.9.0\Ksql.Linq\src\Core\Attributes\KsqlTopicAttribute.cs(8,26): error RS0016: Symbol 'Name.get' is not part of the declared public API (https://github.com/dotnet/roslyn-analyzers/blob/main/src/PublicApiAnalyzers/PublicApiAnalyzers.Help.md) [C:\dev\0.9.0\Ksql.Linq\src\Ksql.Linq.csproj]
C:\dev\0.9.0\Ksql.Linq\src\Core\Attributes\KsqlTopicAttribute.cs(9,33): error RS0016: Symbol 'PartitionCount.get' is not part of the declared public API (https://github.com/dotnet/roslyn-analyzers/blob/main/src/PublicApiAnalyzers/PublicApiAnalyzers.Help.md) [C:\dev\0.9.0\Ksql.Linq\src\Ksql.Linq.csproj]
C:\dev\0.9.0\Ksql.Linq\src\Core\Attributes\KsqlTopicAttribute.cs(9,38): error RS0016: Symbol 'PartitionCount.set' is not part of the declared public API (https://github.com/dotnet/roslyn-analyzers/blob/main/src/PublicApiAnalyzers/PublicApiAnalyzers.Help.md) [C:\dev\0.9.0\Ksql.Linq\src\Ksql.Linq.csproj]
C:\dev\0.9.0\Ksql.Linq\src\Core\Abstractions\ErrorHandlingPolicy.cs(29,56): error RS0016: Symbol 'DynamicRetryInterval.get' is not part of the declared public API (https://github.com/dotnet/roslyn-analyzers/blob/main/src/PublicApiAnalyzers/PublicApiAnalyzers.Help.md) [C:\dev\0.9.0\Ksql.Linq\src\Ksql.Linq.csproj]
C:\dev\0.9.0\Ksql.Linq\src\Core\Abstractions\ErrorHandlingPolicy.cs(29,61): error RS0016: Symbol 'DynamicRetryInterval.set' is not part of the declared public API (https://github.com/dotnet/roslyn-analyzers/blob/main/src/PublicApiAnalyzers/PublicApiAnalyzers.Help.md) [C:\dev\0.9.0\Ksql.Linq\src\Ksql.Linq.csproj]
C:\dev\0.9.0\Ksql.Linq\src\Core\Attributes\KsqlTopicAttribute.cs(10,38): error RS0016: Symbol 'ReplicationFactor.get' is not part of the declared public API (https://github.com/dotnet/roslyn-analyzers/blob/main/src/PublicApiAnalyzers/PublicApiAnalyzers.Help.md) [C:\dev\0.9.0\Ksql.Linq\src\Ksql.Linq.csproj]
C:\dev\0.9.0\Ksql.Linq\src\Core\Attributes\KsqlTopicAttribute.cs(10,43): error RS0016: Symbol 'ReplicationFactor.set' is not part of the declared public API (https://github.com/dotnet/roslyn-analyzers/blob/main/src/PublicApiAnalyzers/PublicApiAnalyzers.Help.md) [C:\dev\0.9.0\Ksql.Linq\src\Ksql.Linq.csproj]
C:\dev\0.9.0\Ksql.Linq\src\Context\KsqlContext.Execution.cs(10,33): error RS0016: Symbol 'ExecuteStatementAsync' is not part of the declared public API (https://github.com/dotnet/roslyn-analyzers/blob/main/src/PublicApiAnalyzers/PublicApiAnalyzers.Help.md) [C:\dev\0.9.0\Ksql.Linq\src\Ksql.Linq.csproj]
C:\dev\0.9.0\Ksql.Linq\src\Core\Attributes\KsqlDecimalAttribute.cs(8,28): error RS0016: Symbol 'Precision.get' is not part of the declared public API (https://github.com/dotnet/roslyn-analyzers/blob/main/src/PublicApiAnalyzers/PublicApiAnalyzers.Help.md) [C:\dev\0.9.0\Ksql.Linq\src\Ksql.Linq.csproj]
C:\dev\0.9.0\Ksql.Linq\src\Core\Attributes\KsqlDecimalAttribute.cs(9,24): error RS0016: Symbol 'Scale.get' is not part of the declared public API (https://github.com/dotnet/roslyn-analyzers/blob/main/src/PublicApiAnalyzers/PublicApiAnalyzers.Help.md) [C:\dev\0.9.0\Ksql.Linq\src\Ksql.Linq.csproj]
C:\dev\0.9.0\Ksql.Linq\src\Core\Attributes\KsqlDecimalAttribute.cs(11,12): error RS0016: Symbol 'KsqlDecimalAttribute' is not part of the declared public API (https://github.com/dotnet/roslyn-analyzers/blob/main/src/PublicApiAnalyzers/PublicApiAnalyzers.Help.md) [C:\dev\0.9.0\Ksql.Linq\src\Ksql.Linq.csproj]
C:\dev\0.9.0\Ksql.Linq\src\Application\KsqlContextBuilder.cs(68,14): error RS0016: Symbol 'BuildContext<T>' is not part of the declared public API (https://github.com/dotnet/roslyn-analyzers/blob/main/src/PublicApiAnalyzers/PublicApiAnalyzers.Help.md) [C:\dev\0.9.0\Ksql.Linq\src\Ksql.Linq.csproj]
C:\dev\0.9.0\Ksql.Linq\src\Core\Abstractions\ErrorHandlingPolicy.cs(30,39): error RS0016: Symbol 'ExponentialBackoff' is not part of the declared public API (https://github.com/dotnet/roslyn-analyzers/blob/main/src/PublicApiAnalyzers/PublicApiAnalyzers.Help.md) [C:\dev\0.9.0\Ksql.Linq\src\Ksql.Linq.csproj]
C:\dev\0.9.0\Ksql.Linq\src\Core\Attributes\KsqlTopicAttribute.cs(12,12): error RS0016: Symbol 'KsqlTopicAttribute' is not part of the declared public API (https://github.com/dotnet/roslyn-analyzers/blob/main/src/PublicApiAnalyzers/PublicApiAnalyzers.Help.md) [C:\dev\0.9.0\Ksql.Linq\src\Ksql.Linq.csproj]
C:\dev\0.9.0\Ksql.Linq\src\Core\Abstractions\ErrorContext.cs(7,34): error RS0016: Symbol 'Exception.get' is not part of the declared public API (https://github.com/dotnet/roslyn-analyzers/blob/main/src/PublicApiAnalyzers/PublicApiAnalyzers.Help.md) [C:\dev\0.9.0\Ksql.Linq\src\Ksql.Linq.csproj]
C:\dev\0.9.0\Ksql.Linq\src\Core\Configuration\SchemaRegistrySection.cs(13,25): error RS0016: Symbol 'Url.get' is not part of the declared public API (https://github.com/dotnet/roslyn-analyzers/blob/main/src/PublicApiAnalyzers/PublicApiAnalyzers.Help.md) [C:\dev\0.9.0\Ksql.Linq\src\Ksql.Linq.csproj]
C:\dev\0.9.0\Ksql.Linq\src\Core\Abstractions\ErrorContext.cs(8,38): error RS0016: Symbol 'OriginalMessage.get' is not part of the declared public API (https://github.com/dotnet/roslyn-analyzers/blob/main/src/PublicApiAnalyzers/PublicApiAnalyzers.Help.md) [C:\dev\0.9.0\Ksql.Linq\src\Ksql.Linq.csproj]
C:\dev\0.9.0\Ksql.Linq\src\Core\Abstractions\ErrorContext.cs(7,39): error RS0016: Symbol 'Exception.set' is not part of the declared public API (https://github.com/dotnet/roslyn-analyzers/blob/main/src/PublicApiAnalyzers/PublicApiAnalyzers.Help.md) [C:\dev\0.9.0\Ksql.Linq\src\Ksql.Linq.csproj]
C:\dev\0.9.0\Ksql.Linq\src\Core\Configuration\SchemaRegistrySection.cs(13,30): error RS0016: Symbol 'Url.init' is not part of the declared public API (https://github.com/dotnet/roslyn-analyzers/blob/main/src/PublicApiAnalyzers/PublicApiAnalyzers.Help.md) [C:\dev\0.9.0\Ksql.Linq\src\Ksql.Linq.csproj]
C:\dev\0.9.0\Ksql.Linq\src\Core\Abstractions\ErrorContext.cs(8,43): error RS0016: Symbol 'OriginalMessage.set' is not part of the declared public API (https://github.com/dotnet/roslyn-analyzers/blob/main/src/PublicApiAnalyzers/PublicApiAnalyzers.Help.md) [C:\dev\0.9.0\Ksql.Linq\src\Ksql.Linq.csproj]
C:\dev\0.9.0\Ksql.Linq\src\Core\Configuration\SchemaRegistrySection.cs(18,35): error RS0016: Symbol 'MaxCachedSchemas.get' is not part of the declared public API (https://github.com/dotnet/roslyn-analyzers/blob/main/src/PublicApiAnalyzers/PublicApiAnalyzers.Help.md) [C:\dev\0.9.0\Ksql.Linq\src\Ksql.Linq.csproj]
C:\dev\0.9.0\Ksql.Linq\src\Core\Abstractions\EntityModel.cs(12,30): error RS0016: Symbol 'EntityType.get' is not part of the declared public API (https://github.com/dotnet/roslyn-analyzers/blob/main/src/PublicApiAnalyzers/PublicApiAnalyzers.Help.md) [C:\dev\0.9.0\Ksql.Linq\src\Ksql.Linq.csproj]
C:\dev\0.9.0\Ksql.Linq\src\Core\Abstractions\ErrorContext.cs(9,31): error RS0016: Symbol 'AttemptCount.get' is not part of the declared public API (https://github.com/dotnet/roslyn-analyzers/blob/main/src/PublicApiAnalyzers/PublicApiAnalyzers.Help.md) [C:\dev\0.9.0\Ksql.Linq\src\Ksql.Linq.csproj]
C:\dev\0.9.0\Ksql.Linq\src\Core\Abstractions\EntityModel.cs(12,35): error RS0016: Symbol 'EntityType.set' is not part of the declared public API (https://github.com/dotnet/roslyn-analyzers/blob/main/src/PublicApiAnalyzers/PublicApiAnalyzers.Help.md) [C:\dev\0.9.0\Ksql.Linq\src\Ksql.Linq.csproj]
C:\dev\0.9.0\Ksql.Linq\src\Core\Abstractions\ErrorContext.cs(9,36): error RS0016: Symbol 'AttemptCount.set' is not part of the declared public API (https://github.com/dotnet/roslyn-analyzers/blob/main/src/PublicApiAnalyzers/PublicApiAnalyzers.Help.md) [C:\dev\0.9.0\Ksql.Linq\src\Ksql.Linq.csproj]
C:\dev\0.9.0\Ksql.Linq\src\Core\Attributes\KsqlKeyAttribute.cs(8,24): error RS0016: Symbol 'Order.get' is not part of the declared public API (https://github.com/dotnet/roslyn-analyzers/blob/main/src/PublicApiAnalyzers/PublicApiAnalyzers.Help.md) [C:\dev\0.9.0\Ksql.Linq\src\Ksql.Linq.csproj]
C:\dev\0.9.0\Ksql.Linq\src\Core\Abstractions\EntityModel.cs(14,32): error RS0016: Symbol 'TopicName.get' is not part of the declared public API (https://github.com/dotnet/roslyn-analyzers/blob/main/src/PublicApiAnalyzers/PublicApiAnalyzers.Help.md) [C:\dev\0.9.0\Ksql.Linq\src\Ksql.Linq.csproj]
C:\dev\0.9.0\Ksql.Linq\src\Core\Abstractions\ErrorContext.cs(10,45): error RS0016: Symbol 'FirstAttemptTime.set' is not part of the declared public API (https://github.com/dotnet/roslyn-analyzers/blob/main/src/PublicApiAnalyzers/PublicApiAnalyzers.Help.md) [C:\dev\0.9.0\Ksql.Linq\src\Ksql.Linq.csproj]
C:\dev\0.9.0\Ksql.Linq\src\Core\Abstractions\ErrorContext.cs(10,40): error RS0016: Symbol 'FirstAttemptTime.get' is not part of the declared public API (https://github.com/dotnet/roslyn-analyzers/blob/main/src/PublicApiAnalyzers/PublicApiAnalyzers.Help.md) [C:\dev\0.9.0\Ksql.Linq\src\Ksql.Linq.csproj]
C:\dev\0.9.0\Ksql.Linq\src\Core\Abstractions\EntityModel.cs(14,37): error RS0016: Symbol 'TopicName.set' is not part of the declared public API (https://github.com/dotnet/roslyn-analyzers/blob/main/src/PublicApiAnalyzers/PublicApiAnalyzers.Help.md) [C:\dev\0.9.0\Ksql.Linq\src\Ksql.Linq.csproj]
C:\dev\0.9.0\Ksql.Linq\src\Core\Attributes\KsqlKeyAttribute.cs(8,29): error RS0016: Symbol 'Order.set' is not part of the declared public API (https://github.com/dotnet/roslyn-analyzers/blob/main/src/PublicApiAnalyzers/PublicApiAnalyzers.Help.md) [C:\dev\0.9.0\Ksql.Linq\src\Ksql.Linq.csproj]
C:\dev\0.9.0\Ksql.Linq\src\Core\Configuration\SchemaRegistrySection.cs(18,40): error RS0016: Symbol 'MaxCachedSchemas.init' is not part of the declared public API (https://github.com/dotnet/roslyn-analyzers/blob/main/src/PublicApiAnalyzers/PublicApiAnalyzers.Help.md) [C:\dev\0.9.0\Ksql.Linq\src\Ksql.Linq.csproj]
C:\dev\0.9.0\Ksql.Linq\src\Core\Abstractions\ErrorContext.cs(11,39): error RS0016: Symbol 'LastAttemptTime.get' is not part of the declared public API (https://github.com/dotnet/roslyn-analyzers/blob/main/src/PublicApiAnalyzers/PublicApiAnalyzers.Help.md) [C:\dev\0.9.0\Ksql.Linq\src\Ksql.Linq.csproj]
C:\dev\0.9.0\Ksql.Linq\src\Core\Abstractions\ErrorContext.cs(11,44): error RS0016: Symbol 'LastAttemptTime.set' is not part of the declared public API (https://github.com/dotnet/roslyn-analyzers/blob/main/src/PublicApiAnalyzers/PublicApiAnalyzers.Help.md) [C:\dev\0.9.0\Ksql.Linq\src\Ksql.Linq.csproj]
C:\dev\0.9.0\Ksql.Linq\src\Core\Retry\RetryPolicy.cs(30,23): error RS0016: Symbol 'ExecuteAsync' is not part of the declared public API (https://github.com/dotnet/roslyn-analyzers/blob/main/src/PublicApiAnalyzers/PublicApiAnalyzers.Help.md) [C:\dev\0.9.0\Ksql.Linq\src\Ksql.Linq.csproj]
C:\dev\0.9.0\Ksql.Linq\src\Core\Configuration\SchemaRegistrySection.cs(23,35): error RS0016: Symbol 'RequestTimeoutMs.get' is not part of the declared public API (https://github.com/dotnet/roslyn-analyzers/blob/main/src/PublicApiAnalyzers/PublicApiAnalyzers.Help.md) [C:\dev\0.9.0\Ksql.Linq\src\Ksql.Linq.csproj]
C:\dev\0.9.0\Ksql.Linq\src\Core\Configuration\SchemaRegistrySection.cs(23,40): error RS0016: Symbol 'RequestTimeoutMs.init' is not part of the declared public API (https://github.com/dotnet/roslyn-analyzers/blob/main/src/PublicApiAnalyzers/PublicApiAnalyzers.Help.md) [C:\dev\0.9.0\Ksql.Linq\src\Ksql.Linq.csproj]
C:\dev\0.9.0\Ksql.Linq\src\Core\Abstractions\ErrorContext.cs(12,32): error RS0016: Symbol 'ErrorPhase.get' is not part of the declared public API (https://github.com/dotnet/roslyn-analyzers/blob/main/src/PublicApiAnalyzers/PublicApiAnalyzers.Help.md) [C:\dev\0.9.0\Ksql.Linq\src\Ksql.Linq.csproj]
C:\dev\0.9.0\Ksql.Linq\src\Core\Abstractions\EntityModel.cs(19,48): error RS0016: Symbol 'QueryExpression.get' is not part of the declared public API (https://github.com/dotnet/roslyn-analyzers/blob/main/src/PublicApiAnalyzers/PublicApiAnalyzers.Help.md) [C:\dev\0.9.0\Ksql.Linq\src\Ksql.Linq.csproj]
C:\dev\0.9.0\Ksql.Linq\src\Core\Abstractions\ErrorContext.cs(12,37): error RS0016: Symbol 'ErrorPhase.set' is not part of the declared public API (https://github.com/dotnet/roslyn-analyzers/blob/main/src/PublicApiAnalyzers/PublicApiAnalyzers.Help.md) [C:\dev\0.9.0\Ksql.Linq\src\Ksql.Linq.csproj]
C:\dev\0.9.0\Ksql.Linq\src\Core\Abstractions\EntityModel.cs(19,53): error RS0016: Symbol 'QueryExpression.set' is not part of the declared public API (https://github.com/dotnet/roslyn-analyzers/blob/main/src/PublicApiAnalyzers/PublicApiAnalyzers.Help.md) [C:\dev\0.9.0\Ksql.Linq\src\Ksql.Linq.csproj]
C:\dev\0.9.0\Ksql.Linq\src\Core\Abstractions\EntityModel.cs(24,61): error RS0016: Symbol 'QueryModel.get' is not part of the declared public API (https://github.com/dotnet/roslyn-analyzers/blob/main/src/PublicApiAnalyzers/PublicApiAnalyzers.Help.md) [C:\dev\0.9.0\Ksql.Linq\src\Ksql.Linq.csproj]
C:\dev\0.9.0\Ksql.Linq\src\Core\Configuration\SchemaRegistrySection.cs(28,40): error RS0016: Symbol 'BasicAuthUserInfo.get' is not part of the declared public API (https://github.com/dotnet/roslyn-analyzers/blob/main/src/PublicApiAnalyzers/PublicApiAnalyzers.Help.md) [C:\dev\0.9.0\Ksql.Linq\src\Ksql.Linq.csproj]
C:\dev\0.9.0\Ksql.Linq\src\Core\Configuration\SchemaRegistrySection.cs(28,45): error RS0016: Symbol 'BasicAuthUserInfo.init' is not part of the declared public API (https://github.com/dotnet/roslyn-analyzers/blob/main/src/PublicApiAnalyzers/PublicApiAnalyzers.Help.md) [C:\dev\0.9.0\Ksql.Linq\src\Ksql.Linq.csproj]
C:\dev\0.9.0\Ksql.Linq\src\Core\Configuration\SchemaRegistrySection.cs(33,68): error RS0016: Symbol 'BasicAuthCredentialsSource.get' is not part of the declared public API (https://github.com/dotnet/roslyn-analyzers/blob/main/src/PublicApiAnalyzers/PublicApiAnalyzers.Help.md) [C:\dev\0.9.0\Ksql.Linq\src\Ksql.Linq.csproj]
C:\dev\0.9.0\Ksql.Linq\src\Core\Configuration\SchemaRegistrySection.cs(38,39): error RS0016: Symbol 'AutoRegisterSchemas.get' is not part of the declared public API (https://github.com/dotnet/roslyn-analyzers/blob/main/src/PublicApiAnalyzers/PublicApiAnalyzers.Help.md) [C:\dev\0.9.0\Ksql.Linq\src\Ksql.Linq.csproj]
C:\dev\0.9.0\Ksql.Linq\src\Core\Configuration\SchemaRegistrySection.cs(33,73): error RS0016: Symbol 'BasicAuthCredentialsSource.init' is not part of the declared public API (https://github.com/dotnet/roslyn-analyzers/blob/main/src/PublicApiAnalyzers/PublicApiAnalyzers.Help.md) [C:\dev\0.9.0\Ksql.Linq\src\Ksql.Linq.csproj]
C:\dev\0.9.0\Ksql.Linq\src\Core\Abstractions\EntityModel.cs(24,66): error RS0016: Symbol 'QueryModel.set' is not part of the declared public API (https://github.com/dotnet/roslyn-analyzers/blob/main/src/PublicApiAnalyzers/PublicApiAnalyzers.Help.md) [C:\dev\0.9.0\Ksql.Linq\src\Ksql.Linq.csproj]
C:\dev\0.9.0\Ksql.Linq\src\Core\Attributes\KsqlKeyAttribute.cs(10,12): error RS0016: Symbol 'KsqlKeyAttribute' is not part of the declared public API (https://github.com/dotnet/roslyn-analyzers/blob/main/src/PublicApiAnalyzers/PublicApiAnalyzers.Help.md) [C:\dev\0.9.0\Ksql.Linq\src\Ksql.Linq.csproj]
C:\dev\0.9.0\Ksql.Linq\src\Core\Configuration\SchemaRegistrySection.cs(38,44): error RS0016: Symbol 'AutoRegisterSchemas.init' is not part of the declared public API (https://github.com/dotnet/roslyn-analyzers/blob/main/src/PublicApiAnalyzers/PublicApiAnalyzers.Help.md) [C:\dev\0.9.0\Ksql.Linq\src\Ksql.Linq.csproj]
C:\dev\0.9.0\Ksql.Linq\src\Core\Abstractions\EntityModel.cs(29,34): error RS0016: Symbol 'Partitions.set' is not part of the declared public API (https://github.com/dotnet/roslyn-analyzers/blob/main/src/PublicApiAnalyzers/PublicApiAnalyzers.Help.md) [C:\dev\0.9.0\Ksql.Linq\src\Ksql.Linq.csproj]
C:\dev\0.9.0\Ksql.Linq\src\Core\Abstractions\EntityModel.cs(29,29): error RS0016: Symbol 'Partitions.get' is not part of the declared public API (https://github.com/dotnet/roslyn-analyzers/blob/main/src/PublicApiAnalyzers/PublicApiAnalyzers.Help.md) [C:\dev\0.9.0\Ksql.Linq\src\Ksql.Linq.csproj]
C:\dev\0.9.0\Ksql.Linq\src\Core\Configuration\SchemaRegistrySection.cs(43,37): error RS0016: Symbol 'LatestCacheTtlSecs.get' is not part of the declared public API (https://github.com/dotnet/roslyn-analyzers/blob/main/src/PublicApiAnalyzers/PublicApiAnalyzers.Help.md) [C:\dev\0.9.0\Ksql.Linq\src\Ksql.Linq.csproj]
C:\dev\0.9.0\Ksql.Linq\src\Core\Configuration\SchemaRegistrySection.cs(43,42): error RS0016: Symbol 'LatestCacheTtlSecs.init' is not part of the declared public API (https://github.com/dotnet/roslyn-analyzers/blob/main/src/PublicApiAnalyzers/PublicApiAnalyzers.Help.md) [C:\dev\0.9.0\Ksql.Linq\src\Ksql.Linq.csproj]
C:\dev\0.9.0\Ksql.Linq\src\Core\Abstractions\EntityModel.cs(34,38): error RS0016: Symbol 'ReplicationFactor.get' is not part of the declared public API (https://github.com/dotnet/roslyn-analyzers/blob/main/src/PublicApiAnalyzers/PublicApiAnalyzers.Help.md) [C:\dev\0.9.0\Ksql.Linq\src\Ksql.Linq.csproj]
C:\dev\0.9.0\Ksql.Linq\src\Core\Configuration\SchemaRegistrySection.cs(49,36): error RS0016: Symbol 'SslCaLocation.get' is not part of the declared public API (https://github.com/dotnet/roslyn-analyzers/blob/main/src/PublicApiAnalyzers/PublicApiAnalyzers.Help.md) [C:\dev\0.9.0\Ksql.Linq\src\Ksql.Linq.csproj]
C:\dev\0.9.0\Ksql.Linq\src\Core\Abstractions\EntityModel.cs(34,43): error RS0016: Symbol 'ReplicationFactor.set' is not part of the declared public API (https://github.com/dotnet/roslyn-analyzers/blob/main/src/PublicApiAnalyzers/PublicApiAnalyzers.Help.md) [C:\dev\0.9.0\Ksql.Linq\src\Ksql.Linq.csproj]
C:\dev\0.9.0\Ksql.Linq\src\Core\Dlq\SimpleRateLimiter.cs(11,12): error RS0016: Symbol 'SimpleRateLimiter' is not part of the declared public API (https://github.com/dotnet/roslyn-analyzers/blob/main/src/PublicApiAnalyzers/PublicApiAnalyzers.Help.md) [C:\dev\0.9.0\Ksql.Linq\src\Ksql.Linq.csproj]
C:\dev\0.9.0\Ksql.Linq\src\Core\Abstractions\EntityModel.cs(39,45): error RS0016: Symbol 'KeySchemaFullName.set' is not part of the declared public API (https://github.com/dotnet/roslyn-analyzers/blob/main/src/PublicApiAnalyzers/PublicApiAnalyzers.Help.md) [C:\dev\0.9.0\Ksql.Linq\src\Ksql.Linq.csproj]
C:\dev\0.9.0\Ksql.Linq\src\Core\Abstractions\EntityModel.cs(39,40): error RS0016: Symbol 'KeySchemaFullName.get' is not part of the declared public API (https://github.com/dotnet/roslyn-analyzers/blob/main/src/PublicApiAnalyzers/PublicApiAnalyzers.Help.md) [C:\dev\0.9.0\Ksql.Linq\src\Ksql.Linq.csproj]
C:\dev\0.9.0\Ksql.Linq\src\Core\Abstractions\EntityModel.cs(44,47): error RS0016: Symbol 'ValueSchemaFullName.set' is not part of the declared public API (https://github.com/dotnet/roslyn-analyzers/blob/main/src/PublicApiAnalyzers/PublicApiAnalyzers.Help.md) [C:\dev\0.9.0\Ksql.Linq\src\Ksql.Linq.csproj]
C:\dev\0.9.0\Ksql.Linq\src\Core\Configuration\SchemaRegistrySection.cs(54,47): error RS0016: Symbol 'SslKeystoreLocation.init' is not part of the declared public API (https://github.com/dotnet/roslyn-analyzers/blob/main/src/PublicApiAnalyzers/PublicApiAnalyzers.Help.md) [C:\dev\0.9.0\Ksql.Linq\src\Ksql.Linq.csproj]
C:\dev\0.9.0\Ksql.Linq\src\Core\Configuration\SchemaRegistrySection.cs(49,41): error RS0016: Symbol 'SslCaLocation.init' is not part of the declared public API (https://github.com/dotnet/roslyn-analyzers/blob/main/src/PublicApiAnalyzers/PublicApiAnalyzers.Help.md) [C:\dev\0.9.0\Ksql.Linq\src\Ksql.Linq.csproj]
C:\dev\0.9.0\Ksql.Linq\src\Core\Abstractions\EntityModel.cs(44,42): error RS0016: Symbol 'ValueSchemaFullName.get' is not part of the declared public API (https://github.com/dotnet/roslyn-analyzers/blob/main/src/PublicApiAnalyzers/PublicApiAnalyzers.Help.md) [C:\dev\0.9.0\Ksql.Linq\src\Ksql.Linq.csproj]
C:\dev\0.9.0\Ksql.Linq\src\Core\Abstractions\EntityModel.cs(46,43): error RS0016: Symbol 'KeyProperties.get' is not part of the declared public API (https://github.com/dotnet/roslyn-analyzers/blob/main/src/PublicApiAnalyzers/PublicApiAnalyzers.Help.md) [C:\dev\0.9.0\Ksql.Linq\src\Ksql.Linq.csproj]
C:\dev\0.9.0\Ksql.Linq\src\Core\Configuration\SchemaRegistrySection.cs(54,42): error RS0016: Symbol 'SslKeystoreLocation.get' is not part of the declared public API (https://github.com/dotnet/roslyn-analyzers/blob/main/src/PublicApiAnalyzers/PublicApiAnalyzers.Help.md) [C:\dev\0.9.0\Ksql.Linq\src\Ksql.Linq.csproj]
C:\dev\0.9.0\Ksql.Linq\src\Context\KsqlContext.Execution.cs(18,33): error RS0016: Symbol 'ExecuteExplainAsync' is not part of the declared public API (https://github.com/dotnet/roslyn-analyzers/blob/main/src/PublicApiAnalyzers/PublicApiAnalyzers.Help.md) [C:\dev\0.9.0\Ksql.Linq\src\Ksql.Linq.csproj]
C:\dev\0.9.0\Ksql.Linq\src\Core\Configuration\SchemaRegistrySection.cs(59,42): error RS0016: Symbol 'SslKeystorePassword.get' is not part of the declared public API (https://github.com/dotnet/roslyn-analyzers/blob/main/src/PublicApiAnalyzers/PublicApiAnalyzers.Help.md) [C:\dev\0.9.0\Ksql.Linq\src\Ksql.Linq.csproj]
C:\dev\0.9.0\Ksql.Linq\src\Core\Configuration\SchemaRegistrySection.cs(59,47): error RS0016: Symbol 'SslKeystorePassword.init' is not part of the declared public API (https://github.com/dotnet/roslyn-analyzers/blob/main/src/PublicApiAnalyzers/PublicApiAnalyzers.Help.md) [C:\dev\0.9.0\Ksql.Linq\src\Ksql.Linq.csproj]
C:\dev\0.9.0\Ksql.Linq\src\Core\Abstractions\EntityModel.cs(48,43): error RS0016: Symbol 'AllProperties.get' is not part of the declared public API (https://github.com/dotnet/roslyn-analyzers/blob/main/src/PublicApiAnalyzers/PublicApiAnalyzers.Help.md) [C:\dev\0.9.0\Ksql.Linq\src\Ksql.Linq.csproj]
C:\dev\0.9.0\Ksql.Linq\src\Core\Abstractions\EntityModel.cs(46,48): error RS0016: Symbol 'KeyProperties.set' is not part of the declared public API (https://github.com/dotnet/roslyn-analyzers/blob/main/src/PublicApiAnalyzers/PublicApiAnalyzers.Help.md) [C:\dev\0.9.0\Ksql.Linq\src\Ksql.Linq.csproj]
C:\dev\0.9.0\Ksql.Linq\src\Core\Configuration\SchemaRegistrySection.cs(64,37): error RS0016: Symbol 'SslKeyPassword.get' is not part of the declared public API (https://github.com/dotnet/roslyn-analyzers/blob/main/src/PublicApiAnalyzers/PublicApiAnalyzers.Help.md) [C:\dev\0.9.0\Ksql.Linq\src\Ksql.Linq.csproj]
C:\dev\0.9.0\Ksql.Linq\src\Core\Abstractions\EntityModel.cs(48,48): error RS0016: Symbol 'AllProperties.set' is not part of the declared public API (https://github.com/dotnet/roslyn-analyzers/blob/main/src/PublicApiAnalyzers/PublicApiAnalyzers.Help.md) [C:\dev\0.9.0\Ksql.Linq\src\Ksql.Linq.csproj]
C:\dev\0.9.0\Ksql.Linq\src\Core\Configuration\SchemaRegistrySection.cs(64,42): error RS0016: Symbol 'SslKeyPassword.init' is not part of the declared public API (https://github.com/dotnet/roslyn-analyzers/blob/main/src/PublicApiAnalyzers/PublicApiAnalyzers.Help.md) [C:\dev\0.9.0\Ksql.Linq\src\Ksql.Linq.csproj]
C:\dev\0.9.0\Ksql.Linq\src\Core\Abstractions\EntityModel.cs(56,48): error RS0016: Symbol 'BarTimeSelector.get' is not part of the declared public API (https://github.com/dotnet/roslyn-analyzers/blob/main/src/PublicApiAnalyzers/PublicApiAnalyzers.Help.md) [C:\dev\0.9.0\Ksql.Linq\src\Ksql.Linq.csproj]
C:\dev\0.9.0\Ksql.Linq\src\Core\Abstractions\EntityModel.cs(56,53): error RS0016: Symbol 'BarTimeSelector.set' is not part of the declared public API (https://github.com/dotnet/roslyn-analyzers/blob/main/src/PublicApiAnalyzers/PublicApiAnalyzers.Help.md) [C:\dev\0.9.0\Ksql.Linq\src\Ksql.Linq.csproj]
C:\dev\0.9.0\Ksql.Linq\src\Core\Configuration\SchemaRegistrySection.cs(69,67): error RS0016: Symbol 'AdditionalProperties.init' is not part of the declared public API (https://github.com/dotnet/roslyn-analyzers/blob/main/src/PublicApiAnalyzers/PublicApiAnalyzers.Help.md) [C:\dev\0.9.0\Ksql.Linq\src\Ksql.Linq.csproj]
C:\dev\0.9.0\Ksql.Linq\src\Core\Configuration\SchemaRegistrySection.cs(69,62): error RS0016: Symbol 'AdditionalProperties.get' is not part of the declared public API (https://github.com/dotnet/roslyn-analyzers/blob/main/src/PublicApiAnalyzers/PublicApiAnalyzers.Help.md) [C:\dev\0.9.0\Ksql.Linq\src\Ksql.Linq.csproj]
C:\dev\0.9.0\Ksql.Linq\src\Core\Extensions\LoggerFactoryExtensions.cs(19,30): error RS0016: Symbol 'CreateLoggerOrNull<T>' is not part of the declared public API (https://github.com/dotnet/roslyn-analyzers/blob/main/src/PublicApiAnalyzers/PublicApiAnalyzers.Help.md) [C:\dev\0.9.0\Ksql.Linq\src\Ksql.Linq.csproj]
C:\dev\0.9.0\Ksql.Linq\src\Core\Abstractions\EntityModel.cs(61,42): error RS0016: Symbol 'AccessMode.get' is not part of the declared public API (https://github.com/dotnet/roslyn-analyzers/blob/main/src/PublicApiAnalyzers/PublicApiAnalyzers.Help.md) [C:\dev\0.9.0\Ksql.Linq\src\Ksql.Linq.csproj]
C:\dev\0.9.0\Ksql.Linq\src\Core\Abstractions\EntityModel.cs(61,47): error RS0016: Symbol 'AccessMode.set' is not part of the declared public API (https://github.com/dotnet/roslyn-analyzers/blob/main/src/PublicApiAnalyzers/PublicApiAnalyzers.Help.md) [C:\dev\0.9.0\Ksql.Linq\src\Ksql.Linq.csproj]
C:\dev\0.9.0\Ksql.Linq\src\Core\Abstractions\EntityModel.cs(63,49): error RS0016: Symbol 'ValidationResult.get' is not part of the declared public API (https://github.com/dotnet/roslyn-analyzers/blob/main/src/PublicApiAnalyzers/PublicApiAnalyzers.Help.md) [C:\dev\0.9.0\Ksql.Linq\src\Ksql.Linq.csproj]
C:\dev\0.9.0\Ksql.Linq\src\Core\Abstractions\EntityModel.cs(63,54): error RS0016: Symbol 'ValidationResult.set' is not part of the declared public API (https://github.com/dotnet/roslyn-analyzers/blob/main/src/PublicApiAnalyzers/PublicApiAnalyzers.Help.md) [C:\dev\0.9.0\Ksql.Linq\src\Ksql.Linq.csproj]
C:\dev\0.9.0\Ksql.Linq\src\Core\Abstractions\EntityModel.cs(65,28): error RS0016: Symbol 'IsValid.get' is not part of the declared public API (https://github.com/dotnet/roslyn-analyzers/blob/main/src/PublicApiAnalyzers/PublicApiAnalyzers.Help.md) [C:\dev\0.9.0\Ksql.Linq\src\Ksql.Linq.csproj]
C:\dev\0.9.0\Ksql.Linq\src\Core\Dlq\SimpleRateLimiter.cs(17,17): error RS0016: Symbol 'TryAcquire' is not part of the declared public API (https://github.com/dotnet/roslyn-analyzers/blob/main/src/PublicApiAnalyzers/PublicApiAnalyzers.Help.md) [C:\dev\0.9.0\Ksql.Linq\src\Ksql.Linq.csproj]
C:\dev\0.9.0\Ksql.Linq\src\Core\Extensions\LoggerFactoryExtensions.cs(30,27): error RS0016: Symbol 'CreateLoggerOrNull' is not part of the declared public API (https://github.com/dotnet/roslyn-analyzers/blob/main/src/PublicApiAnalyzers/PublicApiAnalyzers.Help.md) [C:\dev\0.9.0\Ksql.Linq\src\Ksql.Linq.csproj]
C:\dev\0.9.0\Ksql.Linq\src\Context\KsqlContext.Execution.cs(27,22): error RS0016: Symbol 'QueryStreamCountAsync' is not part of the declared public API (https://github.com/dotnet/roslyn-analyzers/blob/main/src/PublicApiAnalyzers/PublicApiAnalyzers.Help.md) [C:\dev\0.9.0\Ksql.Linq\src\Ksql.Linq.csproj]
C:\dev\0.9.0\Ksql.Linq\src\Core\Extensions\LoggerFactoryExtensions.cs(41,27): error RS0016: Symbol 'CreateLoggerOrNull' is not part of the declared public API (https://github.com/dotnet/roslyn-analyzers/blob/main/src/PublicApiAnalyzers/PublicApiAnalyzers.Help.md) [C:\dev\0.9.0\Ksql.Linq\src\Ksql.Linq.csproj]
C:\dev\0.9.0\Ksql.Linq\src\Core\Abstractions\EntityModel.cs(68,9): error RS0016: Symbol 'StreamTableType.get' is not part of the declared public API (https://github.com/dotnet/roslyn-analyzers/blob/main/src/PublicApiAnalyzers/PublicApiAnalyzers.Help.md) [C:\dev\0.9.0\Ksql.Linq\src\Ksql.Linq.csproj]
C:\dev\0.9.0\Ksql.Linq\src\Context\KsqlContext.Execution.cs(35,22): error RS0016: Symbol 'QueryCountAsync' is not part of the declared public API (https://github.com/dotnet/roslyn-analyzers/blob/main/src/PublicApiAnalyzers/PublicApiAnalyzers.Help.md) [C:\dev\0.9.0\Ksql.Linq\src\Ksql.Linq.csproj]
C:\dev\0.9.0\Ksql.Linq\src\Core\Abstractions\EntityModel.cs(80,17): error RS0016: Symbol 'SetStreamTableType' is not part of the declared public API (https://github.com/dotnet/roslyn-analyzers/blob/main/src/PublicApiAnalyzers/PublicApiAnalyzers.Help.md) [C:\dev\0.9.0\Ksql.Linq\src\Ksql.Linq.csproj]
C:\dev\0.9.0\Ksql.Linq\src\Core\Dlq\IRateLimiter.cs(5,10): error RS0016: Symbol 'TryAcquire' is not part of the declared public API (https://github.com/dotnet/roslyn-analyzers/blob/main/src/PublicApiAnalyzers/PublicApiAnalyzers.Help.md) [C:\dev\0.9.0\Ksql.Linq\src\Ksql.Linq.csproj]
C:\dev\0.9.0\Ksql.Linq\src\Core\Abstractions\EntityModel.cs(90,28): error RS0016: Symbol 'GetExplicitStreamTableType' is not part of the declared public API (https://github.com/dotnet/roslyn-analyzers/blob/main/src/PublicApiAnalyzers/PublicApiAnalyzers.Help.md) [C:\dev\0.9.0\Ksql.Linq\src\Ksql.Linq.csproj]
C:\dev\0.9.0\Ksql.Linq\src\Core\Dlq\IDlqClient.cs(12,33): error RS0016: Symbol 'ReadAsync' is not part of the declared public API (https://github.com/dotnet/roslyn-analyzers/blob/main/src/PublicApiAnalyzers/PublicApiAnalyzers.Help.md) [C:\dev\0.9.0\Ksql.Linq\src\Ksql.Linq.csproj]
C:\dev\0.9.0\Ksql.Linq\src\Core\Abstractions\EntityModel.cs(99,17): error RS0016: Symbol 'HasKeys' is not part of the declared public API (https://github.com/dotnet/roslyn-analyzers/blob/main/src/PublicApiAnalyzers/PublicApiAnalyzers.Help.md) [C:\dev\0.9.0\Ksql.Linq\src\Ksql.Linq.csproj]
C:\dev\0.9.0\Ksql.Linq\src\Core\Abstractions\ErrorHandlingExtensions.cs(10,31): error RS0016: Symbol 'OnError<T>' is not part of the declared public API (https://github.com/dotnet/roslyn-analyzers/blob/main/src/PublicApiAnalyzers/PublicApiAnalyzers.Help.md) [C:\dev\0.9.0\Ksql.Linq\src\Ksql.Linq.csproj]
C:\dev\0.9.0\Ksql.Linq\src\Context\KsqlContext.Execution.cs(43,34): error RS0016: Symbol 'QueryRowsAsync' is not part of the declared public API (https://github.com/dotnet/roslyn-analyzers/blob/main/src/PublicApiAnalyzers/PublicApiAnalyzers.Help.md) [C:\dev\0.9.0\Ksql.Linq\src\Ksql.Linq.csproj]
C:\dev\0.9.0\Ksql.Linq\src\Core\Abstractions\EntityModel.cs(114,38): error RS0016: Symbol 'ErrorAction.get' is not part of the declared public API (https://github.com/dotnet/roslyn-analyzers/blob/main/src/PublicApiAnalyzers/PublicApiAnalyzers.Help.md) [C:\dev\0.9.0\Ksql.Linq\src\Ksql.Linq.csproj]
C:\dev\0.9.0\Ksql.Linq\src\Core\Abstractions\EntityModel.cs(107,17): error RS0016: Symbol 'IsCompositeKey' is not part of the declared public API (https://github.com/dotnet/roslyn-analyzers/blob/main/src/PublicApiAnalyzers/PublicApiAnalyzers.Help.md) [C:\dev\0.9.0\Ksql.Linq\src\Ksql.Linq.csproj]
C:\dev\0.9.0\Ksql.Linq\src\Core\Abstractions\EntityModel.cs(114,43): error RS0016: Symbol 'ErrorAction.set' is not part of the declared public API (https://github.com/dotnet/roslyn-analyzers/blob/main/src/PublicApiAnalyzers/PublicApiAnalyzers.Help.md) [C:\dev\0.9.0\Ksql.Linq\src\Ksql.Linq.csproj]
C:\dev\0.9.0\Ksql.Linq\src\Core\Abstractions\EntityModel.cs(119,68): error RS0016: Symbol 'DeserializationErrorPolicy.get' is not part of the declared public API (https://github.com/dotnet/roslyn-analyzers/blob/main/src/PublicApiAnalyzers/PublicApiAnalyzers.Help.md) [C:\dev\0.9.0\Ksql.Linq\src\Ksql.Linq.csproj]
C:\dev\0.9.0\Ksql.Linq\src\Core\Abstractions\EntityModel.cs(119,73): error RS0016: Symbol 'DeserializationErrorPolicy.set' is not part of the declared public API (https://github.com/dotnet/roslyn-analyzers/blob/main/src/PublicApiAnalyzers/PublicApiAnalyzers.Help.md) [C:\dev\0.9.0\Ksql.Linq\src\Ksql.Linq.csproj]
C:\dev\0.9.0\Ksql.Linq\src\Core\Abstractions\EntityModel.cs(124,31): error RS0016: Symbol 'EnableCache.get' is not part of the declared public API (https://github.com/dotnet/roslyn-analyzers/blob/main/src/PublicApiAnalyzers/PublicApiAnalyzers.Help.md) [C:\dev\0.9.0\Ksql.Linq\src\Ksql.Linq.csproj]
C:\dev\0.9.0\Ksql.Linq\src\Core\Abstractions\EntityModel.cs(124,36): error RS0016: Symbol 'EnableCache.set' is not part of the declared public API (https://github.com/dotnet/roslyn-analyzers/blob/main/src/PublicApiAnalyzers/PublicApiAnalyzers.Help.md) [C:\dev\0.9.0\Ksql.Linq\src\Ksql.Linq.csproj]
C:\dev\0.9.0\Ksql.Linq\src\Core\Abstractions\EntityModel.cs(129,30): error RS0016: Symbol 'GroupId.get' is not part of the declared public API (https://github.com/dotnet/roslyn-analyzers/blob/main/src/PublicApiAnalyzers/PublicApiAnalyzers.Help.md) [C:\dev\0.9.0\Ksql.Linq\src\Ksql.Linq.csproj]
C:\dev\0.9.0\Ksql.Linq\src\Core\Abstractions\EntityModel.cs(129,35): error RS0016: Symbol 'GroupId.set' is not part of the declared public API (https://github.com/dotnet/roslyn-analyzers/blob/main/src/PublicApiAnalyzers/PublicApiAnalyzers.Help.md) [C:\dev\0.9.0\Ksql.Linq\src\Ksql.Linq.csproj]
C:\dev\0.9.0\Ksql.Linq\src\Core\Abstractions\EntityModel.cs(134,60): error RS0016: Symbol 'AdditionalSettings.get' is not part of the declared public API (https://github.com/dotnet/roslyn-analyzers/blob/main/src/PublicApiAnalyzers/PublicApiAnalyzers.Help.md) [C:\dev\0.9.0\Ksql.Linq\src\Ksql.Linq.csproj]
C:\dev\0.9.0\Ksql.Linq\src\Core\Conversion\ValueConverter.cs(8,24): error RS0016: Symbol 'TryChangeType' is not part of the declared public API (https://github.com/dotnet/roslyn-analyzers/blob/main/src/PublicApiAnalyzers/PublicApiAnalyzers.Help.md) [C:\dev\0.9.0\Ksql.Linq\src\Ksql.Linq.csproj]
C:\dev\0.9.0\Ksql.Linq\src\Core\Extensions\LoggerFactoryExtensions.cs(55,24): error RS0016: Symbol 'LogDebugWithLegacySupport<T>' is not part of the declared public API (https://github.com/dotnet/roslyn-analyzers/blob/main/src/PublicApiAnalyzers/PublicApiAnalyzers.Help.md) [C:\dev\0.9.0\Ksql.Linq\src\Ksql.Linq.csproj]
C:\dev\0.9.0\Ksql.Linq\src\Core\Abstractions\ErrorHandlingExtensions.cs(36,31): error RS0016: Symbol 'WithRetryWhen<T>' is not part of the declared public API (https://github.com/dotnet/roslyn-analyzers/blob/main/src/PublicApiAnalyzers/PublicApiAnalyzers.Help.md) [C:\dev\0.9.0\Ksql.Linq\src\Ksql.Linq.csproj]
C:\dev\0.9.0\Ksql.Linq\src\Core\Conversion\ValueConverter.cs(53,27): error RS0016: Symbol 'ChangeTypeOrDefault' is not part of the declared public API (https://github.com/dotnet/roslyn-analyzers/blob/main/src/PublicApiAnalyzers/PublicApiAnalyzers.Help.md) [C:\dev\0.9.0\Ksql.Linq\src\Ksql.Linq.csproj]
C:\dev\0.9.0\Ksql.Linq\src\Core\Models\PropertyMeta.cs(14,26): error RS0016: Symbol 'Name.get' is not part of the declared public API (https://github.com/dotnet/roslyn-analyzers/blob/main/src/PublicApiAnalyzers/PublicApiAnalyzers.Help.md) [C:\dev\0.9.0\Ksql.Linq\src\Ksql.Linq.csproj]
C:\dev\0.9.0\Ksql.Linq\src\Core\Models\PropertyMeta.cs(14,31): error RS0016: Symbol 'Name.init' is not part of the declared public API (https://github.com/dotnet/roslyn-analyzers/blob/main/src/PublicApiAnalyzers/PublicApiAnalyzers.Help.md) [C:\dev\0.9.0\Ksql.Linq\src\Ksql.Linq.csproj]
C:\dev\0.9.0\Ksql.Linq\src\Core\Extensions\LoggerFactoryExtensions.cs(79,24): error RS0016: Symbol 'LogDebugWithLegacySupport' is not part of the declared public API (https://github.com/dotnet/roslyn-analyzers/blob/main/src/PublicApiAnalyzers/PublicApiAnalyzers.Help.md) [C:\dev\0.9.0\Ksql.Linq\src\Ksql.Linq.csproj]
C:\dev\0.9.0\Ksql.Linq\src\Core\Models\PropertyMeta.cs(15,33): error RS0016: Symbol 'SourceName.get' is not part of the declared public API (https://github.com/dotnet/roslyn-analyzers/blob/main/src/PublicApiAnalyzers/PublicApiAnalyzers.Help.md) [C:\dev\0.9.0\Ksql.Linq\src\Ksql.Linq.csproj]
C:\dev\0.9.0\Ksql.Linq\src\Core\Models\PropertyMeta.cs(15,38): error RS0016: Symbol 'SourceName.init' is not part of the declared public API (https://github.com/dotnet/roslyn-analyzers/blob/main/src/PublicApiAnalyzers/PublicApiAnalyzers.Help.md) [C:\dev\0.9.0\Ksql.Linq\src\Ksql.Linq.csproj]
C:\dev\0.9.0\Ksql.Linq\src\Core\Models\PropertyMeta.cs(17,30): error RS0016: Symbol 'IsNullable.get' is not part of the declared public API (https://github.com/dotnet/roslyn-analyzers/blob/main/src/PublicApiAnalyzers/PublicApiAnalyzers.Help.md) [C:\dev\0.9.0\Ksql.Linq\src\Ksql.Linq.csproj]
C:\dev\0.9.0\Ksql.Linq\src\Core\Models\PropertyMeta.cs(16,32): error RS0016: Symbol 'PropertyType.get' is not part of the declared public API (https://github.com/dotnet/roslyn-analyzers/blob/main/src/PublicApiAnalyzers/PublicApiAnalyzers.Help.md) [C:\dev\0.9.0\Ksql.Linq\src\Ksql.Linq.csproj]
C:\dev\0.9.0\Ksql.Linq\src\Core\Models\PropertyMeta.cs(16,37): error RS0016: Symbol 'PropertyType.init' is not part of the declared public API (https://github.com/dotnet/roslyn-analyzers/blob/main/src/PublicApiAnalyzers/PublicApiAnalyzers.Help.md) [C:\dev\0.9.0\Ksql.Linq\src\Ksql.Linq.csproj]
C:\dev\0.9.0\Ksql.Linq\src\Core\Models\PropertyMeta.cs(17,35): error RS0016: Symbol 'IsNullable.init' is not part of the declared public API (https://github.com/dotnet/roslyn-analyzers/blob/main/src/PublicApiAnalyzers/PublicApiAnalyzers.Help.md) [C:\dev\0.9.0\Ksql.Linq\src\Ksql.Linq.csproj]
C:\dev\0.9.0\Ksql.Linq\src\Core\Models\PropertyMeta.cs(18,29): error RS0016: Symbol 'Precision.get' is not part of the declared public API (https://github.com/dotnet/roslyn-analyzers/blob/main/src/PublicApiAnalyzers/PublicApiAnalyzers.Help.md) [C:\dev\0.9.0\Ksql.Linq\src\Ksql.Linq.csproj]
C:\dev\0.9.0\Ksql.Linq\src\Core\Models\PropertyMeta.cs(18,34): error RS0016: Symbol 'Precision.init' is not part of the declared public API (https://github.com/dotnet/roslyn-analyzers/blob/main/src/PublicApiAnalyzers/PublicApiAnalyzers.Help.md) [C:\dev\0.9.0\Ksql.Linq\src\Ksql.Linq.csproj]
C:\dev\0.9.0\Ksql.Linq\src\Core\Models\PropertyMeta.cs(19,25): error RS0016: Symbol 'Scale.get' is not part of the declared public API (https://github.com/dotnet/roslyn-analyzers/blob/main/src/PublicApiAnalyzers/PublicApiAnalyzers.Help.md) [C:\dev\0.9.0\Ksql.Linq\src\Ksql.Linq.csproj]
C:\dev\0.9.0\Ksql.Linq\src\Core\Models\PropertyMeta.cs(19,30): error RS0016: Symbol 'Scale.init' is not part of the declared public API (https://github.com/dotnet/roslyn-analyzers/blob/main/src/PublicApiAnalyzers/PublicApiAnalyzers.Help.md) [C:\dev\0.9.0\Ksql.Linq\src\Ksql.Linq.csproj]
C:\dev\0.9.0\Ksql.Linq\src\Core\Models\PropertyMeta.cs(20,29): error RS0016: Symbol 'Format.get' is not part of the declared public API (https://github.com/dotnet/roslyn-analyzers/blob/main/src/PublicApiAnalyzers/PublicApiAnalyzers.Help.md) [C:\dev\0.9.0\Ksql.Linq\src\Ksql.Linq.csproj]
C:\dev\0.9.0\Ksql.Linq\src\Core\Models\PropertyMeta.cs(20,34): error RS0016: Symbol 'Format.init' is not part of the declared public API (https://github.com/dotnet/roslyn-analyzers/blob/main/src/PublicApiAnalyzers/PublicApiAnalyzers.Help.md) [C:\dev\0.9.0\Ksql.Linq\src\Ksql.Linq.csproj]
C:\dev\0.9.0\Ksql.Linq\src\Core\Dlq\DlqReadOptions.cs(5,33): error RS0016: Symbol 'FromBeginning.get' is not part of the declared public API (https://github.com/dotnet/roslyn-analyzers/blob/main/src/PublicApiAnalyzers/PublicApiAnalyzers.Help.md) [C:\dev\0.9.0\Ksql.Linq\src\Ksql.Linq.csproj]
C:\dev\0.9.0\Ksql.Linq\src\Core\Models\PropertyMeta.cs(21,37): error RS0016: Symbol 'Attributes.get' is not part of the declared public API (https://github.com/dotnet/roslyn-analyzers/blob/main/src/PublicApiAnalyzers/PublicApiAnalyzers.Help.md) [C:\dev\0.9.0\Ksql.Linq\src\Ksql.Linq.csproj]
C:\dev\0.9.0\Ksql.Linq\src\Core\Dlq\DlqReadOptions.cs(5,38): error RS0016: Symbol 'FromBeginning.init' is not part of the declared public API (https://github.com/dotnet/roslyn-analyzers/blob/main/src/PublicApiAnalyzers/PublicApiAnalyzers.Help.md) [C:\dev\0.9.0\Ksql.Linq\src\Ksql.Linq.csproj]
C:\dev\0.9.0\Ksql.Linq\src\Core\Models\PropertyMeta.cs(21,42): error RS0016: Symbol 'Attributes.init' is not part of the declared public API (https://github.com/dotnet/roslyn-analyzers/blob/main/src/PublicApiAnalyzers/PublicApiAnalyzers.Help.md) [C:\dev\0.9.0\Ksql.Linq\src\Ksql.Linq.csproj]
C:\dev\0.9.0\Ksql.Linq\src\Core\Dlq\DlqReadOptions.cs(6,37): error RS0016: Symbol 'MaxBytesForRawText.get' is not part of the declared public API (https://github.com/dotnet/roslyn-analyzers/blob/main/src/PublicApiAnalyzers/PublicApiAnalyzers.Help.md) [C:\dev\0.9.0\Ksql.Linq\src\Ksql.Linq.csproj]
C:\dev\0.9.0\Ksql.Linq\src\Core\Models\PropertyMeta.cs(22,41): error RS0016: Symbol 'PropertyInfo.get' is not part of the declared public API (https://github.com/dotnet/roslyn-analyzers/blob/main/src/PublicApiAnalyzers/PublicApiAnalyzers.Help.md) [C:\dev\0.9.0\Ksql.Linq\src\Ksql.Linq.csproj]
C:\dev\0.9.0\Ksql.Linq\src\Core\Models\PropertyMeta.cs(22,46): error RS0016: Symbol 'PropertyInfo.init' is not part of the declared public API (https://github.com/dotnet/roslyn-analyzers/blob/main/src/PublicApiAnalyzers/PublicApiAnalyzers.Help.md) [C:\dev\0.9.0\Ksql.Linq\src\Ksql.Linq.csproj]
C:\dev\0.9.0\Ksql.Linq\src\Core\Dlq\DlqReadOptions.cs(6,42): error RS0016: Symbol 'MaxBytesForRawText.init' is not part of the declared public API (https://github.com/dotnet/roslyn-analyzers/blob/main/src/PublicApiAnalyzers/PublicApiAnalyzers.Help.md) [C:\dev\0.9.0\Ksql.Linq\src\Ksql.Linq.csproj]
C:\dev\0.9.0\Ksql.Linq\src\Context\KsqlContext.Execution.cs(52,22): error RS0016: Symbol 'PullCountAsync' is not part of the declared public API (https://github.com/dotnet/roslyn-analyzers/blob/main/src/PublicApiAnalyzers/PublicApiAnalyzers.Help.md) [C:\dev\0.9.0\Ksql.Linq\src\Ksql.Linq.csproj]
C:\dev\0.9.0\Ksql.Linq\src\Core\Models\PropertyMeta.cs(23,35): error RS0016: Symbol 'IsAutoGenerated.get' is not part of the declared public API (https://github.com/dotnet/roslyn-analyzers/blob/main/src/PublicApiAnalyzers/PublicApiAnalyzers.Help.md) [C:\dev\0.9.0\Ksql.Linq\src\Ksql.Linq.csproj]
C:\dev\0.9.0\Ksql.Linq\src\Core\Dlq\DlqReadOptions.cs(7,32): error RS0016: Symbol 'CommitOnRead.get' is not part of the declared public API (https://github.com/dotnet/roslyn-analyzers/blob/main/src/PublicApiAnalyzers/PublicApiAnalyzers.Help.md) [C:\dev\0.9.0\Ksql.Linq\src\Ksql.Linq.csproj]
C:\dev\0.9.0\Ksql.Linq\src\Core\Models\PropertyMeta.cs(23,40): error RS0016: Symbol 'IsAutoGenerated.init' is not part of the declared public API (https://github.com/dotnet/roslyn-analyzers/blob/main/src/PublicApiAnalyzers/PublicApiAnalyzers.Help.md) [C:\dev\0.9.0\Ksql.Linq\src\Ksql.Linq.csproj]
C:\dev\0.9.0\Ksql.Linq\src\Core\Extensions\LoggerFactoryExtensions.cs(104,24): error RS0016: Symbol 'LogInformationWithLegacySupport<T>' is not part of the declared public API (https://github.com/dotnet/roslyn-analyzers/blob/main/src/PublicApiAnalyzers/PublicApiAnalyzers.Help.md) [C:\dev\0.9.0\Ksql.Linq\src\Ksql.Linq.csproj]
C:\dev\0.9.0\Ksql.Linq\src\Core\Dlq\DlqReadOptions.cs(7,37): error RS0016: Symbol 'CommitOnRead.init' is not part of the declared public API (https://github.com/dotnet/roslyn-analyzers/blob/main/src/PublicApiAnalyzers/PublicApiAnalyzers.Help.md) [C:\dev\0.9.0\Ksql.Linq\src\Ksql.Linq.csproj]
C:\dev\0.9.0\Ksql.Linq\src\Core\Extensions\LoggerFactoryExtensions.cs(127,24): error RS0016: Symbol 'LogWarningWithLegacySupport<T>' is not part of the declared public API (https://github.com/dotnet/roslyn-analyzers/blob/main/src/PublicApiAnalyzers/PublicApiAnalyzers.Help.md) [C:\dev\0.9.0\Ksql.Linq\src\Ksql.Linq.csproj]
C:\dev\0.9.0\Ksql.Linq\src\Core\Abstractions\ErrorHandlingPolicy.cs(42,39): error RS0016: Symbol 'CircuitBreaker' is not part of the declared public API (https://github.com/dotnet/roslyn-analyzers/blob/main/src/PublicApiAnalyzers/PublicApiAnalyzers.Help.md) [C:\dev\0.9.0\Ksql.Linq\src\Ksql.Linq.csproj]
C:\dev\0.9.0\Ksql.Linq\src\Context\KsqlContext.Execution.cs(58,34): error RS0016: Symbol 'PullRowsAsync' is not part of the declared public API (https://github.com/dotnet/roslyn-analyzers/blob/main/src/PublicApiAnalyzers/PublicApiAnalyzers.Help.md) [C:\dev\0.9.0\Ksql.Linq\src\Ksql.Linq.csproj]
C:\dev\0.9.0\Ksql.Linq\src\Core\Dlq\DlqGuard.cs(8,24): error RS0016: Symbol 'ShouldSend' is not part of the declared public API (https://github.com/dotnet/roslyn-analyzers/blob/main/src/PublicApiAnalyzers/PublicApiAnalyzers.Help.md) [C:\dev\0.9.0\Ksql.Linq\src\Ksql.Linq.csproj]
C:\dev\0.9.0\Ksql.Linq\src\Core\Extensions\LoggerFactoryExtensions.cs(151,24): error RS0016: Symbol 'LogErrorWithLegacySupport<T>' is not part of the declared public API (https://github.com/dotnet/roslyn-analyzers/blob/main/src/PublicApiAnalyzers/PublicApiAnalyzers.Help.md) [C:\dev\0.9.0\Ksql.Linq\src\Ksql.Linq.csproj]
C:\dev\0.9.0\Ksql.Linq\src\Core\Models\PropertyMeta.cs(25,32): error RS0016: Symbol 'FromProperty' is not part of the declared public API (https://github.com/dotnet/roslyn-analyzers/blob/main/src/PublicApiAnalyzers/PublicApiAnalyzers.Help.md) [C:\dev\0.9.0\Ksql.Linq\src\Ksql.Linq.csproj]
C:\dev\0.9.0\Ksql.Linq\src\Core\Models\PropertyMeta.cs(47,32): error RS0016: Symbol 'AutoGenerated' is not part of the declared public API (https://github.com/dotnet/roslyn-analyzers/blob/main/src/PublicApiAnalyzers/PublicApiAnalyzers.Help.md) [C:\dev\0.9.0\Ksql.Linq\src\Ksql.Linq.csproj]
C:\dev\0.9.0\Ksql.Linq\src\Core\Extensions\LoggerFactoryExtensions.cs(171,34): error RS0016: Symbol 'CreateLoggerFactory' is not part of the declared public API (https://github.com/dotnet/roslyn-analyzers/blob/main/src/PublicApiAnalyzers/PublicApiAnalyzers.Help.md) [C:\dev\0.9.0\Ksql.Linq\src\Ksql.Linq.csproj]
C:\dev\0.9.0\Ksql.Linq\src\Core\Retry\RetryPolicy.cs(56,26): error RS0016: Symbol 'ExecuteAsync<T>' is not part of the declared public API (https://github.com/dotnet/roslyn-analyzers/blob/main/src/PublicApiAnalyzers/PublicApiAnalyzers.Help.md) [C:\dev\0.9.0\Ksql.Linq\src\Ksql.Linq.csproj]
C:\dev\0.9.0\Ksql.Linq\src\Core\Modeling\EntityModelBuilder.cs(17,34): error RS0016: Symbol 'OnError' is not part of the declared public API (https://github.com/dotnet/roslyn-analyzers/blob/main/src/PublicApiAnalyzers/PublicApiAnalyzers.Help.md) [C:\dev\0.9.0\Ksql.Linq\src\Ksql.Linq.csproj]
C:\dev\0.9.0\Ksql.Linq\src\Core\Modeling\EntityBuilderToQueryExtensions.cs(11,41): error RS0016: Symbol 'ToQuery<T>' is not part of the declared public API (https://github.com/dotnet/roslyn-analyzers/blob/main/src/PublicApiAnalyzers/PublicApiAnalyzers.Help.md) [C:\dev\0.9.0\Ksql.Linq\src\Ksql.Linq.csproj]
C:\dev\0.9.0\Ksql.Linq\src\Core\Modeling\EntityModelBuilder.cs(23,24): error RS0016: Symbol 'GetModel' is not part of the declared public API (https://github.com/dotnet/roslyn-analyzers/blob/main/src/PublicApiAnalyzers/PublicApiAnalyzers.Help.md) [C:\dev\0.9.0\Ksql.Linq\src\Ksql.Linq.csproj]
C:\dev\0.9.0\Ksql.Linq\src\Core\Retry\RetryPolicy.cs(82,17): error RS0016: Symbol 'ExecuteAsync' is not part of the declared public API (https://github.com/dotnet/roslyn-analyzers/blob/main/src/PublicApiAnalyzers/PublicApiAnalyzers.Help.md) [C:\dev\0.9.0\Ksql.Linq\src\Ksql.Linq.csproj]
C:\dev\0.9.0\Ksql.Linq\src\Core\Retry\RetryPolicy.cs(83,17): error RS0016: Symbol 'ExecuteAsync' is not part of the declared public API (https://github.com/dotnet/roslyn-analyzers/blob/main/src/PublicApiAnalyzers/PublicApiAnalyzers.Help.md) [C:\dev\0.9.0\Ksql.Linq\src\Ksql.Linq.csproj]
C:\dev\0.9.0\Ksql.Linq\src\Core\Retry\RetryPolicy.cs(84,20): error RS0016: Symbol 'ExecuteAsync<T>' is not part of the declared public API (https://github.com/dotnet/roslyn-analyzers/blob/main/src/PublicApiAnalyzers/PublicApiAnalyzers.Help.md) [C:\dev\0.9.0\Ksql.Linq\src\Ksql.Linq.csproj]
C:\dev\0.9.0\Ksql.Linq\src\Core\Modeling\EntityModelBuilder.cs(30,28): error RS0016: Symbol 'ToString' is not part of the declared public API (https://github.com/dotnet/roslyn-analyzers/blob/main/src/PublicApiAnalyzers/PublicApiAnalyzers.Help.md) [C:\dev\0.9.0\Ksql.Linq\src\Ksql.Linq.csproj]
C:\dev\0.9.0\Ksql.Linq\src\Core\Retry\RetryPolicy.cs(85,20): error RS0016: Symbol 'ExecuteAsync<T>' is not part of the declared public API (https://github.com/dotnet/roslyn-analyzers/blob/main/src/PublicApiAnalyzers/PublicApiAnalyzers.Help.md) [C:\dev\0.9.0\Ksql.Linq\src\Ksql.Linq.csproj]
C:\dev\0.9.0\Ksql.Linq\src\Events\RuntimeEvents.cs(8,30): error RS0016: Symbol 'TryPublishAsync' is not part of the declared public API (https://github.com/dotnet/roslyn-analyzers/blob/main/src/PublicApiAnalyzers/PublicApiAnalyzers.Help.md) [C:\dev\0.9.0\Ksql.Linq\src\Ksql.Linq.csproj]
C:\dev\0.9.0\Ksql.Linq\src\Events\RuntimeEvent.cs(7,26): error RS0016: Symbol 'Name.get' is not part of the declared public API (https://github.com/dotnet/roslyn-analyzers/blob/main/src/PublicApiAnalyzers/PublicApiAnalyzers.Help.md) [C:\dev\0.9.0\Ksql.Linq\src\Ksql.Linq.csproj]
C:\dev\0.9.0\Ksql.Linq\src\Events\RuntimeEvent.cs(7,31): error RS0016: Symbol 'Name.init' is not part of the declared public API (https://github.com/dotnet/roslyn-analyzers/blob/main/src/PublicApiAnalyzers/PublicApiAnalyzers.Help.md) [C:\dev\0.9.0\Ksql.Linq\src\Ksql.Linq.csproj]
C:\dev\0.9.0\Ksql.Linq\src\Events\RuntimeEvent.cs(8,28): error RS0016: Symbol 'Phase.get' is not part of the declared public API (https://github.com/dotnet/roslyn-analyzers/blob/main/src/PublicApiAnalyzers/PublicApiAnalyzers.Help.md) [C:\dev\0.9.0\Ksql.Linq\src\Ksql.Linq.csproj]
C:\dev\0.9.0\Ksql.Linq\src\Events\RuntimeEvent.cs(8,33): error RS0016: Symbol 'Phase.init' is not part of the declared public API (https://github.com/dotnet/roslyn-analyzers/blob/main/src/PublicApiAnalyzers/PublicApiAnalyzers.Help.md) [C:\dev\0.9.0\Ksql.Linq\src\Ksql.Linq.csproj]
C:\dev\0.9.0\Ksql.Linq\src\Events\RuntimeEvent.cs(9,29): error RS0016: Symbol 'Entity.get' is not part of the declared public API (https://github.com/dotnet/roslyn-analyzers/blob/main/src/PublicApiAnalyzers/PublicApiAnalyzers.Help.md) [C:\dev\0.9.0\Ksql.Linq\src\Ksql.Linq.csproj]
C:\dev\0.9.0\Ksql.Linq\src\Events\RuntimeEvent.cs(9,34): error RS0016: Symbol 'Entity.init' is not part of the declared public API (https://github.com/dotnet/roslyn-analyzers/blob/main/src/PublicApiAnalyzers/PublicApiAnalyzers.Help.md) [C:\dev\0.9.0\Ksql.Linq\src\Ksql.Linq.csproj]
C:\dev\0.9.0\Ksql.Linq\src\Events\RuntimeEvent.cs(10,28): error RS0016: Symbol 'Topic.get' is not part of the declared public API (https://github.com/dotnet/roslyn-analyzers/blob/main/src/PublicApiAnalyzers/PublicApiAnalyzers.Help.md) [C:\dev\0.9.0\Ksql.Linq\src\Ksql.Linq.csproj]
C:\dev\0.9.0\Ksql.Linq\src\Events\RuntimeEvent.cs(10,33): error RS0016: Symbol 'Topic.init' is not part of the declared public API (https://github.com/dotnet/roslyn-analyzers/blob/main/src/PublicApiAnalyzers/PublicApiAnalyzers.Help.md) [C:\dev\0.9.0\Ksql.Linq\src\Ksql.Linq.csproj]
C:\dev\0.9.0\Ksql.Linq\src\Events\RuntimeEvent.cs(11,32): error RS0016: Symbol 'Timeframe.get' is not part of the declared public API (https://github.com/dotnet/roslyn-analyzers/blob/main/src/PublicApiAnalyzers/PublicApiAnalyzers.Help.md) [C:\dev\0.9.0\Ksql.Linq\src\Ksql.Linq.csproj]
C:\dev\0.9.0\Ksql.Linq\src\Events\RuntimeEvent.cs(11,37): error RS0016: Symbol 'Timeframe.init' is not part of the declared public API (https://github.com/dotnet/roslyn-analyzers/blob/main/src/PublicApiAnalyzers/PublicApiAnalyzers.Help.md) [C:\dev\0.9.0\Ksql.Linq\src\Ksql.Linq.csproj]
C:\dev\0.9.0\Ksql.Linq\src\Events\RuntimeEvent.cs(12,27): error RS0016: Symbol 'Role.get' is not part of the declared public API (https://github.com/dotnet/roslyn-analyzers/blob/main/src/PublicApiAnalyzers/PublicApiAnalyzers.Help.md) [C:\dev\0.9.0\Ksql.Linq\src\Ksql.Linq.csproj]
C:\dev\0.9.0\Ksql.Linq\src\Events\RuntimeEvents.cs(13,24): error RS0016: Symbol 'TryPublishFireAndForget' is not part of the declared public API (https://github.com/dotnet/roslyn-analyzers/blob/main/src/PublicApiAnalyzers/PublicApiAnalyzers.Help.md) [C:\dev\0.9.0\Ksql.Linq\src\Ksql.Linq.csproj]
C:\dev\0.9.0\Ksql.Linq\src\Events\RuntimeEvent.cs(12,32): error RS0016: Symbol 'Role.init' is not part of the declared public API (https://github.com/dotnet/roslyn-analyzers/blob/main/src/PublicApiAnalyzers/PublicApiAnalyzers.Help.md) [C:\dev\0.9.0\Ksql.Linq\src\Ksql.Linq.csproj]
C:\dev\0.9.0\Ksql.Linq\src\Events\RuntimeEvent.cs(13,33): error RS0016: Symbol 'SqlPreview.get' is not part of the declared public API (https://github.com/dotnet/roslyn-analyzers/blob/main/src/PublicApiAnalyzers/PublicApiAnalyzers.Help.md) [C:\dev\0.9.0\Ksql.Linq\src\Ksql.Linq.csproj]
C:\dev\0.9.0\Ksql.Linq\src\Events\RuntimeEvent.cs(13,38): error RS0016: Symbol 'SqlPreview.init' is not part of the declared public API (https://github.com/dotnet/roslyn-analyzers/blob/main/src/PublicApiAnalyzers/PublicApiAnalyzers.Help.md) [C:\dev\0.9.0\Ksql.Linq\src\Ksql.Linq.csproj]
C:\dev\0.9.0\Ksql.Linq\src\Events\RuntimeEvent.cs(14,30): error RS0016: Symbol 'QueryId.get' is not part of the declared public API (https://github.com/dotnet/roslyn-analyzers/blob/main/src/PublicApiAnalyzers/PublicApiAnalyzers.Help.md) [C:\dev\0.9.0\Ksql.Linq\src\Ksql.Linq.csproj]
C:\dev\0.9.0\Ksql.Linq\src\Events\RuntimeEvent.cs(14,35): error RS0016: Symbol 'QueryId.init' is not part of the declared public API (https://github.com/dotnet/roslyn-analyzers/blob/main/src/PublicApiAnalyzers/PublicApiAnalyzers.Help.md) [C:\dev\0.9.0\Ksql.Linq\src\Ksql.Linq.csproj]
C:\dev\0.9.0\Ksql.Linq\src\Events\RuntimeEvent.cs(15,28): error RS0016: Symbol 'Success.get' is not part of the declared public API (https://github.com/dotnet/roslyn-analyzers/blob/main/src/PublicApiAnalyzers/PublicApiAnalyzers.Help.md) [C:\dev\0.9.0\Ksql.Linq\src\Ksql.Linq.csproj]
C:\dev\0.9.0\Ksql.Linq\src\Events\RuntimeEvent.cs(16,30): error RS0016: Symbol 'Message.get' is not part of the declared public API (https://github.com/dotnet/roslyn-analyzers/blob/main/src/PublicApiAnalyzers/PublicApiAnalyzers.Help.md) [C:\dev\0.9.0\Ksql.Linq\src\Ksql.Linq.csproj]
C:\dev\0.9.0\Ksql.Linq\src\Events\RuntimeEvent.cs(15,33): error RS0016: Symbol 'Success.init' is not part of the declared public API (https://github.com/dotnet/roslyn-analyzers/blob/main/src/PublicApiAnalyzers/PublicApiAnalyzers.Help.md) [C:\dev\0.9.0\Ksql.Linq\src\Ksql.Linq.csproj]
C:\dev\0.9.0\Ksql.Linq\src\Events\RuntimeEventBus.cs(13,45): error RS0016: Symbol 'Sink.get' is not part of the declared public API (https://github.com/dotnet/roslyn-analyzers/blob/main/src/PublicApiAnalyzers/PublicApiAnalyzers.Help.md) [C:\dev\0.9.0\Ksql.Linq\src\Ksql.Linq.csproj]
C:\dev\0.9.0\Ksql.Linq\src\Events\RuntimeEvent.cs(16,35): error RS0016: Symbol 'Message.init' is not part of the declared public API (https://github.com/dotnet/roslyn-analyzers/blob/main/src/PublicApiAnalyzers/PublicApiAnalyzers.Help.md) [C:\dev\0.9.0\Ksql.Linq\src\Ksql.Linq.csproj]
C:\dev\0.9.0\Ksql.Linq\src\Events\RuntimeEvent.cs(17,35): error RS0016: Symbol 'Exception.get' is not part of the declared public API (https://github.com/dotnet/roslyn-analyzers/blob/main/src/PublicApiAnalyzers/PublicApiAnalyzers.Help.md) [C:\dev\0.9.0\Ksql.Linq\src\Ksql.Linq.csproj]
C:\dev\0.9.0\Ksql.Linq\src\Events\RuntimeEvent.cs(17,40): error RS0016: Symbol 'Exception.init' is not part of the declared public API (https://github.com/dotnet/roslyn-analyzers/blob/main/src/PublicApiAnalyzers/PublicApiAnalyzers.Help.md) [C:\dev\0.9.0\Ksql.Linq\src\Ksql.Linq.csproj]
C:\dev\0.9.0\Ksql.Linq\src\Events\RuntimeEvent.cs(18,36): error RS0016: Symbol 'TimestampUtc.get' is not part of the declared public API (https://github.com/dotnet/roslyn-analyzers/blob/main/src/PublicApiAnalyzers/PublicApiAnalyzers.Help.md) [C:\dev\0.9.0\Ksql.Linq\src\Ksql.Linq.csproj]
C:\dev\0.9.0\Ksql.Linq\src\Events\RuntimeEventBus.cs(15,24): error RS0016: Symbol 'SetSink' is not part of the declared public API (https://github.com/dotnet/roslyn-analyzers/blob/main/src/PublicApiAnalyzers/PublicApiAnalyzers.Help.md) [C:\dev\0.9.0\Ksql.Linq\src\Ksql.Linq.csproj]
C:\dev\0.9.0\Ksql.Linq\src\Events\RuntimeEvent.cs(18,41): error RS0016: Symbol 'TimestampUtc.init' is not part of the declared public API (https://github.com/dotnet/roslyn-analyzers/blob/main/src/PublicApiAnalyzers/PublicApiAnalyzers.Help.md) [C:\dev\0.9.0\Ksql.Linq\src\Ksql.Linq.csproj]
C:\dev\0.9.0\Ksql.Linq\src\Events\RuntimeEvent.cs(19,28): error RS0016: Symbol 'AppId.get' is not part of the declared public API (https://github.com/dotnet/roslyn-analyzers/blob/main/src/PublicApiAnalyzers/PublicApiAnalyzers.Help.md) [C:\dev\0.9.0\Ksql.Linq\src\Ksql.Linq.csproj]
C:\dev\0.9.0\Ksql.Linq\src\Events\RuntimeEvent.cs(19,33): error RS0016: Symbol 'AppId.init' is not part of the declared public API (https://github.com/dotnet/roslyn-analyzers/blob/main/src/PublicApiAnalyzers/PublicApiAnalyzers.Help.md) [C:\dev\0.9.0\Ksql.Linq\src\Ksql.Linq.csproj]
C:\dev\0.9.0\Ksql.Linq\src\Events\RuntimeEvent.cs(20,28): error RS0016: Symbol 'State.get' is not part of the declared public API (https://github.com/dotnet/roslyn-analyzers/blob/main/src/PublicApiAnalyzers/PublicApiAnalyzers.Help.md) [C:\dev\0.9.0\Ksql.Linq\src\Ksql.Linq.csproj]
C:\dev\0.9.0\Ksql.Linq\src\Events\RuntimeEvent.cs(20,33): error RS0016: Symbol 'State.init' is not part of the declared public API (https://github.com/dotnet/roslyn-analyzers/blob/main/src/PublicApiAnalyzers/PublicApiAnalyzers.Help.md) [C:\dev\0.9.0\Ksql.Linq\src\Ksql.Linq.csproj]
C:\dev\0.9.0\Ksql.Linq\src\Events\RuntimeEventBus.cs(8,10): error RS0016: Symbol 'PublishAsync' is not part of the declared public API (https://github.com/dotnet/roslyn-analyzers/blob/main/src/PublicApiAnalyzers/PublicApiAnalyzers.Help.md) [C:\dev\0.9.0\Ksql.Linq\src\Ksql.Linq.csproj]
C:\dev\0.9.0\Ksql.Linq\src\Events\RuntimeEventBus.cs(17,24): error RS0016: Symbol 'PublishAsync' is not part of the declared public API (https://github.com/dotnet/roslyn-analyzers/blob/main/src/PublicApiAnalyzers/PublicApiAnalyzers.Help.md) [C:\dev\0.9.0\Ksql.Linq\src\Ksql.Linq.csproj]
C:\dev\0.9.0\Ksql.Linq\src\Context\KsqlContext.Lifecycle.cs(89,54): error RS0016: Symbol 'SkipSchemaRegistration.get' is not part of the declared public API (https://github.com/dotnet/roslyn-analyzers/blob/main/src/PublicApiAnalyzers/PublicApiAnalyzers.Help.md) [C:\dev\0.9.0\Ksql.Linq\src\Ksql.Linq.csproj]
C:\dev\0.9.0\Ksql.Linq\src\Extensions\EntitySetExtensions.cs(18,31): error RS0016: Symbol 'OnError<T>' is not part of the declared public API (https://github.com/dotnet/roslyn-analyzers/blob/main/src/PublicApiAnalyzers/PublicApiAnalyzers.Help.md) [C:\dev\0.9.0\Ksql.Linq\src\Ksql.Linq.csproj]
C:\dev\0.9.0\Ksql.Linq\src\Extensions\EventSetExtensions.cs(19,31): error RS0016: Symbol 'OnError<T>' is not part of the declared public API (https://github.com/dotnet/roslyn-analyzers/blob/main/src/PublicApiAnalyzers/PublicApiAnalyzers.Help.md) [C:\dev\0.9.0\Ksql.Linq\src\Ksql.Linq.csproj]
C:\dev\0.9.0\Ksql.Linq\src\Extensions\EntitySetExtensions.cs(29,24): error RS0016: Symbol 'ForEachAsync<T>' is not part of the declared public API (https://github.com/dotnet/roslyn-analyzers/blob/main/src/PublicApiAnalyzers/PublicApiAnalyzers.Help.md) [C:\dev\0.9.0\Ksql.Linq\src\Ksql.Linq.csproj]
C:\dev\0.9.0\Ksql.Linq\src\EntitySets\EventSet.cs(37,15): error RS0016: Symbol 'EventSet' is not part of the declared public API (https://github.com/dotnet/roslyn-analyzers/blob/main/src/PublicApiAnalyzers/PublicApiAnalyzers.Help.md) [C:\dev\0.9.0\Ksql.Linq\src\Ksql.Linq.csproj]
C:\dev\0.9.0\Ksql.Linq\src\Context\KsqlContext.Lifecycle.cs(93,15): error RS0016: Symbol 'KsqlContext' is not part of the declared public API (https://github.com/dotnet/roslyn-analyzers/blob/main/src/PublicApiAnalyzers/PublicApiAnalyzers.Help.md) [C:\dev\0.9.0\Ksql.Linq\src\Ksql.Linq.csproj]
C:\dev\0.9.0\Ksql.Linq\src\Extensions\EntitySetExtensions.cs(32,24): error RS0016: Symbol 'ForEachAsync<T>' is not part of the declared public API (https://github.com/dotnet/roslyn-analyzers/blob/main/src/PublicApiAnalyzers/PublicApiAnalyzers.Help.md) [C:\dev\0.9.0\Ksql.Linq\src\Ksql.Linq.csproj]
C:\dev\0.9.0\Ksql.Linq\src\Extensions\OffsetAggregateExtensions.cs(14,31): error RS0016: Symbol 'LatestByOffset<TSource, TKey, TResult>' is not part of the declared public API (https://github.com/dotnet/roslyn-analyzers/blob/main/src/PublicApiAnalyzers/PublicApiAnalyzers.Help.md) [C:\dev\0.9.0\Ksql.Linq\src\Ksql.Linq.csproj]
C:\dev\0.9.0\Ksql.Linq\src\Extensions\EntitySetExtensions.cs(35,24): error RS0016: Symbol 'ForEachAsync<T>' is not part of the declared public API (https://github.com/dotnet/roslyn-analyzers/blob/main/src/PublicApiAnalyzers/PublicApiAnalyzers.Help.md) [C:\dev\0.9.0\Ksql.Linq\src\Ksql.Linq.csproj]
C:\dev\0.9.0\Ksql.Linq\src\Context\KsqlContext.Lifecycle.cs(98,15): error RS0016: Symbol 'KsqlContext' is not part of the declared public API (https://github.com/dotnet/roslyn-analyzers/blob/main/src/PublicApiAnalyzers/PublicApiAnalyzers.Help.md) [C:\dev\0.9.0\Ksql.Linq\src\Ksql.Linq.csproj]
C:\dev\0.9.0\Ksql.Linq\src\Context\KsqlContext.Lifecycle.cs(103,15): error RS0016: Symbol 'KsqlContext' is not part of the declared public API (https://github.com/dotnet/roslyn-analyzers/blob/main/src/PublicApiAnalyzers/PublicApiAnalyzers.Help.md) [C:\dev\0.9.0\Ksql.Linq\src\Ksql.Linq.csproj]
C:\dev\0.9.0\Ksql.Linq\src\Extensions\EntitySetExtensions.cs(38,24): error RS0016: Symbol 'ForEachAsync<T>' is not part of the declared public API (https://github.com/dotnet/roslyn-analyzers/blob/main/src/PublicApiAnalyzers/PublicApiAnalyzers.Help.md) [C:\dev\0.9.0\Ksql.Linq\src\Ksql.Linq.csproj]
C:\dev\0.9.0\Ksql.Linq\src\Extensions\EntitySetExtensions.cs(41,24): error RS0016: Symbol 'ForEachAsync<T>' is not part of the declared public API (https://github.com/dotnet/roslyn-analyzers/blob/main/src/PublicApiAnalyzers/PublicApiAnalyzers.Help.md) [C:\dev\0.9.0\Ksql.Linq\src\Ksql.Linq.csproj]
C:\dev\0.9.0\Ksql.Linq\src\Extensions\OffsetAggregateExtensions.cs(26,31): error RS0016: Symbol 'EarliestByOffset<TSource, TKey, TResult>' is not part of the declared public API (https://github.com/dotnet/roslyn-analyzers/blob/main/src/PublicApiAnalyzers/PublicApiAnalyzers.Help.md) [C:\dev\0.9.0\Ksql.Linq\src\Ksql.Linq.csproj]
C:\dev\0.9.0\Ksql.Linq\src\EntitySets\EventSet.cs(81,41): error RS0016: Symbol 'GetAsyncEnumerator' is not part of the declared public API (https://github.com/dotnet/roslyn-analyzers/blob/main/src/PublicApiAnalyzers/PublicApiAnalyzers.Help.md) [C:\dev\0.9.0\Ksql.Linq\src\Ksql.Linq.csproj]
C:\dev\0.9.0\Ksql.Linq\src\Extensions\EntitySetExtensions.cs(44,24): error RS0016: Symbol 'ForEachAsync<T>' is not part of the declared public API (https://github.com/dotnet/roslyn-analyzers/blob/main/src/PublicApiAnalyzers/PublicApiAnalyzers.Help.md) [C:\dev\0.9.0\Ksql.Linq\src\Ksql.Linq.csproj]
C:\dev\0.9.0\Ksql.Linq\src\Extensions\QueryExtensions.cs(11,31): error RS0016: Symbol 'ToQuery<T>' is not part of the declared public API (https://github.com/dotnet/roslyn-analyzers/blob/main/src/PublicApiAnalyzers/PublicApiAnalyzers.Help.md) [C:\dev\0.9.0\Ksql.Linq\src\Ksql.Linq.csproj]
C:\dev\0.9.0\Ksql.Linq\src\Extensions\WindowExtensions.cs(9,32): error RS0016: Symbol 'WindowStart<TSource, TKey>' is not part of the declared public API (https://github.com/dotnet/roslyn-analyzers/blob/main/src/PublicApiAnalyzers/PublicApiAnalyzers.Help.md) [C:\dev\0.9.0\Ksql.Linq\src\Ksql.Linq.csproj]
C:\dev\0.9.0\Ksql.Linq\src\Extensions\EntitySetExtensions.cs(47,24): error RS0016: Symbol 'ForEachAsync<T>' is not part of the declared public API (https://github.com/dotnet/roslyn-analyzers/blob/main/src/PublicApiAnalyzers/PublicApiAnalyzers.Help.md) [C:\dev\0.9.0\Ksql.Linq\src\Ksql.Linq.csproj]
C:\dev\0.9.0\Ksql.Linq\src\Extensions\EntitySetExtensions.cs(50,24): error RS0016: Symbol 'ForEachAsync<T>' is not part of the declared public API (https://github.com/dotnet/roslyn-analyzers/blob/main/src/PublicApiAnalyzers/PublicApiAnalyzers.Help.md) [C:\dev\0.9.0\Ksql.Linq\src\Ksql.Linq.csproj]
C:\dev\0.9.0\Ksql.Linq\src\Context\KsqlContext.Lifecycle.cs(108,15): error RS0016: Symbol 'KsqlContext' is not part of the declared public API (https://github.com/dotnet/roslyn-analyzers/blob/main/src/PublicApiAnalyzers/PublicApiAnalyzers.Help.md) [C:\dev\0.9.0\Ksql.Linq\src\Ksql.Linq.csproj]
C:\dev\0.9.0\Ksql.Linq\src\Extensions\EntitySetExtensions.cs(54,24): error RS0016: Symbol 'ForEachAsync<T>' is not part of the declared public API (https://github.com/dotnet/roslyn-analyzers/blob/main/src/PublicApiAnalyzers/PublicApiAnalyzers.Help.md) [C:\dev\0.9.0\Ksql.Linq\src\Ksql.Linq.csproj]
C:\dev\0.9.0\Ksql.Linq\src\Extensions\EntitySetExtensions.cs(57,24): error RS0016: Symbol 'ForEachAsync<T>' is not part of the declared public API (https://github.com/dotnet/roslyn-analyzers/blob/main/src/PublicApiAnalyzers/PublicApiAnalyzers.Help.md) [C:\dev\0.9.0\Ksql.Linq\src\Ksql.Linq.csproj]
C:\dev\0.9.0\Ksql.Linq\src\Context\KsqlContext.Lifecycle.cs(118,15): error RS0016: Symbol 'KsqlContext' is not part of the declared public API (https://github.com/dotnet/roslyn-analyzers/blob/main/src/PublicApiAnalyzers/PublicApiAnalyzers.Help.md) [C:\dev\0.9.0\Ksql.Linq\src\Ksql.Linq.csproj]
C:\dev\0.9.0\Ksql.Linq\src\Extensions\EntitySetExtensions.cs(60,24): error RS0016: Symbol 'ForEachAsync<T>' is not part of the declared public API (https://github.com/dotnet/roslyn-analyzers/blob/main/src/PublicApiAnalyzers/PublicApiAnalyzers.Help.md) [C:\dev\0.9.0\Ksql.Linq\src\Ksql.Linq.csproj]
C:\dev\0.9.0\Ksql.Linq\src\Context\KsqlContext.Lifecycle.cs(123,15): error RS0016: Symbol 'KsqlContext' is not part of the declared public API (https://github.com/dotnet/roslyn-analyzers/blob/main/src/PublicApiAnalyzers/PublicApiAnalyzers.Help.md) [C:\dev\0.9.0\Ksql.Linq\src\Ksql.Linq.csproj]
C:\dev\0.9.0\Ksql.Linq\src\Context\KsqlContext.Lifecycle.cs(133,25): error RS0016: Symbol 'StartAsync' is not part of the declared public API (https://github.com/dotnet/roslyn-analyzers/blob/main/src/PublicApiAnalyzers/PublicApiAnalyzers.Help.md) [C:\dev\0.9.0\Ksql.Linq\src\Ksql.Linq.csproj]
C:\dev\0.9.0\Ksql.Linq\src\Context\KsqlContext.Lifecycle.cs(138,31): error RS0016: Symbol 'StopAsync' is not part of the declared public API (https://github.com/dotnet/roslyn-analyzers/blob/main/src/PublicApiAnalyzers/PublicApiAnalyzers.Help.md) [C:\dev\0.9.0\Ksql.Linq\src\Ksql.Linq.csproj]
C:\dev\0.9.0\Ksql.Linq\src\Extensions\EventSetExtensions.cs(35,39): error RS0016: Symbol 'Limit<T>' is not part of the declared public API (https://github.com/dotnet/roslyn-analyzers/blob/main/src/PublicApiAnalyzers/PublicApiAnalyzers.Help.md) [C:\dev\0.9.0\Ksql.Linq\src\Ksql.Linq.csproj]
C:\dev\0.9.0\Ksql.Linq\src\EntitySets\EventSet.cs(123,40): error RS0016: Symbol 'ToListAsync' is not part of the declared public API (https://github.com/dotnet/roslyn-analyzers/blob/main/src/PublicApiAnalyzers/PublicApiAnalyzers.Help.md) [C:\dev\0.9.0\Ksql.Linq\src\Ksql.Linq.csproj]
C:\dev\0.9.0\Ksql.Linq\src\Context\KsqlContext.Lifecycle.cs(152,17): error RS0016: Symbol 'ClearStreamizState' is not part of the declared public API (https://github.com/dotnet/roslyn-analyzers/blob/main/src/PublicApiAnalyzers/PublicApiAnalyzers.Help.md) [C:\dev\0.9.0\Ksql.Linq\src\Ksql.Linq.csproj]
C:\dev\0.9.0\Ksql.Linq\src\Query\Abstractions\IKsqlBuilder.cs(15,12): error RS0016: Symbol 'Build' is not part of the declared public API (https://github.com/dotnet/roslyn-analyzers/blob/main/src/PublicApiAnalyzers/PublicApiAnalyzers.Help.md) [C:\dev\0.9.0\Ksql.Linq\src\Ksql.Linq.csproj]
C:\dev\0.9.0\Ksql.Linq\src\Query\Abstractions\IKsqlBuilder.cs(20,35): error RS0016: Symbol 'BuilderType.get' is not part of the declared public API (https://github.com/dotnet/roslyn-analyzers/blob/main/src/PublicApiAnalyzers/PublicApiAnalyzers.Help.md) [C:\dev\0.9.0\Ksql.Linq\src\Ksql.Linq.csproj]
C:\dev\0.9.0\Ksql.Linq\src\EntitySets\EventSet.cs(143,29): error RS0016: Symbol 'SendEntityAsync' is not part of the declared public API (https://github.com/dotnet/roslyn-analyzers/blob/main/src/PublicApiAnalyzers/PublicApiAnalyzers.Help.md) [C:\dev\0.9.0\Ksql.Linq\src\Ksql.Linq.csproj]
C:\dev\0.9.0\Ksql.Linq\src\EntitySets\EventSet.cs(148,31): error RS0016: Symbol 'AddAsync' is not part of the declared public API (https://github.com/dotnet/roslyn-analyzers/blob/main/src/PublicApiAnalyzers/PublicApiAnalyzers.Help.md) [C:\dev\0.9.0\Ksql.Linq\src\Ksql.Linq.csproj]
C:\dev\0.9.0\Ksql.Linq\src\EntitySets\EventSet.cs(161,25): error RS0016: Symbol 'RemoveAsync' is not part of the declared public API (https://github.com/dotnet/roslyn-analyzers/blob/main/src/PublicApiAnalyzers/PublicApiAnalyzers.Help.md) [C:\dev\0.9.0\Ksql.Linq\src\Ksql.Linq.csproj]
C:\dev\0.9.0\Ksql.Linq\src\EntitySets\EventSet.cs(170,17): error RS0016: Symbol 'Commit' is not part of the declared public API (https://github.com/dotnet/roslyn-analyzers/blob/main/src/PublicApiAnalyzers/PublicApiAnalyzers.Help.md) [C:\dev\0.9.0\Ksql.Linq\src\Ksql.Linq.csproj]
C:\dev\0.9.0\Ksql.Linq\src\Runtime\TimeBucket.cs(782,26): error RS0016: Symbol 'ToListAsync' is not part of the declared public API (https://github.com/dotnet/roslyn-analyzers/blob/main/src/PublicApiAnalyzers/PublicApiAnalyzers.Help.md) [C:\dev\0.9.0\Ksql.Linq\src\Ksql.Linq.csproj]
C:\dev\0.9.0\Ksql.Linq\src\Runtime\TimeBucket.cs(784,26): error RS0016: Symbol 'ToListAsync' is not part of the declared public API (https://github.com/dotnet/roslyn-analyzers/blob/main/src/PublicApiAnalyzers/PublicApiAnalyzers.Help.md) [C:\dev\0.9.0\Ksql.Linq\src\Ksql.Linq.csproj]
C:\dev\0.9.0\Ksql.Linq\src\EntitySets\EventSet.cs(183,106): error RS0016: Symbol 'ConsumeAsync' is not part of the declared public API (https://github.com/dotnet/roslyn-analyzers/blob/main/src/PublicApiAnalyzers/PublicApiAnalyzers.Help.md) [C:\dev\0.9.0\Ksql.Linq\src\Ksql.Linq.csproj]
C:\dev\0.9.0\Ksql.Linq\src\Runtime\TimeBucket.cs(786,26): error RS0016: Symbol 'ReadAsync' is not part of the declared public API (https://github.com/dotnet/roslyn-analyzers/blob/main/src/PublicApiAnalyzers/PublicApiAnalyzers.Help.md) [C:\dev\0.9.0\Ksql.Linq\src\Ksql.Linq.csproj]
C:\dev\0.9.0\Ksql.Linq\src\Runtime\TimeBucket.cs(789,26): error RS0016: Symbol 'ReadAsync' is not part of the declared public API (https://github.com/dotnet/roslyn-analyzers/blob/main/src/PublicApiAnalyzers/PublicApiAnalyzers.Help.md) [C:\dev\0.9.0\Ksql.Linq\src\Ksql.Linq.csproj]
C:\dev\0.9.0\Ksql.Linq\src\Runtime\TimeBucket.cs(793,26): error RS0016: Symbol 'ReadAsync' is not part of the declared public API (https://github.com/dotnet/roslyn-analyzers/blob/main/src/PublicApiAnalyzers/PublicApiAnalyzers.Help.md) [C:\dev\0.9.0\Ksql.Linq\src\Ksql.Linq.csproj]
C:\dev\0.9.0\Ksql.Linq\src\Runtime\TimeBucket.cs(800,26): error RS0016: Symbol 'ReadAsync' is not part of the declared public API (https://github.com/dotnet/roslyn-analyzers/blob/main/src/PublicApiAnalyzers/PublicApiAnalyzers.Help.md) [C:\dev\0.9.0\Ksql.Linq\src\Ksql.Linq.csproj]
C:\dev\0.9.0\Ksql.Linq\src\Runtime\TimeBucket.cs(807,23): error RS0016: Symbol 'WaitForBucketAsync' is not part of the declared public API (https://github.com/dotnet/roslyn-analyzers/blob/main/src/PublicApiAnalyzers/PublicApiAnalyzers.Help.md) [C:\dev\0.9.0\Ksql.Linq\src\Ksql.Linq.csproj]
C:\dev\0.9.0\Ksql.Linq\src\Runtime\TimeBucket.cs(815,23): error RS0016: Symbol 'WaitForBucketAsync' is not part of the declared public API (https://github.com/dotnet/roslyn-analyzers/blob/main/src/PublicApiAnalyzers/PublicApiAnalyzers.Help.md) [C:\dev\0.9.0\Ksql.Linq\src\Ksql.Linq.csproj]
C:\dev\0.9.0\Ksql.Linq\src\Runtime\TimeBucket.cs(760,17): error RS0016: Symbol 'WriteAsync' is not part of the declared public API (https://github.com/dotnet/roslyn-analyzers/blob/main/src/PublicApiAnalyzers/PublicApiAnalyzers.Help.md) [C:\dev\0.9.0\Ksql.Linq\src\Ksql.Linq.csproj]
C:\dev\0.9.0\Ksql.Linq\src\Runtime\TimeBucket.cs(764,17): error RS0016: Symbol 'EnsureRowsLastAsync' is not part of the declared public API (https://github.com/dotnet/roslyn-analyzers/blob/main/src/PublicApiAnalyzers/PublicApiAnalyzers.Help.md) [C:\dev\0.9.0\Ksql.Linq\src\Ksql.Linq.csproj]
C:\dev\0.9.0\Ksql.Linq\src\Runtime\TimeBucket.cs(44,26): error RS0016: Symbol 'ToListAsync' is not part of the declared public API (https://github.com/dotnet/roslyn-analyzers/blob/main/src/PublicApiAnalyzers/PublicApiAnalyzers.Help.md) [C:\dev\0.9.0\Ksql.Linq\src\Ksql.Linq.csproj]
C:\dev\0.9.0\Ksql.Linq\src\Runtime\TimeBucket.cs(47,26): error RS0016: Symbol 'ToListAsync' is not part of the declared public API (https://github.com/dotnet/roslyn-analyzers/blob/main/src/PublicApiAnalyzers/PublicApiAnalyzers.Help.md) [C:\dev\0.9.0\Ksql.Linq\src\Ksql.Linq.csproj]
C:\dev\0.9.0\Ksql.Linq\src\EntitySets\EventSet.cs(214,31): error RS0016: Symbol 'ForEachAsync' is not part of the declared public API (https://github.com/dotnet/roslyn-analyzers/blob/main/src/PublicApiAnalyzers/PublicApiAnalyzers.Help.md) [C:\dev\0.9.0\Ksql.Linq\src\Ksql.Linq.csproj]
C:\dev\0.9.0\Ksql.Linq\src\Context\KsqlContext.Lifecycle.cs(342,28): error RS0016: Symbol 'OnModelCreating' is not part of the declared public API (https://github.com/dotnet/roslyn-analyzers/blob/main/src/PublicApiAnalyzers/PublicApiAnalyzers.Help.md) [C:\dev\0.9.0\Ksql.Linq\src\Ksql.Linq.csproj]
C:\dev\0.9.0\Ksql.Linq\src\EntitySets\EventSet.cs(296,17): error RS0016: Symbol 'ForEachAsync' is not part of the declared public API (https://github.com/dotnet/roslyn-analyzers/blob/main/src/PublicApiAnalyzers/PublicApiAnalyzers.Help.md) [C:\dev\0.9.0\Ksql.Linq\src\Ksql.Linq.csproj]
C:\dev\0.9.0\Ksql.Linq\src\EntitySets\EventSet.cs(299,17): error RS0016: Symbol 'ForEachAsync' is not part of the declared public API (https://github.com/dotnet/roslyn-analyzers/blob/main/src/PublicApiAnalyzers/PublicApiAnalyzers.Help.md) [C:\dev\0.9.0\Ksql.Linq\src\Ksql.Linq.csproj]
C:\dev\0.9.0\Ksql.Linq\src\EntitySets\EventSet.cs(302,17): error RS0016: Symbol 'ForEachAsync' is not part of the declared public API (https://github.com/dotnet/roslyn-analyzers/blob/main/src/PublicApiAnalyzers/PublicApiAnalyzers.Help.md) [C:\dev\0.9.0\Ksql.Linq\src\Ksql.Linq.csproj]
C:\dev\0.9.0\Ksql.Linq\src\EntitySets\EventSet.cs(307,31): error RS0016: Symbol 'ForEachAsync' is not part of the declared public API (https://github.com/dotnet/roslyn-analyzers/blob/main/src/PublicApiAnalyzers/PublicApiAnalyzers.Help.md) [C:\dev\0.9.0\Ksql.Linq\src\Ksql.Linq.csproj]
C:\dev\0.9.0\Ksql.Linq\src\EntitySets\EventSet.cs(376,17): error RS0016: Symbol 'ForEachAsync' is not part of the declared public API (https://github.com/dotnet/roslyn-analyzers/blob/main/src/PublicApiAnalyzers/PublicApiAnalyzers.Help.md) [C:\dev\0.9.0\Ksql.Linq\src\Ksql.Linq.csproj]
C:\dev\0.9.0\Ksql.Linq\src\EntitySets\EventSet.cs(373,17): error RS0016: Symbol 'ForEachAsync' is not part of the declared public API (https://github.com/dotnet/roslyn-analyzers/blob/main/src/PublicApiAnalyzers/PublicApiAnalyzers.Help.md) [C:\dev\0.9.0\Ksql.Linq\src\Ksql.Linq.csproj]
C:\dev\0.9.0\Ksql.Linq\src\EntitySets\EventSet.cs(379,17): error RS0016: Symbol 'ForEachAsync' is not part of the declared public API (https://github.com/dotnet/roslyn-analyzers/blob/main/src/PublicApiAnalyzers/PublicApiAnalyzers.Help.md) [C:\dev\0.9.0\Ksql.Linq\src\Ksql.Linq.csproj]
C:\dev\0.9.0\Ksql.Linq\src\EntitySets\EventSet.cs(385,19): error RS0016: Symbol 'GetTopicName' is not part of the declared public API (https://github.com/dotnet/roslyn-analyzers/blob/main/src/PublicApiAnalyzers/PublicApiAnalyzers.Help.md) [C:\dev\0.9.0\Ksql.Linq\src\Ksql.Linq.csproj]
C:\dev\0.9.0\Ksql.Linq\src\EntitySets\EventSet.cs(387,24): error RS0016: Symbol 'GetEntityModel' is not part of the declared public API (https://github.com/dotnet/roslyn-analyzers/blob/main/src/PublicApiAnalyzers/PublicApiAnalyzers.Help.md) [C:\dev\0.9.0\Ksql.Linq\src\Ksql.Linq.csproj]
C:\dev\0.9.0\Ksql.Linq\src\EntitySets\EventSet.cs(389,25): error RS0016: Symbol 'GetContext' is not part of the declared public API (https://github.com/dotnet/roslyn-analyzers/blob/main/src/PublicApiAnalyzers/PublicApiAnalyzers.Help.md) [C:\dev\0.9.0\Ksql.Linq\src\Ksql.Linq.csproj]
C:\dev\0.9.0\Ksql.Linq\src\Context\KsqlContext.Lifecycle.cs(449,37): error RS0016: Symbol 'CreateEntitySet<T>' is not part of the declared public API (https://github.com/dotnet/roslyn-analyzers/blob/main/src/PublicApiAnalyzers/PublicApiAnalyzers.Help.md) [C:\dev\0.9.0\Ksql.Linq\src\Ksql.Linq.csproj]
C:\dev\0.9.0\Ksql.Linq\src\EntitySets\EventSet.cs(426,28): error RS0016: Symbol 'ToString' is not part of the declared public API (https://github.com/dotnet/roslyn-analyzers/blob/main/src/PublicApiAnalyzers/PublicApiAnalyzers.Help.md) [C:\dev\0.9.0\Ksql.Linq\src\Ksql.Linq.csproj]
C:\dev\0.9.0\Ksql.Linq\src\Context\KsqlContext.Lifecycle.cs(464,23): error RS0016: Symbol 'EnsureRowsLastTableAsync<T>' is not part of the declared public API (https://github.com/dotnet/roslyn-analyzers/blob/main/src/PublicApiAnalyzers/PublicApiAnalyzers.Help.md) [C:\dev\0.9.0\Ksql.Linq\src\Ksql.Linq.csproj]
C:\dev\0.9.0\Ksql.Linq\src\EntitySets\EventSet.cs(440,24): error RS0016: Symbol 'WithRetry' is not part of the declared public API (https://github.com/dotnet/roslyn-analyzers/blob/main/src/PublicApiAnalyzers/PublicApiAnalyzers.Help.md) [C:\dev\0.9.0\Ksql.Linq\src\Ksql.Linq.csproj]
C:\dev\0.9.0\Ksql.Linq\src\Window\WindowAggregationException.cs(7,12): error RS0016: Symbol 'WindowAggregationException' is not part of the declared public API (https://github.com/dotnet/roslyn-analyzers/blob/main/src/PublicApiAnalyzers/PublicApiAnalyzers.Help.md) [C:\dev\0.9.0\Ksql.Linq\src\Ksql.Linq.csproj]
C:\dev\0.9.0\Ksql.Linq\src\Window\WindowAggregationException.cs(14,26): error RS0016: Symbol 'Key.get' is not part of the declared public API (https://github.com/dotnet/roslyn-analyzers/blob/main/src/PublicApiAnalyzers/PublicApiAnalyzers.Help.md) [C:\dev\0.9.0\Ksql.Linq\src\Ksql.Linq.csproj]
C:\dev\0.9.0\Ksql.Linq\src\Window\WindowAggregationException.cs(16,39): error RS0016: Symbol 'BucketStartUtc.get' is not part of the declared public API (https://github.com/dotnet/roslyn-analyzers/blob/main/src/PublicApiAnalyzers/PublicApiAnalyzers.Help.md) [C:\dev\0.9.0\Ksql.Linq\src\Ksql.Linq.csproj]
C:\dev\0.9.0\Ksql.Linq\src\TimeBucketFacade.cs(12,47): error RS0016: Symbol 'EnsureRowsLastAsync<T>' is not part of the declared public API (https://github.com/dotnet/roslyn-analyzers/blob/main/src/PublicApiAnalyzers/PublicApiAnalyzers.Help.md) [C:\dev\0.9.0\Ksql.Linq\src\Ksql.Linq.csproj]
C:\dev\0.9.0\Ksql.Linq\src\TimeBucketFacade.cs(15,53): error RS0016: Symbol 'WaitForBucketAsync<T>' is not part of the declared public API (https://github.com/dotnet/roslyn-analyzers/blob/main/src/PublicApiAnalyzers/PublicApiAnalyzers.Help.md) [C:\dev\0.9.0\Ksql.Linq\src\Ksql.Linq.csproj]
C:\dev\0.9.0\Ksql.Linq\src\EntitySets\EventSet.cs(463,42): error RS0016: Symbol 'Map<TResult>' is not part of the declared public API (https://github.com/dotnet/roslyn-analyzers/blob/main/src/PublicApiAnalyzers/PublicApiAnalyzers.Help.md) [C:\dev\0.9.0\Ksql.Linq\src\Ksql.Linq.csproj]
C:\dev\0.9.0\Ksql.Linq\src\TimeBucketFacade.cs(30,89): error RS0016: Symbol 'WaitForBucketAndListAsync<T>' is not part of the declared public API (https://github.com/dotnet/roslyn-analyzers/blob/main/src/PublicApiAnalyzers/PublicApiAnalyzers.Help.md) [C:\dev\0.9.0\Ksql.Linq\src\Ksql.Linq.csproj]
C:\dev\0.9.0\Ksql.Linq\src\TimeBucketFacade.cs(53,83): error RS0016: Symbol 'ReadAsync<T>' is not part of the declared public API (https://github.com/dotnet/roslyn-analyzers/blob/main/src/PublicApiAnalyzers/PublicApiAnalyzers.Help.md) [C:\dev\0.9.0\Ksql.Linq\src\Ksql.Linq.csproj]
C:\dev\0.9.0\Ksql.Linq\src\Infrastructure\Kafka\ITopicAdmin.cs(11,10): error RS0016: Symbol 'EnsureDlqTopicExistsAsync' is not part of the declared public API (https://github.com/dotnet/roslyn-analyzers/blob/main/src/PublicApiAnalyzers/PublicApiAnalyzers.Help.md) [C:\dev\0.9.0\Ksql.Linq\src\Ksql.Linq.csproj]
C:\dev\0.9.0\Ksql.Linq\src\Infrastructure\Kafka\ITopicAdmin.cs(12,10): error RS0016: Symbol 'EnsureCompactedTopicAsync' is not part of the declared public API (https://github.com/dotnet/roslyn-analyzers/blob/main/src/PublicApiAnalyzers/PublicApiAnalyzers.Help.md) [C:\dev\0.9.0\Ksql.Linq\src\Ksql.Linq.csproj]
C:\dev\0.9.0\Ksql.Linq\src\Infrastructure\Kafka\ITopicAdmin.cs(13,10): error RS0016: Symbol 'ValidateKafkaConnectivity' is not part of the declared public API (https://github.com/dotnet/roslyn-analyzers/blob/main/src/PublicApiAnalyzers/PublicApiAnalyzers.Help.md) [C:\dev\0.9.0\Ksql.Linq\src\Ksql.Linq.csproj]
C:\dev\0.9.0\Ksql.Linq\src\EntitySets\EventSet.cs(494,30): error RS0016: Symbol 'Map<TResult>' is not part of the declared public API (https://github.com/dotnet/roslyn-analyzers/blob/main/src/PublicApiAnalyzers/PublicApiAnalyzers.Help.md) [C:\dev\0.9.0\Ksql.Linq\src\Ksql.Linq.csproj]
C:\dev\0.9.0\Ksql.Linq\src\TimeBucketFacade.cs(66,83): error RS0016: Symbol 'ReadAsync<T>' is not part of the declared public API (https://github.com/dotnet/roslyn-analyzers/blob/main/src/PublicApiAnalyzers/PublicApiAnalyzers.Help.md) [C:\dev\0.9.0\Ksql.Linq\src\Ksql.Linq.csproj]
C:\dev\0.9.0\Ksql.Linq\src\TimeBucketFacade.cs(76,47): error RS0016: Symbol 'WriteAsync<T>' is not part of the declared public API (https://github.com/dotnet/roslyn-analyzers/blob/main/src/PublicApiAnalyzers/PublicApiAnalyzers.Help.md) [C:\dev\0.9.0\Ksql.Linq\src\Ksql.Linq.csproj]
C:\dev\0.9.0\Ksql.Linq\src\EntitySets\EventSet.cs(522,35): error RS0016: Symbol 'CreateNewInstance' is not part of the declared public API (https://github.com/dotnet/roslyn-analyzers/blob/main/src/PublicApiAnalyzers/PublicApiAnalyzers.Help.md) [C:\dev\0.9.0\Ksql.Linq\src\Ksql.Linq.csproj]
C:\dev\0.9.0\Ksql.Linq\src\Runtime\TimeBucket.cs(50,32): error RS0016: Symbol 'ToListAsync' is not part of the declared public API (https://github.com/dotnet/roslyn-analyzers/blob/main/src/PublicApiAnalyzers/PublicApiAnalyzers.Help.md) [C:\dev\0.9.0\Ksql.Linq\src\Ksql.Linq.csproj]
C:\dev\0.9.0\Ksql.Linq\src\Infrastructure\Ksql\KsqlWaitService.cs(424,10): error RS0016: Symbol 'Append' is not part of the declared public API (https://github.com/dotnet/roslyn-analyzers/blob/main/src/PublicApiAnalyzers/PublicApiAnalyzers.Help.md) [C:\dev\0.9.0\Ksql.Linq\src\Ksql.Linq.csproj]
C:\dev\0.9.0\Ksql.Linq\src\Context\KsqlContext.Lifecycle.cs(774,39): error RS0016: Symbol 'Dlq.get' is not part of the declared public API (https://github.com/dotnet/roslyn-analyzers/blob/main/src/PublicApiAnalyzers/PublicApiAnalyzers.Help.md) [C:\dev\0.9.0\Ksql.Linq\src\Ksql.Linq.csproj]
C:\dev\0.9.0\Ksql.Linq\src\Infrastructure\KsqlDb\IKsqlDbClient.cs(9,44): error RS0016: Symbol 'ExecuteStatementAsync' is not part of the declared public API (https://github.com/dotnet/roslyn-analyzers/blob/main/src/PublicApiAnalyzers/PublicApiAnalyzers.Help.md) [C:\dev\0.9.0\Ksql.Linq\src\Ksql.Linq.csproj]
C:\dev\0.9.0\Ksql.Linq\src\Infrastructure\KsqlDb\IKsqlDbClient.cs(10,44): error RS0016: Symbol 'ExecuteExplainAsync' is not part of the declared public API (https://github.com/dotnet/roslyn-analyzers/blob/main/src/PublicApiAnalyzers/PublicApiAnalyzers.Help.md) [C:\dev\0.9.0\Ksql.Linq\src\Ksql.Linq.csproj]
C:\dev\0.9.0\Ksql.Linq\src\Infrastructure\KsqlDb\IKsqlDbClient.cs(21,27): error RS0016: Symbol 'GetStreamTopicsAsync' is not part of the declared public API (https://github.com/dotnet/roslyn-analyzers/blob/main/src/PublicApiAnalyzers/PublicApiAnalyzers.Help.md) [C:\dev\0.9.0\Ksql.Linq\src\Ksql.Linq.csproj]
C:\dev\0.9.0\Ksql.Linq\src\Infrastructure\KsqlDb\IKsqlDbClient.cs(14,27): error RS0016: Symbol 'GetTableTopicsAsync' is not part of the declared public API (https://github.com/dotnet/roslyn-analyzers/blob/main/src/PublicApiAnalyzers/PublicApiAnalyzers.Help.md) [C:\dev\0.9.0\Ksql.Linq\src\Ksql.Linq.csproj]
C:\dev\0.9.0\Ksql.Linq\src\Infrastructure\KsqlDb\IKsqlDbClient.cs(27,15): error RS0016: Symbol 'ExecuteQueryStreamCountAsync' is not part of the declared public API (https://github.com/dotnet/roslyn-analyzers/blob/main/src/PublicApiAnalyzers/PublicApiAnalyzers.Help.md) [C:\dev\0.9.0\Ksql.Linq\src\Ksql.Linq.csproj]
C:\dev\0.9.0\Ksql.Linq\src\Infrastructure\KsqlDb\IKsqlDbClient.cs(33,15): error RS0016: Symbol 'ExecutePullQueryCountAsync' is not part of the declared public API (https://github.com/dotnet/roslyn-analyzers/blob/main/src/PublicApiAnalyzers/PublicApiAnalyzers.Help.md) [C:\dev\0.9.0\Ksql.Linq\src\Ksql.Linq.csproj]
C:\dev\0.9.0\Ksql.Linq\src\Context\KsqlContext.Lifecycle.cs(779,19): error RS0016: Symbol 'GetTopicName<T>' is not part of the declared public API (https://github.com/dotnet/roslyn-analyzers/blob/main/src/PublicApiAnalyzers/PublicApiAnalyzers.Help.md) [C:\dev\0.9.0\Ksql.Linq\src\Ksql.Linq.csproj]
C:\dev\0.9.0\Ksql.Linq\src\Infrastructure\Ksql\IKsqlExecutor.cs(14,44): error RS0016: Symbol 'ExecuteStatementAsync' is not part of the declared public API (https://github.com/dotnet/roslyn-analyzers/blob/main/src/PublicApiAnalyzers/PublicApiAnalyzers.Help.md) [C:\dev\0.9.0\Ksql.Linq\src\Ksql.Linq.csproj]
C:\dev\0.9.0\Ksql.Linq\src\Infrastructure\Ksql\IKsqlExecutor.cs(15,44): error RS0016: Symbol 'ExecuteExplainAsync' is not part of the declared public API (https://github.com/dotnet/roslyn-analyzers/blob/main/src/PublicApiAnalyzers/PublicApiAnalyzers.Help.md) [C:\dev\0.9.0\Ksql.Linq\src\Ksql.Linq.csproj]
C:\dev\0.9.0\Ksql.Linq\src\Infrastructure\Ksql\IKsqlExecutor.cs(16,15): error RS0016: Symbol 'QueryStreamCountAsync' is not part of the declared public API (https://github.com/dotnet/roslyn-analyzers/blob/main/src/PublicApiAnalyzers/PublicApiAnalyzers.Help.md) [C:\dev\0.9.0\Ksql.Linq\src\Ksql.Linq.csproj]
C:\dev\0.9.0\Ksql.Linq\src\Infrastructure\Ksql\IKsqlExecutor.cs(17,15): error RS0016: Symbol 'QueryCountAsync' is not part of the declared public API (https://github.com/dotnet/roslyn-analyzers/blob/main/src/PublicApiAnalyzers/PublicApiAnalyzers.Help.md) [C:\dev\0.9.0\Ksql.Linq\src\Ksql.Linq.csproj]
C:\dev\0.9.0\Ksql.Linq\src\Infrastructure\Ksql\IKsqlExecutor.cs(18,27): error RS0016: Symbol 'QueryRowsAsync' is not part of the declared public API (https://github.com/dotnet/roslyn-analyzers/blob/main/src/PublicApiAnalyzers/PublicApiAnalyzers.Help.md) [C:\dev\0.9.0\Ksql.Linq\src\Ksql.Linq.csproj]
C:\dev\0.9.0\Ksql.Linq\src\Context\KsqlContext.Lifecycle.cs(831,23): error RS0016: Symbol 'WaitForEntityReadyAsync<T>' is not part of the declared public API (https://github.com/dotnet/roslyn-analyzers/blob/main/src/PublicApiAnalyzers/PublicApiAnalyzers.Help.md) [C:\dev\0.9.0\Ksql.Linq\src\Ksql.Linq.csproj]
C:\dev\0.9.0\Ksql.Linq\src\SchemaRegistryTools\SchemaSubjects.cs(5,26): error RS0016: Symbol 'KeyFor' is not part of the declared public API (https://github.com/dotnet/roslyn-analyzers/blob/main/src/PublicApiAnalyzers/PublicApiAnalyzers.Help.md) [C:\dev\0.9.0\Ksql.Linq\src\Ksql.Linq.csproj]
C:\dev\0.9.0\Ksql.Linq\src\SchemaRegistryTools\SchemaSubjects.cs(6,26): error RS0016: Symbol 'ValueFor' is not part of the declared public API (https://github.com/dotnet/roslyn-analyzers/blob/main/src/PublicApiAnalyzers/PublicApiAnalyzers.Help.md) [C:\dev\0.9.0\Ksql.Linq\src\Ksql.Linq.csproj]
C:\dev\0.9.0\Ksql.Linq\src\SchemaRegistryTools\SchemaRegistryMetaProvider.cs(25,82): error RS0016: Symbol 'GetMetaFromSchemaRegistry' is not part of the declared public API (https://github.com/dotnet/roslyn-analyzers/blob/main/src/PublicApiAnalyzers/PublicApiAnalyzers.Help.md) [C:\dev\0.9.0\Ksql.Linq\src\Ksql.Linq.csproj]
C:\dev\0.9.0\Ksql.Linq\src\Context\KsqlContext.Lifecycle.cs(848,28): error RS0016: Symbol 'Dispose' is not part of the declared public API (https://github.com/dotnet/roslyn-analyzers/blob/main/src/PublicApiAnalyzers/PublicApiAnalyzers.Help.md) [C:\dev\0.9.0\Ksql.Linq\src\Ksql.Linq.csproj]
C:\dev\0.9.0\Ksql.Linq\src\Messaging\Producers\IDlqProducer.cs(8,10): error RS0016: Symbol 'ProduceAsync' is not part of the declared public API (https://github.com/dotnet/roslyn-analyzers/blob/main/src/PublicApiAnalyzers/PublicApiAnalyzers.Help.md) [C:\dev\0.9.0\Ksql.Linq\src\Ksql.Linq.csproj]
C:\dev\0.9.0\Ksql.Linq\src\Context\KsqlContext.Lifecycle.cs(892,17): error RS0016: Symbol 'Dispose' is not part of the declared public API (https://github.com/dotnet/roslyn-analyzers/blob/main/src/PublicApiAnalyzers/PublicApiAnalyzers.Help.md) [C:\dev\0.9.0\Ksql.Linq\src\Ksql.Linq.csproj]
C:\dev\0.9.0\Ksql.Linq\src\Context\KsqlContext.Lifecycle.cs(898,28): error RS0016: Symbol 'DisposeAsync' is not part of the declared public API (https://github.com/dotnet/roslyn-analyzers/blob/main/src/PublicApiAnalyzers/PublicApiAnalyzers.Help.md) [C:\dev\0.9.0\Ksql.Linq\src\Ksql.Linq.csproj]
C:\dev\0.9.0\Ksql.Linq\src\Messaging\Internal\ErrorHandlingContext.cs(12,38): error RS0016: Symbol 'ErrorAction.get' is not part of the declared public API (https://github.com/dotnet/roslyn-analyzers/blob/main/src/PublicApiAnalyzers/PublicApiAnalyzers.Help.md) [C:\dev\0.9.0\Ksql.Linq\src\Ksql.Linq.csproj]
C:\dev\0.9.0\Ksql.Linq\src\Messaging\Internal\ErrorHandlingContext.cs(12,43): error RS0016: Symbol 'ErrorAction.set' is not part of the declared public API (https://github.com/dotnet/roslyn-analyzers/blob/main/src/PublicApiAnalyzers/PublicApiAnalyzers.Help.md) [C:\dev\0.9.0\Ksql.Linq\src\Ksql.Linq.csproj]
C:\dev\0.9.0\Ksql.Linq\src\Messaging\Internal\ErrorHandlingContext.cs(19,29): error RS0016: Symbol 'RetryCount.get' is not part of the declared public API (https://github.com/dotnet/roslyn-analyzers/blob/main/src/PublicApiAnalyzers/PublicApiAnalyzers.Help.md) [C:\dev\0.9.0\Ksql.Linq\src\Ksql.Linq.csproj]
C:\dev\0.9.0\Ksql.Linq\src\Messaging\Internal\ErrorHandlingContext.cs(19,34): error RS0016: Symbol 'RetryCount.set' is not part of the declared public API (https://github.com/dotnet/roslyn-analyzers/blob/main/src/PublicApiAnalyzers/PublicApiAnalyzers.Help.md) [C:\dev\0.9.0\Ksql.Linq\src\Ksql.Linq.csproj]
C:\dev\0.9.0\Ksql.Linq\src\Messaging\Internal\ErrorHandlingContext.cs(24,42): error RS0016: Symbol 'RetryInterval.set' is not part of the declared public API (https://github.com/dotnet/roslyn-analyzers/blob/main/src/PublicApiAnalyzers/PublicApiAnalyzers.Help.md) [C:\dev\0.9.0\Ksql.Linq\src\Ksql.Linq.csproj]
C:\dev\0.9.0\Ksql.Linq\src\Messaging\Internal\ErrorHandlingContext.cs(24,37): error RS0016: Symbol 'RetryInterval.get' is not part of the declared public API (https://github.com/dotnet/roslyn-analyzers/blob/main/src/PublicApiAnalyzers/PublicApiAnalyzers.Help.md) [C:\dev\0.9.0\Ksql.Linq\src\Ksql.Linq.csproj]
C:\dev\0.9.0\Ksql.Linq\src\Messaging\Internal\ErrorHandlingContext.cs(29,33): error RS0016: Symbol 'CurrentAttempt.get' is not part of the declared public API (https://github.com/dotnet/roslyn-analyzers/blob/main/src/PublicApiAnalyzers/PublicApiAnalyzers.Help.md) [C:\dev\0.9.0\Ksql.Linq\src\Ksql.Linq.csproj]
C:\dev\0.9.0\Ksql.Linq\src\Messaging\Internal\ErrorHandlingContext.cs(29,38): error RS0016: Symbol 'CurrentAttempt.set' is not part of the declared public API (https://github.com/dotnet/roslyn-analyzers/blob/main/src/PublicApiAnalyzers/PublicApiAnalyzers.Help.md) [C:\dev\0.9.0\Ksql.Linq\src\Ksql.Linq.csproj]
C:\dev\0.9.0\Ksql.Linq\src\Messaging\Internal\ErrorHandlingContext.cs(39,67): error RS0016: Symbol 'CustomHandler.set' is not part of the declared public API (https://github.com/dotnet/roslyn-analyzers/blob/main/src/PublicApiAnalyzers/PublicApiAnalyzers.Help.md) [C:\dev\0.9.0\Ksql.Linq\src\Ksql.Linq.csproj]
C:\dev\0.9.0\Ksql.Linq\src\Messaging\Internal\ErrorHandlingContext.cs(39,62): error RS0016: Symbol 'CustomHandler.get' is not part of the declared public API (https://github.com/dotnet/roslyn-analyzers/blob/main/src/PublicApiAnalyzers/PublicApiAnalyzers.Help.md) [C:\dev\0.9.0\Ksql.Linq\src\Ksql.Linq.csproj]
C:\dev\0.9.0\Ksql.Linq\src\Messaging\Internal\ErrorHandlingContext.cs(48,29): error RS0016: Symbol 'HandleErrorAsync<T>' is not part of the declared public API (https://github.com/dotnet/roslyn-analyzers/blob/main/src/PublicApiAnalyzers/PublicApiAnalyzers.Help.md) [C:\dev\0.9.0\Ksql.Linq\src\Ksql.Linq.csproj]
C:\dev\0.9.0\Ksql.Linq\src\Context\KsqlContext.Lifecycle.cs(905,39): error RS0016: Symbol 'DisposeAsyncCore' is not part of the declared public API (https://github.com/dotnet/roslyn-analyzers/blob/main/src/PublicApiAnalyzers/PublicApiAnalyzers.Help.md) [C:\dev\0.9.0\Ksql.Linq\src\Ksql.Linq.csproj]
C:\dev\0.9.0\Ksql.Linq\src\Context\KsqlContext.Lifecycle.cs(950,28): error RS0016: Symbol 'ToString' is not part of the declared public API (https://github.com/dotnet/roslyn-analyzers/blob/main/src/PublicApiAnalyzers/PublicApiAnalyzers.Help.md) [C:\dev\0.9.0\Ksql.Linq\src\Ksql.Linq.csproj]
C:\dev\0.9.0\Ksql.Linq\src\Context\KsqlContext.Model.cs(18,26): error RS0016: Symbol 'Set<T>' is not part of the declared public API (https://github.com/dotnet/roslyn-analyzers/blob/main/src/PublicApiAnalyzers/PublicApiAnalyzers.Help.md) [C:\dev\0.9.0\Ksql.Linq\src\Ksql.Linq.csproj]
C:\dev\0.9.0\Ksql.Linq\src\Context\KsqlContext.Model.cs(48,42): error RS0016: Symbol 'GetEntityModels' is not part of the declared public API (https://github.com/dotnet/roslyn-analyzers/blob/main/src/PublicApiAnalyzers/PublicApiAnalyzers.Help.md) [C:\dev\0.9.0\Ksql.Linq\src\Ksql.Linq.csproj]
C:\dev\0.9.0\Ksql.Linq\src\Context\KsqlContext.Model.cs(53,74): error RS0016: Symbol 'GetResolvedEntityConfigs' is not part of the declared public API (https://github.com/dotnet/roslyn-analyzers/blob/main/src/PublicApiAnalyzers/PublicApiAnalyzers.Help.md) [C:\dev\0.9.0\Ksql.Linq\src\Ksql.Linq.csproj]
C:\dev\0.9.0\Ksql.Linq\src\Context\KsqlContext.Model.cs(34,19): error RS0016: Symbol 'GetEventSet' is not part of the declared public API (https://github.com/dotnet/roslyn-analyzers/blob/main/src/PublicApiAnalyzers/PublicApiAnalyzers.Help.md) [C:\dev\0.9.0\Ksql.Linq\src\Ksql.Linq.csproj]
C:\dev\0.9.0\Ksql.Linq\src\Context\KsqlContext.Model.cs(80,30): error RS0016: Symbol 'CreateEntitySet' is not part of the declared public API (https://github.com/dotnet/roslyn-analyzers/blob/main/src/PublicApiAnalyzers/PublicApiAnalyzers.Help.md) [C:\dev\0.9.0\Ksql.Linq\src\Ksql.Linq.csproj]
C:\dev\0.9.0\Ksql.Linq\src\Context\KsqlContext.Model.cs(100,20): error RS0016: Symbol 'ConfigureModel' is not part of the declared public API (https://github.com/dotnet/roslyn-analyzers/blob/main/src/PublicApiAnalyzers/PublicApiAnalyzers.Help.md) [C:\dev\0.9.0\Ksql.Linq\src\Ksql.Linq.csproj]
C:\dev\0.9.0\Ksql.Linq\src\Query\Dsl\Windows.cs(5,29): error RS0016: Symbol 'Minutes.get' is not part of the declared public API (https://github.com/dotnet/roslyn-analyzers/blob/main/src/PublicApiAnalyzers/PublicApiAnalyzers.Help.md) [C:\dev\0.9.0\Ksql.Linq\src\Ksql.Linq.csproj]
C:\dev\0.9.0\Ksql.Linq\src\Query\Dsl\Windows.cs(5,34): error RS0016: Symbol 'Minutes.set' is not part of the declared public API (https://github.com/dotnet/roslyn-analyzers/blob/main/src/PublicApiAnalyzers/PublicApiAnalyzers.Help.md) [C:\dev\0.9.0\Ksql.Linq\src\Ksql.Linq.csproj]
C:\dev\0.9.0\Ksql.Linq\src\Query\Dsl\Windows.cs(6,27): error RS0016: Symbol 'Hours.get' is not part of the declared public API (https://github.com/dotnet/roslyn-analyzers/blob/main/src/PublicApiAnalyzers/PublicApiAnalyzers.Help.md) [C:\dev\0.9.0\Ksql.Linq\src\Ksql.Linq.csproj]
C:\dev\0.9.0\Ksql.Linq\src\Query\Dsl\Windows.cs(6,32): error RS0016: Symbol 'Hours.set' is not part of the declared public API (https://github.com/dotnet/roslyn-analyzers/blob/main/src/PublicApiAnalyzers/PublicApiAnalyzers.Help.md) [C:\dev\0.9.0\Ksql.Linq\src\Ksql.Linq.csproj]
C:\dev\0.9.0\Ksql.Linq\src\Query\Dsl\Windows.cs(7,31): error RS0016: Symbol 'Days.set' is not part of the declared public API (https://github.com/dotnet/roslyn-analyzers/blob/main/src/PublicApiAnalyzers/PublicApiAnalyzers.Help.md) [C:\dev\0.9.0\Ksql.Linq\src\Ksql.Linq.csproj]
C:\dev\0.9.0\Ksql.Linq\src\Query\Dsl\Windows.cs(8,28): error RS0016: Symbol 'Months.get' is not part of the declared public API (https://github.com/dotnet/roslyn-analyzers/blob/main/src/PublicApiAnalyzers/PublicApiAnalyzers.Help.md) [C:\dev\0.9.0\Ksql.Linq\src\Ksql.Linq.csproj]
C:\dev\0.9.0\Ksql.Linq\src\Query\Dsl\Windows.cs(7,26): error RS0016: Symbol 'Days.get' is not part of the declared public API (https://github.com/dotnet/roslyn-analyzers/blob/main/src/PublicApiAnalyzers/PublicApiAnalyzers.Help.md) [C:\dev\0.9.0\Ksql.Linq\src\Ksql.Linq.csproj]
C:\dev\0.9.0\Ksql.Linq\src\Query\Dsl\Windows.cs(8,33): error RS0016: Symbol 'Months.set' is not part of the declared public API (https://github.com/dotnet/roslyn-analyzers/blob/main/src/PublicApiAnalyzers/PublicApiAnalyzers.Help.md) [C:\dev\0.9.0\Ksql.Linq\src\Ksql.Linq.csproj]
C:\dev\0.9.0\Ksql.Linq\src\Messaging\DlqEnvelopeFactory.cs(29,31): error RS0016: Symbol 'From<TKey, TValue>' is not part of the declared public API (https://github.com/dotnet/roslyn-analyzers/blob/main/src/PublicApiAnalyzers/PublicApiAnalyzers.Help.md) [C:\dev\0.9.0\Ksql.Linq\src\Ksql.Linq.csproj]
C:\dev\0.9.0\Ksql.Linq\src\Messaging\DlqEnvelopeFactory.cs(77,31): error RS0016: Symbol 'From' is not part of the declared public API (https://github.com/dotnet/roslyn-analyzers/blob/main/src/PublicApiAnalyzers/PublicApiAnalyzers.Help.md) [C:\dev\0.9.0\Ksql.Linq\src\Ksql.Linq.csproj]
C:\dev\0.9.0\Ksql.Linq\src\Infrastructure\Ksql\IWaitSettings.cs(7,31): error RS0016: Symbol 'RequiredConsecutive.get' is not part of the declared public API (https://github.com/dotnet/roslyn-analyzers/blob/main/src/PublicApiAnalyzers/PublicApiAnalyzers.Help.md) [C:\dev\0.9.0\Ksql.Linq\src\Ksql.Linq.csproj]
C:\dev\0.9.0\Ksql.Linq\src\Infrastructure\Ksql\IWaitSettings.cs(8,32): error RS0016: Symbol 'StabilityWindow.get' is not part of the declared public API (https://github.com/dotnet/roslyn-analyzers/blob/main/src/PublicApiAnalyzers/PublicApiAnalyzers.Help.md) [C:\dev\0.9.0\Ksql.Linq\src\Ksql.Linq.csproj]
C:\dev\0.9.0\Ksql.Linq\src\Infrastructure\Ksql\IWaitSettings.cs(9,36): error RS0016: Symbol 'QueryRunningTimeout.get' is not part of the declared public API (https://github.com/dotnet/roslyn-analyzers/blob/main/src/PublicApiAnalyzers/PublicApiAnalyzers.Help.md) [C:\dev\0.9.0\Ksql.Linq\src\Ksql.Linq.csproj]
C:\dev\0.9.0\Ksql.Linq\src\Messaging\DlqEnvelopeFactory.cs(132,31): error RS0016: Symbol 'From' is not part of the declared public API (https://github.com/dotnet/roslyn-analyzers/blob/main/src/PublicApiAnalyzers/PublicApiAnalyzers.Help.md) [C:\dev\0.9.0\Ksql.Linq\src\Ksql.Linq.csproj]
C:\dev\0.9.0\Ksql.Linq\src\Messaging\DlqEnvelopeFactory.cs(121,31): error RS0016: Symbol 'From<TKey, TValue>' is not part of the declared public API (https://github.com/dotnet/roslyn-analyzers/blob/main/src/PublicApiAnalyzers/PublicApiAnalyzers.Help.md) [C:\dev\0.9.0\Ksql.Linq\src\Ksql.Linq.csproj]
C:\dev\0.9.0\Ksql.Linq\src\Messaging\DlqEnvelopeFactory.cs(140,31): error RS0016: Symbol 'From' is not part of the declared public API (https://github.com/dotnet/roslyn-analyzers/blob/main/src/PublicApiAnalyzers/PublicApiAnalyzers.Help.md) [C:\dev\0.9.0\Ksql.Linq\src\Ksql.Linq.csproj]
C:\dev\0.9.0\Ksql.Linq\src\Messaging\DlqEnvelope.cs(8,37): error RS0016: Symbol 'Topic.get' is not part of the declared public API (https://github.com/dotnet/roslyn-analyzers/blob/main/src/PublicApiAnalyzers/PublicApiAnalyzers.Help.md) [C:\dev\0.9.0\Ksql.Linq\src\Ksql.Linq.csproj]
C:\dev\0.9.0\Ksql.Linq\src\Messaging\DlqEnvelope.cs(8,42): error RS0016: Symbol 'Topic.set' is not part of the declared public API (https://github.com/dotnet/roslyn-analyzers/blob/main/src/PublicApiAnalyzers/PublicApiAnalyzers.Help.md) [C:\dev\0.9.0\Ksql.Linq\src\Ksql.Linq.csproj]
C:\dev\0.9.0\Ksql.Linq\src\Messaging\DlqEnvelope.cs(9,38): error RS0016: Symbol 'Partition.get' is not part of the declared public API (https://github.com/dotnet/roslyn-analyzers/blob/main/src/PublicApiAnalyzers/PublicApiAnalyzers.Help.md) [C:\dev\0.9.0\Ksql.Linq\src\Ksql.Linq.csproj]
C:\dev\0.9.0\Ksql.Linq\src\Messaging\DlqEnvelope.cs(10,36): error RS0016: Symbol 'Offset.get' is not part of the declared public API (https://github.com/dotnet/roslyn-analyzers/blob/main/src/PublicApiAnalyzers/PublicApiAnalyzers.Help.md) [C:\dev\0.9.0\Ksql.Linq\src\Ksql.Linq.csproj]
C:\dev\0.9.0\Ksql.Linq\src\Messaging\DlqEnvelope.cs(9,43): error RS0016: Symbol 'Partition.set' is not part of the declared public API (https://github.com/dotnet/roslyn-analyzers/blob/main/src/PublicApiAnalyzers/PublicApiAnalyzers.Help.md) [C:\dev\0.9.0\Ksql.Linq\src\Ksql.Linq.csproj]
C:\dev\0.9.0\Ksql.Linq\src\Messaging\DlqEnvelope.cs(10,41): error RS0016: Symbol 'Offset.set' is not part of the declared public API (https://github.com/dotnet/roslyn-analyzers/blob/main/src/PublicApiAnalyzers/PublicApiAnalyzers.Help.md) [C:\dev\0.9.0\Ksql.Linq\src\Ksql.Linq.csproj]
C:\dev\0.9.0\Ksql.Linq\src\Messaging\DlqEnvelope.cs(12,34): error RS0016: Symbol 'TimestampUtc.get' is not part of the declared public API (https://github.com/dotnet/roslyn-analyzers/blob/main/src/PublicApiAnalyzers/PublicApiAnalyzers.Help.md) [C:\dev\0.9.0\Ksql.Linq\src\Ksql.Linq.csproj]
C:\dev\0.9.0\Ksql.Linq\src\Messaging\DlqEnvelope.cs(13,35): error RS0016: Symbol 'IngestedAtUtc.get' is not part of the declared public API (https://github.com/dotnet/roslyn-analyzers/blob/main/src/PublicApiAnalyzers/PublicApiAnalyzers.Help.md) [C:\dev\0.9.0\Ksql.Linq\src\Ksql.Linq.csproj]
C:\dev\0.9.0\Ksql.Linq\src\Messaging\DlqEnvelope.cs(12,39): error RS0016: Symbol 'TimestampUtc.set' is not part of the declared public API (https://github.com/dotnet/roslyn-analyzers/blob/main/src/PublicApiAnalyzers/PublicApiAnalyzers.Help.md) [C:\dev\0.9.0\Ksql.Linq\src\Ksql.Linq.csproj]
C:\dev\0.9.0\Ksql.Linq\src\Messaging\DlqEnvelope.cs(15,38): error RS0016: Symbol 'PayloadFormatKey.get' is not part of the declared public API (https://github.com/dotnet/roslyn-analyzers/blob/main/src/PublicApiAnalyzers/PublicApiAnalyzers.Help.md) [C:\dev\0.9.0\Ksql.Linq\src\Ksql.Linq.csproj]
C:\dev\0.9.0\Ksql.Linq\src\Messaging\DlqEnvelope.cs(13,40): error RS0016: Symbol 'IngestedAtUtc.set' is not part of the declared public API (https://github.com/dotnet/roslyn-analyzers/blob/main/src/PublicApiAnalyzers/PublicApiAnalyzers.Help.md) [C:\dev\0.9.0\Ksql.Linq\src\Ksql.Linq.csproj]
C:\dev\0.9.0\Ksql.Linq\src\Messaging\DlqEnvelope.cs(16,45): error RS0016: Symbol 'PayloadFormatValue.set' is not part of the declared public API (https://github.com/dotnet/roslyn-analyzers/blob/main/src/PublicApiAnalyzers/PublicApiAnalyzers.Help.md) [C:\dev\0.9.0\Ksql.Linq\src\Ksql.Linq.csproj]
C:\dev\0.9.0\Ksql.Linq\src\Messaging\DlqEnvelope.cs(16,40): error RS0016: Symbol 'PayloadFormatValue.get' is not part of the declared public API (https://github.com/dotnet/roslyn-analyzers/blob/main/src/PublicApiAnalyzers/PublicApiAnalyzers.Help.md) [C:\dev\0.9.0\Ksql.Linq\src\Ksql.Linq.csproj]
C:\dev\0.9.0\Ksql.Linq\src\Messaging\DlqEnvelope.cs(15,43): error RS0016: Symbol 'PayloadFormatKey.set' is not part of the declared public API (https://github.com/dotnet/roslyn-analyzers/blob/main/src/PublicApiAnalyzers/PublicApiAnalyzers.Help.md) [C:\dev\0.9.0\Ksql.Linq\src\Ksql.Linq.csproj]
C:\dev\0.9.0\Ksql.Linq\src\Messaging\DlqEnvelope.cs(17,33): error RS0016: Symbol 'SchemaIdKey.get' is not part of the declared public API (https://github.com/dotnet/roslyn-analyzers/blob/main/src/PublicApiAnalyzers/PublicApiAnalyzers.Help.md) [C:\dev\0.9.0\Ksql.Linq\src\Ksql.Linq.csproj]
C:\dev\0.9.0\Ksql.Linq\src\Messaging\DlqEnvelope.cs(18,35): error RS0016: Symbol 'SchemaIdValue.get' is not part of the declared public API (https://github.com/dotnet/roslyn-analyzers/blob/main/src/PublicApiAnalyzers/PublicApiAnalyzers.Help.md) [C:\dev\0.9.0\Ksql.Linq\src\Ksql.Linq.csproj]
C:\dev\0.9.0\Ksql.Linq\src\Messaging\DlqEnvelope.cs(18,40): error RS0016: Symbol 'SchemaIdValue.set' is not part of the declared public API (https://github.com/dotnet/roslyn-analyzers/blob/main/src/PublicApiAnalyzers/PublicApiAnalyzers.Help.md) [C:\dev\0.9.0\Ksql.Linq\src\Ksql.Linq.csproj]
C:\dev\0.9.0\Ksql.Linq\src\Messaging\DlqEnvelope.cs(17,38): error RS0016: Symbol 'SchemaIdKey.set' is not part of the declared public API (https://github.com/dotnet/roslyn-analyzers/blob/main/src/PublicApiAnalyzers/PublicApiAnalyzers.Help.md) [C:\dev\0.9.0\Ksql.Linq\src\Ksql.Linq.csproj]
C:\dev\0.9.0\Ksql.Linq\src\Messaging\DlqEnvelope.cs(19,34): error RS0016: Symbol 'KeyIsNull.set' is not part of the declared public API (https://github.com/dotnet/roslyn-analyzers/blob/main/src/PublicApiAnalyzers/PublicApiAnalyzers.Help.md) [C:\dev\0.9.0\Ksql.Linq\src\Ksql.Linq.csproj]
C:\dev\0.9.0\Ksql.Linq\src\Messaging\DlqEnvelope.cs(19,29): error RS0016: Symbol 'KeyIsNull.get' is not part of the declared public API (https://github.com/dotnet/roslyn-analyzers/blob/main/src/PublicApiAnalyzers/PublicApiAnalyzers.Help.md) [C:\dev\0.9.0\Ksql.Linq\src\Ksql.Linq.csproj]
C:\dev\0.9.0\Ksql.Linq\src\Messaging\DlqEnvelope.cs(21,31): error RS0016: Symbol 'ErrorType.get' is not part of the declared public API (https://github.com/dotnet/roslyn-analyzers/blob/main/src/PublicApiAnalyzers/PublicApiAnalyzers.Help.md) [C:\dev\0.9.0\Ksql.Linq\src\Ksql.Linq.csproj]
C:\dev\0.9.0\Ksql.Linq\src\Runtime\TimeBucket.cs(352,32): error RS0016: Symbol 'ReadAsync' is not part of the declared public API (https://github.com/dotnet/roslyn-analyzers/blob/main/src/PublicApiAnalyzers/PublicApiAnalyzers.Help.md) [C:\dev\0.9.0\Ksql.Linq\src\Ksql.Linq.csproj]
C:\dev\0.9.0\Ksql.Linq\src\Messaging\DlqEnvelope.cs(21,36): error RS0016: Symbol 'ErrorType.set' is not part of the declared public API (https://github.com/dotnet/roslyn-analyzers/blob/main/src/PublicApiAnalyzers/PublicApiAnalyzers.Help.md) [C:\dev\0.9.0\Ksql.Linq\src\Ksql.Linq.csproj]
C:\dev\0.9.0\Ksql.Linq\src\Messaging\DlqEnvelope.cs(22,44): error RS0016: Symbol 'ErrorMessageShort.set' is not part of the declared public API (https://github.com/dotnet/roslyn-analyzers/blob/main/src/PublicApiAnalyzers/PublicApiAnalyzers.Help.md) [C:\dev\0.9.0\Ksql.Linq\src\Ksql.Linq.csproj]
C:\dev\0.9.0\Ksql.Linq\src\Messaging\DlqEnvelope.cs(22,39): error RS0016: Symbol 'ErrorMessageShort.get' is not part of the declared public API (https://github.com/dotnet/roslyn-analyzers/blob/main/src/PublicApiAnalyzers/PublicApiAnalyzers.Help.md) [C:\dev\0.9.0\Ksql.Linq\src\Ksql.Linq.csproj]
C:\dev\0.9.0\Ksql.Linq\src\Messaging\DlqEnvelope.cs(23,38): error RS0016: Symbol 'StackTraceShort.get' is not part of the declared public API (https://github.com/dotnet/roslyn-analyzers/blob/main/src/PublicApiAnalyzers/PublicApiAnalyzers.Help.md) [C:\dev\0.9.0\Ksql.Linq\src\Ksql.Linq.csproj]
C:\dev\0.9.0\Ksql.Linq\src\Messaging\DlqEnvelope.cs(24,38): error RS0016: Symbol 'ErrorFingerprint.get' is not part of the declared public API (https://github.com/dotnet/roslyn-analyzers/blob/main/src/PublicApiAnalyzers/PublicApiAnalyzers.Help.md) [C:\dev\0.9.0\Ksql.Linq\src\Ksql.Linq.csproj]
C:\dev\0.9.0\Ksql.Linq\src\Messaging\DlqEnvelope.cs(23,43): error RS0016: Symbol 'StackTraceShort.set' is not part of the declared public API (https://github.com/dotnet/roslyn-analyzers/blob/main/src/PublicApiAnalyzers/PublicApiAnalyzers.Help.md) [C:\dev\0.9.0\Ksql.Linq\src\Ksql.Linq.csproj]
C:\dev\0.9.0\Ksql.Linq\src\Messaging\DlqEnvelope.cs(24,43): error RS0016: Symbol 'ErrorFingerprint.set' is not part of the declared public API (https://github.com/dotnet/roslyn-analyzers/blob/main/src/PublicApiAnalyzers/PublicApiAnalyzers.Help.md) [C:\dev\0.9.0\Ksql.Linq\src\Ksql.Linq.csproj]
C:\dev\0.9.0\Ksql.Linq\src\Messaging\DlqEnvelope.cs(26,36): error RS0016: Symbol 'ApplicationId.get' is not part of the declared public API (https://github.com/dotnet/roslyn-analyzers/blob/main/src/PublicApiAnalyzers/PublicApiAnalyzers.Help.md) [C:\dev\0.9.0\Ksql.Linq\src\Ksql.Linq.csproj]
C:\dev\0.9.0\Ksql.Linq\src\Messaging\DlqEnvelope.cs(26,41): error RS0016: Symbol 'ApplicationId.set' is not part of the declared public API (https://github.com/dotnet/roslyn-analyzers/blob/main/src/PublicApiAnalyzers/PublicApiAnalyzers.Help.md) [C:\dev\0.9.0\Ksql.Linq\src\Ksql.Linq.csproj]
C:\dev\0.9.0\Ksql.Linq\src\Messaging\DlqEnvelope.cs(27,41): error RS0016: Symbol 'ConsumerGroup.set' is not part of the declared public API (https://github.com/dotnet/roslyn-analyzers/blob/main/src/PublicApiAnalyzers/PublicApiAnalyzers.Help.md) [C:\dev\0.9.0\Ksql.Linq\src\Ksql.Linq.csproj]
C:\dev\0.9.0\Ksql.Linq\src\Messaging\DlqEnvelope.cs(28,27): error RS0016: Symbol 'Host.get' is not part of the declared public API (https://github.com/dotnet/roslyn-analyzers/blob/main/src/PublicApiAnalyzers/PublicApiAnalyzers.Help.md) [C:\dev\0.9.0\Ksql.Linq\src\Ksql.Linq.csproj]
C:\dev\0.9.0\Ksql.Linq\src\Messaging\DlqEnvelope.cs(27,36): error RS0016: Symbol 'ConsumerGroup.get' is not part of the declared public API (https://github.com/dotnet/roslyn-analyzers/blob/main/src/PublicApiAnalyzers/PublicApiAnalyzers.Help.md) [C:\dev\0.9.0\Ksql.Linq\src\Ksql.Linq.csproj]
C:\dev\0.9.0\Ksql.Linq\src\Messaging\DlqEnvelope.cs(28,32): error RS0016: Symbol 'Host.set' is not part of the declared public API (https://github.com/dotnet/roslyn-analyzers/blob/main/src/PublicApiAnalyzers/PublicApiAnalyzers.Help.md) [C:\dev\0.9.0\Ksql.Linq\src\Ksql.Linq.csproj]
C:\dev\0.9.0\Ksql.Linq\src\Messaging\DlqEnvelope.cs(30,49): error RS0016: Symbol 'Headers.get' is not part of the declared public API (https://github.com/dotnet/roslyn-analyzers/blob/main/src/PublicApiAnalyzers/PublicApiAnalyzers.Help.md) [C:\dev\0.9.0\Ksql.Linq\src\Ksql.Linq.csproj]
C:\dev\0.9.0\Ksql.Linq\src\Messaging\DlqEnvelope.cs(30,54): error RS0016: Symbol 'Headers.set' is not part of the declared public API (https://github.com/dotnet/roslyn-analyzers/blob/main/src/PublicApiAnalyzers/PublicApiAnalyzers.Help.md) [C:\dev\0.9.0\Ksql.Linq\src\Ksql.Linq.csproj]
C:\dev\0.9.0\Ksql.Linq\src\Messaging\Consumers\ICommitManager.cs(7,10): error RS0016: Symbol 'Bind' is not part of the declared public API (https://github.com/dotnet/roslyn-analyzers/blob/main/src/PublicApiAnalyzers/PublicApiAnalyzers.Help.md) [C:\dev\0.9.0\Ksql.Linq\src\Ksql.Linq.csproj]
C:\dev\0.9.0\Ksql.Linq\src\Messaging\Consumers\ICommitManager.cs(8,10): error RS0016: Symbol 'Commit' is not part of the declared public API (https://github.com/dotnet/roslyn-analyzers/blob/main/src/PublicApiAnalyzers/PublicApiAnalyzers.Help.md) [C:\dev\0.9.0\Ksql.Linq\src\Ksql.Linq.csproj]
C:\dev\0.9.0\Ksql.Linq\src\Runtime\Fill\NoopStartupFillService.cs(13,17): error RS0016: Symbol 'RunAsync' is not part of the declared public API (https://github.com/dotnet/roslyn-analyzers/blob/main/src/PublicApiAnalyzers/PublicApiAnalyzers.Help.md) [C:\dev\0.9.0\Ksql.Linq\src\Ksql.Linq.csproj]
C:\dev\0.9.0\Ksql.Linq\src\Runtime\Fill\IStartupFillService.cs(12,10): error RS0016: Symbol 'RunAsync' is not part of the declared public API (https://github.com/dotnet/roslyn-analyzers/blob/main/src/PublicApiAnalyzers/PublicApiAnalyzers.Help.md) [C:\dev\0.9.0\Ksql.Linq\src\Ksql.Linq.csproj]
C:\dev\0.9.0\Ksql.Linq\src\Query\Pipeline\IDMLQueryGenerator.cs(7,12): error RS0016: Symbol 'GenerateSelectAll' is not part of the declared public API (https://github.com/dotnet/roslyn-analyzers/blob/main/src/PublicApiAnalyzers/PublicApiAnalyzers.Help.md) [C:\dev\0.9.0\Ksql.Linq\src\Ksql.Linq.csproj]
C:\dev\0.9.0\Ksql.Linq\src\Query\Pipeline\IDMLQueryGenerator.cs(8,12): error RS0016: Symbol 'GenerateSelectWithCondition' is not part of the declared public API (https://github.com/dotnet/roslyn-analyzers/blob/main/src/PublicApiAnalyzers/PublicApiAnalyzers.Help.md) [C:\dev\0.9.0\Ksql.Linq\src\Ksql.Linq.csproj]
C:\dev\0.9.0\Ksql.Linq\src\Query\Pipeline\IDMLQueryGenerator.cs(9,12): error RS0016: Symbol 'GenerateCountQuery' is not part of the declared public API (https://github.com/dotnet/roslyn-analyzers/blob/main/src/PublicApiAnalyzers/PublicApiAnalyzers.Help.md) [C:\dev\0.9.0\Ksql.Linq\src\Ksql.Linq.csproj]
C:\dev\0.9.0\Ksql.Linq\src\Query\Pipeline\IDMLQueryGenerator.cs(10,12): error RS0016: Symbol 'GenerateAggregateQuery' is not part of the declared public API (https://github.com/dotnet/roslyn-analyzers/blob/main/src/PublicApiAnalyzers/PublicApiAnalyzers.Help.md) [C:\dev\0.9.0\Ksql.Linq\src\Ksql.Linq.csproj]
C:\dev\0.9.0\Ksql.Linq\src\Query\Pipeline\IDMLQueryGenerator.cs(11,12): error RS0016: Symbol 'GenerateLinqQuery' is not part of the declared public API (https://github.com/dotnet/roslyn-analyzers/blob/main/src/PublicApiAnalyzers/PublicApiAnalyzers.Help.md) [C:\dev\0.9.0\Ksql.Linq\src\Ksql.Linq.csproj]
C:\dev\0.9.0\Ksql.Linq\src\Query\Dsl\KsqlQueryRoot.cs(13,29): error RS0016: Symbol 'From<T>' is not part of the declared public API (https://github.com/dotnet/roslyn-analyzers/blob/main/src/PublicApiAnalyzers/PublicApiAnalyzers.Help.md) [C:\dev\0.9.0\Ksql.Linq\src\Ksql.Linq.csproj]
C:\dev\0.9.0\Ksql.Linq\src\Query\Dsl\KsqlQueryModel.cs(13,33): error RS0016: Symbol 'SourceTypes.get' is not part of the declared public API (https://github.com/dotnet/roslyn-analyzers/blob/main/src/PublicApiAnalyzers/PublicApiAnalyzers.Help.md) [C:\dev\0.9.0\Ksql.Linq\src\Ksql.Linq.csproj]
C:\dev\0.9.0\Ksql.Linq\src\Query\Dsl\KsqlQueryModel.cs(13,38): error RS0016: Symbol 'SourceTypes.init' is not part of the declared public API (https://github.com/dotnet/roslyn-analyzers/blob/main/src/PublicApiAnalyzers/PublicApiAnalyzers.Help.md) [C:\dev\0.9.0\Ksql.Linq\src\Ksql.Linq.csproj]
C:\dev\0.9.0\Ksql.Linq\src\Query\Dsl\KsqlQueryModel.cs(14,46): error RS0016: Symbol 'JoinCondition.get' is not part of the declared public API (https://github.com/dotnet/roslyn-analyzers/blob/main/src/PublicApiAnalyzers/PublicApiAnalyzers.Help.md) [C:\dev\0.9.0\Ksql.Linq\src\Ksql.Linq.csproj]
C:\dev\0.9.0\Ksql.Linq\src\Query\Dsl\KsqlQueryModel.cs(15,47): error RS0016: Symbol 'WhereCondition.get' is not part of the declared public API (https://github.com/dotnet/roslyn-analyzers/blob/main/src/PublicApiAnalyzers/PublicApiAnalyzers.Help.md) [C:\dev\0.9.0\Ksql.Linq\src\Ksql.Linq.csproj]
C:\dev\0.9.0\Ksql.Linq\src\Query\Dsl\KsqlQueryModel.cs(14,51): error RS0016: Symbol 'JoinCondition.set' is not part of the declared public API (https://github.com/dotnet/roslyn-analyzers/blob/main/src/PublicApiAnalyzers/PublicApiAnalyzers.Help.md) [C:\dev\0.9.0\Ksql.Linq\src\Ksql.Linq.csproj]
C:\dev\0.9.0\Ksql.Linq\src\Query\Dsl\KsqlQueryModel.cs(15,52): error RS0016: Symbol 'WhereCondition.set' is not part of the declared public API (https://github.com/dotnet/roslyn-analyzers/blob/main/src/PublicApiAnalyzers/PublicApiAnalyzers.Help.md) [C:\dev\0.9.0\Ksql.Linq\src\Ksql.Linq.csproj]
C:\dev\0.9.0\Ksql.Linq\src\Query\Dsl\KsqlQueryModel.cs(16,49): error RS0016: Symbol 'SelectProjection.get' is not part of the declared public API (https://github.com/dotnet/roslyn-analyzers/blob/main/src/PublicApiAnalyzers/PublicApiAnalyzers.Help.md) [C:\dev\0.9.0\Ksql.Linq\src\Ksql.Linq.csproj]
C:\dev\0.9.0\Ksql.Linq\src\Query\Dsl\KsqlQueryModel.cs(16,54): error RS0016: Symbol 'SelectProjection.set' is not part of the declared public API (https://github.com/dotnet/roslyn-analyzers/blob/main/src/PublicApiAnalyzers/PublicApiAnalyzers.Help.md) [C:\dev\0.9.0\Ksql.Linq\src\Ksql.Linq.csproj]
C:\dev\0.9.0\Ksql.Linq\src\Query\Dsl\KsqlQueryModel.cs(17,50): error RS0016: Symbol 'GroupByExpression.get' is not part of the declared public API (https://github.com/dotnet/roslyn-analyzers/blob/main/src/PublicApiAnalyzers/PublicApiAnalyzers.Help.md) [C:\dev\0.9.0\Ksql.Linq\src\Ksql.Linq.csproj]
C:\dev\0.9.0\Ksql.Linq\src\Query\Dsl\KsqlQueryModel.cs(17,55): error RS0016: Symbol 'GroupByExpression.set' is not part of the declared public API (https://github.com/dotnet/roslyn-analyzers/blob/main/src/PublicApiAnalyzers/PublicApiAnalyzers.Help.md) [C:\dev\0.9.0\Ksql.Linq\src\Ksql.Linq.csproj]
C:\dev\0.9.0\Ksql.Linq\src\Query\Dsl\KsqlQueryModel.cs(18,48): error RS0016: Symbol 'HavingCondition.get' is not part of the declared public API (https://github.com/dotnet/roslyn-analyzers/blob/main/src/PublicApiAnalyzers/PublicApiAnalyzers.Help.md) [C:\dev\0.9.0\Ksql.Linq\src\Ksql.Linq.csproj]
C:\dev\0.9.0\Ksql.Linq\src\Query\Dsl\KsqlQueryModel.cs(18,53): error RS0016: Symbol 'HavingCondition.set' is not part of the declared public API (https://github.com/dotnet/roslyn-analyzers/blob/main/src/PublicApiAnalyzers/PublicApiAnalyzers.Help.md) [C:\dev\0.9.0\Ksql.Linq\src\Ksql.Linq.csproj]
C:\dev\0.9.0\Ksql.Linq\src\Query\Dsl\KsqlQueryModel.cs(19,37): error RS0016: Symbol 'BasedOnType.set' is not part of the declared public API (https://github.com/dotnet/roslyn-analyzers/blob/main/src/PublicApiAnalyzers/PublicApiAnalyzers.Help.md) [C:\dev\0.9.0\Ksql.Linq\src\Ksql.Linq.csproj]
C:\dev\0.9.0\Ksql.Linq\src\Query\Dsl\KsqlQueryModel.cs(20,46): error RS0016: Symbol 'BasedOnDayKey.get' is not part of the declared public API (https://github.com/dotnet/roslyn-analyzers/blob/main/src/PublicApiAnalyzers/PublicApiAnalyzers.Help.md) [C:\dev\0.9.0\Ksql.Linq\src\Ksql.Linq.csproj]
C:\dev\0.9.0\Ksql.Linq\src\Query\Dsl\KsqlQueryModel.cs(20,51): error RS0016: Symbol 'BasedOnDayKey.set' is not part of the declared public API (https://github.com/dotnet/roslyn-analyzers/blob/main/src/PublicApiAnalyzers/PublicApiAnalyzers.Help.md) [C:\dev\0.9.0\Ksql.Linq\src\Ksql.Linq.csproj]
C:\dev\0.9.0\Ksql.Linq\src\Query\Dsl\KsqlQueryModel.cs(19,32): error RS0016: Symbol 'BasedOnType.get' is not part of the declared public API (https://github.com/dotnet/roslyn-analyzers/blob/main/src/PublicApiAnalyzers/PublicApiAnalyzers.Help.md) [C:\dev\0.9.0\Ksql.Linq\src\Ksql.Linq.csproj]
C:\dev\0.9.0\Ksql.Linq\src\Query\Dsl\KsqlQueryModel.cs(21,43): error RS0016: Symbol 'BasedOnJoinKeys.get' is not part of the declared public API (https://github.com/dotnet/roslyn-analyzers/blob/main/src/PublicApiAnalyzers/PublicApiAnalyzers.Help.md) [C:\dev\0.9.0\Ksql.Linq\src\Ksql.Linq.csproj]
C:\dev\0.9.0\Ksql.Linq\src\Query\Dsl\KsqlQueryModel.cs(22,34): error RS0016: Symbol 'BasedOnOpen.get' is not part of the declared public API (https://github.com/dotnet/roslyn-analyzers/blob/main/src/PublicApiAnalyzers/PublicApiAnalyzers.Help.md) [C:\dev\0.9.0\Ksql.Linq\src\Ksql.Linq.csproj]
C:\dev\0.9.0\Ksql.Linq\src\Query\Dsl\KsqlQueryModel.cs(22,39): error RS0016: Symbol 'BasedOnOpen.set' is not part of the declared public API (https://github.com/dotnet/roslyn-analyzers/blob/main/src/PublicApiAnalyzers/PublicApiAnalyzers.Help.md) [C:\dev\0.9.0\Ksql.Linq\src\Ksql.Linq.csproj]
C:\dev\0.9.0\Ksql.Linq\src\Query\Dsl\KsqlQueryModel.cs(23,40): error RS0016: Symbol 'BasedOnClose.set' is not part of the declared public API (https://github.com/dotnet/roslyn-analyzers/blob/main/src/PublicApiAnalyzers/PublicApiAnalyzers.Help.md) [C:\dev\0.9.0\Ksql.Linq\src\Ksql.Linq.csproj]
C:\dev\0.9.0\Ksql.Linq\src\Query\Dsl\KsqlQueryModel.cs(23,35): error RS0016: Symbol 'BasedOnClose.get' is not part of the declared public API (https://github.com/dotnet/roslyn-analyzers/blob/main/src/PublicApiAnalyzers/PublicApiAnalyzers.Help.md) [C:\dev\0.9.0\Ksql.Linq\src\Ksql.Linq.csproj]
C:\dev\0.9.0\Ksql.Linq\src\Query\Dsl\KsqlQueryModel.cs(24,40): error RS0016: Symbol 'BasedOnOpenInclusive.get' is not part of the declared public API (https://github.com/dotnet/roslyn-analyzers/blob/main/src/PublicApiAnalyzers/PublicApiAnalyzers.Help.md) [C:\dev\0.9.0\Ksql.Linq\src\Ksql.Linq.csproj]
C:\dev\0.9.0\Ksql.Linq\src\Query\Dsl\KsqlQueryModel.cs(24,45): error RS0016: Symbol 'BasedOnOpenInclusive.set' is not part of the declared public API (https://github.com/dotnet/roslyn-analyzers/blob/main/src/PublicApiAnalyzers/PublicApiAnalyzers.Help.md) [C:\dev\0.9.0\Ksql.Linq\src\Ksql.Linq.csproj]
C:\dev\0.9.0\Ksql.Linq\src\Query\Dsl\KsqlQueryModel.cs(25,41): error RS0016: Symbol 'BasedOnCloseInclusive.get' is not part of the declared public API (https://github.com/dotnet/roslyn-analyzers/blob/main/src/PublicApiAnalyzers/PublicApiAnalyzers.Help.md) [C:\dev\0.9.0\Ksql.Linq\src\Ksql.Linq.csproj]
C:\dev\0.9.0\Ksql.Linq\src\Query\Dsl\KsqlQueryModel.cs(25,46): error RS0016: Symbol 'BasedOnCloseInclusive.set' is not part of the declared public API (https://github.com/dotnet/roslyn-analyzers/blob/main/src/PublicApiAnalyzers/PublicApiAnalyzers.Help.md) [C:\dev\0.9.0\Ksql.Linq\src\Ksql.Linq.csproj]
C:\dev\0.9.0\Ksql.Linq\src\Query\Dsl\KsqlQueryModel.cs(27,35): error RS0016: Symbol 'WeekAnchor.get' is not part of the declared public API (https://github.com/dotnet/roslyn-analyzers/blob/main/src/PublicApiAnalyzers/PublicApiAnalyzers.Help.md) [C:\dev\0.9.0\Ksql.Linq\src\Ksql.Linq.csproj]
C:\dev\0.9.0\Ksql.Linq\src\Query\Dsl\KsqlQueryModel.cs(26,35): error RS0016: Symbol 'Windows.get' is not part of the declared public API (https://github.com/dotnet/roslyn-analyzers/blob/main/src/PublicApiAnalyzers/PublicApiAnalyzers.Help.md) [C:\dev\0.9.0\Ksql.Linq\src\Ksql.Linq.csproj]
C:\dev\0.9.0\Ksql.Linq\src\Query\Dsl\KsqlQueryModel.cs(27,40): error RS0016: Symbol 'WeekAnchor.set' is not part of the declared public API (https://github.com/dotnet/roslyn-analyzers/blob/main/src/PublicApiAnalyzers/PublicApiAnalyzers.Help.md) [C:\dev\0.9.0\Ksql.Linq\src\Ksql.Linq.csproj]
C:\dev\0.9.0\Ksql.Linq\src\Query\Dsl\KsqlQueryModel.cs(28,30): error RS0016: Symbol 'TimeKey.get' is not part of the declared public API (https://github.com/dotnet/roslyn-analyzers/blob/main/src/PublicApiAnalyzers/PublicApiAnalyzers.Help.md) [C:\dev\0.9.0\Ksql.Linq\src\Ksql.Linq.csproj]
C:\dev\0.9.0\Ksql.Linq\src\Query\Dsl\KsqlQueryModel.cs(29,39): error RS0016: Symbol 'BucketColumnName.get' is not part of the declared public API (https://github.com/dotnet/roslyn-analyzers/blob/main/src/PublicApiAnalyzers/PublicApiAnalyzers.Help.md) [C:\dev\0.9.0\Ksql.Linq\src\Ksql.Linq.csproj]
C:\dev\0.9.0\Ksql.Linq\src\Query\Dsl\KsqlQueryModel.cs(28,35): error RS0016: Symbol 'TimeKey.set' is not part of the declared public API (https://github.com/dotnet/roslyn-analyzers/blob/main/src/PublicApiAnalyzers/PublicApiAnalyzers.Help.md) [C:\dev\0.9.0\Ksql.Linq\src\Ksql.Linq.csproj]
C:\dev\0.9.0\Ksql.Linq\src\Query\Dsl\KsqlQueryModel.cs(29,44): error RS0016: Symbol 'BucketColumnName.set' is not part of the declared public API (https://github.com/dotnet/roslyn-analyzers/blob/main/src/PublicApiAnalyzers/PublicApiAnalyzers.Help.md) [C:\dev\0.9.0\Ksql.Linq\src\Ksql.Linq.csproj]
C:\dev\0.9.0\Ksql.Linq\src\Query\Dsl\KsqlQueryModel.cs(30,33): error RS0016: Symbol 'WithinSeconds.get' is not part of the declared public API (https://github.com/dotnet/roslyn-analyzers/blob/main/src/PublicApiAnalyzers/PublicApiAnalyzers.Help.md) [C:\dev\0.9.0\Ksql.Linq\src\Ksql.Linq.csproj]
C:\dev\0.9.0\Ksql.Linq\src\Query\Dsl\KsqlQueryModel.cs(30,38): error RS0016: Symbol 'WithinSeconds.set' is not part of the declared public API (https://github.com/dotnet/roslyn-analyzers/blob/main/src/PublicApiAnalyzers/PublicApiAnalyzers.Help.md) [C:\dev\0.9.0\Ksql.Linq\src\Ksql.Linq.csproj]
C:\dev\0.9.0\Ksql.Linq\src\Query\Dsl\KsqlQueryModel.cs(31,39): error RS0016: Symbol 'ForbidDefaultWithin.get' is not part of the declared public API (https://github.com/dotnet/roslyn-analyzers/blob/main/src/PublicApiAnalyzers/PublicApiAnalyzers.Help.md) [C:\dev\0.9.0\Ksql.Linq\src\Ksql.Linq.csproj]
C:\dev\0.9.0\Ksql.Linq\src\Query\Dsl\KsqlQueryModel.cs(31,44): error RS0016: Symbol 'ForbidDefaultWithin.set' is not part of the declared public API (https://github.com/dotnet/roslyn-analyzers/blob/main/src/PublicApiAnalyzers/PublicApiAnalyzers.Help.md) [C:\dev\0.9.0\Ksql.Linq\src\Ksql.Linq.csproj]
C:\dev\0.9.0\Ksql.Linq\src\Query\Dsl\KsqlQueryModel.cs(32,35): error RS0016: Symbol 'BaseUnitSeconds.get' is not part of the declared public API (https://github.com/dotnet/roslyn-analyzers/blob/main/src/PublicApiAnalyzers/PublicApiAnalyzers.Help.md) [C:\dev\0.9.0\Ksql.Linq\src\Ksql.Linq.csproj]
C:\dev\0.9.0\Ksql.Linq\src\Query\Dsl\KsqlQueryModel.cs(32,40): error RS0016: Symbol 'BaseUnitSeconds.set' is not part of the declared public API (https://github.com/dotnet/roslyn-analyzers/blob/main/src/PublicApiAnalyzers/PublicApiAnalyzers.Help.md) [C:\dev\0.9.0\Ksql.Linq\src\Ksql.Linq.csproj]
C:\dev\0.9.0\Ksql.Linq\src\Query\Dsl\KsqlQueryModel.cs(33,32): error RS0016: Symbol 'GraceSeconds.get' is not part of the declared public API (https://github.com/dotnet/roslyn-analyzers/blob/main/src/PublicApiAnalyzers/PublicApiAnalyzers.Help.md) [C:\dev\0.9.0\Ksql.Linq\src\Ksql.Linq.csproj]
C:\dev\0.9.0\Ksql.Linq\src\Query\Dsl\KsqlQueryModel.cs(33,37): error RS0016: Symbol 'GraceSeconds.set' is not part of the declared public API (https://github.com/dotnet/roslyn-analyzers/blob/main/src/PublicApiAnalyzers/PublicApiAnalyzers.Help.md) [C:\dev\0.9.0\Ksql.Linq\src\Ksql.Linq.csproj]
C:\dev\0.9.0\Ksql.Linq\src\Query\Dsl\KsqlQueryModel.cs(34,32): error RS0016: Symbol 'Continuation.get' is not part of the declared public API (https://github.com/dotnet/roslyn-analyzers/blob/main/src/PublicApiAnalyzers/PublicApiAnalyzers.Help.md) [C:\dev\0.9.0\Ksql.Linq\src\Ksql.Linq.csproj]
C:\dev\0.9.0\Ksql.Linq\src\Query\Dsl\KsqlQueryModel.cs(34,37): error RS0016: Symbol 'Continuation.set' is not part of the declared public API (https://github.com/dotnet/roslyn-analyzers/blob/main/src/PublicApiAnalyzers/PublicApiAnalyzers.Help.md) [C:\dev\0.9.0\Ksql.Linq\src\Ksql.Linq.csproj]
C:\dev\0.9.0\Ksql.Linq\src\Query\Dsl\KsqlQueryModel.cs(35,46): error RS0016: Symbol 'PrimarySourceRequiresAlias.get' is not part of the declared public API (https://github.com/dotnet/roslyn-analyzers/blob/main/src/PublicApiAnalyzers/PublicApiAnalyzers.Help.md) [C:\dev\0.9.0\Ksql.Linq\src\Ksql.Linq.csproj]
C:\dev\0.9.0\Ksql.Linq\src\Query\Dsl\KsqlQueryModel.cs(35,51): error RS0016: Symbol 'PrimarySourceRequiresAlias.set' is not part of the declared public API (https://github.com/dotnet/roslyn-analyzers/blob/main/src/PublicApiAnalyzers/PublicApiAnalyzers.Help.md) [C:\dev\0.9.0\Ksql.Linq\src\Ksql.Linq.csproj]
C:\dev\0.9.0\Ksql.Linq\src\Query\Dsl\KsqlQueryModel.cs(36,76): error RS0016: Symbol 'Extras.get' is not part of the declared public API (https://github.com/dotnet/roslyn-analyzers/blob/main/src/PublicApiAnalyzers/PublicApiAnalyzers.Help.md) [C:\dev\0.9.0\Ksql.Linq\src\Ksql.Linq.csproj]
C:\dev\0.9.0\Ksql.Linq\src\Query\Dsl\KsqlQueryModel.cs(37,59): error RS0016: Symbol 'SelectProjectionMetadata.get' is not part of the declared public API (https://github.com/dotnet/roslyn-analyzers/blob/main/src/PublicApiAnalyzers/PublicApiAnalyzers.Help.md) [C:\dev\0.9.0\Ksql.Linq\src\Ksql.Linq.csproj]
C:\dev\0.9.0\Ksql.Linq\src\Query\Dsl\KsqlQueryModel.cs(37,64): error RS0016: Symbol 'SelectProjectionMetadata.set' is not part of the declared public API (https://github.com/dotnet/roslyn-analyzers/blob/main/src/PublicApiAnalyzers/PublicApiAnalyzers.Help.md) [C:\dev\0.9.0\Ksql.Linq\src\Ksql.Linq.csproj]
C:\dev\0.9.0\Ksql.Linq\src\Query\Dsl\KsqlQueryModel.cs(39,27): error RS0016: Symbol 'Clone' is not part of the declared public API (https://github.com/dotnet/roslyn-analyzers/blob/main/src/PublicApiAnalyzers/PublicApiAnalyzers.Help.md) [C:\dev\0.9.0\Ksql.Linq\src\Ksql.Linq.csproj]
C:\dev\0.9.0\Ksql.Linq\src\Query\Dsl\KsqlQueryModel.cs(76,19): error RS0016: Symbol 'Dump' is not part of the declared public API (https://github.com/dotnet/roslyn-analyzers/blob/main/src/PublicApiAnalyzers/PublicApiAnalyzers.Help.md) [C:\dev\0.9.0\Ksql.Linq\src\Ksql.Linq.csproj]
C:\dev\0.9.0\Ksql.Linq\src\Query\Dsl\KsqlQueryModel.cs(82,17): error RS0016: Symbol 'HasGroupBy' is not part of the declared public API (https://github.com/dotnet/roslyn-analyzers/blob/main/src/PublicApiAnalyzers/PublicApiAnalyzers.Help.md) [C:\dev\0.9.0\Ksql.Linq\src\Ksql.Linq.csproj]
C:\dev\0.9.0\Ksql.Linq\src\Query\Dsl\KsqlQueryModel.cs(84,17): error RS0016: Symbol 'HasTumbling' is not part of the declared public API (https://github.com/dotnet/roslyn-analyzers/blob/main/src/PublicApiAnalyzers/PublicApiAnalyzers.Help.md) [C:\dev\0.9.0\Ksql.Linq\src\Ksql.Linq.csproj]
C:\dev\0.9.0\Ksql.Linq\src\Query\Dsl\KsqlQueryModel.cs(86,17): error RS0016: Symbol 'HasAggregates' is not part of the declared public API (https://github.com/dotnet/roslyn-analyzers/blob/main/src/PublicApiAnalyzers/PublicApiAnalyzers.Help.md) [C:\dev\0.9.0\Ksql.Linq\src\Ksql.Linq.csproj]
C:\dev\0.9.0\Ksql.Linq\src\Query\Dsl\KsqlQueryModel.cs(94,17): error RS0016: Symbol 'IsAggregateQuery' is not part of the declared public API (https://github.com/dotnet/roslyn-analyzers/blob/main/src/PublicApiAnalyzers/PublicApiAnalyzers.Help.md) [C:\dev\0.9.0\Ksql.Linq\src\Ksql.Linq.csproj]
C:\dev\0.9.0\Ksql.Linq\src\Query\Dsl\KsqlQueryModel.cs(96,28): error RS0016: Symbol 'DetermineType' is not part of the declared public API (https://github.com/dotnet/roslyn-analyzers/blob/main/src/PublicApiAnalyzers/PublicApiAnalyzers.Help.md) [C:\dev\0.9.0\Ksql.Linq\src\Ksql.Linq.csproj]
C:\dev\0.9.0\Ksql.Linq\src\Query\Dsl\KsqlQueryModel.cs(102,17): error RS0016: Symbol 'NormalizeWindowsInPlace' is not part of the declared public API (https://github.com/dotnet/roslyn-analyzers/blob/main/src/PublicApiAnalyzers/PublicApiAnalyzers.Help.md) [C:\dev\0.9.0\Ksql.Linq\src\Ksql.Linq.csproj]
C:\dev\0.9.0\Ksql.Linq\src\Query\Dsl\KsqlQueryModel.cs(99,32): error RS0016: Symbol 'NormalizeWindows' is not part of the declared public API (https://github.com/dotnet/roslyn-analyzers/blob/main/src/PublicApiAnalyzers/PublicApiAnalyzers.Help.md) [C:\dev\0.9.0\Ksql.Linq\src\Ksql.Linq.csproj]
C:\dev\0.9.0\Ksql.Linq\src\Query\Dsl\KsqlQueryable2.cs(12,12): error RS0016: Symbol 'KsqlQueryable2' is not part of the declared public API (https://github.com/dotnet/roslyn-analyzers/blob/main/src/PublicApiAnalyzers/PublicApiAnalyzers.Help.md) [C:\dev\0.9.0\Ksql.Linq\src\Ksql.Linq.csproj]
C:\dev\0.9.0\Ksql.Linq\src\Runtime\TimeBucket.cs(618,29): error RS0016: Symbol 'WaitForBucketAsync' is not part of the declared public API (https://github.com/dotnet/roslyn-analyzers/blob/main/src/PublicApiAnalyzers/PublicApiAnalyzers.Help.md) [C:\dev\0.9.0\Ksql.Linq\src\Ksql.Linq.csproj]
C:\dev\0.9.0\Ksql.Linq\src\Query\Dsl\KsqlQueryable2.cs(26,35): error RS0016: Symbol 'Where' is not part of the declared public API (https://github.com/dotnet/roslyn-analyzers/blob/main/src/PublicApiAnalyzers/PublicApiAnalyzers.Help.md) [C:\dev\0.9.0\Ksql.Linq\src\Ksql.Linq.csproj]
C:\dev\0.9.0\Ksql.Linq\src\Query\Dsl\KsqlQueryable2.cs(36,35): error RS0016: Symbol 'Select<TResult>' is not part of the declared public API (https://github.com/dotnet/roslyn-analyzers/blob/main/src/PublicApiAnalyzers/PublicApiAnalyzers.Help.md) [C:\dev\0.9.0\Ksql.Linq\src\Ksql.Linq.csproj]
C:\dev\0.9.0\Ksql.Linq\src\Runtime\TimeBucket.cs(736,36): error RS0016: Symbol 'LiveTopicName.get' is not part of the declared public API (https://github.com/dotnet/roslyn-analyzers/blob/main/src/PublicApiAnalyzers/PublicApiAnalyzers.Help.md) [C:\dev\0.9.0\Ksql.Linq\src\Ksql.Linq.csproj]
C:\dev\0.9.0\Ksql.Linq\src\Runtime\TimeBucket.cs(739,31): error RS0016: Symbol 'WithCancellation' is not part of the declared public API (https://github.com/dotnet/roslyn-analyzers/blob/main/src/PublicApiAnalyzers/PublicApiAnalyzers.Help.md) [C:\dev\0.9.0\Ksql.Linq\src\Ksql.Linq.csproj]
C:\dev\0.9.0\Ksql.Linq\src\Runtime\TimeBucket.cs(742,31): error RS0016: Symbol 'WithKeys' is not part of the declared public API (https://github.com/dotnet/roslyn-analyzers/blob/main/src/PublicApiAnalyzers/PublicApiAnalyzers.Help.md) [C:\dev\0.9.0\Ksql.Linq\src\Ksql.Linq.csproj]
C:\dev\0.9.0\Ksql.Linq\src\Runtime\TimeBucket.cs(745,31): error RS0016: Symbol 'With' is not part of the declared public API (https://github.com/dotnet/roslyn-analyzers/blob/main/src/PublicApiAnalyzers/PublicApiAnalyzers.Help.md) [C:\dev\0.9.0\Ksql.Linq\src\Ksql.Linq.csproj]
C:\dev\0.9.0\Ksql.Linq\src\Context\KsqlContext.Schema.cs(180,19): error RS0016: Symbol 'GetDlqTopicName' is not part of the declared public API (https://github.com/dotnet/roslyn-analyzers/blob/main/src/PublicApiAnalyzers/PublicApiAnalyzers.Help.md) [C:\dev\0.9.0\Ksql.Linq\src\Ksql.Linq.csproj]
C:\dev\0.9.0\Ksql.Linq\src\Query\Dsl\KsqlQueryable2.cs(57,35): error RS0016: Symbol 'Tumbling' is not part of the declared public API (https://github.com/dotnet/roslyn-analyzers/blob/main/src/PublicApiAnalyzers/PublicApiAnalyzers.Help.md) [C:\dev\0.9.0\Ksql.Linq\src\Ksql.Linq.csproj]
C:\dev\0.9.0\Ksql.Linq\src\Query\Dsl\KsqlQueryable2.cs(82,35): error RS0016: Symbol 'Within' is not part of the declared public API (https://github.com/dotnet/roslyn-analyzers/blob/main/src/PublicApiAnalyzers/PublicApiAnalyzers.Help.md) [C:\dev\0.9.0\Ksql.Linq\src\Ksql.Linq.csproj]
C:\dev\0.9.0\Ksql.Linq\src\Query\Dsl\KsqlQueryable2.cs(90,35): error RS0016: Symbol 'RequireExplicitWithin' is not part of the declared public API (https://github.com/dotnet/roslyn-analyzers/blob/main/src/PublicApiAnalyzers/PublicApiAnalyzers.Help.md) [C:\dev\0.9.0\Ksql.Linq\src\Ksql.Linq.csproj]
C:\dev\0.9.0\Ksql.Linq\src\Query\Dsl\KsqlQueryable2.cs(101,27): error RS0016: Symbol 'Build' is not part of the declared public API (https://github.com/dotnet/roslyn-analyzers/blob/main/src/PublicApiAnalyzers/PublicApiAnalyzers.Help.md) [C:\dev\0.9.0\Ksql.Linq\src\Ksql.Linq.csproj]
C:\dev\0.9.0\Ksql.Linq\src\Query\Dsl\KsqlQueryable2.cs(96,35): error RS0016: Symbol 'Tumbling' is not part of the declared public API (https://github.com/dotnet/roslyn-analyzers/blob/main/src/PublicApiAnalyzers/PublicApiAnalyzers.Help.md) [C:\dev\0.9.0\Ksql.Linq\src\Ksql.Linq.csproj]
C:\dev\0.9.0\Ksql.Linq\src\Query\Dsl\KsqlQueryable.cs(20,30): error RS0016: Symbol 'Where' is not part of the declared public API (https://github.com/dotnet/roslyn-analyzers/blob/main/src/PublicApiAnalyzers/PublicApiAnalyzers.Help.md) [C:\dev\0.9.0\Ksql.Linq\src\Ksql.Linq.csproj]
C:\dev\0.9.0\Ksql.Linq\src\Query\Dsl\KsqlQueryable.cs(30,30): error RS0016: Symbol 'Select<TResult>' is not part of the declared public API (https://github.com/dotnet/roslyn-analyzers/blob/main/src/PublicApiAnalyzers/PublicApiAnalyzers.Help.md) [C:\dev\0.9.0\Ksql.Linq\src\Ksql.Linq.csproj]
C:\dev\0.9.0\Ksql.Linq\src\Query\Dsl\KsqlQueryable.cs(53,43): error RS0016: Symbol 'GroupBy<TKey>' is not part of the declared public API (https://github.com/dotnet/roslyn-analyzers/blob/main/src/PublicApiAnalyzers/PublicApiAnalyzers.Help.md) [C:\dev\0.9.0\Ksql.Linq\src\Ksql.Linq.csproj]
C:\dev\0.9.0\Ksql.Linq\src\Runtime\TimeBucket.cs(20,33): error RS0016: Symbol 'Get<T>' is not part of the declared public API (https://github.com/dotnet/roslyn-analyzers/blob/main/src/PublicApiAnalyzers/PublicApiAnalyzers.Help.md) [C:\dev\0.9.0\Ksql.Linq\src\Ksql.Linq.csproj]
C:\dev\0.9.0\Ksql.Linq\src\Runtime\TimeBucket.cs(23,39): error RS0016: Symbol 'Set<T>' is not part of the declared public API (https://github.com/dotnet/roslyn-analyzers/blob/main/src/PublicApiAnalyzers/PublicApiAnalyzers.Help.md) [C:\dev\0.9.0\Ksql.Linq\src\Ksql.Linq.csproj]
C:\dev\0.9.0\Ksql.Linq\src\Query\Dsl\KsqlQueryable.cs(63,30): error RS0016: Symbol 'Tumbling' is not part of the declared public API (https://github.com/dotnet/roslyn-analyzers/blob/main/src/PublicApiAnalyzers/PublicApiAnalyzers.Help.md) [C:\dev\0.9.0\Ksql.Linq\src\Ksql.Linq.csproj]
C:\dev\0.9.0\Ksql.Linq\src\Query\Dsl\KsqlQueryable.cs(88,30): error RS0016: Symbol 'Tumbling' is not part of the declared public API (https://github.com/dotnet/roslyn-analyzers/blob/main/src/PublicApiAnalyzers/PublicApiAnalyzers.Help.md) [C:\dev\0.9.0\Ksql.Linq\src\Ksql.Linq.csproj]
C:\dev\0.9.0\Ksql.Linq\src\Query\Dsl\KsqlQueryable.cs(95,32): error RS0016: Symbol 'TimeFrame<TSchedule>' is not part of the declared public API (https://github.com/dotnet/roslyn-analyzers/blob/main/src/PublicApiAnalyzers/PublicApiAnalyzers.Help.md) [C:\dev\0.9.0\Ksql.Linq\src\Ksql.Linq.csproj]
C:\dev\0.9.0\Ksql.Linq\src\Query\Dsl\KsqlQueryable.cs(156,35): error RS0016: Symbol 'Join<T2>' is not part of the declared public API (https://github.com/dotnet/roslyn-analyzers/blob/main/src/PublicApiAnalyzers/PublicApiAnalyzers.Help.md) [C:\dev\0.9.0\Ksql.Linq\src\Ksql.Linq.csproj]
C:\dev\0.9.0\Ksql.Linq\src\Query\Dsl\KsqlQueryable.cs(172,27): error RS0016: Symbol 'Build' is not part of the declared public API (https://github.com/dotnet/roslyn-analyzers/blob/main/src/PublicApiAnalyzers/PublicApiAnalyzers.Help.md) [C:\dev\0.9.0\Ksql.Linq\src\Ksql.Linq.csproj]
C:\dev\0.9.0\Ksql.Linq\src\Query\Dsl\KsqlGroupedQueryable.cs(24,42): error RS0016: Symbol 'Having' is not part of the declared public API (https://github.com/dotnet/roslyn-analyzers/blob/main/src/PublicApiAnalyzers/PublicApiAnalyzers.Help.md) [C:\dev\0.9.0\Ksql.Linq\src\Ksql.Linq.csproj]
C:\dev\0.9.0\Ksql.Linq\src\Query\Dsl\KsqlGroupedQueryable.cs(40,42): error RS0016: Symbol 'Select<TResult>' is not part of the declared public API (https://github.com/dotnet/roslyn-analyzers/blob/main/src/PublicApiAnalyzers/PublicApiAnalyzers.Help.md) [C:\dev\0.9.0\Ksql.Linq\src\Ksql.Linq.csproj]
C:\dev\0.9.0\Ksql.Linq\src\Query\Dsl\KsqlGroupedQueryable.cs(57,27): error RS0016: Symbol 'Build' is not part of the declared public API (https://github.com/dotnet/roslyn-analyzers/blob/main/src/PublicApiAnalyzers/PublicApiAnalyzers.Help.md) [C:\dev\0.9.0\Ksql.Linq\src\Ksql.Linq.csproj]
C:\dev\0.9.0\Ksql.Linq\src\Query\Dsl\IKsqlQueryable.cs(5,20): error RS0016: Symbol 'Build' is not part of the declared public API (https://github.com/dotnet/roslyn-analyzers/blob/main/src/PublicApiAnalyzers/PublicApiAnalyzers.Help.md) [C:\dev\0.9.0\Ksql.Linq\src\Ksql.Linq.csproj]
C:\dev\0.9.0\Ksql.Linq\src\Query\Dsl\IScheduledScope.cs(8,22): error RS0016: Symbol 'Tumbling' is not part of the declared public API (https://github.com/dotnet/roslyn-analyzers/blob/main/src/PublicApiAnalyzers/PublicApiAnalyzers.Help.md) [C:\dev\0.9.0\Ksql.Linq\src\Ksql.Linq.csproj]
C:\dev\0.9.0\Ksql.Linq\src\Runtime\Heartbeat\MarketScheduleProvider.cs(15,10): error RS0016: Symbol 'InitializeAsync' is not part of the declared public API (https://github.com/dotnet/roslyn-analyzers/blob/main/src/PublicApiAnalyzers/PublicApiAnalyzers.Help.md) [C:\dev\0.9.0\Ksql.Linq\src\Ksql.Linq.csproj]
C:\dev\0.9.0\Ksql.Linq\src\Runtime\Heartbeat\MarketScheduleProvider.cs(16,10): error RS0016: Symbol 'RefreshAsync' is not part of the declared public API (https://github.com/dotnet/roslyn-analyzers/blob/main/src/PublicApiAnalyzers/PublicApiAnalyzers.Help.md) [C:\dev\0.9.0\Ksql.Linq\src\Ksql.Linq.csproj]
C:\dev\0.9.0\Ksql.Linq\src\Runtime\Heartbeat\MarketScheduleProvider.cs(17,10): error RS0016: Symbol 'IsInSession' is not part of the declared public API (https://github.com/dotnet/roslyn-analyzers/blob/main/src/PublicApiAnalyzers/PublicApiAnalyzers.Help.md) [C:\dev\0.9.0\Ksql.Linq\src\Ksql.Linq.csproj]
C:\dev\0.9.0\Ksql.Linq\src\Runtime\Monitor\RowMonitorCoordinator.Noop.cs(8,17): error RS0016: Symbol 'StartAsync' is not part of the declared public API (https://github.com/dotnet/roslyn-analyzers/blob/main/src/PublicApiAnalyzers/PublicApiAnalyzers.Help.md) [C:\dev\0.9.0\Ksql.Linq\src\Ksql.Linq.csproj]
C:\dev\0.9.0\Ksql.Linq\src\Runtime\Monitor\RowMonitorCoordinator.Noop.cs(9,17): error RS0016: Symbol 'StopAsync' is not part of the declared public API (https://github.com/dotnet/roslyn-analyzers/blob/main/src/PublicApiAnalyzers/PublicApiAnalyzers.Help.md) [C:\dev\0.9.0\Ksql.Linq\src\Ksql.Linq.csproj]
C:\dev\0.9.0\Ksql.Linq\src\Runtime\Monitor\RowMonitorCoordinator.Noop.cs(10,17): error RS0016: Symbol 'StartForResults' is not part of the declared public API (https://github.com/dotnet/roslyn-analyzers/blob/main/src/PublicApiAnalyzers/PublicApiAnalyzers.Help.md) [C:\dev\0.9.0\Ksql.Linq\src\Ksql.Linq.csproj]
C:\dev\0.9.0\Ksql.Linq\src\Runtime\Monitor\RowMonitorCoordinator.Noop.cs(11,22): error RS0016: Symbol 'DisposeAsync' is not part of the declared public API (https://github.com/dotnet/roslyn-analyzers/blob/main/src/PublicApiAnalyzers/PublicApiAnalyzers.Help.md) [C:\dev\0.9.0\Ksql.Linq\src\Ksql.Linq.csproj]
C:\dev\0.9.0\Ksql.Linq\src\Runtime\Monitor\RowMonitorCoordinator.cs(18,12): error RS0016: Symbol 'RowMonitorCoordinator' is not part of the declared public API (https://github.com/dotnet/roslyn-analyzers/blob/main/src/PublicApiAnalyzers/PublicApiAnalyzers.Help.md) [C:\dev\0.9.0\Ksql.Linq\src\Ksql.Linq.csproj]
C:\dev\0.9.0\Ksql.Linq\src\Runtime\Monitor\RowMonitorCoordinator.cs(25,17): error RS0016: Symbol 'StopAsync' is not part of the declared public API (https://github.com/dotnet/roslyn-analyzers/blob/main/src/PublicApiAnalyzers/PublicApiAnalyzers.Help.md) [C:\dev\0.9.0\Ksql.Linq\src\Ksql.Linq.csproj]
C:\dev\0.9.0\Ksql.Linq\src\Runtime\Monitor\RowMonitorCoordinator.cs(23,17): error RS0016: Symbol 'StartAsync' is not part of the declared public API (https://github.com/dotnet/roslyn-analyzers/blob/main/src/PublicApiAnalyzers/PublicApiAnalyzers.Help.md) [C:\dev\0.9.0\Ksql.Linq\src\Ksql.Linq.csproj]
C:\dev\0.9.0\Ksql.Linq\src\Runtime\Monitor\RowMonitorCoordinator.cs(27,17): error RS0016: Symbol 'StartForResults' is not part of the declared public API (https://github.com/dotnet/roslyn-analyzers/blob/main/src/PublicApiAnalyzers/PublicApiAnalyzers.Help.md) [C:\dev\0.9.0\Ksql.Linq\src\Ksql.Linq.csproj]
C:\dev\0.9.0\Ksql.Linq\src\Runtime\Monitor\RowMonitorCoordinator.cs(121,22): error RS0016: Symbol 'DisposeAsync' is not part of the declared public API (https://github.com/dotnet/roslyn-analyzers/blob/main/src/PublicApiAnalyzers/PublicApiAnalyzers.Help.md) [C:\dev\0.9.0\Ksql.Linq\src\Ksql.Linq.csproj]
C:\dev\0.9.0\Ksql.Linq\src\Runtime\Monitor\IRowMonitorCoordinator.cs(12,10): error RS0016: Symbol 'StartAsync' is not part of the declared public API (https://github.com/dotnet/roslyn-analyzers/blob/main/src/PublicApiAnalyzers/PublicApiAnalyzers.Help.md) [C:\dev\0.9.0\Ksql.Linq\src\Ksql.Linq.csproj]
C:\dev\0.9.0\Ksql.Linq\src\Runtime\Monitor\IRowMonitorCoordinator.cs(13,10): error RS0016: Symbol 'StopAsync' is not part of the declared public API (https://github.com/dotnet/roslyn-analyzers/blob/main/src/PublicApiAnalyzers/PublicApiAnalyzers.Help.md) [C:\dev\0.9.0\Ksql.Linq\src\Ksql.Linq.csproj]
C:\dev\0.9.0\Ksql.Linq\src\Runtime\Monitor\IRowMonitorCoordinator.cs(14,10): error RS0016: Symbol 'StartForResults' is not part of the declared public API (https://github.com/dotnet/roslyn-analyzers/blob/main/src/PublicApiAnalyzers/PublicApiAnalyzers.Help.md) [C:\dev\0.9.0\Ksql.Linq\src\Ksql.Linq.csproj]
C:\dev\0.9.0\Ksql.Linq\src\Infrastructure\Ksql\KsqlExecutor.cs(15,12): error RS0016: Symbol 'KsqlExecutor' is not part of the declared public API (https://github.com/dotnet/roslyn-analyzers/blob/main/src/PublicApiAnalyzers/PublicApiAnalyzers.Help.md) [C:\dev\0.9.0\Ksql.Linq\src\Ksql.Linq.csproj]
C:\dev\0.9.0\Ksql.Linq\src\Infrastructure\Ksql\KsqlExecutor.cs(21,57): error RS0016: Symbol 'ExecuteStatementAsync' is not part of the declared public API (https://github.com/dotnet/roslyn-analyzers/blob/main/src/PublicApiAnalyzers/PublicApiAnalyzers.Help.md) [C:\dev\0.9.0\Ksql.Linq\src\Ksql.Linq.csproj]
C:\dev\0.9.0\Ksql.Linq\src\Infrastructure\Ksql\KsqlExecutor.cs(30,57): error RS0016: Symbol 'ExecuteExplainAsync' is not part of the declared public API (https://github.com/dotnet/roslyn-analyzers/blob/main/src/PublicApiAnalyzers/PublicApiAnalyzers.Help.md) [C:\dev\0.9.0\Ksql.Linq\src\Ksql.Linq.csproj]
C:\dev\0.9.0\Ksql.Linq\src\Infrastructure\Ksql\KsqlExecutor.cs(38,22): error RS0016: Symbol 'QueryStreamCountAsync' is not part of the declared public API (https://github.com/dotnet/roslyn-analyzers/blob/main/src/PublicApiAnalyzers/PublicApiAnalyzers.Help.md) [C:\dev\0.9.0\Ksql.Linq\src\Ksql.Linq.csproj]
C:\dev\0.9.0\Ksql.Linq\src\Infrastructure\Ksql\KsqlExecutor.cs(44,22): error RS0016: Symbol 'QueryCountAsync' is not part of the declared public API (https://github.com/dotnet/roslyn-analyzers/blob/main/src/PublicApiAnalyzers/PublicApiAnalyzers.Help.md) [C:\dev\0.9.0\Ksql.Linq\src\Ksql.Linq.csproj]
C:\dev\0.9.0\Ksql.Linq\src\Query\Linq\JoinableEntitySet.cs(18,12): error RS0016: Symbol 'JoinableEntitySet' is not part of the declared public API (https://github.com/dotnet/roslyn-analyzers/blob/main/src/PublicApiAnalyzers/PublicApiAnalyzers.Help.md) [C:\dev\0.9.0\Ksql.Linq\src\Ksql.Linq.csproj]
C:\dev\0.9.0\Ksql.Linq\src\Query\Linq\JoinableEntitySet.cs(23,17): error RS0016: Symbol 'AddAsync' is not part of the declared public API (https://github.com/dotnet/roslyn-analyzers/blob/main/src/PublicApiAnalyzers/PublicApiAnalyzers.Help.md) [C:\dev\0.9.0\Ksql.Linq\src\Ksql.Linq.csproj]
C:\dev\0.9.0\Ksql.Linq\src\Query\Linq\JoinableEntitySet.cs(28,17): error RS0016: Symbol 'RemoveAsync' is not part of the declared public API (https://github.com/dotnet/roslyn-analyzers/blob/main/src/PublicApiAnalyzers/PublicApiAnalyzers.Help.md) [C:\dev\0.9.0\Ksql.Linq\src\Ksql.Linq.csproj]
C:\dev\0.9.0\Ksql.Linq\src\Infrastructure\Ksql\KsqlExecutor.cs(50,34): error RS0016: Symbol 'QueryRowsAsync' is not part of the declared public API (https://github.com/dotnet/roslyn-analyzers/blob/main/src/PublicApiAnalyzers/PublicApiAnalyzers.Help.md) [C:\dev\0.9.0\Ksql.Linq\src\Ksql.Linq.csproj]
C:\dev\0.9.0\Ksql.Linq\src\Query\Linq\JoinableEntitySet.cs(33,26): error RS0016: Symbol 'ToListAsync' is not part of the declared public API (https://github.com/dotnet/roslyn-analyzers/blob/main/src/PublicApiAnalyzers/PublicApiAnalyzers.Help.md) [C:\dev\0.9.0\Ksql.Linq\src\Ksql.Linq.csproj]
C:\dev\0.9.0\Ksql.Linq\src\Query\Linq\JoinableEntitySet.cs(38,17): error RS0016: Symbol 'ForEachAsync' is not part of the declared public API (https://github.com/dotnet/roslyn-analyzers/blob/main/src/PublicApiAnalyzers/PublicApiAnalyzers.Help.md) [C:\dev\0.9.0\Ksql.Linq\src\Ksql.Linq.csproj]
C:\dev\0.9.0\Ksql.Linq\src\Query\Linq\JoinableEntitySet.cs(44,17): error RS0016: Symbol 'ForEachAsync' is not part of the declared public API (https://github.com/dotnet/roslyn-analyzers/blob/main/src/PublicApiAnalyzers/PublicApiAnalyzers.Help.md) [C:\dev\0.9.0\Ksql.Linq\src\Ksql.Linq.csproj]
C:\dev\0.9.0\Ksql.Linq\src\Query\Linq\JoinableEntitySet.cs(47,17): error RS0016: Symbol 'ForEachAsync' is not part of the declared public API (https://github.com/dotnet/roslyn-analyzers/blob/main/src/PublicApiAnalyzers/PublicApiAnalyzers.Help.md) [C:\dev\0.9.0\Ksql.Linq\src\Ksql.Linq.csproj]
C:\dev\0.9.0\Ksql.Linq\src\Query\Linq\JoinableEntitySet.cs(50,17): error RS0016: Symbol 'ForEachAsync' is not part of the declared public API (https://github.com/dotnet/roslyn-analyzers/blob/main/src/PublicApiAnalyzers/PublicApiAnalyzers.Help.md) [C:\dev\0.9.0\Ksql.Linq\src\Ksql.Linq.csproj]
C:\dev\0.9.0\Ksql.Linq\src\Query\Linq\JoinableEntitySet.cs(55,17): error RS0016: Symbol 'ForEachAsync' is not part of the declared public API (https://github.com/dotnet/roslyn-analyzers/blob/main/src/PublicApiAnalyzers/PublicApiAnalyzers.Help.md) [C:\dev\0.9.0\Ksql.Linq\src\Ksql.Linq.csproj]
C:\dev\0.9.0\Ksql.Linq\src\Runtime\Period.cs(17,24): error RS0016: Symbol 'Value.get' is not part of the declared public API (https://github.com/dotnet/roslyn-analyzers/blob/main/src/PublicApiAnalyzers/PublicApiAnalyzers.Help.md) [C:\dev\0.9.0\Ksql.Linq\src\Ksql.Linq.csproj]
C:\dev\0.9.0\Ksql.Linq\src\Query\Linq\JoinableEntitySet.cs(60,17): error RS0016: Symbol 'ForEachAsync' is not part of the declared public API (https://github.com/dotnet/roslyn-analyzers/blob/main/src/PublicApiAnalyzers/PublicApiAnalyzers.Help.md) [C:\dev\0.9.0\Ksql.Linq\src\Ksql.Linq.csproj]
C:\dev\0.9.0\Ksql.Linq\src\Runtime\Period.cs(18,30): error RS0016: Symbol 'Unit.get' is not part of the declared public API (https://github.com/dotnet/roslyn-analyzers/blob/main/src/PublicApiAnalyzers/PublicApiAnalyzers.Help.md) [C:\dev\0.9.0\Ksql.Linq\src\Ksql.Linq.csproj]
C:\dev\0.9.0\Ksql.Linq\src\Runtime\Period.cs(19,31): error RS0016: Symbol 'Anchor.get' is not part of the declared public API (https://github.com/dotnet/roslyn-analyzers/blob/main/src/PublicApiAnalyzers/PublicApiAnalyzers.Help.md) [C:\dev\0.9.0\Ksql.Linq\src\Ksql.Linq.csproj]
C:\dev\0.9.0\Ksql.Linq\src\Runtime\Period.cs(28,26): error RS0016: Symbol 'Minutes' is not part of the declared public API (https://github.com/dotnet/roslyn-analyzers/blob/main/src/PublicApiAnalyzers/PublicApiAnalyzers.Help.md) [C:\dev\0.9.0\Ksql.Linq\src\Ksql.Linq.csproj]
C:\dev\0.9.0\Ksql.Linq\src\Query\Linq\JoinableEntitySet.cs(63,17): error RS0016: Symbol 'ForEachAsync' is not part of the declared public API (https://github.com/dotnet/roslyn-analyzers/blob/main/src/PublicApiAnalyzers/PublicApiAnalyzers.Help.md) [C:\dev\0.9.0\Ksql.Linq\src\Ksql.Linq.csproj]
C:\dev\0.9.0\Ksql.Linq\src\Runtime\Period.cs(29,26): error RS0016: Symbol 'Hours' is not part of the declared public API (https://github.com/dotnet/roslyn-analyzers/blob/main/src/PublicApiAnalyzers/PublicApiAnalyzers.Help.md) [C:\dev\0.9.0\Ksql.Linq\src\Ksql.Linq.csproj]
C:\dev\0.9.0\Ksql.Linq\src\Runtime\Period.cs(30,26): error RS0016: Symbol 'Days' is not part of the declared public API (https://github.com/dotnet/roslyn-analyzers/blob/main/src/PublicApiAnalyzers/PublicApiAnalyzers.Help.md) [C:\dev\0.9.0\Ksql.Linq\src\Ksql.Linq.csproj]
C:\dev\0.9.0\Ksql.Linq\src\Query\Linq\JoinableEntitySet.cs(69,19): error RS0016: Symbol 'GetTopicName' is not part of the declared public API (https://github.com/dotnet/roslyn-analyzers/blob/main/src/PublicApiAnalyzers/PublicApiAnalyzers.Help.md) [C:\dev\0.9.0\Ksql.Linq\src\Ksql.Linq.csproj]
C:\dev\0.9.0\Ksql.Linq\src\Query\Linq\JoinableEntitySet.cs(66,17): error RS0016: Symbol 'ForEachAsync' is not part of the declared public API (https://github.com/dotnet/roslyn-analyzers/blob/main/src/PublicApiAnalyzers/PublicApiAnalyzers.Help.md) [C:\dev\0.9.0\Ksql.Linq\src\Ksql.Linq.csproj]
C:\dev\0.9.0\Ksql.Linq\src\Query\Linq\JoinableEntitySet.cs(71,24): error RS0016: Symbol 'GetEntityModel' is not part of the declared public API (https://github.com/dotnet/roslyn-analyzers/blob/main/src/PublicApiAnalyzers/PublicApiAnalyzers.Help.md) [C:\dev\0.9.0\Ksql.Linq\src\Ksql.Linq.csproj]
C:\dev\0.9.0\Ksql.Linq\src\Runtime\Period.cs(31,26): error RS0016: Symbol 'Months' is not part of the declared public API (https://github.com/dotnet/roslyn-analyzers/blob/main/src/PublicApiAnalyzers/PublicApiAnalyzers.Help.md) [C:\dev\0.9.0\Ksql.Linq\src\Ksql.Linq.csproj]
C:\dev\0.9.0\Ksql.Linq\src\Query\Linq\JoinableEntitySet.cs(73,25): error RS0016: Symbol 'GetContext' is not part of the declared public API (https://github.com/dotnet/roslyn-analyzers/blob/main/src/PublicApiAnalyzers/PublicApiAnalyzers.Help.md) [C:\dev\0.9.0\Ksql.Linq\src\Ksql.Linq.csproj]
C:\dev\0.9.0\Ksql.Linq\src\Runtime\Period.cs(33,26): error RS0016: Symbol 'Seconds' is not part of the declared public API (https://github.com/dotnet/roslyn-analyzers/blob/main/src/PublicApiAnalyzers/PublicApiAnalyzers.Help.md) [C:\dev\0.9.0\Ksql.Linq\src\Ksql.Linq.csproj]
C:\dev\0.9.0\Ksql.Linq\src\Query\Linq\JoinableEntitySet.cs(75,38): error RS0016: Symbol 'GetAsyncEnumerator' is not part of the declared public API (https://github.com/dotnet/roslyn-analyzers/blob/main/src/PublicApiAnalyzers/PublicApiAnalyzers.Help.md) [C:\dev\0.9.0\Ksql.Linq\src\Ksql.Linq.csproj]
C:\dev\0.9.0\Ksql.Linq\src\Runtime\Period.cs(42,28): error RS0016: Symbol 'ToString' is not part of the declared public API (https://github.com/dotnet/roslyn-analyzers/blob/main/src/PublicApiAnalyzers/PublicApiAnalyzers.Help.md) [C:\dev\0.9.0\Ksql.Linq\src\Ksql.Linq.csproj]
C:\dev\0.9.0\Ksql.Linq\src\Runtime\Period.cs(53,17): error RS0016: Symbol 'Equals' is not part of the declared public API (https://github.com/dotnet/roslyn-analyzers/blob/main/src/PublicApiAnalyzers/PublicApiAnalyzers.Help.md) [C:\dev\0.9.0\Ksql.Linq\src\Ksql.Linq.csproj]
C:\dev\0.9.0\Ksql.Linq\src\Runtime\Period.cs(54,26): error RS0016: Symbol 'Equals' is not part of the declared public API (https://github.com/dotnet/roslyn-analyzers/blob/main/src/PublicApiAnalyzers/PublicApiAnalyzers.Help.md) [C:\dev\0.9.0\Ksql.Linq\src\Ksql.Linq.csproj]
C:\dev\0.9.0\Ksql.Linq\src\Query\Linq\JoinableEntitySet.cs(98,28): error RS0016: Symbol 'ToString' is not part of the declared public API (https://github.com/dotnet/roslyn-analyzers/blob/main/src/PublicApiAnalyzers/PublicApiAnalyzers.Help.md) [C:\dev\0.9.0\Ksql.Linq\src\Ksql.Linq.csproj]
C:\dev\0.9.0\Ksql.Linq\src\Query\Linq\JoinableEntitySet.cs(83,35): error RS0016: Symbol 'Join<TInner, TKey>' is not part of the declared public API (https://github.com/dotnet/roslyn-analyzers/blob/main/src/PublicApiAnalyzers/PublicApiAnalyzers.Help.md) [C:\dev\0.9.0\Ksql.Linq\src\Ksql.Linq.csproj]
C:\dev\0.9.0\Ksql.Linq\src\Runtime\Period.cs(55,25): error RS0016: Symbol 'GetHashCode' is not part of the declared public API (https://github.com/dotnet/roslyn-analyzers/blob/main/src/PublicApiAnalyzers/PublicApiAnalyzers.Help.md) [C:\dev\0.9.0\Ksql.Linq\src\Ksql.Linq.csproj]
C:\dev\0.9.0\Ksql.Linq\src\Runtime\Period.cs(32,26): error RS0016: Symbol 'Week' is not part of the declared public API (https://github.com/dotnet/roslyn-analyzers/blob/main/src/PublicApiAnalyzers/PublicApiAnalyzers.Help.md) [C:\dev\0.9.0\Ksql.Linq\src\Ksql.Linq.csproj]
C:\dev\0.9.0\Ksql.Linq\src\Query\Builders\Schema\KsqlSchemaBuilder.cs(16,36): error RS0016: Symbol 'BuildSchema' is not part of the declared public API (https://github.com/dotnet/roslyn-analyzers/blob/main/src/PublicApiAnalyzers/PublicApiAnalyzers.Help.md) [C:\dev\0.9.0\Ksql.Linq\src\Ksql.Linq.csproj]
C:\dev\0.9.0\Ksql.Linq\src\Runtime\Periods.cs(7,28): error RS0016: Symbol 'FloorUtc' is not part of the declared public API (https://github.com/dotnet/roslyn-analyzers/blob/main/src/PublicApiAnalyzers/PublicApiAnalyzers.Help.md) [C:\dev\0.9.0\Ksql.Linq\src\Ksql.Linq.csproj]
C:\dev\0.9.0\Ksql.Linq\src\Runtime\Periods.cs(23,28): error RS0016: Symbol 'AddPeriod' is not part of the declared public API (https://github.com/dotnet/roslyn-analyzers/blob/main/src/PublicApiAnalyzers/PublicApiAnalyzers.Help.md) [C:\dev\0.9.0\Ksql.Linq\src\Ksql.Linq.csproj]
C:\dev\0.9.0\Ksql.Linq\src\PublicAPI.Shipped.txt(2,1): error RS0017: Symbol 'T:Ksql.Linq.KsqlContext' is part of the declared API, but is either not public or could not be found (https://github.com/dotnet/roslyn-analyzers/blob/main/src/PublicApiAnalyzers/PublicApiAnalyzers.Help.md) [C:\dev\0.9.0\Ksql.Linq\src\Ksql.Linq.csproj]
C:\dev\0.9.0\Ksql.Linq\src\PublicAPI.Shipped.txt(3,1): error RS0017: Symbol 'T:Ksql.Linq.Core.Abstractions.IKsqlContext' is part of the declared API, but is either not public or could not be found (https://github.com/dotnet/roslyn-analyzers/blob/main/src/PublicApiAnalyzers/PublicApiAnalyzers.Help.md) [C:\dev\0.9.0\Ksql.Linq\src\Ksql.Linq.csproj]
C:\dev\0.9.0\Ksql.Linq\src\PublicAPI.Shipped.txt(4,1): error RS0017: Symbol 'T:Ksql.Linq.Application.KsqlContextBuilder' is part of the declared API, but is either not public or could not be found (https://github.com/dotnet/roslyn-analyzers/blob/main/src/PublicApiAnalyzers/PublicApiAnalyzers.Help.md) [C:\dev\0.9.0\Ksql.Linq\src\Ksql.Linq.csproj]
C:\dev\0.9.0\Ksql.Linq\src\PublicAPI.Shipped.txt(5,1): error RS0017: Symbol 'M:Ksql.Linq.Application.KsqlContextBuilder.#ctor' is part of the declared API, but is either not public or could not be found (https://github.com/dotnet/roslyn-analyzers/blob/main/src/PublicApiAnalyzers/PublicApiAnalyzers.Help.md) [C:\dev\0.9.0\Ksql.Linq\src\Ksql.Linq.csproj]
C:\dev\0.9.0\Ksql.Linq\src\PublicAPI.Shipped.txt(6,1): error RS0017: Symbol 'T:Ksql.Linq.Application.KsqlContextOptions' is part of the declared API, but is either not public or could not be found (https://github.com/dotnet/roslyn-analyzers/blob/main/src/PublicApiAnalyzers/PublicApiAnalyzers.Help.md) [C:\dev\0.9.0\Ksql.Linq\src\Ksql.Linq.csproj]
C:\dev\0.9.0\Ksql.Linq\src\PublicAPI.Shipped.txt(7,1): error RS0017: Symbol 'M:Ksql.Linq.Application.KsqlContextOptions.#ctor' is part of the declared API, but is either not public or could not be found (https://github.com/dotnet/roslyn-analyzers/blob/main/src/PublicApiAnalyzers/PublicApiAnalyzers.Help.md) [C:\dev\0.9.0\Ksql.Linq\src\Ksql.Linq.csproj]
C:\dev\0.9.0\Ksql.Linq\src\PublicAPI.Shipped.txt(8,1): error RS0017: Symbol 'P:Ksql.Linq.Application.KsqlContextOptions.SchemaRegistryClient' is part of the declared API, but is either not public or could not be found (https://github.com/dotnet/roslyn-analyzers/blob/main/src/PublicApiAnalyzers/PublicApiAnalyzers.Help.md) [C:\dev\0.9.0\Ksql.Linq\src\Ksql.Linq.csproj]
C:\dev\0.9.0\Ksql.Linq\src\PublicAPI.Shipped.txt(9,1): error RS0017: Symbol 'P:Ksql.Linq.Application.KsqlContextOptions.LoggerFactory' is part of the declared API, but is either not public or could not be found (https://github.com/dotnet/roslyn-analyzers/blob/main/src/PublicApiAnalyzers/PublicApiAnalyzers.Help.md) [C:\dev\0.9.0\Ksql.Linq\src\Ksql.Linq.csproj]
C:\dev\0.9.0\Ksql.Linq\src\PublicAPI.Shipped.txt(10,1): error RS0017: Symbol 'P:Ksql.Linq.Application.KsqlContextOptions.Configuration' is part of the declared API, but is either not public or could not be found (https://github.com/dotnet/roslyn-analyzers/blob/main/src/PublicApiAnalyzers/PublicApiAnalyzers.Help.md) [C:\dev\0.9.0\Ksql.Linq\src\Ksql.Linq.csproj]
C:\dev\0.9.0\Ksql.Linq\src\PublicAPI.Shipped.txt(11,1): error RS0017: Symbol 'P:Ksql.Linq.Application.KsqlContextOptions.AutoRegisterSchemas' is part of the declared API, but is either not public or could not be found (https://github.com/dotnet/roslyn-analyzers/blob/main/src/PublicApiAnalyzers/PublicApiAnalyzers.Help.md) [C:\dev\0.9.0\Ksql.Linq\src\Ksql.Linq.csproj]
C:\dev\0.9.0\Ksql.Linq\src\PublicAPI.Shipped.txt(12,1): error RS0017: Symbol 'P:Ksql.Linq.Application.KsqlContextOptions.EnableCachePreWarming' is part of the declared API, but is either not public or could not be found (https://github.com/dotnet/roslyn-analyzers/blob/main/src/PublicApiAnalyzers/PublicApiAnalyzers.Help.md) [C:\dev\0.9.0\Ksql.Linq\src\Ksql.Linq.csproj]
C:\dev\0.9.0\Ksql.Linq\src\PublicAPI.Shipped.txt(13,1): error RS0017: Symbol 'P:Ksql.Linq.Application.KsqlContextOptions.FailOnInitializationErrors' is part of the declared API, but is either not public or could not be found (https://github.com/dotnet/roslyn-analyzers/blob/main/src/PublicApiAnalyzers/PublicApiAnalyzers.Help.md) [C:\dev\0.9.0\Ksql.Linq\src\Ksql.Linq.csproj]
C:\dev\0.9.0\Ksql.Linq\src\PublicAPI.Shipped.txt(14,1): error RS0017: Symbol 'P:Ksql.Linq.Application.KsqlContextOptions.FailOnSchemaErrors' is part of the declared API, but is either not public or could not be found (https://github.com/dotnet/roslyn-analyzers/blob/main/src/PublicApiAnalyzers/PublicApiAnalyzers.Help.md) [C:\dev\0.9.0\Ksql.Linq\src\Ksql.Linq.csproj]
C:\dev\0.9.0\Ksql.Linq\src\PublicAPI.Shipped.txt(15,1): error RS0017: Symbol 'P:Ksql.Linq.Application.KsqlContextOptions.SchemaRegistrationTimeout' is part of the declared API, but is either not public or could not be found (https://github.com/dotnet/roslyn-analyzers/blob/main/src/PublicApiAnalyzers/PublicApiAnalyzers.Help.md) [C:\dev\0.9.0\Ksql.Linq\src\Ksql.Linq.csproj]
C:\dev\0.9.0\Ksql.Linq\src\PublicAPI.Shipped.txt(16,1): error RS0017: Symbol 'M:Ksql.Linq.Application.KsqlContextOptions.Validate' is part of the declared API, but is either not public or could not be found (https://github.com/dotnet/roslyn-analyzers/blob/main/src/PublicApiAnalyzers/PublicApiAnalyzers.Help.md) [C:\dev\0.9.0\Ksql.Linq\src\Ksql.Linq.csproj]
C:\dev\0.9.0\Ksql.Linq\src\PublicAPI.Shipped.txt(17,1): error RS0017: Symbol 'T:Ksql.Linq.Application.KsqlContextOptionsExtensions' is part of the declared API, but is either not public or could not be found (https://github.com/dotnet/roslyn-analyzers/blob/main/src/PublicApiAnalyzers/PublicApiAnalyzers.Help.md) [C:\dev\0.9.0\Ksql.Linq\src\Ksql.Linq.csproj]
C:\dev\0.9.0\Ksql.Linq\src\PublicAPI.Shipped.txt(18,1): error RS0017: Symbol 'M:Ksql.Linq.Application.KsqlContextOptionsExtensions.UseSchemaRegistry(Ksql.Linq.Application.KsqlContextOptions,System.String)' is part of the declared API, but is either not public or could not be found (https://github.com/dotnet/roslyn-analyzers/blob/main/src/PublicApiAnalyzers/PublicApiAnalyzers.Help.md) [C:\dev\0.9.0\Ksql.Linq\src\Ksql.Linq.csproj]
C:\dev\0.9.0\Ksql.Linq\src\PublicAPI.Shipped.txt(19,1): error RS0017: Symbol 'M:Ksql.Linq.Application.KsqlContextOptionsExtensions.UseSchemaRegistry(Ksql.Linq.Application.KsqlContextOptions,Confluent.SchemaRegistry.SchemaRegistryConfig)' is part of the declared API, but is either not public or could not be found (https://github.com/dotnet/roslyn-analyzers/blob/main/src/PublicApiAnalyzers/PublicApiAnalyzers.Help.md) [C:\dev\0.9.0\Ksql.Linq\src\Ksql.Linq.csproj]
C:\dev\0.9.0\Ksql.Linq\src\PublicAPI.Shipped.txt(20,1): error RS0017: Symbol 'M:Ksql.Linq.Application.KsqlContextOptionsExtensions.UseSchemaRegistry(Ksql.Linq.Application.KsqlContextOptions,Confluent.SchemaRegistry.ISchemaRegistryClient)' is part of the declared API, but is either not public or could not be found (https://github.com/dotnet/roslyn-analyzers/blob/main/src/PublicApiAnalyzers/PublicApiAnalyzers.Help.md) [C:\dev\0.9.0\Ksql.Linq\src\Ksql.Linq.csproj]
C:\dev\0.9.0\Ksql.Linq\src\PublicAPI.Shipped.txt(21,1): error RS0017: Symbol 'M:Ksql.Linq.Application.KsqlContextOptionsExtensions.EnableLogging(Ksql.Linq.Application.KsqlContextOptions,Microsoft.Extensions.Logging.ILoggerFactory)' is part of the declared API, but is either not public or could not be found (https://github.com/dotnet/roslyn-analyzers/blob/main/src/PublicApiAnalyzers/PublicApiAnalyzers.Help.md) [C:\dev\0.9.0\Ksql.Linq\src\Ksql.Linq.csproj]
C:\dev\0.9.0\Ksql.Linq\src\PublicAPI.Shipped.txt(22,1): error RS0017: Symbol 'M:Ksql.Linq.Application.KsqlContextOptionsExtensions.ConfigureValidation(Ksql.Linq.Application.KsqlContextOptions,System.Boolean,System.Boolean,System.Boolean)' is part of the declared API, but is either not public or could not be found (https://github.com/dotnet/roslyn-analyzers/blob/main/src/PublicApiAnalyzers/PublicApiAnalyzers.Help.md) [C:\dev\0.9.0\Ksql.Linq\src\Ksql.Linq.csproj]
C:\dev\0.9.0\Ksql.Linq\src\PublicAPI.Shipped.txt(23,1): error RS0017: Symbol 'M:Ksql.Linq.Application.KsqlContextOptionsExtensions.WithTimeouts(Ksql.Linq.Application.KsqlContextOptions,System.TimeSpan)' is part of the declared API, but is either not public or could not be found (https://github.com/dotnet/roslyn-analyzers/blob/main/src/PublicApiAnalyzers/PublicApiAnalyzers.Help.md) [C:\dev\0.9.0\Ksql.Linq\src\Ksql.Linq.csproj]
C:\dev\0.9.0\Ksql.Linq\src\PublicAPI.Shipped.txt(24,1): error RS0017: Symbol 'T:Ksql.Linq.KsqlDbResponse' is part of the declared API, but is either not public or could not be found (https://github.com/dotnet/roslyn-analyzers/blob/main/src/PublicApiAnalyzers/PublicApiAnalyzers.Help.md) [C:\dev\0.9.0\Ksql.Linq\src\Ksql.Linq.csproj]
C:\dev\0.9.0\Ksql.Linq\src\PublicAPI.Shipped.txt(25,1): error RS0017: Symbol 'P:Ksql.Linq.KsqlDbResponse.IsSuccess' is part of the declared API, but is either not public or could not be found (https://github.com/dotnet/roslyn-analyzers/blob/main/src/PublicApiAnalyzers/PublicApiAnalyzers.Help.md) [C:\dev\0.9.0\Ksql.Linq\src\Ksql.Linq.csproj]
C:\dev\0.9.0\Ksql.Linq\src\PublicAPI.Shipped.txt(26,1): error RS0017: Symbol 'P:Ksql.Linq.KsqlDbResponse.Message' is part of the declared API, but is either not public or could not be found (https://github.com/dotnet/roslyn-analyzers/blob/main/src/PublicApiAnalyzers/PublicApiAnalyzers.Help.md) [C:\dev\0.9.0\Ksql.Linq\src\Ksql.Linq.csproj]
C:\dev\0.9.0\Ksql.Linq\src\PublicAPI.Shipped.txt(27,1): error RS0017: Symbol 'P:Ksql.Linq.KsqlDbResponse.ErrorCode' is part of the declared API, but is either not public or could not be found (https://github.com/dotnet/roslyn-analyzers/blob/main/src/PublicApiAnalyzers/PublicApiAnalyzers.Help.md) [C:\dev\0.9.0\Ksql.Linq\src\Ksql.Linq.csproj]
C:\dev\0.9.0\Ksql.Linq\src\PublicAPI.Shipped.txt(28,1): error RS0017: Symbol 'P:Ksql.Linq.KsqlDbResponse.ErrorDetail' is part of the declared API, but is either not public or could not be found (https://github.com/dotnet/roslyn-analyzers/blob/main/src/PublicApiAnalyzers/PublicApiAnalyzers.Help.md) [C:\dev\0.9.0\Ksql.Linq\src\Ksql.Linq.csproj]
C:\dev\0.9.0\Ksql.Linq\src\PublicAPI.Shipped.txt(29,1): error RS0017: Symbol 'T:Ksql.Linq.Configuration.CommonSection' is part of the declared API, but is either not public or could not be found (https://github.com/dotnet/roslyn-analyzers/blob/main/src/PublicApiAnalyzers/PublicApiAnalyzers.Help.md) [C:\dev\0.9.0\Ksql.Linq\src\Ksql.Linq.csproj]
C:\dev\0.9.0\Ksql.Linq\src\PublicAPI.Shipped.txt(30,1): error RS0017: Symbol 'M:Ksql.Linq.Configuration.CommonSection.#ctor' is part of the declared API, but is either not public or could not be found (https://github.com/dotnet/roslyn-analyzers/blob/main/src/PublicApiAnalyzers/PublicApiAnalyzers.Help.md) [C:\dev\0.9.0\Ksql.Linq\src\Ksql.Linq.csproj]
C:\dev\0.9.0\Ksql.Linq\src\PublicAPI.Shipped.txt(31,1): error RS0017: Symbol 'P:Ksql.Linq.Configuration.CommonSection.BootstrapServers' is part of the declared API, but is either not public or could not be found (https://github.com/dotnet/roslyn-analyzers/blob/main/src/PublicApiAnalyzers/PublicApiAnalyzers.Help.md) [C:\dev\0.9.0\Ksql.Linq\src\Ksql.Linq.csproj]
C:\dev\0.9.0\Ksql.Linq\src\PublicAPI.Shipped.txt(32,1): error RS0017: Symbol 'P:Ksql.Linq.Configuration.CommonSection.ClientId' is part of the declared API, but is either not public or could not be found (https://github.com/dotnet/roslyn-analyzers/blob/main/src/PublicApiAnalyzers/PublicApiAnalyzers.Help.md) [C:\dev\0.9.0\Ksql.Linq\src\Ksql.Linq.csproj]
C:\dev\0.9.0\Ksql.Linq\src\PublicAPI.Shipped.txt(33,1): error RS0017: Symbol 'P:Ksql.Linq.Configuration.CommonSection.ApplicationId' is part of the declared API, but is either not public or could not be found (https://github.com/dotnet/roslyn-analyzers/blob/main/src/PublicApiAnalyzers/PublicApiAnalyzers.Help.md) [C:\dev\0.9.0\Ksql.Linq\src\Ksql.Linq.csproj]
C:\dev\0.9.0\Ksql.Linq\src\PublicAPI.Shipped.txt(34,1): error RS0017: Symbol 'P:Ksql.Linq.Configuration.CommonSection.RequestTimeoutMs' is part of the declared API, but is either not public or could not be found (https://github.com/dotnet/roslyn-analyzers/blob/main/src/PublicApiAnalyzers/PublicApiAnalyzers.Help.md) [C:\dev\0.9.0\Ksql.Linq\src\Ksql.Linq.csproj]
C:\dev\0.9.0\Ksql.Linq\src\PublicAPI.Shipped.txt(35,1): error RS0017: Symbol 'P:Ksql.Linq.Configuration.CommonSection.MetadataMaxAgeMs' is part of the declared API, but is either not public or could not be found (https://github.com/dotnet/roslyn-analyzers/blob/main/src/PublicApiAnalyzers/PublicApiAnalyzers.Help.md) [C:\dev\0.9.0\Ksql.Linq\src\Ksql.Linq.csproj]
C:\dev\0.9.0\Ksql.Linq\src\PublicAPI.Shipped.txt(36,1): error RS0017: Symbol 'P:Ksql.Linq.Configuration.CommonSection.SecurityProtocol' is part of the declared API, but is either not public or could not be found (https://github.com/dotnet/roslyn-analyzers/blob/main/src/PublicApiAnalyzers/PublicApiAnalyzers.Help.md) [C:\dev\0.9.0\Ksql.Linq\src\Ksql.Linq.csproj]
C:\dev\0.9.0\Ksql.Linq\src\PublicAPI.Shipped.txt(37,1): error RS0017: Symbol 'P:Ksql.Linq.Configuration.CommonSection.SaslMechanism' is part of the declared API, but is either not public or could not be found (https://github.com/dotnet/roslyn-analyzers/blob/main/src/PublicApiAnalyzers/PublicApiAnalyzers.Help.md) [C:\dev\0.9.0\Ksql.Linq\src\Ksql.Linq.csproj]
C:\dev\0.9.0\Ksql.Linq\src\PublicAPI.Shipped.txt(38,1): error RS0017: Symbol 'P:Ksql.Linq.Configuration.CommonSection.SaslUsername' is part of the declared API, but is either not public or could not be found (https://github.com/dotnet/roslyn-analyzers/blob/main/src/PublicApiAnalyzers/PublicApiAnalyzers.Help.md) [C:\dev\0.9.0\Ksql.Linq\src\Ksql.Linq.csproj]
C:\dev\0.9.0\Ksql.Linq\src\PublicAPI.Shipped.txt(39,1): error RS0017: Symbol 'P:Ksql.Linq.Configuration.CommonSection.SaslPassword' is part of the declared API, but is either not public or could not be found (https://github.com/dotnet/roslyn-analyzers/blob/main/src/PublicApiAnalyzers/PublicApiAnalyzers.Help.md) [C:\dev\0.9.0\Ksql.Linq\src\Ksql.Linq.csproj]
C:\dev\0.9.0\Ksql.Linq\src\PublicAPI.Shipped.txt(40,1): error RS0017: Symbol 'P:Ksql.Linq.Configuration.CommonSection.SslCaLocation' is part of the declared API, but is either not public or could not be found (https://github.com/dotnet/roslyn-analyzers/blob/main/src/PublicApiAnalyzers/PublicApiAnalyzers.Help.md) [C:\dev\0.9.0\Ksql.Linq\src\Ksql.Linq.csproj]
C:\dev\0.9.0\Ksql.Linq\src\PublicAPI.Shipped.txt(41,1): error RS0017: Symbol 'P:Ksql.Linq.Configuration.CommonSection.SslCertificateLocation' is part of the declared API, but is either not public or could not be found (https://github.com/dotnet/roslyn-analyzers/blob/main/src/PublicApiAnalyzers/PublicApiAnalyzers.Help.md) [C:\dev\0.9.0\Ksql.Linq\src\Ksql.Linq.csproj]
C:\dev\0.9.0\Ksql.Linq\src\PublicAPI.Shipped.txt(42,1): error RS0017: Symbol 'P:Ksql.Linq.Configuration.CommonSection.SslKeyLocation' is part of the declared API, but is either not public or could not be found (https://github.com/dotnet/roslyn-analyzers/blob/main/src/PublicApiAnalyzers/PublicApiAnalyzers.Help.md) [C:\dev\0.9.0\Ksql.Linq\src\Ksql.Linq.csproj]
C:\dev\0.9.0\Ksql.Linq\src\PublicAPI.Shipped.txt(43,1): error RS0017: Symbol 'P:Ksql.Linq.Configuration.CommonSection.SslKeyPassword' is part of the declared API, but is either not public or could not be found (https://github.com/dotnet/roslyn-analyzers/blob/main/src/PublicApiAnalyzers/PublicApiAnalyzers.Help.md) [C:\dev\0.9.0\Ksql.Linq\src\Ksql.Linq.csproj]
C:\dev\0.9.0\Ksql.Linq\src\PublicAPI.Shipped.txt(44,1): error RS0017: Symbol 'P:Ksql.Linq.Configuration.CommonSection.AdditionalProperties' is part of the declared API, but is either not public or could not be found (https://github.com/dotnet/roslyn-analyzers/blob/main/src/PublicApiAnalyzers/PublicApiAnalyzers.Help.md) [C:\dev\0.9.0\Ksql.Linq\src\Ksql.Linq.csproj]
C:\dev\0.9.0\Ksql.Linq\src\PublicAPI.Shipped.txt(45,1): error RS0017: Symbol 'T:Ksql.Linq.Configuration.Abstractions.KafkaSubscriptionOptions' is part of the declared API, but is either not public or could not be found (https://github.com/dotnet/roslyn-analyzers/blob/main/src/PublicApiAnalyzers/PublicApiAnalyzers.Help.md) [C:\dev\0.9.0\Ksql.Linq\src\Ksql.Linq.csproj]
C:\dev\0.9.0\Ksql.Linq\src\PublicAPI.Shipped.txt(46,1): error RS0017: Symbol 'M:Ksql.Linq.Configuration.Abstractions.KafkaSubscriptionOptions.#ctor' is part of the declared API, but is either not public or could not be found (https://github.com/dotnet/roslyn-analyzers/blob/main/src/PublicApiAnalyzers/PublicApiAnalyzers.Help.md) [C:\dev\0.9.0\Ksql.Linq\src\Ksql.Linq.csproj]
C:\dev\0.9.0\Ksql.Linq\src\PublicAPI.Shipped.txt(47,1): error RS0017: Symbol 'P:Ksql.Linq.Configuration.Abstractions.KafkaSubscriptionOptions.GroupId' is part of the declared API, but is either not public or could not be found (https://github.com/dotnet/roslyn-analyzers/blob/main/src/PublicApiAnalyzers/PublicApiAnalyzers.Help.md) [C:\dev\0.9.0\Ksql.Linq\src\Ksql.Linq.csproj]
C:\dev\0.9.0\Ksql.Linq\src\PublicAPI.Shipped.txt(48,1): error RS0017: Symbol 'P:Ksql.Linq.Configuration.Abstractions.KafkaSubscriptionOptions.AutoCommit' is part of the declared API, but is either not public or could not be found (https://github.com/dotnet/roslyn-analyzers/blob/main/src/PublicApiAnalyzers/PublicApiAnalyzers.Help.md) [C:\dev\0.9.0\Ksql.Linq\src\Ksql.Linq.csproj]
C:\dev\0.9.0\Ksql.Linq\src\PublicAPI.Shipped.txt(49,1): error RS0017: Symbol 'P:Ksql.Linq.Configuration.Abstractions.KafkaSubscriptionOptions.AutoOffsetReset' is part of the declared API, but is either not public or could not be found (https://github.com/dotnet/roslyn-analyzers/blob/main/src/PublicApiAnalyzers/PublicApiAnalyzers.Help.md) [C:\dev\0.9.0\Ksql.Linq\src\Ksql.Linq.csproj]
C:\dev\0.9.0\Ksql.Linq\src\PublicAPI.Shipped.txt(50,1): error RS0017: Symbol 'P:Ksql.Linq.Configuration.Abstractions.KafkaSubscriptionOptions.EnablePartitionEof' is part of the declared API, but is either not public or could not be found (https://github.com/dotnet/roslyn-analyzers/blob/main/src/PublicApiAnalyzers/PublicApiAnalyzers.Help.md) [C:\dev\0.9.0\Ksql.Linq\src\Ksql.Linq.csproj]
C:\dev\0.9.0\Ksql.Linq\src\PublicAPI.Shipped.txt(51,1): error RS0017: Symbol 'P:Ksql.Linq.Configuration.Abstractions.KafkaSubscriptionOptions.SessionTimeout' is part of the declared API, but is either not public or could not be found (https://github.com/dotnet/roslyn-analyzers/blob/main/src/PublicApiAnalyzers/PublicApiAnalyzers.Help.md) [C:\dev\0.9.0\Ksql.Linq\src\Ksql.Linq.csproj]
C:\dev\0.9.0\Ksql.Linq\src\PublicAPI.Shipped.txt(52,1): error RS0017: Symbol 'P:Ksql.Linq.Configuration.Abstractions.KafkaSubscriptionOptions.HeartbeatInterval' is part of the declared API, but is either not public or could not be found (https://github.com/dotnet/roslyn-analyzers/blob/main/src/PublicApiAnalyzers/PublicApiAnalyzers.Help.md) [C:\dev\0.9.0\Ksql.Linq\src\Ksql.Linq.csproj]
C:\dev\0.9.0\Ksql.Linq\src\PublicAPI.Shipped.txt(53,1): error RS0017: Symbol 'P:Ksql.Linq.Configuration.Abstractions.KafkaSubscriptionOptions.StopOnError' is part of the declared API, but is either not public or could not be found (https://github.com/dotnet/roslyn-analyzers/blob/main/src/PublicApiAnalyzers/PublicApiAnalyzers.Help.md) [C:\dev\0.9.0\Ksql.Linq\src\Ksql.Linq.csproj]
C:\dev\0.9.0\Ksql.Linq\src\PublicAPI.Shipped.txt(54,1): error RS0017: Symbol 'P:Ksql.Linq.Configuration.Abstractions.KafkaSubscriptionOptions.MaxPollRecords' is part of the declared API, but is either not public or could not be found (https://github.com/dotnet/roslyn-analyzers/blob/main/src/PublicApiAnalyzers/PublicApiAnalyzers.Help.md) [C:\dev\0.9.0\Ksql.Linq\src\Ksql.Linq.csproj]
C:\dev\0.9.0\Ksql.Linq\src\PublicAPI.Shipped.txt(55,1): error RS0017: Symbol 'P:Ksql.Linq.Configuration.Abstractions.KafkaSubscriptionOptions.MaxPollInterval' is part of the declared API, but is either not public or could not be found (https://github.com/dotnet/roslyn-analyzers/blob/main/src/PublicApiAnalyzers/PublicApiAnalyzers.Help.md) [C:\dev\0.9.0\Ksql.Linq\src\Ksql.Linq.csproj]
C:\dev\0.9.0\Ksql.Linq\src\PublicAPI.Shipped.txt(56,1): error RS0017: Symbol 'T:Ksql.Linq.Configuration.DlqOptions' is part of the declared API, but is either not public or could not be found (https://github.com/dotnet/roslyn-analyzers/blob/main/src/PublicApiAnalyzers/PublicApiAnalyzers.Help.md) [C:\dev\0.9.0\Ksql.Linq\src\Ksql.Linq.csproj]
C:\dev\0.9.0\Ksql.Linq\src\PublicAPI.Shipped.txt(57,1): error RS0017: Symbol 'M:Ksql.Linq.Configuration.DlqOptions.#ctor' is part of the declared API, but is either not public or could not be found (https://github.com/dotnet/roslyn-analyzers/blob/main/src/PublicApiAnalyzers/PublicApiAnalyzers.Help.md) [C:\dev\0.9.0\Ksql.Linq\src\Ksql.Linq.csproj]
C:\dev\0.9.0\Ksql.Linq\src\PublicAPI.Shipped.txt(58,1): error RS0017: Symbol 'T:Ksql.Linq.Configuration.DlqMetrics' is part of the declared API, but is either not public or could not be found (https://github.com/dotnet/roslyn-analyzers/blob/main/src/PublicApiAnalyzers/PublicApiAnalyzers.Help.md) [C:\dev\0.9.0\Ksql.Linq\src\Ksql.Linq.csproj]
C:\dev\0.9.0\Ksql.Linq\src\PublicAPI.Shipped.txt(59,1): error RS0017: Symbol 'M:Ksql.Linq.Configuration.DlqMetrics.#ctor' is part of the declared API, but is either not public or could not be found (https://github.com/dotnet/roslyn-analyzers/blob/main/src/PublicApiAnalyzers/PublicApiAnalyzers.Help.md) [C:\dev\0.9.0\Ksql.Linq\src\Ksql.Linq.csproj]
C:\dev\0.9.0\Ksql.Linq\src\PublicAPI.Shipped.txt(60,1): error RS0017: Symbol 'T:Ksql.Linq.Configuration.DefaultValueBinder' is part of the declared API, but is either not public or could not be found (https://github.com/dotnet/roslyn-analyzers/blob/main/src/PublicApiAnalyzers/PublicApiAnalyzers.Help.md) [C:\dev\0.9.0\Ksql.Linq\src\Ksql.Linq.csproj]
C:\dev\0.9.0\Ksql.Linq\src\PublicAPI.Shipped.txt(61,1): error RS0017: Symbol 'M:Ksql.Linq.Configuration.DefaultValueBinder.ApplyDefaults(System.Object)' is part of the declared API, but is either not public or could not be found (https://github.com/dotnet/roslyn-analyzers/blob/main/src/PublicApiAnalyzers/PublicApiAnalyzers.Help.md) [C:\dev\0.9.0\Ksql.Linq\src\Ksql.Linq.csproj]
C:\dev\0.9.0\Ksql.Linq\src\PublicAPI.Shipped.txt(62,1): error RS0017: Symbol 'T:Ksql.Linq.Core.Abstractions.DeserializationErrorPolicy' is part of the declared API, but is either not public or could not be found (https://github.com/dotnet/roslyn-analyzers/blob/main/src/PublicApiAnalyzers/PublicApiAnalyzers.Help.md) [C:\dev\0.9.0\Ksql.Linq\src\Ksql.Linq.csproj]
C:\dev\0.9.0\Ksql.Linq\src\PublicAPI.Shipped.txt(63,1): error RS0017: Symbol 'F:Ksql.Linq.Core.Abstractions.DeserializationErrorPolicy.Skip' is part of the declared API, but is either not public or could not be found (https://github.com/dotnet/roslyn-analyzers/blob/main/src/PublicApiAnalyzers/PublicApiAnalyzers.Help.md) [C:\dev\0.9.0\Ksql.Linq\src\Ksql.Linq.csproj]
C:\dev\0.9.0\Ksql.Linq\src\PublicAPI.Shipped.txt(64,1): error RS0017: Symbol 'F:Ksql.Linq.Core.Abstractions.DeserializationErrorPolicy.Retry' is part of the declared API, but is either not public or could not be found (https://github.com/dotnet/roslyn-analyzers/blob/main/src/PublicApiAnalyzers/PublicApiAnalyzers.Help.md) [C:\dev\0.9.0\Ksql.Linq\src\Ksql.Linq.csproj]
C:\dev\0.9.0\Ksql.Linq\src\PublicAPI.Shipped.txt(65,1): error RS0017: Symbol 'F:Ksql.Linq.Core.Abstractions.DeserializationErrorPolicy.DLQ' is part of the declared API, but is either not public or could not be found (https://github.com/dotnet/roslyn-analyzers/blob/main/src/PublicApiAnalyzers/PublicApiAnalyzers.Help.md) [C:\dev\0.9.0\Ksql.Linq\src\Ksql.Linq.csproj]
C:\dev\0.9.0\Ksql.Linq\src\PublicAPI.Shipped.txt(66,1): error RS0017: Symbol 'T:Ksql.Linq.Core.Abstractions.EntityAccessMode' is part of the declared API, but is either not public or could not be found (https://github.com/dotnet/roslyn-analyzers/blob/main/src/PublicApiAnalyzers/PublicApiAnalyzers.Help.md) [C:\dev\0.9.0\Ksql.Linq\src\Ksql.Linq.csproj]
C:\dev\0.9.0\Ksql.Linq\src\PublicAPI.Shipped.txt(67,1): error RS0017: Symbol 'F:Ksql.Linq.Core.Abstractions.EntityAccessMode.ReadWrite' is part of the declared API, but is either not public or could not be found (https://github.com/dotnet/roslyn-analyzers/blob/main/src/PublicApiAnalyzers/PublicApiAnalyzers.Help.md) [C:\dev\0.9.0\Ksql.Linq\src\Ksql.Linq.csproj]
C:\dev\0.9.0\Ksql.Linq\src\PublicAPI.Shipped.txt(68,1): error RS0017: Symbol 'F:Ksql.Linq.Core.Abstractions.EntityAccessMode.ReadOnly' is part of the declared API, but is either not public or could not be found (https://github.com/dotnet/roslyn-analyzers/blob/main/src/PublicApiAnalyzers/PublicApiAnalyzers.Help.md) [C:\dev\0.9.0\Ksql.Linq\src\Ksql.Linq.csproj]
C:\dev\0.9.0\Ksql.Linq\src\PublicAPI.Shipped.txt(69,1): error RS0017: Symbol 'F:Ksql.Linq.Core.Abstractions.EntityAccessMode.WriteOnly' is part of the declared API, but is either not public or could not be found (https://github.com/dotnet/roslyn-analyzers/blob/main/src/PublicApiAnalyzers/PublicApiAnalyzers.Help.md) [C:\dev\0.9.0\Ksql.Linq\src\Ksql.Linq.csproj]
C:\dev\0.9.0\Ksql.Linq\src\PublicAPI.Shipped.txt(70,1): error RS0017: Symbol 'T:Ksql.Linq.Core.Attributes.KsqlTopicAttribute' is part of the declared API, but is either not public or could not be found (https://github.com/dotnet/roslyn-analyzers/blob/main/src/PublicApiAnalyzers/PublicApiAnalyzers.Help.md) [C:\dev\0.9.0\Ksql.Linq\src\Ksql.Linq.csproj]
C:\dev\0.9.0\Ksql.Linq\src\PublicAPI.Shipped.txt(71,1): error RS0017: Symbol 'M:Ksql.Linq.Core.Attributes.KsqlTopicAttribute.#ctor' is part of the declared API, but is either not public or could not be found (https://github.com/dotnet/roslyn-analyzers/blob/main/src/PublicApiAnalyzers/PublicApiAnalyzers.Help.md) [C:\dev\0.9.0\Ksql.Linq\src\Ksql.Linq.csproj]
C:\dev\0.9.0\Ksql.Linq\src\PublicAPI.Shipped.txt(72,1): error RS0017: Symbol 'T:Ksql.Linq.Core.Attributes.KsqlTableAttribute' is part of the declared API, but is either not public or could not be found (https://github.com/dotnet/roslyn-analyzers/blob/main/src/PublicApiAnalyzers/PublicApiAnalyzers.Help.md) [C:\dev\0.9.0\Ksql.Linq\src\Ksql.Linq.csproj]
C:\dev\0.9.0\Ksql.Linq\src\PublicAPI.Shipped.txt(73,1): error RS0017: Symbol 'M:Ksql.Linq.Core.Attributes.KsqlTableAttribute.#ctor' is part of the declared API, but is either not public or could not be found (https://github.com/dotnet/roslyn-analyzers/blob/main/src/PublicApiAnalyzers/PublicApiAnalyzers.Help.md) [C:\dev\0.9.0\Ksql.Linq\src\Ksql.Linq.csproj]
C:\dev\0.9.0\Ksql.Linq\src\PublicAPI.Shipped.txt(74,1): error RS0017: Symbol 'T:Ksql.Linq.Core.Attributes.KsqlKeyAttribute' is part of the declared API, but is either not public or could not be found (https://github.com/dotnet/roslyn-analyzers/blob/main/src/PublicApiAnalyzers/PublicApiAnalyzers.Help.md) [C:\dev\0.9.0\Ksql.Linq\src\Ksql.Linq.csproj]
C:\dev\0.9.0\Ksql.Linq\src\PublicAPI.Shipped.txt(75,1): error RS0017: Symbol 'M:Ksql.Linq.Core.Attributes.KsqlKeyAttribute.#ctor' is part of the declared API, but is either not public or could not be found (https://github.com/dotnet/roslyn-analyzers/blob/main/src/PublicApiAnalyzers/PublicApiAnalyzers.Help.md) [C:\dev\0.9.0\Ksql.Linq\src\Ksql.Linq.csproj]
C:\dev\0.9.0\Ksql.Linq\src\PublicAPI.Shipped.txt(76,1): error RS0017: Symbol 'T:Ksql.Linq.Core.Attributes.KsqlTimestampAttribute' is part of the declared API, but is either not public or could not be found (https://github.com/dotnet/roslyn-analyzers/blob/main/src/PublicApiAnalyzers/PublicApiAnalyzers.Help.md) [C:\dev\0.9.0\Ksql.Linq\src\Ksql.Linq.csproj]
C:\dev\0.9.0\Ksql.Linq\src\PublicAPI.Shipped.txt(77,1): error RS0017: Symbol 'M:Ksql.Linq.Core.Attributes.KsqlTimestampAttribute.#ctor' is part of the declared API, but is either not public or could not be found (https://github.com/dotnet/roslyn-analyzers/blob/main/src/PublicApiAnalyzers/PublicApiAnalyzers.Help.md) [C:\dev\0.9.0\Ksql.Linq\src\Ksql.Linq.csproj]
C:\dev\0.9.0\Ksql.Linq\src\PublicAPI.Shipped.txt(78,1): error RS0017: Symbol 'T:Ksql.Linq.Core.Attributes.KsqlDecimalAttribute' is part of the declared API, but is either not public or could not be found (https://github.com/dotnet/roslyn-analyzers/blob/main/src/PublicApiAnalyzers/PublicApiAnalyzers.Help.md) [C:\dev\0.9.0\Ksql.Linq\src\Ksql.Linq.csproj]
C:\dev\0.9.0\Ksql.Linq\src\PublicAPI.Shipped.txt(79,1): error RS0017: Symbol 'M:Ksql.Linq.Core.Attributes.KsqlDecimalAttribute.#ctor' is part of the declared API, but is either not public or could not be found (https://github.com/dotnet/roslyn-analyzers/blob/main/src/PublicApiAnalyzers/PublicApiAnalyzers.Help.md) [C:\dev\0.9.0\Ksql.Linq\src\Ksql.Linq.csproj]
C:\dev\0.9.0\Ksql.Linq\src\PublicAPI.Shipped.txt(80,1): error RS0017: Symbol 'T:Ksql.Linq.Core.Attributes.KsqlIgnoreAttribute' is part of the declared API, but is either not public or could not be found (https://github.com/dotnet/roslyn-analyzers/blob/main/src/PublicApiAnalyzers/PublicApiAnalyzers.Help.md) [C:\dev\0.9.0\Ksql.Linq\src\Ksql.Linq.csproj]
C:\dev\0.9.0\Ksql.Linq\src\PublicAPI.Shipped.txt(81,1): error RS0017: Symbol 'M:Ksql.Linq.Core.Attributes.KsqlIgnoreAttribute.#ctor' is part of the declared API, but is either not public or could not be found (https://github.com/dotnet/roslyn-analyzers/blob/main/src/PublicApiAnalyzers/PublicApiAnalyzers.Help.md) [C:\dev\0.9.0\Ksql.Linq\src\Ksql.Linq.csproj]
C:\dev\0.9.0\Ksql.Linq\src\PublicAPI.Shipped.txt(82,1): error RS0017: Symbol 'T:Ksql.Linq.QueryExtensions' is part of the declared API, but is either not public or could not be found (https://github.com/dotnet/roslyn-analyzers/blob/main/src/PublicApiAnalyzers/PublicApiAnalyzers.Help.md) [C:\dev\0.9.0\Ksql.Linq\src\Ksql.Linq.csproj]
C:\dev\0.9.0\Ksql.Linq\src\PublicAPI.Shipped.txt(83,1): error RS0017: Symbol 'T:Ksql.Linq.WindowExtensions' is part of the declared API, but is either not public or could not be found (https://github.com/dotnet/roslyn-analyzers/blob/main/src/PublicApiAnalyzers/PublicApiAnalyzers.Help.md) [C:\dev\0.9.0\Ksql.Linq\src\Ksql.Linq.csproj]
C:\dev\0.9.0\Ksql.Linq\src\PublicAPI.Shipped.txt(84,1): error RS0017: Symbol 'T:Ksql.Linq.OffsetAggregateExtensions' is part of the declared API, but is either not public or could not be found (https://github.com/dotnet/roslyn-analyzers/blob/main/src/PublicApiAnalyzers/PublicApiAnalyzers.Help.md) [C:\dev\0.9.0\Ksql.Linq\src\Ksql.Linq.csproj]
C:\dev\0.9.0\Ksql.Linq\src\PublicAPI.Shipped.txt(85,1): error RS0017: Symbol 'M:Ksql.Linq.OffsetAggregateExtensions.LatestByOffset``3(System.Linq.IGrouping{``1,``0},System.Linq.Expressions.Expression{System.Func{``0,``2}})' is part of the declared API, but is either not public or could not be found (https://github.com/dotnet/roslyn-analyzers/blob/main/src/PublicApiAnalyzers/PublicApiAnalyzers.Help.md) [C:\dev\0.9.0\Ksql.Linq\src\Ksql.Linq.csproj]
C:\dev\0.9.0\Ksql.Linq\src\PublicAPI.Shipped.txt(86,1): error RS0017: Symbol 'M:Ksql.Linq.OffsetAggregateExtensions.EarliestByOffset``3(System.Linq.IGrouping{``1,``0},System.Linq.Expressions.Expression{System.Func{``0,``2}})' is part of the declared API, but is either not public or could not be found (https://github.com/dotnet/roslyn-analyzers/blob/main/src/PublicApiAnalyzers/PublicApiAnalyzers.Help.md) [C:\dev\0.9.0\Ksql.Linq\src\Ksql.Linq.csproj]
C:\dev\0.9.0\Ksql.Linq\src\PublicAPI.Unshipped.txt(2,1): error RS0017: Symbol '~Ksql.Linq' is part of the declared API, but is either not public or could not be found (https://github.com/dotnet/roslyn-analyzers/blob/main/src/PublicApiAnalyzers/PublicApiAnalyzers.Help.md) [C:\dev\0.9.0\Ksql.Linq\src\Ksql.Linq.csproj]
    0 Warning(s)
    1257 Error(s)

Time Elapsed 00:00:04.44
